

================================================================
== Vitis HLS Report for 'matrix_mult'
================================================================
* Date:           Tue May 26 23:57:53 2026

* Version:        2025.2 (Build 6295257 on Nov 14 2025)
* Project:        matrix_mult_automation_prj
* Solution:       Solution4 (Vivado IP Flow Target)
* Product family: zynq
* Target device:  xc7z010-clg400-1


================================================================
== Performance Estimates
================================================================
+ Timing: 
    * Summary: 
    +--------+----------+----------+------------+
    |  Clock |  Target  | Estimated| Uncertainty|
    +--------+----------+----------+------------+
    |ap_clk  |  10.00 ns|  6.270 ns|     2.70 ns|
    +--------+----------+----------+------------+

+ Latency: 
    * Summary: 
    +---------+---------+----------+----------+-----+-----+------------------------------------------------+
    |  Latency (cycles) |  Latency (absolute) |  Interval |                    Pipeline                    |
    |   min   |   max   |    min   |    max   | min | max |                      Type                      |
    +---------+---------+----------+----------+-----+-----+------------------------------------------------+
    |       31|       31|  0.310 us|  0.310 us|   25|   25|  loop auto-rewind stp (delay=0 clock cycles(s))|
    +---------+---------+----------+----------+-----+-----+------------------------------------------------+

    + Detail: 
        * Instance: 
        N/A

        * Loop: 
        +-----------+---------+---------+----------+-----------+-----------+------+----------+
        |           |  Latency (cycles) | Iteration|  Initiation Interval  | Trip |          |
        | Loop Name |   min   |   max   |  Latency |  achieved |   target  | Count| Pipelined|
        +-----------+---------+---------+----------+-----------+-----------+------+----------+
        |- Row_Col  |       29|       29|         6|          1|          1|    25|       yes|
        +-----------+---------+---------+----------+-----------+-----------+------+----------+



================================================================
== Utilization Estimates
================================================================
* Summary: 
+-----------------+---------+----+-------+-------+-----+
|       Name      | BRAM_18K| DSP|   FF  |  LUT  | URAM|
+-----------------+---------+----+-------+-------+-----+
|DSP              |        -|   3|      -|      -|    -|
|Expression       |        -|   -|      0|    108|    -|
|FIFO             |        -|   -|      -|      -|    -|
|Instance         |        -|   0|      0|     82|    -|
|Memory           |        -|   -|      -|      -|    -|
|Multiplexer      |        -|   -|      0|     81|    -|
|Register         |        -|   -|    196|     32|    -|
+-----------------+---------+----+-------+-------+-----+
|Total            |        0|   3|    196|    303|    0|
+-----------------+---------+----+-------+-------+-----+
|Available        |      120|  80|  35200|  17600|    0|
+-----------------+---------+----+-------+-------+-----+
|Utilization (%)  |        0|   3|     ~0|      1|    0|
+-----------------+---------+----+-------+-------+-----+

+ Detail: 
    * Instance: 
    +-----------------------+--------------------+---------+----+---+----+-----+
    |        Instance       |       Module       | BRAM_18K| DSP| FF| LUT| URAM|
    +-----------------------+--------------------+---------+----+---+----+-----+
    |mul_8ns_8ns_16_1_1_U1  |mul_8ns_8ns_16_1_1  |        0|   0|  0|  41|    0|
    |mul_8ns_8ns_16_1_1_U2  |mul_8ns_8ns_16_1_1  |        0|   0|  0|  41|    0|
    +-----------------------+--------------------+---------+----+---+----+-----+
    |Total                  |                    |        0|   0|  0|  82|    0|
    +-----------------------+--------------------+---------+----+---+----+-----+

    * DSP: 
    +----------------------------------+-------------------------------+--------------+
    |             Instance             |             Module            |  Expression  |
    +----------------------------------+-------------------------------+--------------+
    |mac_muladd_8ns_8ns_16s_16_4_1_U3  |mac_muladd_8ns_8ns_16s_16_4_1  |  i0 + i1 * i2|
    |mac_muladd_8ns_8ns_16s_16_4_1_U4  |mac_muladd_8ns_8ns_16s_16_4_1  |  i0 + i1 * i2|
    |mac_muladd_8ns_8ns_16s_16_4_1_U5  |mac_muladd_8ns_8ns_16s_16_4_1  |  i0 + i1 * i2|
    +----------------------------------+-------------------------------+--------------+

    * Memory: 
    N/A

    * FIFO: 
    N/A

    * Expression: 
    +-----------------------+----------+----+---+----+------------+------------+
    |     Variable Name     | Operation| DSP| FF| LUT| Bitwidth P0| Bitwidth P1|
    +-----------------------+----------+----+---+----+------------+------------+
    |add_ln15_1_fu_187_p2   |         +|   0|  0|  13|           5|           1|
    |add_ln15_fu_149_p2     |         +|   0|  0|  11|           3|           1|
    |add_ln22_3_fu_367_p2   |         +|   0|  0|  23|          16|          16|
    |add_ln22_4_fu_283_p2   |         +|   0|  0|   7|           5|           5|
    |add_ln22_5_fu_230_p2   |         +|   0|  0|   7|           5|           5|
    |j_3_fu_181_p2          |         +|   0|  0|  11|           3|           1|
    |ap_condition_412       |       and|   0|  0|   2|           1|           1|
    |ap_condition_91        |       and|   0|  0|   2|           1|           1|
    |icmp_ln15_fu_199_p2    |      icmp|   0|  0|  13|           5|           5|
    |icmp_ln17_fu_193_p2    |      icmp|   0|  0|  11|           3|           3|
    |i_3_fu_163_p3          |    select|   0|  0|   3|           1|           3|
    |select_ln15_fu_155_p3  |    select|   0|  0|   3|           1|           1|
    |ap_enable_pp0          |       xor|   0|  0|   2|           1|           2|
    +-----------------------+----------+----+---+----+------------+------------+
    |Total                  |          |   0|  0| 108|          50|          45|
    +-----------------------+----------+----+---+----+------------+------------+

    * Multiplexer: 
    +---------------------------------------+----+-----------+-----+-----------+
    |                  Name                 | LUT| Input Size| Bits| Total Bits|
    +---------------------------------------+----+-----------+-----+-----------+
    |ap_done_int                            |   9|          2|    1|          2|
    |ap_loop_exit_ready_pp0_iter5_reg       |   9|          2|    1|          2|
    |ap_phi_mux_icmp_ln174_phi_fu_118_p4    |   9|          2|    1|          2|
    |ap_sig_allocacmp_i_1                   |   9|          2|    3|          6|
    |ap_sig_allocacmp_indvar_flatten1_load  |   9|          2|    5|         10|
    |ap_sig_allocacmp_j_1                   |   9|          2|    3|          6|
    |i_fu_68                                |   9|          2|    3|          6|
    |indvar_flatten1_fu_64                  |   9|          2|    5|         10|
    |j_fu_72                                |   9|          2|    3|          6|
    +---------------------------------------+----+-----------+-----+-----------+
    |Total                                  |  81|         18|   25|         50|
    +---------------------------------------+----+-----------+-----+-----------+

    * Register: 
    +----------------------------------+----+----+-----+-----------+
    |               Name               | FF | LUT| Bits| Const Bits|
    +----------------------------------+----+----+-----+-----------+
    |add_ln22_4_reg_473                |   5|   0|    5|          0|
    |add_ln22_reg_523                  |  16|   0|   16|          0|
    |ap_CS_fsm                         |   1|   0|    1|          0|
    |ap_done_reg                       |   1|   0|    1|          0|
    |ap_enable_reg_pp0_iter1           |   1|   0|    1|          0|
    |ap_enable_reg_pp0_iter2           |   1|   0|    1|          0|
    |ap_enable_reg_pp0_iter3           |   1|   0|    1|          0|
    |ap_enable_reg_pp0_iter4           |   1|   0|    1|          0|
    |ap_enable_reg_pp0_iter5           |   1|   0|    1|          0|
    |ap_loop_exit_ready_pp0_iter1_reg  |   1|   0|    1|          0|
    |ap_loop_exit_ready_pp0_iter2_reg  |   1|   0|    1|          0|
    |ap_loop_exit_ready_pp0_iter3_reg  |   1|   0|    1|          0|
    |ap_loop_exit_ready_pp0_iter4_reg  |   1|   0|    1|          0|
    |ap_loop_exit_ready_pp0_iter5_reg  |   1|   0|    1|          0|
    |i_3_reg_423                       |   3|   0|    3|          0|
    |i_fu_68                           |   3|   0|    3|          0|
    |icmp_ln15_reg_444                 |   1|   0|    1|          0|
    |icmp_ln17_reg_439                 |   1|   0|    1|          0|
    |indvar_flatten1_fu_64             |   5|   0|    5|          0|
    |j_fu_72                           |   3|   0|    3|          0|
    |select_ln15_reg_418               |   3|   0|    3|          0|
    |tmp_1_reg_458                     |   8|   0|    8|          0|
    |tmp_2_reg_463                     |   8|   0|    8|          0|
    |tmp_2_reg_463_pp0_iter2_reg       |   8|   0|    8|          0|
    |tmp_4_reg_483                     |   8|   0|    8|          0|
    |tmp_4_reg_483_pp0_iter2_reg       |   8|   0|    8|          0|
    |tmp_5_reg_488                     |   8|   0|    8|          0|
    |tmp_6_reg_493                     |   8|   0|    8|          0|
    |tmp_6_reg_493_pp0_iter2_reg       |   8|   0|    8|          0|
    |tmp_reg_453                       |   8|   0|    8|          0|
    |tmp_reg_453_pp0_iter2_reg         |   8|   0|    8|          0|
    |add_ln22_4_reg_473                |  64|  32|    5|          0|
    +----------------------------------+----+----+-----+-----------+
    |Total                             | 196|  32|  137|          0|
    +----------------------------------+----+----+-----+-----------+



================================================================
== Interface
================================================================
* Summary: 
+---------------+-----+-----+------------+--------------+--------------+
|   RTL Ports   | Dir | Bits|  Protocol  | Source Object|    C Type    |
+---------------+-----+-----+------------+--------------+--------------+
|ap_clk         |   in|    1|  ap_ctrl_hs|   matrix_mult|  return value|
|ap_rst         |   in|    1|  ap_ctrl_hs|   matrix_mult|  return value|
|ap_start       |   in|    1|  ap_ctrl_hs|   matrix_mult|  return value|
|ap_done        |  out|    1|  ap_ctrl_hs|   matrix_mult|  return value|
|ap_idle        |  out|    1|  ap_ctrl_hs|   matrix_mult|  return value|
|ap_ready       |  out|    1|  ap_ctrl_hs|   matrix_mult|  return value|
|a_address0     |  out|    3|   ap_memory|             a|         array|
|a_ce0          |  out|    1|   ap_memory|             a|         array|
|a_q0           |   in|   40|   ap_memory|             a|         array|
|b_address0     |  out|    3|   ap_memory|             b|         array|
|b_ce0          |  out|    1|   ap_memory|             b|         array|
|b_q0           |   in|   40|   ap_memory|             b|         array|
|prod_address0  |  out|    5|   ap_memory|          prod|         array|
|prod_ce0       |  out|    1|   ap_memory|          prod|         array|
|prod_we0       |  out|    1|   ap_memory|          prod|         array|
|prod_d0        |  out|   16|   ap_memory|          prod|         array|
+---------------+-----+-----+------------+--------------+--------------+

