  **** HLS Build v2025.2 6295257
INFO: [HLS 200-2005] Using work_dir D:/Semester_6/HWSW/LAB4/lab4c/hls_nco/nco 
INFO: [HLS 200-2176] Writing Vitis IDE component file D:/Semester_6/HWSW/LAB4/lab4c/hls_nco/nco/vitis-comp.json
INFO: [HLS 200-10] Creating and opening component 'D:/Semester_6/HWSW/LAB4/lab4c/hls_nco/nco'.
INFO: [HLS 200-1505] Using default flow_target 'vivado'
Resolution: For help on HLS 200-1505 see docs.amd.com/access/sources/dita/topic?Doc_Version=2025.2%20English&url=ug1448-hls-guidance&resourceid=200-1505.html
INFO: [HLS 200-2174] Applying component config ini file hls_config.cfg
INFO: [HLS 200-1465] Applying config ini 'syn.file=../nco.cpp' from hls_config.cfg(8)
INFO: [HLS 200-10] Adding design file 'D:/Semester_6/HWSW/LAB4/lab4c/nco.cpp' to the project
INFO: [HLS 200-1465] Applying config ini 'tb.file=../nco_test.cpp' from hls_config.cfg(9)
INFO: [HLS 200-10] Adding test bench file 'D:/Semester_6/HWSW/LAB4/lab4c/nco_test.cpp' to the project
INFO: [HLS 200-1465] Applying config ini 'syn.top=nco' from hls_config.cfg(7)
INFO: [HLS 200-1465] Applying config ini 'flow_target=vivado' from hls_config.cfg(4)
INFO: [HLS 200-1505] Using flow_target 'vivado'
Resolution: For help on HLS 200-1505 see docs.amd.com/access/sources/dita/topic?Doc_Version=2025.2%20English&url=ug1448-hls-guidance&resourceid=200-1505.html
INFO: [HLS 200-1465] Applying config ini 'part=xc7z010clg400-1' from hls_config.cfg(1)
INFO: [HLS 200-1611] Setting target device to 'xc7z010-clg400-1'
INFO: [HLS 200-1465] Applying config ini 'package.output.format=ip_catalog' from hls_config.cfg(5)
INFO: [HLS 200-2176] Writing Vitis IDE component file D:/Semester_6/HWSW/LAB4/lab4c/hls_nco/nco/vitis-comp.json
INFO: [HLS 200-111] Finished File checks and directory preparation: CPU user time: 2 seconds. CPU system time: 2 seconds. Elapsed time: 5.221 seconds; current allocated memory: 384.562 MB.
INFO: [HLS 200-2191] C-Synthesis will use clang-16 as the compiler
INFO: [HLS 200-10] Analyzing design file '../nco.cpp' ... 
INFO: [HLS 200-111] Finished Source Code Analysis and Preprocessing: CPU user time: 0 seconds. CPU system time: 0 seconds. Elapsed time: 6.582 seconds; current allocated memory: 387.004 MB.
INFO: [HLS 200-777] Using interface defaults for 'Vivado' flow target.
INFO: [HLS 200-1995] There were 322 instructions in the design after the 'Compile/Link' phase of compilation. See the Design Size Report for more details (D:/Semester_6/HWSW/LAB4/lab4c/hls_nco/nco/hls/syn/report/csynth_design_size.rpt:2)
INFO: [HLS 200-1995] There were 52 instructions in the design after the 'Unroll/Inline (step 1)' phase of compilation. See the Design Size Report for more details (D:/Semester_6/HWSW/LAB4/lab4c/hls_nco/nco/hls/syn/report/csynth_design_size.rpt:2)
INFO: [HLS 200-1995] There were 23 instructions in the design after the 'Unroll/Inline (step 2)' phase of compilation. See the Design Size Report for more details (D:/Semester_6/HWSW/LAB4/lab4c/hls_nco/nco/hls/syn/report/csynth_design_size.rpt:2)
INFO: [HLS 200-1995] There were 23 instructions in the design after the 'Unroll/Inline (step 3)' phase of compilation. See the Design Size Report for more details (D:/Semester_6/HWSW/LAB4/lab4c/hls_nco/nco/hls/syn/report/csynth_design_size.rpt:2)
INFO: [HLS 200-1995] There were 23 instructions in the design after the 'Unroll/Inline (step 4)' phase of compilation. See the Design Size Report for more details (D:/Semester_6/HWSW/LAB4/lab4c/hls_nco/nco/hls/syn/report/csynth_design_size.rpt:2)
INFO: [HLS 200-1995] There were 23 instructions in the design after the 'Array/Struct (step 1)' phase of compilation. See the Design Size Report for more details (D:/Semester_6/HWSW/LAB4/lab4c/hls_nco/nco/hls/syn/report/csynth_design_size.rpt:2)
INFO: [HLS 200-1995] There were 23 instructions in the design after the 'Array/Struct (step 2)' phase of compilation. See the Design Size Report for more details (D:/Semester_6/HWSW/LAB4/lab4c/hls_nco/nco/hls/syn/report/csynth_design_size.rpt:2)
INFO: [HLS 200-1995] There were 23 instructions in the design after the 'Array/Struct (step 3)' phase of compilation. See the Design Size Report for more details (D:/Semester_6/HWSW/LAB4/lab4c/hls_nco/nco/hls/syn/report/csynth_design_size.rpt:2)
INFO: [HLS 200-1995] There were 23 instructions in the design after the 'Array/Struct (step 4)' phase of compilation. See the Design Size Report for more details (D:/Semester_6/HWSW/LAB4/lab4c/hls_nco/nco/hls/syn/report/csynth_design_size.rpt:2)
INFO: [HLS 200-1995] There were 23 instructions in the design after the 'Array/Struct (step 5)' phase of compilation. See the Design Size Report for more details (D:/Semester_6/HWSW/LAB4/lab4c/hls_nco/nco/hls/syn/report/csynth_design_size.rpt:2)
INFO: [HLS 200-1995] There were 23 instructions in the design after the 'Performance (step 1)' phase of compilation. See the Design Size Report for more details (D:/Semester_6/HWSW/LAB4/lab4c/hls_nco/nco/hls/syn/report/csynth_design_size.rpt:2)
INFO: [HLS 200-1995] There were 23 instructions in the design after the 'Performance (step 2)' phase of compilation. See the Design Size Report for more details (D:/Semester_6/HWSW/LAB4/lab4c/hls_nco/nco/hls/syn/report/csynth_design_size.rpt:2)
INFO: [HLS 200-1995] There were 23 instructions in the design after the 'Performance (step 3)' phase of compilation. See the Design Size Report for more details (D:/Semester_6/HWSW/LAB4/lab4c/hls_nco/nco/hls/syn/report/csynth_design_size.rpt:2)
INFO: [HLS 200-1995] There were 23 instructions in the design after the 'Performance (step 4)' phase of compilation. See the Design Size Report for more details (D:/Semester_6/HWSW/LAB4/lab4c/hls_nco/nco/hls/syn/report/csynth_design_size.rpt:2)
INFO: [HLS 200-1995] There were 26 instructions in the design after the 'HW Transforms (step 1)' phase of compilation. See the Design Size Report for more details (D:/Semester_6/HWSW/LAB4/lab4c/hls_nco/nco/hls/syn/report/csynth_design_size.rpt:2)
INFO: [HLS 200-1995] There were 27 instructions in the design after the 'HW Transforms (step 2)' phase of compilation. See the Design Size Report for more details (D:/Semester_6/HWSW/LAB4/lab4c/hls_nco/nco/hls/syn/report/csynth_design_size.rpt:2)
INFO: [HLS 200-111] Finished Compiling Optimization and Transform: CPU user time: 0 seconds. CPU system time: 0 seconds. Elapsed time: 7.539 seconds; current allocated memory: 388.750 MB.
INFO: [HLS 200-111] Finished Checking Pragmas: CPU user time: 0 seconds. CPU system time: 0 seconds. Elapsed time: 0.003 seconds; current allocated memory: 388.754 MB.
INFO: [HLS 200-10] Starting code transformations ...
INFO: [HLS 200-111] Finished Standard Transforms: CPU user time: 0 seconds. CPU system time: 0 seconds. Elapsed time: 0.078 seconds; current allocated memory: 393.605 MB.
INFO: [HLS 200-10] Checking synthesizability ...
INFO: [HLS 200-111] Finished Checking Synthesizability: CPU user time: 0 seconds. CPU system time: 0 seconds. Elapsed time: 0.022 seconds; current allocated memory: 395.211 MB.
INFO: [HLS 200-111] Finished Loop, function and other optimizations: CPU user time: 0 seconds. CPU system time: 0 seconds. Elapsed time: 0.048 seconds; current allocated memory: 415.414 MB.
INFO: [HLS 200-111] Finished Architecture Synthesis: CPU user time: 0 seconds. CPU system time: 0 seconds. Elapsed time: 0.05 seconds; current allocated memory: 415.430 MB.
INFO: [HLS 200-10] Starting hardware synthesis ...
INFO: [HLS 200-10] Synthesizing 'nco' ...
INFO: [SYN 201-201] Setting up clock 'default' with a period of 10ns.
INFO: [HLS 200-10] ----------------------------------------------------------------
INFO: [HLS 200-42] -- Implementing module 'nco' 
INFO: [HLS 200-10] ----------------------------------------------------------------
INFO: [SCHED 204-11] Starting scheduling ...
INFO: [SCHED 204-11] Finished scheduling.
INFO: [HLS 200-111] Finished Scheduling: CPU user time: 0 seconds. CPU system time: 0 seconds. Elapsed time: 0.172 seconds; current allocated memory: 415.430 MB.
INFO: [BIND 205-100] Starting micro-architecture generation ...
INFO: [BIND 205-101] Performing variable lifetime analysis.
INFO: [BIND 205-101] Exploring resource sharing.
INFO: [BIND 205-101] Binding ...
INFO: [BIND 205-100] Finished micro-architecture generation.
INFO: [HLS 200-111] Finished Binding: CPU user time: 0 seconds. CPU system time: 0 seconds. Elapsed time: 0.029 seconds; current allocated memory: 415.430 MB.
INFO: [HLS 200-10] ----------------------------------------------------------------
INFO: [HLS 200-10] -- Generating RTL for module 'nco' 
INFO: [HLS 200-10] ----------------------------------------------------------------
INFO: [RTGEN 206-500] Setting interface mode on port 'nco/sine_sample' to 'ap_vld'.
INFO: [RTGEN 206-500] Setting interface mode on port 'nco/step_size' to 'ap_none'.
INFO: [RTGEN 206-500] Setting interface mode on function 'nco' to 'ap_ctrl_hs'.
WARNING: [RTGEN 206-101] Register 'temp' is power-on initialization.
INFO: [RTGEN 206-100] Finished creating RTL model for 'nco'.
INFO: [RTMG 210-279] Implementing memory 'nco_sine_lut_ROM_AUTO_1R' using auto ROMs.
INFO: [HLS 200-111] Finished Creating RTL model: CPU user time: 0 seconds. CPU system time: 0 seconds. Elapsed time: 0.064 seconds; current allocated memory: 416.750 MB.
INFO: [HLS 200-111] Finished Generating all RTL models: CPU user time: 0 seconds. CPU system time: 0 seconds. Elapsed time: 0.28 seconds; current allocated memory: 419.609 MB.
INFO: [HLS 200-2225] Wrote inferred directives to file D:/Semester_6/HWSW/LAB4/lab4c/hls_nco/nco/hls/syn/inferred_directives.ini
INFO: [HLS 200-111] Finished Updating report files: CPU user time: 1 seconds. CPU system time: 0 seconds. Elapsed time: 0.482 seconds; current allocated memory: 420.586 MB.
INFO: [VHDL 208-304] Generating VHDL RTL for nco.
INFO: [VLOG 209-307] Generating Verilog RTL for nco.
INFO: [HLS 200-789] **** Estimated Fmax: 187.58 MHz
INFO: [HLS 200-112] Total CPU user time: 3 seconds. Total CPU system time: 2 seconds. Total elapsed time: 21.002 seconds; peak allocated memory: 420.680 MB.
INFO: [v++ 60-791] Total elapsed time: 0h 0m 25s
