

================================================================
== Vitis HLS Report for 'matrix_mult'
================================================================
* Date:           Mon May 25 11:36:36 2026

* Version:        2025.2 (Build 6295257 on Nov 14 2025)
* Project:        matrix_mult_prj_solution4
* Solution:       hls (Vivado IP Flow Target)
* Product family: zynq
* Target device:  xc7z010-clg400-1


================================================================
== Performance Estimates
================================================================
+ Timing: 
    * Summary: 
    +--------+----------+----------+------------+
    |  Clock |  Target  | Estimated| Uncertainty|
    +--------+----------+----------+------------+
    |ap_clk  |  10.00 ns|  6.270 ns|     2.70 ns|
    +--------+----------+----------+------------+

+ Latency: 
    * Summary: 
    +---------+---------+----------+----------+-----+-----+------------------------------------------------+
    |  Latency (cycles) |  Latency (absolute) |  Interval |                    Pipeline                    |
    |   min   |   max   |    min   |    max   | min | max |                      Type                      |
    +---------+---------+----------+----------+-----+-----+------------------------------------------------+
    |       31|       31|  0.310 us|  0.310 us|   25|   25|  loop auto-rewind stp (delay=0 clock cycles(s))|
    +---------+---------+----------+----------+-----+-----+------------------------------------------------+

    + Detail: 
        * Instance: 
        N/A

        * Loop: 
        +-----------+---------+---------+----------+-----------+-----------+------+----------+
        |           |  Latency (cycles) | Iteration|  Initiation Interval  | Trip |          |
        | Loop Name |   min   |   max   |  Latency |  achieved |   target  | Count| Pipelined|
        +-----------+---------+---------+----------+-----------+-----------+------+----------+
        |- Row_Col  |       29|       29|         6|          1|          1|    25|       yes|
        +-----------+---------+---------+----------+-----------+-----------+------+----------+

============================================================
+ Verbose Summary: Synthesis Manager
============================================================
InlineROM: 1
ExposeGlobal: 0
============================================================
+ Verbose Summary: CDFG Model
============================================================
IsTopModel: 1
ResetActiveHigh: 1
IsCombinational: 0
IsDatapathOnly: 0
HasWiredReturn: 1
HasMFsm: 2
HasVarLatency: 1
IsPipeline: 0
IsRtlPipelined: 0
IsInstanceOverlapped: 0
IsDontTouch: 0
HasImplIP: 0
IsGatedGlobalClock: 0

+ Individual pipeline summary: 
  * Pipeline-0: initiation interval (II) = 1, depth = 6


============================================================
+ Verbose Summary: Schedule
============================================================
* Number of FSM states : 6
* Pipeline : 1
  Pipeline-0 : II = 1, D = 6, States = { 1 2 3 4 5 6 }
* Dataflow Pipeline: 0

* FSM state transitions: 
1 --> 2 
2 --> 3 
3 --> 4 
4 --> 5 
5 --> 6 
6 --> 

* FSM state operations: 

State 1 <SV = 0> <Delay = 5.86>
ST_1 : Operation 9 [1/1] (0.00ns)   --->   "%indvar_flatten1 = alloca i32 1"   --->   Operation 9 'alloca' 'indvar_flatten1' <Predicate = true> <Delay = 0.00>
ST_1 : Operation 10 [1/1] (0.00ns)   --->   "%i = alloca i32 1" [../solution4/matrix_mult.cpp:17]   --->   Operation 10 'alloca' 'i' <Predicate = true> <Delay = 0.00>
ST_1 : Operation 11 [1/1] (0.00ns)   --->   "%j = alloca i32 1" [../solution4/matrix_mult.cpp:19]   --->   Operation 11 'alloca' 'j' <Predicate = true> <Delay = 0.00>
ST_1 : Operation 12 [1/1] (0.00ns)   --->   "%spectopmodule_ln0 = spectopmodule void @_ssdm_op_SpecTopModule, void @empty_1"   --->   Operation 12 'spectopmodule' 'spectopmodule_ln0' <Predicate = true> <Delay = 0.00>
ST_1 : Operation 13 [1/1] (0.00ns)   --->   "%specinterface_ln0 = specinterface void @_ssdm_op_SpecInterface, i40 %a, void @empty, i32 0, i32 0, void @empty_0, i32 4294967295, i32 0, void @empty_0, void @empty_0, void @empty_0, i32 0, i32 0, i32 0, i32 0, void @empty_0, void @empty_0, i32 4294967295, i32 0, i32 0, i32 0"   --->   Operation 13 'specinterface' 'specinterface_ln0' <Predicate = true> <Delay = 0.00>
ST_1 : Operation 14 [1/1] (0.00ns)   --->   "%specbitsmap_ln0 = specbitsmap void @_ssdm_op_SpecBitsMap, i40 %a"   --->   Operation 14 'specbitsmap' 'specbitsmap_ln0' <Predicate = true> <Delay = 0.00>
ST_1 : Operation 15 [1/1] (0.00ns)   --->   "%specinterface_ln0 = specinterface void @_ssdm_op_SpecInterface, i40 %b, void @empty, i32 0, i32 0, void @empty_0, i32 4294967295, i32 0, void @empty_0, void @empty_0, void @empty_0, i32 0, i32 0, i32 0, i32 0, void @empty_0, void @empty_0, i32 4294967295, i32 0, i32 0, i32 0"   --->   Operation 15 'specinterface' 'specinterface_ln0' <Predicate = true> <Delay = 0.00>
ST_1 : Operation 16 [1/1] (0.00ns)   --->   "%specbitsmap_ln0 = specbitsmap void @_ssdm_op_SpecBitsMap, i40 %b"   --->   Operation 16 'specbitsmap' 'specbitsmap_ln0' <Predicate = true> <Delay = 0.00>
ST_1 : Operation 17 [1/1] (0.00ns)   --->   "%specinterface_ln0 = specinterface void @_ssdm_op_SpecInterface, i16 %prod, void @empty, i32 0, i32 0, void @empty_0, i32 4294967295, i32 0, void @empty_0, void @empty_0, void @empty_0, i32 0, i32 0, i32 0, i32 0, void @empty_0, void @empty_0, i32 4294967295, i32 0, i32 0, i32 0"   --->   Operation 17 'specinterface' 'specinterface_ln0' <Predicate = true> <Delay = 0.00>
ST_1 : Operation 18 [1/1] (0.00ns)   --->   "%specbitsmap_ln0 = specbitsmap void @_ssdm_op_SpecBitsMap, i16 %prod"   --->   Operation 18 'specbitsmap' 'specbitsmap_ln0' <Predicate = true> <Delay = 0.00>
ST_1 : Operation 19 [1/1] (1.58ns)   --->   "%store_ln19 = store i3 0, i3 %j" [../solution4/matrix_mult.cpp:19]   --->   Operation 19 'store' 'store_ln19' <Predicate = true> <Delay = 1.58>
ST_1 : Operation 20 [1/1] (1.58ns)   --->   "%store_ln17 = store i3 0, i3 %i" [../solution4/matrix_mult.cpp:17]   --->   Operation 20 'store' 'store_ln17' <Predicate = true> <Delay = 1.58>
ST_1 : Operation 21 [1/1] (1.58ns)   --->   "%store_ln0 = store i5 0, i5 %indvar_flatten1"   --->   Operation 21 'store' 'store_ln0' <Predicate = true> <Delay = 1.58>
ST_1 : Operation 22 [1/1] (1.58ns)   --->   "%br_ln0 = br void %for.inc29"   --->   Operation 22 'br' 'br_ln0' <Predicate = true> <Delay = 1.58>
ST_1 : Operation 23 [1/1] (0.00ns)   --->   "%icmp_ln194 = phi i1 0, void %entry, i1 %icmp_ln19, void %for.inc29" [../solution4/matrix_mult.cpp:19]   --->   Operation 23 'phi' 'icmp_ln194' <Predicate = true> <Delay = 0.00>
ST_1 : Operation 24 [1/1] (0.00ns)   --->   "%indvar_flatten1_load = load i5 %indvar_flatten1" [../solution4/matrix_mult.cpp:17]   --->   Operation 24 'load' 'indvar_flatten1_load' <Predicate = true> <Delay = 0.00>
ST_1 : Operation 25 [1/1] (0.00ns)   --->   "%i_1 = load i3 %i" [../solution4/matrix_mult.cpp:17]   --->   Operation 25 'load' 'i_1' <Predicate = true> <Delay = 0.00>
ST_1 : Operation 26 [1/1] (0.00ns)   --->   "%j_1 = load i3 %j" [../solution4/matrix_mult.cpp:17]   --->   Operation 26 'load' 'j_1' <Predicate = true> <Delay = 0.00>
ST_1 : Operation 27 [1/1] (1.65ns)   --->   "%add_ln17 = add i3 %i_1, i3 1" [../solution4/matrix_mult.cpp:17]   --->   Operation 27 'add' 'add_ln17' <Predicate = true> <Delay = 1.65> <CoreInst = "Adder">   --->   Core 1 'Adder' <Latency = 0> <II = 1> <Delay = 1.65> <FuncUnit> <Opcode : 'add' 'sub'> <InPorts = 2> <OutPorts = 1>
ST_1 : Operation 28 [1/1] (0.98ns)   --->   "%select_ln17 = select i1 %icmp_ln194, i3 0, i3 %j_1" [../solution4/matrix_mult.cpp:17]   --->   Operation 28 'select' 'select_ln17' <Predicate = true> <Delay = 0.98> <CoreInst = "Sel">   --->   Core 73 'Sel' <Latency = 0> <II = 1> <Delay = 0.98> <FuncUnit> <Opcode : 'select'> <InPorts = 3> <OutPorts = 1>
ST_1 : Operation 29 [1/1] (0.98ns)   --->   "%i_3 = select i1 %icmp_ln194, i3 %add_ln17, i3 %i_1" [../solution4/matrix_mult.cpp:17]   --->   Operation 29 'select' 'i_3' <Predicate = true> <Delay = 0.98> <CoreInst = "Sel">   --->   Core 73 'Sel' <Latency = 0> <II = 1> <Delay = 0.98> <FuncUnit> <Opcode : 'select'> <InPorts = 3> <OutPorts = 1>
ST_1 : Operation 30 [1/1] (0.00ns)   --->   "%zext_ln17 = zext i3 %i_3" [../solution4/matrix_mult.cpp:17]   --->   Operation 30 'zext' 'zext_ln17' <Predicate = true> <Delay = 0.00>
ST_1 : Operation 31 [1/1] (0.00ns)   --->   "%a_addr = getelementptr i40 %a, i64 0, i64 %zext_ln17" [../solution4/matrix_mult.cpp:25]   --->   Operation 31 'getelementptr' 'a_addr' <Predicate = true> <Delay = 0.00>
ST_1 : Operation 32 [2/2] (0.00ns)   --->   "%a_load = load i3 %a_addr" [../solution4/matrix_mult.cpp:25]   --->   Operation 32 'load' 'a_load' <Predicate = true> <Delay = 0.00> <CoreInst = "RAM">   --->   Core 81 'RAM' <Latency = 1> <II = 1> <Delay = 2.32> <Storage> <Opcode : 'load' 'store'> <Ports = 2> <Width = 40> <Depth = 5> <RAM>
ST_1 : Operation 33 [1/1] (0.00ns)   --->   "%zext_ln19 = zext i3 %select_ln17" [../solution4/matrix_mult.cpp:19]   --->   Operation 33 'zext' 'zext_ln19' <Predicate = true> <Delay = 0.00>
ST_1 : Operation 34 [1/1] (0.00ns)   --->   "%b_addr = getelementptr i40 %b, i64 0, i64 %zext_ln19" [../solution4/matrix_mult.cpp:25]   --->   Operation 34 'getelementptr' 'b_addr' <Predicate = true> <Delay = 0.00>
ST_1 : Operation 35 [2/2] (0.00ns)   --->   "%b_load = load i3 %b_addr" [../solution4/matrix_mult.cpp:25]   --->   Operation 35 'load' 'b_load' <Predicate = true> <Delay = 0.00> <CoreInst = "RAM">   --->   Core 81 'RAM' <Latency = 1> <II = 1> <Delay = 2.32> <Storage> <Opcode : 'load' 'store'> <Ports = 2> <Width = 40> <Depth = 5> <RAM>
ST_1 : Operation 36 [1/1] (1.65ns)   --->   "%j_3 = add i3 %select_ln17, i3 1" [../solution4/matrix_mult.cpp:19]   --->   Operation 36 'add' 'j_3' <Predicate = true> <Delay = 1.65> <CoreInst = "Adder">   --->   Core 1 'Adder' <Latency = 0> <II = 1> <Delay = 1.65> <FuncUnit> <Opcode : 'add' 'sub'> <InPorts = 2> <OutPorts = 1>
ST_1 : Operation 37 [1/1] (1.78ns)   --->   "%add_ln17_1 = add i5 %indvar_flatten1_load, i5 1" [../solution4/matrix_mult.cpp:17]   --->   Operation 37 'add' 'add_ln17_1' <Predicate = true> <Delay = 1.78> <CoreInst = "Adder">   --->   Core 1 'Adder' <Latency = 0> <II = 1> <Delay = 1.78> <FuncUnit> <Opcode : 'add' 'sub'> <InPorts = 2> <OutPorts = 1>
ST_1 : Operation 38 [1/1] (1.65ns)   --->   "%icmp_ln19 = icmp_eq  i3 %j_3, i3 5" [../solution4/matrix_mult.cpp:19]   --->   Operation 38 'icmp' 'icmp_ln19' <Predicate = true> <Delay = 1.65> <CoreInst = "Cmp">   --->   Core 9 'Cmp' <Latency = 0> <II = 1> <Delay = 1.65> <FuncUnit> <Opcode : 'seteq' 'setne' 'setle' 'setge' 'setlt' 'setgt'> <InPorts = 2> <OutPorts = 1>
ST_1 : Operation 39 [1/1] (1.78ns)   --->   "%icmp_ln17 = icmp_eq  i5 %indvar_flatten1_load, i5 24" [../solution4/matrix_mult.cpp:17]   --->   Operation 39 'icmp' 'icmp_ln17' <Predicate = true> <Delay = 1.78> <CoreInst = "Cmp">   --->   Core 9 'Cmp' <Latency = 0> <II = 1> <Delay = 1.78> <FuncUnit> <Opcode : 'seteq' 'setne' 'setle' 'setge' 'setlt' 'setgt'> <InPorts = 2> <OutPorts = 1>
ST_1 : Operation 40 [1/1] (1.58ns)   --->   "%store_ln19 = store i3 %j_3, i3 %j" [../solution4/matrix_mult.cpp:19]   --->   Operation 40 'store' 'store_ln19' <Predicate = true> <Delay = 1.58>
ST_1 : Operation 41 [1/1] (1.58ns)   --->   "%store_ln17 = store i3 %i_3, i3 %i" [../solution4/matrix_mult.cpp:17]   --->   Operation 41 'store' 'store_ln17' <Predicate = true> <Delay = 1.58>
ST_1 : Operation 42 [1/1] (1.58ns)   --->   "%store_ln17 = store i5 %add_ln17_1, i5 %indvar_flatten1" [../solution4/matrix_mult.cpp:17]   --->   Operation 42 'store' 'store_ln17' <Predicate = true> <Delay = 1.58>
ST_1 : Operation 43 [1/1] (0.00ns)   --->   "%br_ln17 = br i1 %icmp_ln17, void %for.inc29, void %for.end31" [../solution4/matrix_mult.cpp:17]   --->   Operation 43 'br' 'br_ln17' <Predicate = true> <Delay = 0.00>

State 2 <SV = 1> <Delay = 1.05>
ST_2 : Operation 44 [1/2] ( I:0.00ns O:0.00ns )   --->   "%a_load = load i3 %a_addr" [../solution4/matrix_mult.cpp:25]   --->   Operation 44 'load' 'a_load' <Predicate = true> <Delay = 0.00> <CoreInst = "RAM">   --->   Core 81 'RAM' <Latency = 1> <II = 1> <Delay = 2.32> <Storage> <Opcode : 'load' 'store'> <Ports = 2> <Width = 40> <Depth = 5> <RAM>
ST_2 : Operation 45 [1/1] (0.00ns)   --->   "%trunc_ln25 = trunc i40 %a_load" [../solution4/matrix_mult.cpp:25]   --->   Operation 45 'trunc' 'trunc_ln25' <Predicate = true> <Delay = 0.00>
ST_2 : Operation 46 [1/1] (0.00ns)   --->   "%zext_ln25 = zext i8 %trunc_ln25" [../solution4/matrix_mult.cpp:25]   --->   Operation 46 'zext' 'zext_ln25' <Predicate = true> <Delay = 0.00>
ST_2 : Operation 47 [1/1] (0.00ns)   --->   "%tmp = partselect i8 @_ssdm_op_PartSelect.i8.i40.i40, i40 %a_load, i40 8" [../solution4/matrix_mult.cpp:25]   --->   Operation 47 'partselect' 'tmp' <Predicate = true> <Delay = 0.00>
ST_2 : Operation 48 [1/1] (0.00ns)   --->   "%tmp_1 = partselect i8 @_ssdm_op_PartSelect.i8.i40.i40, i40 %a_load, i40 16" [../solution4/matrix_mult.cpp:25]   --->   Operation 48 'partselect' 'tmp_1' <Predicate = true> <Delay = 0.00>
ST_2 : Operation 49 [1/1] (0.00ns)   --->   "%tmp_2 = partselect i8 @_ssdm_op_PartSelect.i8.i40.i40, i40 %a_load, i40 24" [../solution4/matrix_mult.cpp:25]   --->   Operation 49 'partselect' 'tmp_2' <Predicate = true> <Delay = 0.00>
ST_2 : Operation 50 [1/1] (0.00ns)   --->   "%tmp_3 = partselect i8 @_ssdm_op_PartSelect.i8.i40.i40, i40 %a_load, i40 32" [../solution4/matrix_mult.cpp:25]   --->   Operation 50 'partselect' 'tmp_3' <Predicate = true> <Delay = 0.00>
ST_2 : Operation 51 [1/1] (0.00ns)   --->   "%zext_ln25_4 = zext i8 %tmp_3" [../solution4/matrix_mult.cpp:25]   --->   Operation 51 'zext' 'zext_ln25_4' <Predicate = true> <Delay = 0.00>
ST_2 : Operation 52 [1/2] ( I:0.00ns O:0.00ns )   --->   "%b_load = load i3 %b_addr" [../solution4/matrix_mult.cpp:25]   --->   Operation 52 'load' 'b_load' <Predicate = true> <Delay = 0.00> <CoreInst = "RAM">   --->   Core 81 'RAM' <Latency = 1> <II = 1> <Delay = 2.32> <Storage> <Opcode : 'load' 'store'> <Ports = 2> <Width = 40> <Depth = 5> <RAM>
ST_2 : Operation 53 [1/1] (0.00ns)   --->   "%trunc_ln25_1 = trunc i40 %b_load" [../solution4/matrix_mult.cpp:25]   --->   Operation 53 'trunc' 'trunc_ln25_1' <Predicate = true> <Delay = 0.00>
ST_2 : Operation 54 [1/1] (0.00ns)   --->   "%zext_ln25_5 = zext i8 %trunc_ln25_1" [../solution4/matrix_mult.cpp:25]   --->   Operation 54 'zext' 'zext_ln25_5' <Predicate = true> <Delay = 0.00>
ST_2 : Operation 55 [1/1] (0.00ns)   --->   "%tmp_4 = partselect i8 @_ssdm_op_PartSelect.i8.i40.i40, i40 %b_load, i40 8" [../solution4/matrix_mult.cpp:25]   --->   Operation 55 'partselect' 'tmp_4' <Predicate = true> <Delay = 0.00>
ST_2 : Operation 56 [1/1] (0.00ns)   --->   "%tmp_5 = partselect i8 @_ssdm_op_PartSelect.i8.i40.i40, i40 %b_load, i40 16" [../solution4/matrix_mult.cpp:25]   --->   Operation 56 'partselect' 'tmp_5' <Predicate = true> <Delay = 0.00>
ST_2 : Operation 57 [1/1] (0.00ns)   --->   "%tmp_6 = partselect i8 @_ssdm_op_PartSelect.i8.i40.i40, i40 %b_load, i40 24" [../solution4/matrix_mult.cpp:25]   --->   Operation 57 'partselect' 'tmp_6' <Predicate = true> <Delay = 0.00>
ST_2 : Operation 58 [1/1] (0.00ns)   --->   "%tmp_7 = partselect i8 @_ssdm_op_PartSelect.i8.i40.i40, i40 %b_load, i40 32" [../solution4/matrix_mult.cpp:25]   --->   Operation 58 'partselect' 'tmp_7' <Predicate = true> <Delay = 0.00>
ST_2 : Operation 59 [1/1] (0.00ns)   --->   "%zext_ln25_9 = zext i8 %tmp_7" [../solution4/matrix_mult.cpp:25]   --->   Operation 59 'zext' 'zext_ln25_9' <Predicate = true> <Delay = 0.00>
ST_2 : Operation 60 [3/3] (1.05ns) (grouped into DSP with root node add_ln25)   --->   "%mul_ln25 = mul i16 %zext_ln25_5, i16 %zext_ln25" [../solution4/matrix_mult.cpp:25]   --->   Operation 60 'mul' 'mul_ln25' <Predicate = true> <Delay = 1.05> <CoreInst = "DSP48">   --->   Core 116 'DSP48' <Latency = 3> <II = 1> <Delay = 2.15> <IPBlock> <Opcode : 'add' 'sub' 'mul' 'select'> <InPorts = 0> <OutPorts = 1> <Sync> <CReg>
ST_2 : Operation 61 [3/3] (1.05ns) (grouped into DSP with root node add_ln25_1)   --->   "%mul_ln25_2 = mul i16 %zext_ln25_9, i16 %zext_ln25_4" [../solution4/matrix_mult.cpp:25]   --->   Operation 61 'mul' 'mul_ln25_2' <Predicate = true> <Delay = 1.05> <CoreInst = "DSP48">   --->   Core 116 'DSP48' <Latency = 3> <II = 1> <Delay = 2.15> <IPBlock> <Opcode : 'add' 'sub' 'mul' 'select'> <InPorts = 0> <OutPorts = 1> <Sync> <CReg>

State 3 <SV = 2> <Delay = 1.05>
ST_3 : Operation 62 [1/1] (0.00ns)   --->   "%zext_ln25_2 = zext i8 %tmp_1" [../solution4/matrix_mult.cpp:25]   --->   Operation 62 'zext' 'zext_ln25_2' <Predicate = true> <Delay = 0.00>
ST_3 : Operation 63 [1/1] (0.00ns)   --->   "%zext_ln25_7 = zext i8 %tmp_5" [../solution4/matrix_mult.cpp:25]   --->   Operation 63 'zext' 'zext_ln25_7' <Predicate = true> <Delay = 0.00>
ST_3 : Operation 64 [2/3] (1.05ns) (grouped into DSP with root node add_ln25)   --->   "%mul_ln25 = mul i16 %zext_ln25_5, i16 %zext_ln25" [../solution4/matrix_mult.cpp:25]   --->   Operation 64 'mul' 'mul_ln25' <Predicate = true> <Delay = 1.05> <CoreInst = "DSP48">   --->   Core 116 'DSP48' <Latency = 3> <II = 1> <Delay = 2.15> <IPBlock> <Opcode : 'add' 'sub' 'mul' 'select'> <InPorts = 0> <OutPorts = 1> <Sync> <CReg>
ST_3 : Operation 65 [2/3] (1.05ns) (grouped into DSP with root node add_ln25_1)   --->   "%mul_ln25_2 = mul i16 %zext_ln25_9, i16 %zext_ln25_4" [../solution4/matrix_mult.cpp:25]   --->   Operation 65 'mul' 'mul_ln25_2' <Predicate = true> <Delay = 1.05> <CoreInst = "DSP48">   --->   Core 116 'DSP48' <Latency = 3> <II = 1> <Delay = 2.15> <IPBlock> <Opcode : 'add' 'sub' 'mul' 'select'> <InPorts = 0> <OutPorts = 1> <Sync> <CReg>
ST_3 : Operation 66 [3/3] (1.05ns) (grouped into DSP with root node add_ln25_2)   --->   "%mul_ln25_4 = mul i16 %zext_ln25_7, i16 %zext_ln25_2" [../solution4/matrix_mult.cpp:25]   --->   Operation 66 'mul' 'mul_ln25_4' <Predicate = true> <Delay = 1.05> <CoreInst = "DSP48">   --->   Core 116 'DSP48' <Latency = 3> <II = 1> <Delay = 2.15> <IPBlock> <Opcode : 'add' 'sub' 'mul' 'select'> <InPorts = 0> <OutPorts = 1> <Sync> <CReg>

State 4 <SV = 3> <Delay = 6.27>
ST_4 : Operation 67 [1/1] (0.00ns)   --->   "%zext_ln25_1 = zext i8 %tmp" [../solution4/matrix_mult.cpp:25]   --->   Operation 67 'zext' 'zext_ln25_1' <Predicate = true> <Delay = 0.00>
ST_4 : Operation 68 [1/1] (0.00ns)   --->   "%zext_ln25_3 = zext i8 %tmp_2" [../solution4/matrix_mult.cpp:25]   --->   Operation 68 'zext' 'zext_ln25_3' <Predicate = true> <Delay = 0.00>
ST_4 : Operation 69 [1/1] (0.00ns)   --->   "%zext_ln25_6 = zext i8 %tmp_4" [../solution4/matrix_mult.cpp:25]   --->   Operation 69 'zext' 'zext_ln25_6' <Predicate = true> <Delay = 0.00>
ST_4 : Operation 70 [1/1] (0.00ns)   --->   "%zext_ln25_8 = zext i8 %tmp_6" [../solution4/matrix_mult.cpp:25]   --->   Operation 70 'zext' 'zext_ln25_8' <Predicate = true> <Delay = 0.00>
ST_4 : Operation 71 [1/3] (0.00ns) (grouped into DSP with root node add_ln25)   --->   "%mul_ln25 = mul i16 %zext_ln25_5, i16 %zext_ln25" [../solution4/matrix_mult.cpp:25]   --->   Operation 71 'mul' 'mul_ln25' <Predicate = true> <Delay = 0.00> <CoreInst = "DSP48">   --->   Core 116 'DSP48' <Latency = 3> <II = 1> <Delay = 2.15> <IPBlock> <Opcode : 'add' 'sub' 'mul' 'select'> <InPorts = 0> <OutPorts = 1> <Sync> <CReg>
ST_4 : Operation 72 [1/1] (4.17ns)   --->   "%mul_ln25_1 = mul i16 %zext_ln25_6, i16 %zext_ln25_1" [../solution4/matrix_mult.cpp:25]   --->   Operation 72 'mul' 'mul_ln25_1' <Predicate = true> <Delay = 4.17> <CoreInst = "Multiplier">   --->   Core 3 'Multiplier' <Latency = 0> <II = 1> <Delay = 4.17> <FuncUnit> <Opcode : 'mul'> <InPorts = 2> <OutPorts = 1>
ST_4 : Operation 73 [1/3] (0.00ns) (grouped into DSP with root node add_ln25_1)   --->   "%mul_ln25_2 = mul i16 %zext_ln25_9, i16 %zext_ln25_4" [../solution4/matrix_mult.cpp:25]   --->   Operation 73 'mul' 'mul_ln25_2' <Predicate = true> <Delay = 0.00> <CoreInst = "DSP48">   --->   Core 116 'DSP48' <Latency = 3> <II = 1> <Delay = 2.15> <IPBlock> <Opcode : 'add' 'sub' 'mul' 'select'> <InPorts = 0> <OutPorts = 1> <Sync> <CReg>
ST_4 : Operation 74 [1/1] (4.17ns)   --->   "%mul_ln25_3 = mul i16 %zext_ln25_8, i16 %zext_ln25_3" [../solution4/matrix_mult.cpp:25]   --->   Operation 74 'mul' 'mul_ln25_3' <Predicate = true> <Delay = 4.17> <CoreInst = "Multiplier">   --->   Core 3 'Multiplier' <Latency = 0> <II = 1> <Delay = 4.17> <FuncUnit> <Opcode : 'mul'> <InPorts = 2> <OutPorts = 1>
ST_4 : Operation 75 [2/3] (1.05ns) (grouped into DSP with root node add_ln25_2)   --->   "%mul_ln25_4 = mul i16 %zext_ln25_7, i16 %zext_ln25_2" [../solution4/matrix_mult.cpp:25]   --->   Operation 75 'mul' 'mul_ln25_4' <Predicate = true> <Delay = 1.05> <CoreInst = "DSP48">   --->   Core 116 'DSP48' <Latency = 3> <II = 1> <Delay = 2.15> <IPBlock> <Opcode : 'add' 'sub' 'mul' 'select'> <InPorts = 0> <OutPorts = 1> <Sync> <CReg>
ST_4 : Operation 76 [2/2] (2.10ns) (root node of the DSP)   --->   "%add_ln25 = add i16 %mul_ln25_1, i16 %mul_ln25" [../solution4/matrix_mult.cpp:25]   --->   Operation 76 'add' 'add_ln25' <Predicate = true> <Delay = 2.10> <CoreInst = "DSP48">   --->   Core 116 'DSP48' <Latency = 3> <II = 1> <Delay = 2.15> <IPBlock> <Opcode : 'add' 'sub' 'mul' 'select'> <InPorts = 0> <OutPorts = 1> <Sync> <CReg>
ST_4 : Operation 77 [2/2] (2.10ns) (root node of the DSP)   --->   "%add_ln25_1 = add i16 %mul_ln25_3, i16 %mul_ln25_2" [../solution4/matrix_mult.cpp:25]   --->   Operation 77 'add' 'add_ln25_1' <Predicate = true> <Delay = 2.10> <CoreInst = "DSP48">   --->   Core 116 'DSP48' <Latency = 3> <II = 1> <Delay = 2.15> <IPBlock> <Opcode : 'add' 'sub' 'mul' 'select'> <InPorts = 0> <OutPorts = 1> <Sync> <CReg>

State 5 <SV = 4> <Delay = 4.20>
ST_5 : Operation 78 [1/3] (0.00ns) (grouped into DSP with root node add_ln25_2)   --->   "%mul_ln25_4 = mul i16 %zext_ln25_7, i16 %zext_ln25_2" [../solution4/matrix_mult.cpp:25]   --->   Operation 78 'mul' 'mul_ln25_4' <Predicate = true> <Delay = 0.00> <CoreInst = "DSP48">   --->   Core 116 'DSP48' <Latency = 3> <II = 1> <Delay = 2.15> <IPBlock> <Opcode : 'add' 'sub' 'mul' 'select'> <InPorts = 0> <OutPorts = 1> <Sync> <CReg>
ST_5 : Operation 79 [1/2] (2.10ns) (root node of the DSP)   --->   "%add_ln25 = add i16 %mul_ln25_1, i16 %mul_ln25" [../solution4/matrix_mult.cpp:25]   --->   Operation 79 'add' 'add_ln25' <Predicate = true> <Delay = 2.10> <CoreInst = "DSP48">   --->   Core 116 'DSP48' <Latency = 3> <II = 1> <Delay = 2.15> <IPBlock> <Opcode : 'add' 'sub' 'mul' 'select'> <InPorts = 0> <OutPorts = 1> <Sync> <CReg>
ST_5 : Operation 80 [1/2] (2.10ns) (root node of the DSP)   --->   "%add_ln25_1 = add i16 %mul_ln25_3, i16 %mul_ln25_2" [../solution4/matrix_mult.cpp:25]   --->   Operation 80 'add' 'add_ln25_1' <Predicate = true> <Delay = 2.10> <CoreInst = "DSP48">   --->   Core 116 'DSP48' <Latency = 3> <II = 1> <Delay = 2.15> <IPBlock> <Opcode : 'add' 'sub' 'mul' 'select'> <InPorts = 0> <OutPorts = 1> <Sync> <CReg>
ST_5 : Operation 81 [2/2] (2.10ns) (root node of the DSP)   --->   "%add_ln25_2 = add i16 %add_ln25_1, i16 %mul_ln25_4" [../solution4/matrix_mult.cpp:25]   --->   Operation 81 'add' 'add_ln25_2' <Predicate = true> <Delay = 2.10> <CoreInst = "DSP48">   --->   Core 116 'DSP48' <Latency = 3> <II = 1> <Delay = 2.15> <IPBlock> <Opcode : 'add' 'sub' 'mul' 'select'> <InPorts = 0> <OutPorts = 1> <Sync> <CReg>

State 6 <SV = 5> <Delay = 4.17>
ST_6 : Operation 82 [1/1] (0.00ns)   --->   "%specloopname_ln0 = specloopname void @_ssdm_op_SpecLoopName, void @Row_Col_str"   --->   Operation 82 'specloopname' 'specloopname_ln0' <Predicate = true> <Delay = 0.00>
ST_6 : Operation 83 [1/1] (0.00ns)   --->   "%speclooptripcount_ln0 = speclooptripcount void @_ssdm_op_SpecLoopTripCount, i64 25, i64 25, i64 25"   --->   Operation 83 'speclooptripcount' 'speclooptripcount_ln0' <Predicate = true> <Delay = 0.00>
ST_6 : Operation 84 [1/1] (0.00ns)   --->   "%zext_ln25_10 = zext i3 %i_3" [../solution4/matrix_mult.cpp:25]   --->   Operation 84 'zext' 'zext_ln25_10' <Predicate = true> <Delay = 0.00>
ST_6 : Operation 85 [1/1] (0.00ns)   --->   "%tmp_8 = bitconcatenate i5 @_ssdm_op_BitConcatenate.i5.i3.i2, i3 %i_3, i2 0" [../solution4/matrix_mult.cpp:25]   --->   Operation 85 'bitconcatenate' 'tmp_8' <Predicate = true> <Delay = 0.00>
ST_6 : Operation 86 [1/1] (0.00ns) (grouped into TernaryAdder)   --->   "%add_ln25_5 = add i5 %tmp_8, i5 %zext_ln25_10" [../solution4/matrix_mult.cpp:25]   --->   Operation 86 'add' 'add_ln25_5' <Predicate = true> <Delay = 0.00> <CoreInst = "TAddSub">   --->   Core 10 'TAddSub' <Latency = 0> <II = 1> <Delay = 1.70> <IPBlock> <Opcode : 'add' 'sub'> <InPorts = 3> <OutPorts = 1> <Sync> <CReg>
ST_6 : Operation 87 [1/1] (0.00ns)   --->   "%zext_ln25_11 = zext i3 %select_ln17" [../solution4/matrix_mult.cpp:25]   --->   Operation 87 'zext' 'zext_ln25_11' <Predicate = true> <Delay = 0.00>
ST_6 : Operation 88 [1/1] (3.40ns) (root node of TernaryAdder)   --->   "%add_ln25_4 = add i5 %add_ln25_5, i5 %zext_ln25_11" [../solution4/matrix_mult.cpp:25]   --->   Operation 88 'add' 'add_ln25_4' <Predicate = true> <Delay = 3.40> <CoreInst = "TAddSub">   --->   Core 10 'TAddSub' <Latency = 0> <II = 1> <Delay = 1.70> <IPBlock> <Opcode : 'add' 'sub'> <InPorts = 3> <OutPorts = 1> <Sync> <CReg>
ST_6 : Operation 89 [1/1] (0.00ns)   --->   "%zext_ln25_12 = zext i5 %add_ln25_4" [../solution4/matrix_mult.cpp:25]   --->   Operation 89 'zext' 'zext_ln25_12' <Predicate = true> <Delay = 0.00>
ST_6 : Operation 90 [1/1] (0.00ns)   --->   "%prod_addr = getelementptr i16 %prod, i64 0, i64 %zext_ln25_12" [../solution4/matrix_mult.cpp:25]   --->   Operation 90 'getelementptr' 'prod_addr' <Predicate = true> <Delay = 0.00>
ST_6 : Operation 91 [1/1] (0.00ns)   --->   "%specpipeline_ln20 = specpipeline void @_ssdm_op_SpecPipeline, i32 4294967295, i32 0, i32 0, i32 0, i32 4294967295, void @empty_0" [../solution4/matrix_mult.cpp:20]   --->   Operation 91 'specpipeline' 'specpipeline_ln20' <Predicate = true> <Delay = 0.00>
ST_6 : Operation 92 [1/2] (2.10ns) (root node of the DSP)   --->   "%add_ln25_2 = add i16 %add_ln25_1, i16 %mul_ln25_4" [../solution4/matrix_mult.cpp:25]   --->   Operation 92 'add' 'add_ln25_2' <Predicate = true> <Delay = 2.10> <CoreInst = "DSP48">   --->   Core 116 'DSP48' <Latency = 3> <II = 1> <Delay = 2.15> <IPBlock> <Opcode : 'add' 'sub' 'mul' 'select'> <InPorts = 0> <OutPorts = 1> <Sync> <CReg>
ST_6 : Operation 93 [1/1] (2.07ns)   --->   "%add_ln25_3 = add i16 %add_ln25_2, i16 %add_ln25" [../solution4/matrix_mult.cpp:25]   --->   Operation 93 'add' 'add_ln25_3' <Predicate = true> <Delay = 2.07> <CoreInst = "Adder">   --->   Core 1 'Adder' <Latency = 0> <II = 1> <Delay = 2.07> <FuncUnit> <Opcode : 'add' 'sub'> <InPorts = 2> <OutPorts = 1>
ST_6 : Operation 94 [1/1] ( I:0.00ns O:0.00ns )   --->   "%store_ln25 = store i16 %add_ln25_3, i5 %prod_addr" [../solution4/matrix_mult.cpp:25]   --->   Operation 94 'store' 'store_ln25' <Predicate = true> <Delay = 0.00> <CoreInst = "RAM">   --->   Core 81 'RAM' <Latency = 1> <II = 1> <Delay = 2.32> <Storage> <Opcode : 'load' 'store'> <Ports = 2> <Width = 16> <Depth = 25> <RAM>
ST_6 : Operation 95 [1/1] (1.58ns)   --->   "%ret_ln29 = ret" [../solution4/matrix_mult.cpp:29]   --->   Operation 95 'ret' 'ret_ln29' <Predicate = (icmp_ln17)> <Delay = 1.58>


============================================================
+ Verbose Summary: Binding
============================================================
STG Binding: 
---------------- STG Properties BEGIN ----------------
- Is combinational: 0
- Is one-state seq: 0
- Is datapath-only: 0
- Is pipelined: 0
- Is top level: 1
Port [ Return ] is wired: 1; IO mode=ap_ctrl_hs:ce=0
Port [ a]:  wired=1; compound=1; hidden=0; nouse=0; global=0; static=0; extern=0; dir=0; type=1; pingpong=0; private_global=0; MemPort=[13]; IO mode=ap_memory:ce=0
Port [ b]:  wired=1; compound=1; hidden=0; nouse=0; global=0; static=0; extern=0; dir=0; type=1; pingpong=0; private_global=0; MemPort=[13]; IO mode=ap_memory:ce=0
Port [ prod]:  wired=1; compound=1; hidden=0; nouse=0; global=0; static=0; extern=0; dir=1; type=1; pingpong=0; private_global=0; MemPort=[03]; IO mode=ap_memory:ce=0
---------------- STG Properties END ------------------

---------------- Datapath Model BEGIN ----------------

<LifeTime>
<method=bitvector/>
indvar_flatten1       (alloca           ) [ 0100000]
i                     (alloca           ) [ 0100000]
j                     (alloca           ) [ 0100000]
spectopmodule_ln0     (spectopmodule    ) [ 0000000]
specinterface_ln0     (specinterface    ) [ 0000000]
specbitsmap_ln0       (specbitsmap      ) [ 0000000]
specinterface_ln0     (specinterface    ) [ 0000000]
specbitsmap_ln0       (specbitsmap      ) [ 0000000]
specinterface_ln0     (specinterface    ) [ 0000000]
specbitsmap_ln0       (specbitsmap      ) [ 0000000]
store_ln19            (store            ) [ 0000000]
store_ln17            (store            ) [ 0000000]
store_ln0             (store            ) [ 0000000]
br_ln0                (br               ) [ 0000000]
icmp_ln194            (phi              ) [ 0100000]
indvar_flatten1_load  (load             ) [ 0000000]
i_1                   (load             ) [ 0000000]
j_1                   (load             ) [ 0000000]
add_ln17              (add              ) [ 0000000]
select_ln17           (select           ) [ 0111111]
i_3                   (select           ) [ 0111111]
zext_ln17             (zext             ) [ 0000000]
a_addr                (getelementptr    ) [ 0110000]
zext_ln19             (zext             ) [ 0000000]
b_addr                (getelementptr    ) [ 0110000]
j_3                   (add              ) [ 0000000]
add_ln17_1            (add              ) [ 0000000]
icmp_ln19             (icmp             ) [ 0100000]
icmp_ln17             (icmp             ) [ 0111111]
store_ln19            (store            ) [ 0000000]
store_ln17            (store            ) [ 0000000]
store_ln17            (store            ) [ 0000000]
br_ln17               (br               ) [ 0100000]
a_load                (load             ) [ 0000000]
trunc_ln25            (trunc            ) [ 0000000]
zext_ln25             (zext             ) [ 0101100]
tmp                   (partselect       ) [ 0101100]
tmp_1                 (partselect       ) [ 0101000]
tmp_2                 (partselect       ) [ 0101100]
tmp_3                 (partselect       ) [ 0000000]
zext_ln25_4           (zext             ) [ 0101100]
b_load                (load             ) [ 0000000]
trunc_ln25_1          (trunc            ) [ 0000000]
zext_ln25_5           (zext             ) [ 0101100]
tmp_4                 (partselect       ) [ 0101100]
tmp_5                 (partselect       ) [ 0101000]
tmp_6                 (partselect       ) [ 0101100]
tmp_7                 (partselect       ) [ 0000000]
zext_ln25_9           (zext             ) [ 0101100]
zext_ln25_2           (zext             ) [ 0100110]
zext_ln25_7           (zext             ) [ 0100110]
zext_ln25_1           (zext             ) [ 0000000]
zext_ln25_3           (zext             ) [ 0000000]
zext_ln25_6           (zext             ) [ 0000000]
zext_ln25_8           (zext             ) [ 0000000]
mul_ln25              (mul              ) [ 0100010]
mul_ln25_1            (mul              ) [ 0100010]
mul_ln25_2            (mul              ) [ 0100010]
mul_ln25_3            (mul              ) [ 0100010]
mul_ln25_4            (mul              ) [ 0100001]
add_ln25              (add              ) [ 0100001]
add_ln25_1            (add              ) [ 0100001]
specloopname_ln0      (specloopname     ) [ 0000000]
speclooptripcount_ln0 (speclooptripcount) [ 0000000]
zext_ln25_10          (zext             ) [ 0000000]
tmp_8                 (bitconcatenate   ) [ 0000000]
add_ln25_5            (add              ) [ 0000000]
zext_ln25_11          (zext             ) [ 0000000]
add_ln25_4            (add              ) [ 0000000]
zext_ln25_12          (zext             ) [ 0000000]
prod_addr             (getelementptr    ) [ 0000000]
specpipeline_ln20     (specpipeline     ) [ 0000000]
add_ln25_2            (add              ) [ 0000000]
add_ln25_3            (add              ) [ 0000000]
store_ln25            (store            ) [ 0000000]
ret_ln29              (ret              ) [ 0000000]
</LifeTime>

<model>

<comp_list>
<comp id="0" class="1000" name="a">
<pin_list>
<pin id="1" dir="1" index="0" bw="1" slack="0"/>
</pin_list>
<bind>
<StgValue><ssdm name="a"/><MemPortTyVec>1 3 </MemPortTyVec>
</StgValue>
</bind>
</comp>

<comp id="2" class="1000" name="b">
<pin_list>
<pin id="3" dir="1" index="0" bw="1" slack="0"/>
</pin_list>
<bind>
<StgValue><ssdm name="b"/><MemPortTyVec>1 3 </MemPortTyVec>
</StgValue>
</bind>
</comp>

<comp id="4" class="1000" name="prod">
<pin_list>
<pin id="5" dir="1" index="0" bw="1" slack="0"/>
</pin_list>
<bind>
<StgValue><ssdm name="prod"/><MemPortTyVec>0 3 </MemPortTyVec>
</StgValue>
</bind>
</comp>

<comp id="6" class="1001" name="const_6">
<pin_list>
<pin id="7" dir="1" index="0" bw="1" slack="0"/>
</pin_list>
<bind>
<StgValue><ssdm name=""/></StgValue>
</bind>
</comp>

<comp id="8" class="1001" name="const_8">
<pin_list>
<pin id="9" dir="1" index="0" bw="1" slack="2147483647"/>
</pin_list>
<bind>
<StgValue><ssdm name="_ssdm_op_SpecTopModule"/></StgValue>
</bind>
</comp>

<comp id="10" class="1001" name="const_10">
<pin_list>
<pin id="11" dir="1" index="0" bw="1" slack="2147483647"/>
</pin_list>
<bind>
<StgValue><ssdm name="empty_1"/></StgValue>
</bind>
</comp>

<comp id="12" class="1001" name="const_12">
<pin_list>
<pin id="13" dir="1" index="0" bw="1" slack="2147483647"/>
</pin_list>
<bind>
<StgValue><ssdm name="_ssdm_op_SpecInterface"/></StgValue>
</bind>
</comp>

<comp id="14" class="1001" name="const_14">
<pin_list>
<pin id="15" dir="1" index="0" bw="1" slack="2147483647"/>
</pin_list>
<bind>
<StgValue><ssdm name="empty"/></StgValue>
</bind>
</comp>

<comp id="16" class="1001" name="const_16">
<pin_list>
<pin id="17" dir="1" index="0" bw="1" slack="2147483647"/>
</pin_list>
<bind>
<StgValue><ssdm name=""/></StgValue>
</bind>
</comp>

<comp id="18" class="1001" name="const_18">
<pin_list>
<pin id="19" dir="1" index="0" bw="1" slack="2147483647"/>
</pin_list>
<bind>
<StgValue><ssdm name="empty_0"/></StgValue>
</bind>
</comp>

<comp id="20" class="1001" name="const_20">
<pin_list>
<pin id="21" dir="1" index="0" bw="1" slack="2147483647"/>
</pin_list>
<bind>
<StgValue><ssdm name=""/></StgValue>
</bind>
</comp>

<comp id="22" class="1001" name="const_22">
<pin_list>
<pin id="23" dir="1" index="0" bw="1" slack="2147483647"/>
</pin_list>
<bind>
<StgValue><ssdm name="_ssdm_op_SpecBitsMap"/></StgValue>
</bind>
</comp>

<comp id="24" class="1001" name="const_24">
<pin_list>
<pin id="25" dir="1" index="0" bw="1" slack="0"/>
</pin_list>
<bind>
<StgValue><ssdm name=""/></StgValue>
</bind>
</comp>

<comp id="26" class="1001" name="const_26">
<pin_list>
<pin id="27" dir="1" index="0" bw="1" slack="0"/>
</pin_list>
<bind>
<StgValue><ssdm name=""/></StgValue>
</bind>
</comp>

<comp id="28" class="1001" name="const_28">
<pin_list>
<pin id="29" dir="1" index="0" bw="1" slack="0"/>
</pin_list>
<bind>
<StgValue><ssdm name=""/></StgValue>
</bind>
</comp>

<comp id="30" class="1001" name="const_30">
<pin_list>
<pin id="31" dir="1" index="0" bw="1" slack="0"/>
</pin_list>
<bind>
<StgValue><ssdm name=""/></StgValue>
</bind>
</comp>

<comp id="32" class="1001" name="const_32">
<pin_list>
<pin id="33" dir="1" index="0" bw="1" slack="0"/>
</pin_list>
<bind>
<StgValue><ssdm name=""/></StgValue>
</bind>
</comp>

<comp id="34" class="1001" name="const_34">
<pin_list>
<pin id="35" dir="1" index="0" bw="1" slack="0"/>
</pin_list>
<bind>
<StgValue><ssdm name=""/></StgValue>
</bind>
</comp>

<comp id="36" class="1001" name="const_36">
<pin_list>
<pin id="37" dir="1" index="0" bw="1" slack="0"/>
</pin_list>
<bind>
<StgValue><ssdm name=""/></StgValue>
</bind>
</comp>

<comp id="38" class="1001" name="const_38">
<pin_list>
<pin id="39" dir="1" index="0" bw="1" slack="0"/>
</pin_list>
<bind>
<StgValue><ssdm name=""/></StgValue>
</bind>
</comp>

<comp id="40" class="1001" name="const_40">
<pin_list>
<pin id="41" dir="1" index="0" bw="1" slack="0"/>
</pin_list>
<bind>
<StgValue><ssdm name="_ssdm_op_PartSelect.i8.i40.i40"/></StgValue>
</bind>
</comp>

<comp id="42" class="1001" name="const_42">
<pin_list>
<pin id="43" dir="1" index="0" bw="1" slack="0"/>
</pin_list>
<bind>
<StgValue><ssdm name=""/></StgValue>
</bind>
</comp>

<comp id="44" class="1001" name="const_44">
<pin_list>
<pin id="45" dir="1" index="0" bw="1" slack="0"/>
</pin_list>
<bind>
<StgValue><ssdm name=""/></StgValue>
</bind>
</comp>

<comp id="46" class="1001" name="const_46">
<pin_list>
<pin id="47" dir="1" index="0" bw="1" slack="0"/>
</pin_list>
<bind>
<StgValue><ssdm name=""/></StgValue>
</bind>
</comp>

<comp id="48" class="1001" name="const_48">
<pin_list>
<pin id="49" dir="1" index="0" bw="1" slack="0"/>
</pin_list>
<bind>
<StgValue><ssdm name=""/></StgValue>
</bind>
</comp>

<comp id="50" class="1001" name="const_50">
<pin_list>
<pin id="51" dir="1" index="0" bw="1" slack="2147483647"/>
</pin_list>
<bind>
<StgValue><ssdm name="_ssdm_op_SpecLoopName"/></StgValue>
</bind>
</comp>

<comp id="52" class="1001" name="const_52">
<pin_list>
<pin id="53" dir="1" index="0" bw="1" slack="2147483647"/>
</pin_list>
<bind>
<StgValue><ssdm name="Row_Col_str"/></StgValue>
</bind>
</comp>

<comp id="54" class="1001" name="const_54">
<pin_list>
<pin id="55" dir="1" index="0" bw="1" slack="2147483647"/>
</pin_list>
<bind>
<StgValue><ssdm name="_ssdm_op_SpecLoopTripCount"/></StgValue>
</bind>
</comp>

<comp id="56" class="1001" name="const_56">
<pin_list>
<pin id="57" dir="1" index="0" bw="1" slack="2147483647"/>
</pin_list>
<bind>
<StgValue><ssdm name=""/></StgValue>
</bind>
</comp>

<comp id="58" class="1001" name="const_58">
<pin_list>
<pin id="59" dir="1" index="0" bw="1" slack="0"/>
</pin_list>
<bind>
<StgValue><ssdm name="_ssdm_op_BitConcatenate.i5.i3.i2"/></StgValue>
</bind>
</comp>

<comp id="60" class="1001" name="const_60">
<pin_list>
<pin id="61" dir="1" index="0" bw="1" slack="0"/>
</pin_list>
<bind>
<StgValue><ssdm name=""/></StgValue>
</bind>
</comp>

<comp id="62" class="1001" name="const_62">
<pin_list>
<pin id="63" dir="1" index="0" bw="1" slack="2147483647"/>
</pin_list>
<bind>
<StgValue><ssdm name="_ssdm_op_SpecPipeline"/></StgValue>
</bind>
</comp>

<comp id="64" class="1004" name="indvar_flatten1_fu_64">
<pin_list>
<pin id="65" dir="0" index="0" bw="1" slack="0"/>
<pin id="66" dir="1" index="1" bw="5" slack="0"/>
</pin_list>
<bind>
<opcode="alloca(26) " fcode="alloca"/>
<opset="indvar_flatten1/1 "/>
</bind>
</comp>

<comp id="68" class="1004" name="i_fu_68">
<pin_list>
<pin id="69" dir="0" index="0" bw="1" slack="0"/>
<pin id="70" dir="1" index="1" bw="3" slack="0"/>
</pin_list>
<bind>
<opcode="alloca(26) " fcode="alloca"/>
<opset="i/1 "/>
</bind>
</comp>

<comp id="72" class="1004" name="j_fu_72">
<pin_list>
<pin id="73" dir="0" index="0" bw="1" slack="0"/>
<pin id="74" dir="1" index="1" bw="3" slack="0"/>
</pin_list>
<bind>
<opcode="alloca(26) " fcode="alloca"/>
<opset="j/1 "/>
</bind>
</comp>

<comp id="76" class="1004" name="a_addr_gep_fu_76">
<pin_list>
<pin id="77" dir="0" index="0" bw="40" slack="0"/>
<pin id="78" dir="0" index="1" bw="1" slack="0"/>
<pin id="79" dir="0" index="2" bw="3" slack="0"/>
<pin id="80" dir="1" index="3" bw="3" slack="0"/>
</pin_list>
<bind>
<opcode="getelementptr(29) " fcode="getelementptr"/>
<opset="a_addr/1 "/>
</bind>
</comp>

<comp id="83" class="1004" name="grp_access_fu_83">
<pin_list>
<pin id="84" dir="0" index="0" bw="3" slack="0"/>
<pin id="85" dir="0" index="1" bw="40" slack="2147483647"/>
<pin id="86" dir="0" index="2" bw="0" slack="2147483647"/>
<pin id="87" dir="1" index="3" bw="40" slack="0"/>
</pin_list>
<bind>
<opcode="load(27) " fcode="load"/>
<opset="a_load/1 "/>
</bind>
</comp>

<comp id="89" class="1004" name="b_addr_gep_fu_89">
<pin_list>
<pin id="90" dir="0" index="0" bw="40" slack="0"/>
<pin id="91" dir="0" index="1" bw="1" slack="0"/>
<pin id="92" dir="0" index="2" bw="3" slack="0"/>
<pin id="93" dir="1" index="3" bw="3" slack="0"/>
</pin_list>
<bind>
<opcode="getelementptr(29) " fcode="getelementptr"/>
<opset="b_addr/1 "/>
</bind>
</comp>

<comp id="96" class="1004" name="grp_access_fu_96">
<pin_list>
<pin id="97" dir="0" index="0" bw="3" slack="0"/>
<pin id="98" dir="0" index="1" bw="40" slack="2147483647"/>
<pin id="99" dir="0" index="2" bw="0" slack="2147483647"/>
<pin id="100" dir="1" index="3" bw="40" slack="0"/>
</pin_list>
<bind>
<opcode="load(27) " fcode="load"/>
<opset="b_load/1 "/>
</bind>
</comp>

<comp id="102" class="1004" name="prod_addr_gep_fu_102">
<pin_list>
<pin id="103" dir="0" index="0" bw="16" slack="0"/>
<pin id="104" dir="0" index="1" bw="1" slack="0"/>
<pin id="105" dir="0" index="2" bw="5" slack="0"/>
<pin id="106" dir="1" index="3" bw="5" slack="0"/>
</pin_list>
<bind>
<opcode="getelementptr(29) " fcode="getelementptr"/>
<opset="prod_addr/6 "/>
</bind>
</comp>

<comp id="109" class="1004" name="store_ln25_access_fu_109">
<pin_list>
<pin id="110" dir="0" index="0" bw="5" slack="0"/>
<pin id="111" dir="0" index="1" bw="16" slack="0"/>
<pin id="112" dir="0" index="2" bw="0" slack="2147483647"/>
<pin id="113" dir="1" index="3" bw="16" slack="2147483647"/>
</pin_list>
<bind>
<opcode="store(28) " fcode="store"/>
<opset="store_ln25/6 "/>
</bind>
</comp>

<comp id="115" class="1005" name="icmp_ln194_reg_115">
<pin_list>
<pin id="116" dir="0" index="0" bw="1" slack="2147483647"/>
<pin id="117" dir="1" index="1" bw="1" slack="2147483647"/>
</pin_list>
<bind>
<opset="icmp_ln194 (phireg) "/>
</bind>
</comp>

<comp id="118" class="1004" name="icmp_ln194_phi_fu_118">
<pin_list>
<pin id="119" dir="0" index="0" bw="1" slack="0"/>
<pin id="120" dir="0" index="1" bw="0" slack="2147483647"/>
<pin id="121" dir="0" index="2" bw="1" slack="0"/>
<pin id="122" dir="0" index="3" bw="0" slack="2147483647"/>
<pin id="123" dir="1" index="4" bw="1" slack="0"/>
</pin_list>
<bind>
<opcode="phi(47) " fcode="phi"/>
<opset="icmp_ln194/1 "/>
</bind>
</comp>

<comp id="125" class="1004" name="store_ln19_store_fu_125">
<pin_list>
<pin id="126" dir="0" index="0" bw="1" slack="0"/>
<pin id="127" dir="0" index="1" bw="3" slack="0"/>
<pin id="128" dir="1" index="2" bw="0" slack="2147483647"/>
</pin_list>
<bind>
<opcode="store(28) " fcode="store"/>
<opset="store_ln19/1 "/>
</bind>
</comp>

<comp id="130" class="1004" name="store_ln17_store_fu_130">
<pin_list>
<pin id="131" dir="0" index="0" bw="1" slack="0"/>
<pin id="132" dir="0" index="1" bw="3" slack="0"/>
<pin id="133" dir="1" index="2" bw="0" slack="2147483647"/>
</pin_list>
<bind>
<opcode="store(28) " fcode="store"/>
<opset="store_ln17/1 "/>
</bind>
</comp>

<comp id="135" class="1004" name="store_ln0_store_fu_135">
<pin_list>
<pin id="136" dir="0" index="0" bw="1" slack="0"/>
<pin id="137" dir="0" index="1" bw="5" slack="0"/>
<pin id="138" dir="1" index="2" bw="0" slack="2147483647"/>
</pin_list>
<bind>
<opcode="store(28) " fcode="store"/>
<opset="store_ln0/1 "/>
</bind>
</comp>

<comp id="140" class="1004" name="indvar_flatten1_load_load_fu_140">
<pin_list>
<pin id="141" dir="0" index="0" bw="5" slack="0"/>
<pin id="142" dir="1" index="1" bw="5" slack="0"/>
</pin_list>
<bind>
<opcode="load(27) " fcode="load"/>
<opset="indvar_flatten1_load/1 "/>
</bind>
</comp>

<comp id="143" class="1004" name="i_1_load_fu_143">
<pin_list>
<pin id="144" dir="0" index="0" bw="3" slack="0"/>
<pin id="145" dir="1" index="1" bw="3" slack="0"/>
</pin_list>
<bind>
<opcode="load(27) " fcode="load"/>
<opset="i_1/1 "/>
</bind>
</comp>

<comp id="146" class="1004" name="j_1_load_fu_146">
<pin_list>
<pin id="147" dir="0" index="0" bw="3" slack="0"/>
<pin id="148" dir="1" index="1" bw="3" slack="0"/>
</pin_list>
<bind>
<opcode="load(27) " fcode="load"/>
<opset="j_1/1 "/>
</bind>
</comp>

<comp id="149" class="1004" name="add_ln17_fu_149">
<pin_list>
<pin id="150" dir="0" index="0" bw="3" slack="0"/>
<pin id="151" dir="0" index="1" bw="1" slack="0"/>
<pin id="152" dir="1" index="2" bw="3" slack="0"/>
</pin_list>
<bind>
<opcode="add(8) " fcode="add"/>
<opset="add_ln17/1 "/>
</bind>
</comp>

<comp id="155" class="1004" name="select_ln17_fu_155">
<pin_list>
<pin id="156" dir="0" index="0" bw="1" slack="0"/>
<pin id="157" dir="0" index="1" bw="1" slack="0"/>
<pin id="158" dir="0" index="2" bw="3" slack="0"/>
<pin id="159" dir="1" index="3" bw="3" slack="0"/>
</pin_list>
<bind>
<opcode="select(49) " fcode="select"/>
<opset="select_ln17/1 "/>
</bind>
</comp>

<comp id="163" class="1004" name="i_3_fu_163">
<pin_list>
<pin id="164" dir="0" index="0" bw="1" slack="0"/>
<pin id="165" dir="0" index="1" bw="3" slack="0"/>
<pin id="166" dir="0" index="2" bw="3" slack="0"/>
<pin id="167" dir="1" index="3" bw="3" slack="0"/>
</pin_list>
<bind>
<opcode="select(49) " fcode="select"/>
<opset="i_3/1 "/>
</bind>
</comp>

<comp id="171" class="1004" name="zext_ln17_fu_171">
<pin_list>
<pin id="172" dir="0" index="0" bw="3" slack="0"/>
<pin id="173" dir="1" index="1" bw="64" slack="0"/>
</pin_list>
<bind>
<opcode="zext(34) " fcode="zext"/>
<opset="zext_ln17/1 "/>
</bind>
</comp>

<comp id="176" class="1004" name="zext_ln19_fu_176">
<pin_list>
<pin id="177" dir="0" index="0" bw="3" slack="0"/>
<pin id="178" dir="1" index="1" bw="64" slack="0"/>
</pin_list>
<bind>
<opcode="zext(34) " fcode="zext"/>
<opset="zext_ln19/1 "/>
</bind>
</comp>

<comp id="181" class="1004" name="j_3_fu_181">
<pin_list>
<pin id="182" dir="0" index="0" bw="3" slack="0"/>
<pin id="183" dir="0" index="1" bw="1" slack="0"/>
<pin id="184" dir="1" index="2" bw="3" slack="0"/>
</pin_list>
<bind>
<opcode="add(8) " fcode="add"/>
<opset="j_3/1 "/>
</bind>
</comp>

<comp id="187" class="1004" name="add_ln17_1_fu_187">
<pin_list>
<pin id="188" dir="0" index="0" bw="5" slack="0"/>
<pin id="189" dir="0" index="1" bw="1" slack="0"/>
<pin id="190" dir="1" index="2" bw="5" slack="0"/>
</pin_list>
<bind>
<opcode="add(8) " fcode="add"/>
<opset="add_ln17_1/1 "/>
</bind>
</comp>

<comp id="193" class="1004" name="icmp_ln19_fu_193">
<pin_list>
<pin id="194" dir="0" index="0" bw="3" slack="0"/>
<pin id="195" dir="0" index="1" bw="3" slack="0"/>
<pin id="196" dir="1" index="2" bw="1" slack="0"/>
</pin_list>
<bind>
<opcode="icmp(45) " fcode="icmp"/>
<opset="icmp_ln19/1 "/>
</bind>
</comp>

<comp id="199" class="1004" name="icmp_ln17_fu_199">
<pin_list>
<pin id="200" dir="0" index="0" bw="5" slack="0"/>
<pin id="201" dir="0" index="1" bw="4" slack="0"/>
<pin id="202" dir="1" index="2" bw="1" slack="1"/>
</pin_list>
<bind>
<opcode="icmp(45) " fcode="icmp"/>
<opset="icmp_ln17/1 "/>
</bind>
</comp>

<comp id="205" class="1004" name="store_ln19_store_fu_205">
<pin_list>
<pin id="206" dir="0" index="0" bw="3" slack="0"/>
<pin id="207" dir="0" index="1" bw="3" slack="0"/>
<pin id="208" dir="1" index="2" bw="0" slack="2147483647"/>
</pin_list>
<bind>
<opcode="store(28) " fcode="store"/>
<opset="store_ln19/1 "/>
</bind>
</comp>

<comp id="210" class="1004" name="store_ln17_store_fu_210">
<pin_list>
<pin id="211" dir="0" index="0" bw="3" slack="0"/>
<pin id="212" dir="0" index="1" bw="3" slack="0"/>
<pin id="213" dir="1" index="2" bw="0" slack="2147483647"/>
</pin_list>
<bind>
<opcode="store(28) " fcode="store"/>
<opset="store_ln17/1 "/>
</bind>
</comp>

<comp id="215" class="1004" name="store_ln17_store_fu_215">
<pin_list>
<pin id="216" dir="0" index="0" bw="5" slack="0"/>
<pin id="217" dir="0" index="1" bw="5" slack="0"/>
<pin id="218" dir="1" index="2" bw="0" slack="2147483647"/>
</pin_list>
<bind>
<opcode="store(28) " fcode="store"/>
<opset="store_ln17/1 "/>
</bind>
</comp>

<comp id="220" class="1004" name="trunc_ln25_fu_220">
<pin_list>
<pin id="221" dir="0" index="0" bw="40" slack="0"/>
<pin id="222" dir="1" index="1" bw="8" slack="0"/>
</pin_list>
<bind>
<opcode="trunc(33) " fcode="trunc"/>
<opset="trunc_ln25/2 "/>
</bind>
</comp>

<comp id="224" class="1004" name="zext_ln25_fu_224">
<pin_list>
<pin id="225" dir="0" index="0" bw="8" slack="0"/>
<pin id="226" dir="1" index="1" bw="16" slack="0"/>
</pin_list>
<bind>
<opcode="zext(34) " fcode="zext"/>
<opset="zext_ln25/2 "/>
</bind>
</comp>

<comp id="228" class="1004" name="tmp_fu_228">
<pin_list>
<pin id="229" dir="0" index="0" bw="8" slack="0"/>
<pin id="230" dir="0" index="1" bw="40" slack="0"/>
<pin id="231" dir="0" index="2" bw="5" slack="0"/>
<pin id="232" dir="1" index="3" bw="8" slack="2"/>
</pin_list>
<bind>
<opcode="partselect(1002) " fcode="partselect"/>
<opset="tmp/2 "/>
</bind>
</comp>

<comp id="236" class="1004" name="tmp_1_fu_236">
<pin_list>
<pin id="237" dir="0" index="0" bw="8" slack="0"/>
<pin id="238" dir="0" index="1" bw="40" slack="0"/>
<pin id="239" dir="0" index="2" bw="6" slack="0"/>
<pin id="240" dir="1" index="3" bw="8" slack="1"/>
</pin_list>
<bind>
<opcode="partselect(1002) " fcode="partselect"/>
<opset="tmp_1/2 "/>
</bind>
</comp>

<comp id="244" class="1004" name="tmp_2_fu_244">
<pin_list>
<pin id="245" dir="0" index="0" bw="8" slack="0"/>
<pin id="246" dir="0" index="1" bw="40" slack="0"/>
<pin id="247" dir="0" index="2" bw="6" slack="0"/>
<pin id="248" dir="1" index="3" bw="8" slack="2"/>
</pin_list>
<bind>
<opcode="partselect(1002) " fcode="partselect"/>
<opset="tmp_2/2 "/>
</bind>
</comp>

<comp id="252" class="1004" name="tmp_3_fu_252">
<pin_list>
<pin id="253" dir="0" index="0" bw="8" slack="0"/>
<pin id="254" dir="0" index="1" bw="40" slack="0"/>
<pin id="255" dir="0" index="2" bw="7" slack="0"/>
<pin id="256" dir="1" index="3" bw="8" slack="0"/>
</pin_list>
<bind>
<opcode="partselect(1002) " fcode="partselect"/>
<opset="tmp_3/2 "/>
</bind>
</comp>

<comp id="260" class="1004" name="zext_ln25_4_fu_260">
<pin_list>
<pin id="261" dir="0" index="0" bw="8" slack="0"/>
<pin id="262" dir="1" index="1" bw="16" slack="0"/>
</pin_list>
<bind>
<opcode="zext(34) " fcode="zext"/>
<opset="zext_ln25_4/2 "/>
</bind>
</comp>

<comp id="264" class="1004" name="trunc_ln25_1_fu_264">
<pin_list>
<pin id="265" dir="0" index="0" bw="40" slack="0"/>
<pin id="266" dir="1" index="1" bw="8" slack="0"/>
</pin_list>
<bind>
<opcode="trunc(33) " fcode="trunc"/>
<opset="trunc_ln25_1/2 "/>
</bind>
</comp>

<comp id="268" class="1004" name="zext_ln25_5_fu_268">
<pin_list>
<pin id="269" dir="0" index="0" bw="8" slack="0"/>
<pin id="270" dir="1" index="1" bw="16" slack="0"/>
</pin_list>
<bind>
<opcode="zext(34) " fcode="zext"/>
<opset="zext_ln25_5/2 "/>
</bind>
</comp>

<comp id="272" class="1004" name="tmp_4_fu_272">
<pin_list>
<pin id="273" dir="0" index="0" bw="8" slack="0"/>
<pin id="274" dir="0" index="1" bw="40" slack="0"/>
<pin id="275" dir="0" index="2" bw="5" slack="0"/>
<pin id="276" dir="1" index="3" bw="8" slack="2"/>
</pin_list>
<bind>
<opcode="partselect(1002) " fcode="partselect"/>
<opset="tmp_4/2 "/>
</bind>
</comp>

<comp id="280" class="1004" name="tmp_5_fu_280">
<pin_list>
<pin id="281" dir="0" index="0" bw="8" slack="0"/>
<pin id="282" dir="0" index="1" bw="40" slack="0"/>
<pin id="283" dir="0" index="2" bw="6" slack="0"/>
<pin id="284" dir="1" index="3" bw="8" slack="1"/>
</pin_list>
<bind>
<opcode="partselect(1002) " fcode="partselect"/>
<opset="tmp_5/2 "/>
</bind>
</comp>

<comp id="288" class="1004" name="tmp_6_fu_288">
<pin_list>
<pin id="289" dir="0" index="0" bw="8" slack="0"/>
<pin id="290" dir="0" index="1" bw="40" slack="0"/>
<pin id="291" dir="0" index="2" bw="6" slack="0"/>
<pin id="292" dir="1" index="3" bw="8" slack="2"/>
</pin_list>
<bind>
<opcode="partselect(1002) " fcode="partselect"/>
<opset="tmp_6/2 "/>
</bind>
</comp>

<comp id="296" class="1004" name="tmp_7_fu_296">
<pin_list>
<pin id="297" dir="0" index="0" bw="8" slack="0"/>
<pin id="298" dir="0" index="1" bw="40" slack="0"/>
<pin id="299" dir="0" index="2" bw="7" slack="0"/>
<pin id="300" dir="1" index="3" bw="8" slack="0"/>
</pin_list>
<bind>
<opcode="partselect(1002) " fcode="partselect"/>
<opset="tmp_7/2 "/>
</bind>
</comp>

<comp id="304" class="1004" name="zext_ln25_9_fu_304">
<pin_list>
<pin id="305" dir="0" index="0" bw="8" slack="0"/>
<pin id="306" dir="1" index="1" bw="16" slack="0"/>
</pin_list>
<bind>
<opcode="zext(34) " fcode="zext"/>
<opset="zext_ln25_9/2 "/>
</bind>
</comp>

<comp id="308" class="1004" name="zext_ln25_2_fu_308">
<pin_list>
<pin id="309" dir="0" index="0" bw="8" slack="1"/>
<pin id="310" dir="1" index="1" bw="16" slack="0"/>
</pin_list>
<bind>
<opcode="zext(34) " fcode="zext"/>
<opset="zext_ln25_2/3 "/>
</bind>
</comp>

<comp id="311" class="1004" name="zext_ln25_7_fu_311">
<pin_list>
<pin id="312" dir="0" index="0" bw="8" slack="1"/>
<pin id="313" dir="1" index="1" bw="16" slack="0"/>
</pin_list>
<bind>
<opcode="zext(34) " fcode="zext"/>
<opset="zext_ln25_7/3 "/>
</bind>
</comp>

<comp id="314" class="1004" name="zext_ln25_1_fu_314">
<pin_list>
<pin id="315" dir="0" index="0" bw="8" slack="2"/>
<pin id="316" dir="1" index="1" bw="16" slack="0"/>
</pin_list>
<bind>
<opcode="zext(34) " fcode="zext"/>
<opset="zext_ln25_1/4 "/>
</bind>
</comp>

<comp id="317" class="1004" name="zext_ln25_3_fu_317">
<pin_list>
<pin id="318" dir="0" index="0" bw="8" slack="2"/>
<pin id="319" dir="1" index="1" bw="16" slack="0"/>
</pin_list>
<bind>
<opcode="zext(34) " fcode="zext"/>
<opset="zext_ln25_3/4 "/>
</bind>
</comp>

<comp id="320" class="1004" name="zext_ln25_6_fu_320">
<pin_list>
<pin id="321" dir="0" index="0" bw="8" slack="2"/>
<pin id="322" dir="1" index="1" bw="16" slack="0"/>
</pin_list>
<bind>
<opcode="zext(34) " fcode="zext"/>
<opset="zext_ln25_6/4 "/>
</bind>
</comp>

<comp id="323" class="1004" name="zext_ln25_8_fu_323">
<pin_list>
<pin id="324" dir="0" index="0" bw="8" slack="2"/>
<pin id="325" dir="1" index="1" bw="16" slack="0"/>
</pin_list>
<bind>
<opcode="zext(34) " fcode="zext"/>
<opset="zext_ln25_8/4 "/>
</bind>
</comp>

<comp id="326" class="1004" name="mul_ln25_1_fu_326">
<pin_list>
<pin id="327" dir="0" index="0" bw="8" slack="0"/>
<pin id="328" dir="0" index="1" bw="8" slack="0"/>
<pin id="329" dir="1" index="2" bw="16" slack="0"/>
</pin_list>
<bind>
<opcode="mul(12) " fcode="mul"/>
<opset="mul_ln25_1/4 "/>
</bind>
</comp>

<comp id="332" class="1004" name="mul_ln25_3_fu_332">
<pin_list>
<pin id="333" dir="0" index="0" bw="8" slack="0"/>
<pin id="334" dir="0" index="1" bw="8" slack="0"/>
<pin id="335" dir="1" index="2" bw="16" slack="0"/>
</pin_list>
<bind>
<opcode="mul(12) " fcode="mul"/>
<opset="mul_ln25_3/4 "/>
</bind>
</comp>

<comp id="338" class="1004" name="zext_ln25_10_fu_338">
<pin_list>
<pin id="339" dir="0" index="0" bw="3" slack="5"/>
<pin id="340" dir="1" index="1" bw="5" slack="0"/>
</pin_list>
<bind>
<opcode="zext(34) " fcode="zext"/>
<opset="zext_ln25_10/6 "/>
</bind>
</comp>

<comp id="341" class="1004" name="tmp_8_fu_341">
<pin_list>
<pin id="342" dir="0" index="0" bw="5" slack="0"/>
<pin id="343" dir="0" index="1" bw="3" slack="5"/>
<pin id="344" dir="0" index="2" bw="1" slack="0"/>
<pin id="345" dir="1" index="3" bw="5" slack="0"/>
</pin_list>
<bind>
<opcode="bitconcatenate(1004) " fcode="bitconcatenate"/>
<opset="tmp_8/6 "/>
</bind>
</comp>

<comp id="348" class="1004" name="add_ln25_5_fu_348">
<pin_list>
<pin id="349" dir="0" index="0" bw="5" slack="0"/>
<pin id="350" dir="0" index="1" bw="3" slack="0"/>
<pin id="351" dir="1" index="2" bw="5" slack="0"/>
</pin_list>
<bind>
<opcode="add(8) " fcode="add"/>
<opset="add_ln25_5/6 "/>
</bind>
</comp>

<comp id="354" class="1004" name="zext_ln25_11_fu_354">
<pin_list>
<pin id="355" dir="0" index="0" bw="3" slack="5"/>
<pin id="356" dir="1" index="1" bw="5" slack="0"/>
</pin_list>
<bind>
<opcode="zext(34) " fcode="zext"/>
<opset="zext_ln25_11/6 "/>
</bind>
</comp>

<comp id="357" class="1004" name="add_ln25_4_fu_357">
<pin_list>
<pin id="358" dir="0" index="0" bw="5" slack="0"/>
<pin id="359" dir="0" index="1" bw="3" slack="0"/>
<pin id="360" dir="1" index="2" bw="5" slack="0"/>
</pin_list>
<bind>
<opcode="add(8) " fcode="add"/>
<opset="add_ln25_4/6 "/>
</bind>
</comp>

<comp id="363" class="1004" name="zext_ln25_12_fu_363">
<pin_list>
<pin id="364" dir="0" index="0" bw="5" slack="0"/>
<pin id="365" dir="1" index="1" bw="64" slack="0"/>
</pin_list>
<bind>
<opcode="zext(34) " fcode="zext"/>
<opset="zext_ln25_12/6 "/>
</bind>
</comp>

<comp id="368" class="1004" name="add_ln25_3_fu_368">
<pin_list>
<pin id="369" dir="0" index="0" bw="16" slack="0"/>
<pin id="370" dir="0" index="1" bw="16" slack="1"/>
<pin id="371" dir="1" index="2" bw="16" slack="0"/>
</pin_list>
<bind>
<opcode="add(8) " fcode="add"/>
<opset="add_ln25_3/6 "/>
</bind>
</comp>

<comp id="373" class="1007" name="grp_fu_373">
<pin_list>
<pin id="374" dir="0" index="0" bw="8" slack="0"/>
<pin id="375" dir="0" index="1" bw="8" slack="0"/>
<pin id="376" dir="0" index="2" bw="16" slack="0"/>
<pin id="377" dir="1" index="3" bw="16" slack="1"/>
</pin_list>
<bind>
<opcode="muladd(1172) " fcode="muladd"/>
<opset="mul_ln25/2 add_ln25/4 "/>
</bind>
</comp>

<comp id="381" class="1007" name="grp_fu_381">
<pin_list>
<pin id="382" dir="0" index="0" bw="8" slack="0"/>
<pin id="383" dir="0" index="1" bw="8" slack="0"/>
<pin id="384" dir="0" index="2" bw="16" slack="0"/>
<pin id="385" dir="1" index="3" bw="16" slack="0"/>
</pin_list>
<bind>
<opcode="muladd(1172) " fcode="muladd"/>
<opset="mul_ln25_2/2 add_ln25_1/4 "/>
</bind>
</comp>

<comp id="389" class="1007" name="grp_fu_389">
<pin_list>
<pin id="390" dir="0" index="0" bw="8" slack="0"/>
<pin id="391" dir="0" index="1" bw="8" slack="0"/>
<pin id="392" dir="0" index="2" bw="16" slack="0"/>
<pin id="393" dir="1" index="3" bw="16" slack="0"/>
</pin_list>
<bind>
<opcode="muladd(1172) " fcode="muladd"/>
<opset="mul_ln25_4/3 add_ln25_2/5 "/>
</bind>
</comp>

<comp id="398" class="1005" name="indvar_flatten1_reg_398">
<pin_list>
<pin id="399" dir="0" index="0" bw="5" slack="0"/>
<pin id="400" dir="1" index="1" bw="5" slack="0"/>
</pin_list>
<bind>
<opset="indvar_flatten1 "/>
</bind>
</comp>

<comp id="405" class="1005" name="i_reg_405">
<pin_list>
<pin id="406" dir="0" index="0" bw="3" slack="0"/>
<pin id="407" dir="1" index="1" bw="3" slack="0"/>
</pin_list>
<bind>
<opset="i "/>
</bind>
</comp>

<comp id="412" class="1005" name="j_reg_412">
<pin_list>
<pin id="413" dir="0" index="0" bw="3" slack="0"/>
<pin id="414" dir="1" index="1" bw="3" slack="0"/>
</pin_list>
<bind>
<opset="j "/>
</bind>
</comp>

<comp id="419" class="1005" name="select_ln17_reg_419">
<pin_list>
<pin id="420" dir="0" index="0" bw="3" slack="5"/>
<pin id="421" dir="1" index="1" bw="3" slack="5"/>
</pin_list>
<bind>
<opset="select_ln17 "/>
</bind>
</comp>

<comp id="424" class="1005" name="i_3_reg_424">
<pin_list>
<pin id="425" dir="0" index="0" bw="3" slack="5"/>
<pin id="426" dir="1" index="1" bw="3" slack="5"/>
</pin_list>
<bind>
<opset="i_3 "/>
</bind>
</comp>

<comp id="430" class="1005" name="a_addr_reg_430">
<pin_list>
<pin id="431" dir="0" index="0" bw="3" slack="1"/>
<pin id="432" dir="1" index="1" bw="3" slack="1"/>
</pin_list>
<bind>
<opset="a_addr "/>
</bind>
</comp>

<comp id="435" class="1005" name="b_addr_reg_435">
<pin_list>
<pin id="436" dir="0" index="0" bw="3" slack="1"/>
<pin id="437" dir="1" index="1" bw="3" slack="1"/>
</pin_list>
<bind>
<opset="b_addr "/>
</bind>
</comp>

<comp id="440" class="1005" name="icmp_ln19_reg_440">
<pin_list>
<pin id="441" dir="0" index="0" bw="1" slack="0"/>
<pin id="442" dir="1" index="1" bw="1" slack="0"/>
</pin_list>
<bind>
<opset="icmp_ln19 "/>
</bind>
</comp>

<comp id="445" class="1005" name="icmp_ln17_reg_445">
<pin_list>
<pin id="446" dir="0" index="0" bw="1" slack="1"/>
<pin id="447" dir="1" index="1" bw="1" slack="2147483647"/>
</pin_list>
<bind>
<opset="icmp_ln17 "/>
</bind>
</comp>

<comp id="449" class="1005" name="zext_ln25_reg_449">
<pin_list>
<pin id="450" dir="0" index="0" bw="16" slack="1"/>
<pin id="451" dir="1" index="1" bw="16" slack="1"/>
</pin_list>
<bind>
<opset="zext_ln25 "/>
</bind>
</comp>

<comp id="454" class="1005" name="tmp_reg_454">
<pin_list>
<pin id="455" dir="0" index="0" bw="8" slack="2"/>
<pin id="456" dir="1" index="1" bw="8" slack="2"/>
</pin_list>
<bind>
<opset="tmp "/>
</bind>
</comp>

<comp id="459" class="1005" name="tmp_1_reg_459">
<pin_list>
<pin id="460" dir="0" index="0" bw="8" slack="1"/>
<pin id="461" dir="1" index="1" bw="8" slack="1"/>
</pin_list>
<bind>
<opset="tmp_1 "/>
</bind>
</comp>

<comp id="464" class="1005" name="tmp_2_reg_464">
<pin_list>
<pin id="465" dir="0" index="0" bw="8" slack="2"/>
<pin id="466" dir="1" index="1" bw="8" slack="2"/>
</pin_list>
<bind>
<opset="tmp_2 "/>
</bind>
</comp>

<comp id="469" class="1005" name="zext_ln25_4_reg_469">
<pin_list>
<pin id="470" dir="0" index="0" bw="16" slack="1"/>
<pin id="471" dir="1" index="1" bw="16" slack="1"/>
</pin_list>
<bind>
<opset="zext_ln25_4 "/>
</bind>
</comp>

<comp id="474" class="1005" name="zext_ln25_5_reg_474">
<pin_list>
<pin id="475" dir="0" index="0" bw="16" slack="1"/>
<pin id="476" dir="1" index="1" bw="16" slack="1"/>
</pin_list>
<bind>
<opset="zext_ln25_5 "/>
</bind>
</comp>

<comp id="479" class="1005" name="tmp_4_reg_479">
<pin_list>
<pin id="480" dir="0" index="0" bw="8" slack="2"/>
<pin id="481" dir="1" index="1" bw="8" slack="2"/>
</pin_list>
<bind>
<opset="tmp_4 "/>
</bind>
</comp>

<comp id="484" class="1005" name="tmp_5_reg_484">
<pin_list>
<pin id="485" dir="0" index="0" bw="8" slack="1"/>
<pin id="486" dir="1" index="1" bw="8" slack="1"/>
</pin_list>
<bind>
<opset="tmp_5 "/>
</bind>
</comp>

<comp id="489" class="1005" name="tmp_6_reg_489">
<pin_list>
<pin id="490" dir="0" index="0" bw="8" slack="2"/>
<pin id="491" dir="1" index="1" bw="8" slack="2"/>
</pin_list>
<bind>
<opset="tmp_6 "/>
</bind>
</comp>

<comp id="494" class="1005" name="zext_ln25_9_reg_494">
<pin_list>
<pin id="495" dir="0" index="0" bw="16" slack="1"/>
<pin id="496" dir="1" index="1" bw="16" slack="1"/>
</pin_list>
<bind>
<opset="zext_ln25_9 "/>
</bind>
</comp>

<comp id="499" class="1005" name="zext_ln25_2_reg_499">
<pin_list>
<pin id="500" dir="0" index="0" bw="16" slack="1"/>
<pin id="501" dir="1" index="1" bw="16" slack="1"/>
</pin_list>
<bind>
<opset="zext_ln25_2 "/>
</bind>
</comp>

<comp id="504" class="1005" name="zext_ln25_7_reg_504">
<pin_list>
<pin id="505" dir="0" index="0" bw="16" slack="1"/>
<pin id="506" dir="1" index="1" bw="16" slack="1"/>
</pin_list>
<bind>
<opset="zext_ln25_7 "/>
</bind>
</comp>

<comp id="509" class="1005" name="mul_ln25_1_reg_509">
<pin_list>
<pin id="510" dir="0" index="0" bw="16" slack="1"/>
<pin id="511" dir="1" index="1" bw="16" slack="1"/>
</pin_list>
<bind>
<opset="mul_ln25_1 "/>
</bind>
</comp>

<comp id="514" class="1005" name="mul_ln25_3_reg_514">
<pin_list>
<pin id="515" dir="0" index="0" bw="16" slack="1"/>
<pin id="516" dir="1" index="1" bw="16" slack="1"/>
</pin_list>
<bind>
<opset="mul_ln25_3 "/>
</bind>
</comp>

<comp id="519" class="1005" name="add_ln25_reg_519">
<pin_list>
<pin id="520" dir="0" index="0" bw="16" slack="1"/>
<pin id="521" dir="1" index="1" bw="16" slack="1"/>
</pin_list>
<bind>
<opset="add_ln25 "/>
</bind>
</comp>

<comp id="524" class="1005" name="add_ln25_1_reg_524">
<pin_list>
<pin id="525" dir="0" index="0" bw="16" slack="1"/>
<pin id="526" dir="1" index="1" bw="16" slack="1"/>
</pin_list>
<bind>
<opset="add_ln25_1 "/>
</bind>
</comp>

</comp_list>

<net_list>
<net id="67"><net_src comp="6" pin="0"/><net_sink comp="64" pin=0"/></net>

<net id="71"><net_src comp="6" pin="0"/><net_sink comp="68" pin=0"/></net>

<net id="75"><net_src comp="6" pin="0"/><net_sink comp="72" pin=0"/></net>

<net id="81"><net_src comp="0" pin="0"/><net_sink comp="76" pin=0"/></net>

<net id="82"><net_src comp="32" pin="0"/><net_sink comp="76" pin=1"/></net>

<net id="88"><net_src comp="76" pin="3"/><net_sink comp="83" pin=0"/></net>

<net id="94"><net_src comp="2" pin="0"/><net_sink comp="89" pin=0"/></net>

<net id="95"><net_src comp="32" pin="0"/><net_sink comp="89" pin=1"/></net>

<net id="101"><net_src comp="89" pin="3"/><net_sink comp="96" pin=0"/></net>

<net id="107"><net_src comp="4" pin="0"/><net_sink comp="102" pin=0"/></net>

<net id="108"><net_src comp="32" pin="0"/><net_sink comp="102" pin=1"/></net>

<net id="114"><net_src comp="102" pin="3"/><net_sink comp="109" pin=0"/></net>

<net id="124"><net_src comp="28" pin="0"/><net_sink comp="118" pin=0"/></net>

<net id="129"><net_src comp="24" pin="0"/><net_sink comp="125" pin=0"/></net>

<net id="134"><net_src comp="24" pin="0"/><net_sink comp="130" pin=0"/></net>

<net id="139"><net_src comp="26" pin="0"/><net_sink comp="135" pin=0"/></net>

<net id="153"><net_src comp="143" pin="1"/><net_sink comp="149" pin=0"/></net>

<net id="154"><net_src comp="30" pin="0"/><net_sink comp="149" pin=1"/></net>

<net id="160"><net_src comp="118" pin="4"/><net_sink comp="155" pin=0"/></net>

<net id="161"><net_src comp="24" pin="0"/><net_sink comp="155" pin=1"/></net>

<net id="162"><net_src comp="146" pin="1"/><net_sink comp="155" pin=2"/></net>

<net id="168"><net_src comp="118" pin="4"/><net_sink comp="163" pin=0"/></net>

<net id="169"><net_src comp="149" pin="2"/><net_sink comp="163" pin=1"/></net>

<net id="170"><net_src comp="143" pin="1"/><net_sink comp="163" pin=2"/></net>

<net id="174"><net_src comp="163" pin="3"/><net_sink comp="171" pin=0"/></net>

<net id="175"><net_src comp="171" pin="1"/><net_sink comp="76" pin=2"/></net>

<net id="179"><net_src comp="155" pin="3"/><net_sink comp="176" pin=0"/></net>

<net id="180"><net_src comp="176" pin="1"/><net_sink comp="89" pin=2"/></net>

<net id="185"><net_src comp="155" pin="3"/><net_sink comp="181" pin=0"/></net>

<net id="186"><net_src comp="30" pin="0"/><net_sink comp="181" pin=1"/></net>

<net id="191"><net_src comp="140" pin="1"/><net_sink comp="187" pin=0"/></net>

<net id="192"><net_src comp="34" pin="0"/><net_sink comp="187" pin=1"/></net>

<net id="197"><net_src comp="181" pin="2"/><net_sink comp="193" pin=0"/></net>

<net id="198"><net_src comp="36" pin="0"/><net_sink comp="193" pin=1"/></net>

<net id="203"><net_src comp="140" pin="1"/><net_sink comp="199" pin=0"/></net>

<net id="204"><net_src comp="38" pin="0"/><net_sink comp="199" pin=1"/></net>

<net id="209"><net_src comp="181" pin="2"/><net_sink comp="205" pin=0"/></net>

<net id="214"><net_src comp="163" pin="3"/><net_sink comp="210" pin=0"/></net>

<net id="219"><net_src comp="187" pin="2"/><net_sink comp="215" pin=0"/></net>

<net id="223"><net_src comp="83" pin="3"/><net_sink comp="220" pin=0"/></net>

<net id="227"><net_src comp="220" pin="1"/><net_sink comp="224" pin=0"/></net>

<net id="233"><net_src comp="40" pin="0"/><net_sink comp="228" pin=0"/></net>

<net id="234"><net_src comp="83" pin="3"/><net_sink comp="228" pin=1"/></net>

<net id="235"><net_src comp="42" pin="0"/><net_sink comp="228" pin=2"/></net>

<net id="241"><net_src comp="40" pin="0"/><net_sink comp="236" pin=0"/></net>

<net id="242"><net_src comp="83" pin="3"/><net_sink comp="236" pin=1"/></net>

<net id="243"><net_src comp="44" pin="0"/><net_sink comp="236" pin=2"/></net>

<net id="249"><net_src comp="40" pin="0"/><net_sink comp="244" pin=0"/></net>

<net id="250"><net_src comp="83" pin="3"/><net_sink comp="244" pin=1"/></net>

<net id="251"><net_src comp="46" pin="0"/><net_sink comp="244" pin=2"/></net>

<net id="257"><net_src comp="40" pin="0"/><net_sink comp="252" pin=0"/></net>

<net id="258"><net_src comp="83" pin="3"/><net_sink comp="252" pin=1"/></net>

<net id="259"><net_src comp="48" pin="0"/><net_sink comp="252" pin=2"/></net>

<net id="263"><net_src comp="252" pin="3"/><net_sink comp="260" pin=0"/></net>

<net id="267"><net_src comp="96" pin="3"/><net_sink comp="264" pin=0"/></net>

<net id="271"><net_src comp="264" pin="1"/><net_sink comp="268" pin=0"/></net>

<net id="277"><net_src comp="40" pin="0"/><net_sink comp="272" pin=0"/></net>

<net id="278"><net_src comp="96" pin="3"/><net_sink comp="272" pin=1"/></net>

<net id="279"><net_src comp="42" pin="0"/><net_sink comp="272" pin=2"/></net>

<net id="285"><net_src comp="40" pin="0"/><net_sink comp="280" pin=0"/></net>

<net id="286"><net_src comp="96" pin="3"/><net_sink comp="280" pin=1"/></net>

<net id="287"><net_src comp="44" pin="0"/><net_sink comp="280" pin=2"/></net>

<net id="293"><net_src comp="40" pin="0"/><net_sink comp="288" pin=0"/></net>

<net id="294"><net_src comp="96" pin="3"/><net_sink comp="288" pin=1"/></net>

<net id="295"><net_src comp="46" pin="0"/><net_sink comp="288" pin=2"/></net>

<net id="301"><net_src comp="40" pin="0"/><net_sink comp="296" pin=0"/></net>

<net id="302"><net_src comp="96" pin="3"/><net_sink comp="296" pin=1"/></net>

<net id="303"><net_src comp="48" pin="0"/><net_sink comp="296" pin=2"/></net>

<net id="307"><net_src comp="296" pin="3"/><net_sink comp="304" pin=0"/></net>

<net id="330"><net_src comp="320" pin="1"/><net_sink comp="326" pin=0"/></net>

<net id="331"><net_src comp="314" pin="1"/><net_sink comp="326" pin=1"/></net>

<net id="336"><net_src comp="323" pin="1"/><net_sink comp="332" pin=0"/></net>

<net id="337"><net_src comp="317" pin="1"/><net_sink comp="332" pin=1"/></net>

<net id="346"><net_src comp="58" pin="0"/><net_sink comp="341" pin=0"/></net>

<net id="347"><net_src comp="60" pin="0"/><net_sink comp="341" pin=2"/></net>

<net id="352"><net_src comp="341" pin="3"/><net_sink comp="348" pin=0"/></net>

<net id="353"><net_src comp="338" pin="1"/><net_sink comp="348" pin=1"/></net>

<net id="361"><net_src comp="348" pin="2"/><net_sink comp="357" pin=0"/></net>

<net id="362"><net_src comp="354" pin="1"/><net_sink comp="357" pin=1"/></net>

<net id="366"><net_src comp="357" pin="2"/><net_sink comp="363" pin=0"/></net>

<net id="367"><net_src comp="363" pin="1"/><net_sink comp="102" pin=2"/></net>

<net id="372"><net_src comp="368" pin="2"/><net_sink comp="109" pin=1"/></net>

<net id="378"><net_src comp="268" pin="1"/><net_sink comp="373" pin=0"/></net>

<net id="379"><net_src comp="224" pin="1"/><net_sink comp="373" pin=1"/></net>

<net id="380"><net_src comp="326" pin="2"/><net_sink comp="373" pin=2"/></net>

<net id="386"><net_src comp="304" pin="1"/><net_sink comp="381" pin=0"/></net>

<net id="387"><net_src comp="260" pin="1"/><net_sink comp="381" pin=1"/></net>

<net id="388"><net_src comp="332" pin="2"/><net_sink comp="381" pin=2"/></net>

<net id="394"><net_src comp="311" pin="1"/><net_sink comp="389" pin=0"/></net>

<net id="395"><net_src comp="308" pin="1"/><net_sink comp="389" pin=1"/></net>

<net id="396"><net_src comp="381" pin="3"/><net_sink comp="389" pin=2"/></net>

<net id="397"><net_src comp="389" pin="3"/><net_sink comp="368" pin=0"/></net>

<net id="401"><net_src comp="64" pin="1"/><net_sink comp="398" pin=0"/></net>

<net id="402"><net_src comp="398" pin="1"/><net_sink comp="135" pin=1"/></net>

<net id="403"><net_src comp="398" pin="1"/><net_sink comp="140" pin=0"/></net>

<net id="404"><net_src comp="398" pin="1"/><net_sink comp="215" pin=1"/></net>

<net id="408"><net_src comp="68" pin="1"/><net_sink comp="405" pin=0"/></net>

<net id="409"><net_src comp="405" pin="1"/><net_sink comp="130" pin=1"/></net>

<net id="410"><net_src comp="405" pin="1"/><net_sink comp="143" pin=0"/></net>

<net id="411"><net_src comp="405" pin="1"/><net_sink comp="210" pin=1"/></net>

<net id="415"><net_src comp="72" pin="1"/><net_sink comp="412" pin=0"/></net>

<net id="416"><net_src comp="412" pin="1"/><net_sink comp="125" pin=1"/></net>

<net id="417"><net_src comp="412" pin="1"/><net_sink comp="146" pin=0"/></net>

<net id="418"><net_src comp="412" pin="1"/><net_sink comp="205" pin=1"/></net>

<net id="422"><net_src comp="155" pin="3"/><net_sink comp="419" pin=0"/></net>

<net id="423"><net_src comp="419" pin="1"/><net_sink comp="354" pin=0"/></net>

<net id="427"><net_src comp="163" pin="3"/><net_sink comp="424" pin=0"/></net>

<net id="428"><net_src comp="424" pin="1"/><net_sink comp="338" pin=0"/></net>

<net id="429"><net_src comp="424" pin="1"/><net_sink comp="341" pin=1"/></net>

<net id="433"><net_src comp="76" pin="3"/><net_sink comp="430" pin=0"/></net>

<net id="434"><net_src comp="430" pin="1"/><net_sink comp="83" pin=0"/></net>

<net id="438"><net_src comp="89" pin="3"/><net_sink comp="435" pin=0"/></net>

<net id="439"><net_src comp="435" pin="1"/><net_sink comp="96" pin=0"/></net>

<net id="443"><net_src comp="193" pin="2"/><net_sink comp="440" pin=0"/></net>

<net id="444"><net_src comp="440" pin="1"/><net_sink comp="118" pin=2"/></net>

<net id="448"><net_src comp="199" pin="2"/><net_sink comp="445" pin=0"/></net>

<net id="452"><net_src comp="224" pin="1"/><net_sink comp="449" pin=0"/></net>

<net id="453"><net_src comp="449" pin="1"/><net_sink comp="373" pin=1"/></net>

<net id="457"><net_src comp="228" pin="3"/><net_sink comp="454" pin=0"/></net>

<net id="458"><net_src comp="454" pin="1"/><net_sink comp="314" pin=0"/></net>

<net id="462"><net_src comp="236" pin="3"/><net_sink comp="459" pin=0"/></net>

<net id="463"><net_src comp="459" pin="1"/><net_sink comp="308" pin=0"/></net>

<net id="467"><net_src comp="244" pin="3"/><net_sink comp="464" pin=0"/></net>

<net id="468"><net_src comp="464" pin="1"/><net_sink comp="317" pin=0"/></net>

<net id="472"><net_src comp="260" pin="1"/><net_sink comp="469" pin=0"/></net>

<net id="473"><net_src comp="469" pin="1"/><net_sink comp="381" pin=1"/></net>

<net id="477"><net_src comp="268" pin="1"/><net_sink comp="474" pin=0"/></net>

<net id="478"><net_src comp="474" pin="1"/><net_sink comp="373" pin=0"/></net>

<net id="482"><net_src comp="272" pin="3"/><net_sink comp="479" pin=0"/></net>

<net id="483"><net_src comp="479" pin="1"/><net_sink comp="320" pin=0"/></net>

<net id="487"><net_src comp="280" pin="3"/><net_sink comp="484" pin=0"/></net>

<net id="488"><net_src comp="484" pin="1"/><net_sink comp="311" pin=0"/></net>

<net id="492"><net_src comp="288" pin="3"/><net_sink comp="489" pin=0"/></net>

<net id="493"><net_src comp="489" pin="1"/><net_sink comp="323" pin=0"/></net>

<net id="497"><net_src comp="304" pin="1"/><net_sink comp="494" pin=0"/></net>

<net id="498"><net_src comp="494" pin="1"/><net_sink comp="381" pin=0"/></net>

<net id="502"><net_src comp="308" pin="1"/><net_sink comp="499" pin=0"/></net>

<net id="503"><net_src comp="499" pin="1"/><net_sink comp="389" pin=1"/></net>

<net id="507"><net_src comp="311" pin="1"/><net_sink comp="504" pin=0"/></net>

<net id="508"><net_src comp="504" pin="1"/><net_sink comp="389" pin=0"/></net>

<net id="512"><net_src comp="326" pin="2"/><net_sink comp="509" pin=0"/></net>

<net id="513"><net_src comp="509" pin="1"/><net_sink comp="373" pin=0"/></net>

<net id="517"><net_src comp="332" pin="2"/><net_sink comp="514" pin=0"/></net>

<net id="518"><net_src comp="514" pin="1"/><net_sink comp="381" pin=0"/></net>

<net id="522"><net_src comp="373" pin="3"/><net_sink comp="519" pin=0"/></net>

<net id="523"><net_src comp="519" pin="1"/><net_sink comp="368" pin=1"/></net>

<net id="527"><net_src comp="381" pin="3"/><net_sink comp="524" pin=0"/></net>

<net id="528"><net_src comp="524" pin="1"/><net_sink comp="389" pin=0"/></net>

</net_list>

</model> 
---------------- Datapath Model END ------------------

* FSMD analyzer results:
  - Output states:
	Port: prod | {6 }
 - Input state : 
	Port: matrix_mult : a | {1 2 }
	Port: matrix_mult : b | {1 2 }
  - Chain level:
	State 1
		store_ln19 : 1
		store_ln17 : 1
		store_ln0 : 1
		icmp_ln194 : 1
		indvar_flatten1_load : 1
		i_1 : 1
		j_1 : 1
		add_ln17 : 2
		select_ln17 : 2
		i_3 : 3
		zext_ln17 : 4
		a_addr : 5
		a_load : 6
		zext_ln19 : 3
		b_addr : 4
		b_load : 5
		j_3 : 3
		add_ln17_1 : 2
		icmp_ln19 : 4
		icmp_ln17 : 2
		store_ln19 : 4
		store_ln17 : 4
		store_ln17 : 3
		br_ln17 : 3
	State 2
		trunc_ln25 : 1
		zext_ln25 : 2
		tmp : 1
		tmp_1 : 1
		tmp_2 : 1
		tmp_3 : 1
		zext_ln25_4 : 2
		trunc_ln25_1 : 1
		zext_ln25_5 : 2
		tmp_4 : 1
		tmp_5 : 1
		tmp_6 : 1
		tmp_7 : 1
		zext_ln25_9 : 2
		mul_ln25 : 3
		mul_ln25_2 : 3
	State 3
		mul_ln25_4 : 1
	State 4
		mul_ln25_1 : 1
		mul_ln25_3 : 1
		add_ln25 : 2
		add_ln25_1 : 2
	State 5
		add_ln25_2 : 1
	State 6
		add_ln25_5 : 1
		add_ln25_4 : 2
		zext_ln25_12 : 3
		prod_addr : 4
		add_ln25_3 : 1
		store_ln25 : 5


============================================================
+ Verbose Summary: Datapath Resource usage 
============================================================

* Functional unit list:
|----------|---------------------|---------|---------|---------|
| Operation|   Functional Unit   |   DSP   |    FF   |   LUT   |
|----------|---------------------|---------|---------|---------|
|    mul   |  mul_ln25_1_fu_326  |    0    |    0    |    41   |
|          |  mul_ln25_3_fu_332  |    0    |    0    |    41   |
|----------|---------------------|---------|---------|---------|
|          |   add_ln17_fu_149   |    0    |    0    |    11   |
|          |      j_3_fu_181     |    0    |    0    |    11   |
|    add   |  add_ln17_1_fu_187  |    0    |    0    |    13   |
|          |  add_ln25_5_fu_348  |    0    |    0    |    7    |
|          |  add_ln25_4_fu_357  |    0    |    0    |    7    |
|          |  add_ln25_3_fu_368  |    0    |    0    |    23   |
|----------|---------------------|---------|---------|---------|
|   icmp   |   icmp_ln19_fu_193  |    0    |    0    |    11   |
|          |   icmp_ln17_fu_199  |    0    |    0    |    13   |
|----------|---------------------|---------|---------|---------|
|  select  |  select_ln17_fu_155 |    0    |    0    |    3    |
|          |      i_3_fu_163     |    0    |    0    |    3    |
|----------|---------------------|---------|---------|---------|
|          |      grp_fu_373     |    1    |    0    |    0    |
|  muladd  |      grp_fu_381     |    1    |    0    |    0    |
|          |      grp_fu_389     |    1    |    0    |    0    |
|----------|---------------------|---------|---------|---------|
|          |   zext_ln17_fu_171  |    0    |    0    |    0    |
|          |   zext_ln19_fu_176  |    0    |    0    |    0    |
|          |   zext_ln25_fu_224  |    0    |    0    |    0    |
|          |  zext_ln25_4_fu_260 |    0    |    0    |    0    |
|          |  zext_ln25_5_fu_268 |    0    |    0    |    0    |
|          |  zext_ln25_9_fu_304 |    0    |    0    |    0    |
|          |  zext_ln25_2_fu_308 |    0    |    0    |    0    |
|   zext   |  zext_ln25_7_fu_311 |    0    |    0    |    0    |
|          |  zext_ln25_1_fu_314 |    0    |    0    |    0    |
|          |  zext_ln25_3_fu_317 |    0    |    0    |    0    |
|          |  zext_ln25_6_fu_320 |    0    |    0    |    0    |
|          |  zext_ln25_8_fu_323 |    0    |    0    |    0    |
|          | zext_ln25_10_fu_338 |    0    |    0    |    0    |
|          | zext_ln25_11_fu_354 |    0    |    0    |    0    |
|          | zext_ln25_12_fu_363 |    0    |    0    |    0    |
|----------|---------------------|---------|---------|---------|
|   trunc  |  trunc_ln25_fu_220  |    0    |    0    |    0    |
|          | trunc_ln25_1_fu_264 |    0    |    0    |    0    |
|----------|---------------------|---------|---------|---------|
|          |      tmp_fu_228     |    0    |    0    |    0    |
|          |     tmp_1_fu_236    |    0    |    0    |    0    |
|          |     tmp_2_fu_244    |    0    |    0    |    0    |
|partselect|     tmp_3_fu_252    |    0    |    0    |    0    |
|          |     tmp_4_fu_272    |    0    |    0    |    0    |
|          |     tmp_5_fu_280    |    0    |    0    |    0    |
|          |     tmp_6_fu_288    |    0    |    0    |    0    |
|          |     tmp_7_fu_296    |    0    |    0    |    0    |
|----------|---------------------|---------|---------|---------|
|bitconcatenate|     tmp_8_fu_341    |    0    |    0    |    0    |
|----------|---------------------|---------|---------|---------|
|   Total  |                     |    3    |    0    |   184   |
|----------|---------------------|---------|---------|---------|

Memories:
N/A

* Register list:
+-----------------------+--------+
|                       |   FF   |
+-----------------------+--------+
|     a_addr_reg_430    |    3   |
|   add_ln25_1_reg_524  |   16   |
|    add_ln25_reg_519   |   16   |
|     b_addr_reg_435    |    3   |
|      i_3_reg_424      |    3   |
|       i_reg_405       |    3   |
|   icmp_ln17_reg_445   |    1   |
|   icmp_ln194_reg_115  |    1   |
|   icmp_ln19_reg_440   |    1   |
|indvar_flatten1_reg_398|    5   |
|       j_reg_412       |    3   |
|   mul_ln25_1_reg_509  |   16   |
|   mul_ln25_3_reg_514  |   16   |
|  select_ln17_reg_419  |    3   |
|     tmp_1_reg_459     |    8   |
|     tmp_2_reg_464     |    8   |
|     tmp_4_reg_479     |    8   |
|     tmp_5_reg_484     |    8   |
|     tmp_6_reg_489     |    8   |
|      tmp_reg_454      |    8   |
|  zext_ln25_2_reg_499  |   16   |
|  zext_ln25_4_reg_469  |   16   |
|  zext_ln25_5_reg_474  |   16   |
|  zext_ln25_7_reg_504  |   16   |
|  zext_ln25_9_reg_494  |   16   |
|   zext_ln25_reg_449   |   16   |
+-----------------------+--------+
|         Total         |   234  |
+-----------------------+--------+

* Multiplexer (MUX) list: 
|------------------|------|------|------|--------||---------||---------||---------|
|       Comp       |  Pin | Size |  BW  | S x BW ||  Delay  ||    FF   ||   LUT   |
|------------------|------|------|------|--------||---------||---------||---------|
| grp_access_fu_83 |  p0  |   2  |   3  |    6   ||    0    ||    9    |
| grp_access_fu_96 |  p0  |   2  |   3  |    6   ||    0    ||    9    |
|    grp_fu_373    |  p0  |   3  |   8  |   24   ||    0    ||    14   |
|    grp_fu_373    |  p1  |   2  |   8  |   16   ||    0    ||    9    |
|    grp_fu_381    |  p0  |   3  |   8  |   24   ||    0    ||    14   |
|    grp_fu_381    |  p1  |   2  |   8  |   16   ||    0    ||    9    |
|    grp_fu_389    |  p0  |   3  |   8  |   24   ||    0    ||    14   |
|    grp_fu_389    |  p1  |   2  |   8  |   16   ||    0    ||    9    |
|------------------|------|------|------|--------||---------||---------||---------|
|       Total      |      |      |      |   132  || 13.0619 ||    0    ||    87   |
|------------------|------|------|------|--------||---------||---------||---------|



* Summary:
+-----------+--------+--------+--------+--------+
|           |   DSP  |  Delay |   FF   |   LUT  |
+-----------+--------+--------+--------+--------+
|  Function |    3   |    -   |    0   |   184  |
|   Memory  |    -   |    -   |    -   |    -   |
|Multiplexer|    -   |   13   |    0   |   87   |
|  Register |    -   |    -   |   234  |    -   |
+-----------+--------+--------+--------+--------+
|   Total   |    3   |   13   |   234  |   271  |
+-----------+--------+--------+--------+--------+
