

================================================================
== Vitis HLS Report for 'matrix_mult'
================================================================
* Date:           Tue May 26 22:00:30 2026

* Version:        2025.2 (Build 6295257 on Nov 14 2025)
* Project:        matrix_mult
* Solution:       hls (Vivado IP Flow Target)
* Product family: zynq
* Target device:  xc7z010-clg400-1


================================================================
== Performance Estimates
================================================================
+ Timing: 
    * Summary: 
    +--------+----------+----------+------------+
    |  Clock |  Target  | Estimated| Uncertainty|
    +--------+----------+----------+------------+
    |ap_clk  |  10.00 ns|  3.404 ns|     2.70 ns|
    +--------+----------+----------+------------+

+ Latency: 
    * Summary: 
    +---------+---------+----------+----------+-----+-----+---------+
    |  Latency (cycles) |  Latency (absolute) |  Interval | Pipeline|
    |   min   |   max   |    min   |    max   | min | max |   Type  |
    +---------+---------+----------+----------+-----+-----+---------+
    |      686|      686|  6.860 us|  6.860 us|  687|  687|       no|
    +---------+---------+----------+----------+-----+-----+---------+

    + Detail: 
        * Instance: 
        N/A

        * Loop: 
        +--------------+---------+---------+----------+-----------+-----------+------+----------+
        |              |  Latency (cycles) | Iteration|  Initiation Interval  | Trip |          |
        |   Loop Name  |   min   |   max   |  Latency |  achieved |   target  | Count| Pipelined|
        +--------------+---------+---------+----------+-----------+-----------+------+----------+
        |- Row         |      685|      685|       137|          -|          -|     5|        no|
        | + Col        |      135|      135|        27|          -|          -|     5|        no|
        |  ++ Product  |       25|       25|         5|          -|          -|     5|        no|
        +--------------+---------+---------+----------+-----------+-----------+------+----------+

============================================================
+ Verbose Summary: Synthesis Manager
============================================================
InlineROM: 1
ExposeGlobal: 0
============================================================
+ Verbose Summary: CDFG Model
============================================================
IsTopModel: 1
ResetActiveHigh: 1
IsCombinational: 0
IsDatapathOnly: 0
HasWiredReturn: 1
HasMFsm: 0
HasVarLatency: 1
IsPipeline: 0
IsRtlPipelined: 0
IsInstanceOverlapped: 0
IsDontTouch: 0
HasImplIP: 0
IsGatedGlobalClock: 0


============================================================
+ Verbose Summary: Schedule
============================================================
* Number of FSM states : 8
* Pipeline : 0
* Dataflow Pipeline: 0

* FSM state transitions: 
1 --> 2 
2 --> 3 
3 --> 4 2 
4 --> 5 3 
5 --> 6 
6 --> 7 
7 --> 8 
8 --> 4 

* FSM state operations: 

State 1 <SV = 0> <Delay = 1.58>
ST_1 : Operation 9 [1/1] (0.00ns)   --->   "%i = alloca i32 1" [../tut3A/matrix_mult.cpp:15]   --->   Operation 9 'alloca' 'i' <Predicate = true> <Delay = 0.00>
ST_1 : Operation 10 [1/1] (0.00ns)   --->   "%spectopmodule_ln10 = spectopmodule void @_ssdm_op_SpecTopModule, void @empty_1" [../tut3A/matrix_mult.cpp:10]   --->   Operation 10 'spectopmodule' 'spectopmodule_ln10' <Predicate = true> <Delay = 0.00>
ST_1 : Operation 11 [1/1] (0.00ns)   --->   "%specinterface_ln0 = specinterface void @_ssdm_op_SpecInterface, i8 %a, void @empty, i32 0, i32 0, void @empty_0, i32 4294967295, i32 0, void @empty_0, void @empty_0, void @empty_0, i32 0, i32 0, i32 0, i32 0, void @empty_0, void @empty_0, i32 4294967295, i32 0, i32 0, i32 0"   --->   Operation 11 'specinterface' 'specinterface_ln0' <Predicate = true> <Delay = 0.00>
ST_1 : Operation 12 [1/1] (0.00ns)   --->   "%specbitsmap_ln0 = specbitsmap void @_ssdm_op_SpecBitsMap, i8 %a"   --->   Operation 12 'specbitsmap' 'specbitsmap_ln0' <Predicate = true> <Delay = 0.00>
ST_1 : Operation 13 [1/1] (0.00ns)   --->   "%specinterface_ln0 = specinterface void @_ssdm_op_SpecInterface, i8 %b, void @empty, i32 0, i32 0, void @empty_0, i32 4294967295, i32 0, void @empty_0, void @empty_0, void @empty_0, i32 0, i32 0, i32 0, i32 0, void @empty_0, void @empty_0, i32 4294967295, i32 0, i32 0, i32 0"   --->   Operation 13 'specinterface' 'specinterface_ln0' <Predicate = true> <Delay = 0.00>
ST_1 : Operation 14 [1/1] (0.00ns)   --->   "%specbitsmap_ln0 = specbitsmap void @_ssdm_op_SpecBitsMap, i8 %b"   --->   Operation 14 'specbitsmap' 'specbitsmap_ln0' <Predicate = true> <Delay = 0.00>
ST_1 : Operation 15 [1/1] (0.00ns)   --->   "%specinterface_ln0 = specinterface void @_ssdm_op_SpecInterface, i16 %prod, void @empty, i32 0, i32 0, void @empty_0, i32 4294967295, i32 0, void @empty_0, void @empty_0, void @empty_0, i32 0, i32 0, i32 0, i32 0, void @empty_0, void @empty_0, i32 4294967295, i32 0, i32 0, i32 0"   --->   Operation 15 'specinterface' 'specinterface_ln0' <Predicate = true> <Delay = 0.00>
ST_1 : Operation 16 [1/1] (0.00ns)   --->   "%specbitsmap_ln0 = specbitsmap void @_ssdm_op_SpecBitsMap, i16 %prod"   --->   Operation 16 'specbitsmap' 'specbitsmap_ln0' <Predicate = true> <Delay = 0.00>
ST_1 : Operation 17 [1/1] (1.58ns)   --->   "%store_ln15 = store i3 0, i3 %i" [../tut3A/matrix_mult.cpp:15]   --->   Operation 17 'store' 'store_ln15' <Predicate = true> <Delay = 1.58>
ST_1 : Operation 18 [1/1] (0.00ns)   --->   "%br_ln15 = br void %Col" [../tut3A/matrix_mult.cpp:15]   --->   Operation 18 'br' 'br_ln15' <Predicate = true> <Delay = 0.00>

State 2 <SV = 1> <Delay = 3.23>
ST_2 : Operation 19 [1/1] (0.00ns)   --->   "%i_1 = load i3 %i" [../tut3A/matrix_mult.cpp:15]   --->   Operation 19 'load' 'i_1' <Predicate = true> <Delay = 0.00>
ST_2 : Operation 20 [1/1] (1.65ns)   --->   "%icmp_ln15 = icmp_eq  i3 %i_1, i3 5" [../tut3A/matrix_mult.cpp:15]   --->   Operation 20 'icmp' 'icmp_ln15' <Predicate = true> <Delay = 1.65> <CoreInst = "Cmp">   --->   Core 9 'Cmp' <Latency = 0> <II = 1> <Delay = 1.65> <FuncUnit> <Opcode : 'seteq' 'setne' 'setle' 'setge' 'setlt' 'setgt'> <InPorts = 2> <OutPorts = 1>
ST_2 : Operation 21 [1/1] (1.65ns)   --->   "%add_ln15 = add i3 %i_1, i3 1" [../tut3A/matrix_mult.cpp:15]   --->   Operation 21 'add' 'add_ln15' <Predicate = true> <Delay = 1.65> <CoreInst = "Adder">   --->   Core 1 'Adder' <Latency = 0> <II = 1> <Delay = 1.65> <FuncUnit> <Opcode : 'add' 'sub'> <InPorts = 2> <OutPorts = 1>
ST_2 : Operation 22 [1/1] (0.00ns)   --->   "%br_ln15 = br i1 %icmp_ln15, void %Col.split, void %for.end31" [../tut3A/matrix_mult.cpp:15]   --->   Operation 22 'br' 'br_ln15' <Predicate = true> <Delay = 0.00>
ST_2 : Operation 23 [1/1] (0.00ns)   --->   "%zext_ln15 = zext i3 %i_1" [../tut3A/matrix_mult.cpp:15]   --->   Operation 23 'zext' 'zext_ln15' <Predicate = (!icmp_ln15)> <Delay = 0.00>
ST_2 : Operation 24 [1/1] (0.00ns)   --->   "%tmp = bitconcatenate i5 @_ssdm_op_BitConcatenate.i5.i3.i2, i3 %i_1, i2 0" [../tut3A/matrix_mult.cpp:22]   --->   Operation 24 'bitconcatenate' 'tmp' <Predicate = (!icmp_ln15)> <Delay = 0.00>
ST_2 : Operation 25 [1/1] (1.78ns)   --->   "%add_ln15_1 = add i5 %tmp, i5 %zext_ln15" [../tut3A/matrix_mult.cpp:15]   --->   Operation 25 'add' 'add_ln15_1' <Predicate = (!icmp_ln15)> <Delay = 1.78> <CoreInst = "Adder">   --->   Core 1 'Adder' <Latency = 0> <II = 1> <Delay = 1.78> <FuncUnit> <Opcode : 'add' 'sub'> <InPorts = 2> <OutPorts = 1>
ST_2 : Operation 26 [1/1] (0.00ns)   --->   "%speclooptripcount_ln15 = speclooptripcount void @_ssdm_op_SpecLoopTripCount, i64 5, i64 5, i64 5" [../tut3A/matrix_mult.cpp:15]   --->   Operation 26 'speclooptripcount' 'speclooptripcount_ln15' <Predicate = (!icmp_ln15)> <Delay = 0.00>
ST_2 : Operation 27 [1/1] (0.00ns)   --->   "%specloopname_ln15 = specloopname void @_ssdm_op_SpecLoopName, void @empty_4" [../tut3A/matrix_mult.cpp:15]   --->   Operation 27 'specloopname' 'specloopname_ln15' <Predicate = (!icmp_ln15)> <Delay = 0.00>
ST_2 : Operation 28 [1/1] (1.58ns)   --->   "%br_ln17 = br void %Product" [../tut3A/matrix_mult.cpp:17]   --->   Operation 28 'br' 'br_ln17' <Predicate = (!icmp_ln15)> <Delay = 1.58>
ST_2 : Operation 29 [1/1] (0.00ns)   --->   "%ret_ln26 = ret" [../tut3A/matrix_mult.cpp:26]   --->   Operation 29 'ret' 'ret_ln26' <Predicate = (icmp_ln15)> <Delay = 0.00>

State 3 <SV = 2> <Delay = 3.23>
ST_3 : Operation 30 [1/1] (0.00ns)   --->   "%j = phi i3 0, void %Col.split, i3 %add_ln17, void %for.inc26" [../tut3A/matrix_mult.cpp:17]   --->   Operation 30 'phi' 'j' <Predicate = true> <Delay = 0.00>
ST_3 : Operation 31 [1/1] (1.65ns)   --->   "%icmp_ln17 = icmp_eq  i3 %j, i3 5" [../tut3A/matrix_mult.cpp:17]   --->   Operation 31 'icmp' 'icmp_ln17' <Predicate = true> <Delay = 1.65> <CoreInst = "Cmp">   --->   Core 9 'Cmp' <Latency = 0> <II = 1> <Delay = 1.65> <FuncUnit> <Opcode : 'seteq' 'setne' 'setle' 'setge' 'setlt' 'setgt'> <InPorts = 2> <OutPorts = 1>
ST_3 : Operation 32 [1/1] (1.65ns)   --->   "%add_ln17 = add i3 %j, i3 1" [../tut3A/matrix_mult.cpp:17]   --->   Operation 32 'add' 'add_ln17' <Predicate = true> <Delay = 1.65> <CoreInst = "Adder">   --->   Core 1 'Adder' <Latency = 0> <II = 1> <Delay = 1.65> <FuncUnit> <Opcode : 'add' 'sub'> <InPorts = 2> <OutPorts = 1>
ST_3 : Operation 33 [1/1] (0.00ns)   --->   "%br_ln17 = br i1 %icmp_ln17, void %Product.split, void %for.inc29" [../tut3A/matrix_mult.cpp:17]   --->   Operation 33 'br' 'br_ln17' <Predicate = true> <Delay = 0.00>
ST_3 : Operation 34 [1/1] (0.00ns)   --->   "%zext_ln22_2 = zext i3 %j" [../tut3A/matrix_mult.cpp:22]   --->   Operation 34 'zext' 'zext_ln22_2' <Predicate = (!icmp_ln17)> <Delay = 0.00>
ST_3 : Operation 35 [1/1] (1.78ns)   --->   "%add_ln22_1 = add i5 %add_ln15_1, i5 %zext_ln22_2" [../tut3A/matrix_mult.cpp:22]   --->   Operation 35 'add' 'add_ln22_1' <Predicate = (!icmp_ln17)> <Delay = 1.78> <CoreInst = "Adder">   --->   Core 1 'Adder' <Latency = 0> <II = 1> <Delay = 1.78> <FuncUnit> <Opcode : 'add' 'sub'> <InPorts = 2> <OutPorts = 1>
ST_3 : Operation 36 [1/1] (0.00ns)   --->   "%zext_ln22_3 = zext i5 %add_ln22_1" [../tut3A/matrix_mult.cpp:22]   --->   Operation 36 'zext' 'zext_ln22_3' <Predicate = (!icmp_ln17)> <Delay = 0.00>
ST_3 : Operation 37 [1/1] (0.00ns)   --->   "%prod_addr = getelementptr i16 %prod, i64 0, i64 %zext_ln22_3" [../tut3A/matrix_mult.cpp:22]   --->   Operation 37 'getelementptr' 'prod_addr' <Predicate = (!icmp_ln17)> <Delay = 0.00>
ST_3 : Operation 38 [1/1] (0.00ns)   --->   "%speclooptripcount_ln17 = speclooptripcount void @_ssdm_op_SpecLoopTripCount, i64 5, i64 5, i64 5" [../tut3A/matrix_mult.cpp:17]   --->   Operation 38 'speclooptripcount' 'speclooptripcount_ln17' <Predicate = (!icmp_ln17)> <Delay = 0.00>
ST_3 : Operation 39 [1/1] (0.00ns)   --->   "%specloopname_ln17 = specloopname void @_ssdm_op_SpecLoopName, void @empty_3" [../tut3A/matrix_mult.cpp:17]   --->   Operation 39 'specloopname' 'specloopname_ln17' <Predicate = (!icmp_ln17)> <Delay = 0.00>
ST_3 : Operation 40 [1/1] (1.58ns)   --->   "%br_ln20 = br void %for.inc" [../tut3A/matrix_mult.cpp:20]   --->   Operation 40 'br' 'br_ln20' <Predicate = (!icmp_ln17)> <Delay = 1.58>
ST_3 : Operation 41 [1/1] (1.58ns)   --->   "%store_ln15 = store i3 %add_ln15, i3 %i" [../tut3A/matrix_mult.cpp:15]   --->   Operation 41 'store' 'store_ln15' <Predicate = (icmp_ln17)> <Delay = 1.58>
ST_3 : Operation 42 [1/1] (0.00ns)   --->   "%br_ln15 = br void %Col" [../tut3A/matrix_mult.cpp:15]   --->   Operation 42 'br' 'br_ln15' <Predicate = (icmp_ln17)> <Delay = 0.00>

State 4 <SV = 3> <Delay = 3.40>
ST_4 : Operation 43 [1/1] (0.00ns)   --->   "%k = phi i3 0, void %Product.split, i3 %add_ln20, void %for.inc.split" [../tut3A/matrix_mult.cpp:20]   --->   Operation 43 'phi' 'k' <Predicate = true> <Delay = 0.00>
ST_4 : Operation 44 [1/1] (0.00ns)   --->   "%empty = phi i16 0, void %Product.split, i16 %add_ln22, void %for.inc.split" [../tut3A/matrix_mult.cpp:22]   --->   Operation 44 'phi' 'empty' <Predicate = true> <Delay = 0.00>
ST_4 : Operation 45 [1/1] (1.65ns)   --->   "%icmp_ln20 = icmp_eq  i3 %k, i3 5" [../tut3A/matrix_mult.cpp:20]   --->   Operation 45 'icmp' 'icmp_ln20' <Predicate = true> <Delay = 1.65> <CoreInst = "Cmp">   --->   Core 9 'Cmp' <Latency = 0> <II = 1> <Delay = 1.65> <FuncUnit> <Opcode : 'seteq' 'setne' 'setle' 'setge' 'setlt' 'setgt'> <InPorts = 2> <OutPorts = 1>
ST_4 : Operation 46 [1/1] (1.65ns)   --->   "%add_ln20 = add i3 %k, i3 1" [../tut3A/matrix_mult.cpp:20]   --->   Operation 46 'add' 'add_ln20' <Predicate = true> <Delay = 1.65> <CoreInst = "Adder">   --->   Core 1 'Adder' <Latency = 0> <II = 1> <Delay = 1.65> <FuncUnit> <Opcode : 'add' 'sub'> <InPorts = 2> <OutPorts = 1>
ST_4 : Operation 47 [1/1] (0.00ns)   --->   "%br_ln20 = br i1 %icmp_ln20, void %for.inc.split, void %for.inc26" [../tut3A/matrix_mult.cpp:20]   --->   Operation 47 'br' 'br_ln20' <Predicate = true> <Delay = 0.00>
ST_4 : Operation 48 [1/1] (0.00ns)   --->   "%zext_ln22_4 = zext i3 %k" [../tut3A/matrix_mult.cpp:22]   --->   Operation 48 'zext' 'zext_ln22_4' <Predicate = (!icmp_ln20)> <Delay = 0.00>
ST_4 : Operation 49 [1/1] (1.78ns)   --->   "%add_ln22_2 = add i5 %add_ln15_1, i5 %zext_ln22_4" [../tut3A/matrix_mult.cpp:22]   --->   Operation 49 'add' 'add_ln22_2' <Predicate = (!icmp_ln20)> <Delay = 1.78> <CoreInst = "Adder">   --->   Core 1 'Adder' <Latency = 0> <II = 1> <Delay = 1.78> <FuncUnit> <Opcode : 'add' 'sub'> <InPorts = 2> <OutPorts = 1>
ST_4 : Operation 50 [1/1] (0.00ns)   --->   "%zext_ln22_5 = zext i5 %add_ln22_2" [../tut3A/matrix_mult.cpp:22]   --->   Operation 50 'zext' 'zext_ln22_5' <Predicate = (!icmp_ln20)> <Delay = 0.00>
ST_4 : Operation 51 [1/1] (0.00ns)   --->   "%a_addr = getelementptr i8 %a, i64 0, i64 %zext_ln22_5" [../tut3A/matrix_mult.cpp:22]   --->   Operation 51 'getelementptr' 'a_addr' <Predicate = (!icmp_ln20)> <Delay = 0.00>
ST_4 : Operation 52 [1/1] (0.00ns)   --->   "%tmp_1 = bitconcatenate i5 @_ssdm_op_BitConcatenate.i5.i3.i2, i3 %k, i2 0" [../tut3A/matrix_mult.cpp:22]   --->   Operation 52 'bitconcatenate' 'tmp_1' <Predicate = (!icmp_ln20)> <Delay = 0.00>
ST_4 : Operation 53 [1/1] (0.00ns) (grouped into TernaryAdder)   --->   "%add_ln22_4 = add i5 %tmp_1, i5 %zext_ln22_4" [../tut3A/matrix_mult.cpp:22]   --->   Operation 53 'add' 'add_ln22_4' <Predicate = (!icmp_ln20)> <Delay = 0.00> <CoreInst = "TAddSub">   --->   Core 10 'TAddSub' <Latency = 0> <II = 1> <Delay = 1.70> <IPBlock> <Opcode : 'add' 'sub'> <InPorts = 3> <OutPorts = 1> <Sync> <CReg>
ST_4 : Operation 54 [1/1] (3.40ns) (root node of TernaryAdder)   --->   "%add_ln22_3 = add i5 %add_ln22_4, i5 %zext_ln22_2" [../tut3A/matrix_mult.cpp:22]   --->   Operation 54 'add' 'add_ln22_3' <Predicate = (!icmp_ln20)> <Delay = 3.40> <CoreInst = "TAddSub">   --->   Core 10 'TAddSub' <Latency = 0> <II = 1> <Delay = 1.70> <IPBlock> <Opcode : 'add' 'sub'> <InPorts = 3> <OutPorts = 1> <Sync> <CReg>
ST_4 : Operation 55 [1/1] (0.00ns)   --->   "%zext_ln22_6 = zext i5 %add_ln22_3" [../tut3A/matrix_mult.cpp:22]   --->   Operation 55 'zext' 'zext_ln22_6' <Predicate = (!icmp_ln20)> <Delay = 0.00>
ST_4 : Operation 56 [1/1] (0.00ns)   --->   "%b_addr = getelementptr i8 %b, i64 0, i64 %zext_ln22_6" [../tut3A/matrix_mult.cpp:22]   --->   Operation 56 'getelementptr' 'b_addr' <Predicate = (!icmp_ln20)> <Delay = 0.00>
ST_4 : Operation 57 [2/2] (0.00ns)   --->   "%a_load = load i5 %a_addr" [../tut3A/matrix_mult.cpp:22]   --->   Operation 57 'load' 'a_load' <Predicate = (!icmp_ln20)> <Delay = 0.00> <CoreInst = "RAM">   --->   Core 81 'RAM' <Latency = 1> <II = 1> <Delay = 2.32> <Storage> <Opcode : 'load' 'store'> <Ports = 2> <Width = 8> <Depth = 25> <RAM>
ST_4 : Operation 58 [2/2] (0.00ns)   --->   "%b_load = load i5 %b_addr" [../tut3A/matrix_mult.cpp:22]   --->   Operation 58 'load' 'b_load' <Predicate = (!icmp_ln20)> <Delay = 0.00> <CoreInst = "RAM">   --->   Core 81 'RAM' <Latency = 1> <II = 1> <Delay = 2.32> <Storage> <Opcode : 'load' 'store'> <Ports = 2> <Width = 8> <Depth = 25> <RAM>
ST_4 : Operation 59 [1/1] ( I:0.00ns O:0.00ns )   --->   "%store_ln22 = store i16 %empty, i5 %prod_addr" [../tut3A/matrix_mult.cpp:22]   --->   Operation 59 'store' 'store_ln22' <Predicate = (icmp_ln20)> <Delay = 0.00> <CoreInst = "RAM">   --->   Core 81 'RAM' <Latency = 1> <II = 1> <Delay = 2.32> <Storage> <Opcode : 'load' 'store'> <Ports = 2> <Width = 16> <Depth = 25> <RAM>
ST_4 : Operation 60 [1/1] (0.00ns)   --->   "%br_ln17 = br void %Product" [../tut3A/matrix_mult.cpp:17]   --->   Operation 60 'br' 'br_ln17' <Predicate = (icmp_ln20)> <Delay = 0.00>

State 5 <SV = 4> <Delay = 1.05>
ST_5 : Operation 61 [1/2] ( I:0.00ns O:0.00ns )   --->   "%a_load = load i5 %a_addr" [../tut3A/matrix_mult.cpp:22]   --->   Operation 61 'load' 'a_load' <Predicate = true> <Delay = 0.00> <CoreInst = "RAM">   --->   Core 81 'RAM' <Latency = 1> <II = 1> <Delay = 2.32> <Storage> <Opcode : 'load' 'store'> <Ports = 2> <Width = 8> <Depth = 25> <RAM>
ST_5 : Operation 62 [1/1] (0.00ns)   --->   "%zext_ln22 = zext i8 %a_load" [../tut3A/matrix_mult.cpp:22]   --->   Operation 62 'zext' 'zext_ln22' <Predicate = true> <Delay = 0.00>
ST_5 : Operation 63 [1/2] ( I:0.00ns O:0.00ns )   --->   "%b_load = load i5 %b_addr" [../tut3A/matrix_mult.cpp:22]   --->   Operation 63 'load' 'b_load' <Predicate = true> <Delay = 0.00> <CoreInst = "RAM">   --->   Core 81 'RAM' <Latency = 1> <II = 1> <Delay = 2.32> <Storage> <Opcode : 'load' 'store'> <Ports = 2> <Width = 8> <Depth = 25> <RAM>
ST_5 : Operation 64 [1/1] (0.00ns)   --->   "%zext_ln22_1 = zext i8 %b_load" [../tut3A/matrix_mult.cpp:22]   --->   Operation 64 'zext' 'zext_ln22_1' <Predicate = true> <Delay = 0.00>
ST_5 : Operation 65 [3/3] (1.05ns) (grouped into DSP with root node add_ln22)   --->   "%mul_ln22 = mul i16 %zext_ln22_1, i16 %zext_ln22" [../tut3A/matrix_mult.cpp:22]   --->   Operation 65 'mul' 'mul_ln22' <Predicate = true> <Delay = 1.05> <CoreInst = "DSP48">   --->   Core 116 'DSP48' <Latency = 3> <II = 1> <Delay = 2.15> <IPBlock> <Opcode : 'add' 'sub' 'mul' 'select'> <InPorts = 0> <OutPorts = 1> <Sync> <CReg>

State 6 <SV = 5> <Delay = 1.05>
ST_6 : Operation 66 [2/3] (1.05ns) (grouped into DSP with root node add_ln22)   --->   "%mul_ln22 = mul i16 %zext_ln22_1, i16 %zext_ln22" [../tut3A/matrix_mult.cpp:22]   --->   Operation 66 'mul' 'mul_ln22' <Predicate = true> <Delay = 1.05> <CoreInst = "DSP48">   --->   Core 116 'DSP48' <Latency = 3> <II = 1> <Delay = 2.15> <IPBlock> <Opcode : 'add' 'sub' 'mul' 'select'> <InPorts = 0> <OutPorts = 1> <Sync> <CReg>

State 7 <SV = 6> <Delay = 2.10>
ST_7 : Operation 67 [1/3] (0.00ns) (grouped into DSP with root node add_ln22)   --->   "%mul_ln22 = mul i16 %zext_ln22_1, i16 %zext_ln22" [../tut3A/matrix_mult.cpp:22]   --->   Operation 67 'mul' 'mul_ln22' <Predicate = true> <Delay = 0.00> <CoreInst = "DSP48">   --->   Core 116 'DSP48' <Latency = 3> <II = 1> <Delay = 2.15> <IPBlock> <Opcode : 'add' 'sub' 'mul' 'select'> <InPorts = 0> <OutPorts = 1> <Sync> <CReg>
ST_7 : Operation 68 [2/2] (2.10ns) (root node of the DSP)   --->   "%add_ln22 = add i16 %mul_ln22, i16 %empty" [../tut3A/matrix_mult.cpp:22]   --->   Operation 68 'add' 'add_ln22' <Predicate = true> <Delay = 2.10> <CoreInst = "DSP48">   --->   Core 116 'DSP48' <Latency = 3> <II = 1> <Delay = 2.15> <IPBlock> <Opcode : 'add' 'sub' 'mul' 'select'> <InPorts = 0> <OutPorts = 1> <Sync> <CReg>

State 8 <SV = 7> <Delay = 2.10>
ST_8 : Operation 69 [1/1] (0.00ns)   --->   "%speclooptripcount_ln20 = speclooptripcount void @_ssdm_op_SpecLoopTripCount, i64 5, i64 5, i64 5" [../tut3A/matrix_mult.cpp:20]   --->   Operation 69 'speclooptripcount' 'speclooptripcount_ln20' <Predicate = true> <Delay = 0.00>
ST_8 : Operation 70 [1/1] (0.00ns)   --->   "%specloopname_ln20 = specloopname void @_ssdm_op_SpecLoopName, void @empty_2" [../tut3A/matrix_mult.cpp:20]   --->   Operation 70 'specloopname' 'specloopname_ln20' <Predicate = true> <Delay = 0.00>
ST_8 : Operation 71 [1/2] (2.10ns) (root node of the DSP)   --->   "%add_ln22 = add i16 %mul_ln22, i16 %empty" [../tut3A/matrix_mult.cpp:22]   --->   Operation 71 'add' 'add_ln22' <Predicate = true> <Delay = 2.10> <CoreInst = "DSP48">   --->   Core 116 'DSP48' <Latency = 3> <II = 1> <Delay = 2.15> <IPBlock> <Opcode : 'add' 'sub' 'mul' 'select'> <InPorts = 0> <OutPorts = 1> <Sync> <CReg>
ST_8 : Operation 72 [1/1] (0.00ns)   --->   "%br_ln20 = br void %for.inc" [../tut3A/matrix_mult.cpp:20]   --->   Operation 72 'br' 'br_ln20' <Predicate = true> <Delay = 0.00>


============================================================
+ Verbose Summary: Timing violations
============================================================
Target clock period: 10.000ns, clock uncertainty: 2.700ns.

 <State 1>: 1.588ns
The critical path consists of the following:
	'alloca' operation 3 bit ('i', ../tut3A/matrix_mult.cpp:15) [4]  (0.000 ns)
	'store' operation ('store_ln15', ../tut3A/matrix_mult.cpp:15) of constant 0 3 bit on local variable 'i', ../tut3A/matrix_mult.cpp:15 [12]  (1.588 ns)

 <State 2>: 3.238ns
The critical path consists of the following:
	'load' operation 3 bit ('i', ../tut3A/matrix_mult.cpp:15) on local variable 'i', ../tut3A/matrix_mult.cpp:15 [15]  (0.000 ns)
	'add' operation 5 bit ('add_ln15_1', ../tut3A/matrix_mult.cpp:15) [22]  (1.780 ns)
	blocking operation 1.458 ns on control path)

 <State 3>: 3.238ns
The critical path consists of the following:
	'phi' operation 3 bit ('j', ../tut3A/matrix_mult.cpp:17) with incoming values : ('add_ln17', ../tut3A/matrix_mult.cpp:17) [27]  (0.000 ns)
	'add' operation 5 bit ('add_ln22_1', ../tut3A/matrix_mult.cpp:22) [33]  (1.780 ns)
	blocking operation 1.458 ns on control path)

 <State 4>: 3.404ns
The critical path consists of the following:
	'phi' operation 3 bit ('k', ../tut3A/matrix_mult.cpp:20) with incoming values : ('add_ln20', ../tut3A/matrix_mult.cpp:20) [40]  (0.000 ns)
	'add' operation 5 bit ('add_ln22_4', ../tut3A/matrix_mult.cpp:22) [51]  (0.000 ns)
	'add' operation 5 bit ('add_ln22_3', ../tut3A/matrix_mult.cpp:22) [52]  (3.404 ns)

 <State 5>: 1.050ns
The critical path consists of the following:
	'load' operation 8 bit ('a_load', ../tut3A/matrix_mult.cpp:22) on array 'a' [57]  (0.000 ns)
	'mul' operation 16 bit of DSP[62] ('mul_ln22', ../tut3A/matrix_mult.cpp:22) [61]  (1.050 ns)

 <State 6>: 1.050ns
The critical path consists of the following:
	'mul' operation 16 bit of DSP[62] ('mul_ln22', ../tut3A/matrix_mult.cpp:22) [61]  (1.050 ns)

 <State 7>: 2.100ns
The critical path consists of the following:
	'mul' operation 16 bit of DSP[62] ('mul_ln22', ../tut3A/matrix_mult.cpp:22) [61]  (0.000 ns)
	'add' operation 16 bit of DSP[62] ('add_ln22', ../tut3A/matrix_mult.cpp:22) [62]  (2.100 ns)

 <State 8>: 2.100ns
The critical path consists of the following:
	'add' operation 16 bit of DSP[62] ('add_ln22', ../tut3A/matrix_mult.cpp:22) [62]  (2.100 ns)


============================================================
+ Verbose Summary: Binding
============================================================
N/A
* FSMD analyzer results:
  - Output states:
 - Input state : 
  - Chain level:
	State 1
	State 2
	State 3
	State 4
	State 5
	State 6
	State 7
	State 8


============================================================
+ Verbose Summary: Datapath Resource usage 
============================================================
N/A
