

================================================================
== Vitis HLS Report for 'matrix_mult'
================================================================
* Date:           Tue May 26 23:56:56 2026

* Version:        2025.2 (Build 6295257 on Nov 14 2025)
* Project:        matrix_mult_automation_prj
* Solution:       Solution3 (Vivado IP Flow Target)
* Product family: zynq
* Target device:  xc7z010-clg400-1


================================================================
== Performance Estimates
================================================================
+ Timing: 
    * Summary: 
    +--------+----------+----------+------------+
    |  Clock |  Target  | Estimated| Uncertainty|
    +--------+----------+----------+------------+
    |ap_clk  |  10.00 ns|  5.998 ns|     2.70 ns|
    +--------+----------+----------+------------+

+ Latency: 
    * Summary: 
    +---------+---------+----------+----------+-----+-----+------------------------------------------------+
    |  Latency (cycles) |  Latency (absolute) |  Interval |                    Pipeline                    |
    |   min   |   max   |    min   |    max   | min | max |                      Type                      |
    +---------+---------+----------+----------+-----+-----+------------------------------------------------+
    |       81|       81|  0.810 us|  0.810 us|   75|   75|  loop auto-rewind stp (delay=0 clock cycles(s))|
    +---------+---------+----------+----------+-----+-----+------------------------------------------------+

    + Detail: 
        * Instance: 
        N/A

        * Loop: 
        +-----------+---------+---------+----------+-----------+-----------+------+----------+
        |           |  Latency (cycles) | Iteration|  Initiation Interval  | Trip |          |
        | Loop Name |   min   |   max   |  Latency |  achieved |   target  | Count| Pipelined|
        +-----------+---------+---------+----------+-----------+-----------+------+----------+
        |- Row_Col  |       79|       79|         8|          3|          1|    25|       yes|
        +-----------+---------+---------+----------+-----------+-----------+------+----------+



================================================================
== Utilization Estimates
================================================================
* Summary: 
+-----------------+---------+----+-------+-------+-----+
|       Name      | BRAM_18K| DSP|   FF  |  LUT  | URAM|
+-----------------+---------+----+-------+-------+-----+
|DSP              |        -|   3|      -|      -|    -|
|Expression       |        -|   -|      0|    225|    -|
|FIFO             |        -|   -|      -|      -|    -|
|Instance         |        -|   0|      0|     82|    -|
|Memory           |        -|   -|      -|      -|    -|
|Multiplexer      |        -|   -|      0|    205|    -|
|Register         |        -|   -|    148|      -|    -|
+-----------------+---------+----+-------+-------+-----+
|Total            |        0|   3|    148|    512|    0|
+-----------------+---------+----+-------+-------+-----+
|Available        |      120|  80|  35200|  17600|    0|
+-----------------+---------+----+-------+-------+-----+
|Utilization (%)  |        0|   3|     ~0|      2|    0|
+-----------------+---------+----+-------+-------+-----+

+ Detail: 
    * Instance: 
    +-----------------------+--------------------+---------+----+---+----+-----+
    |        Instance       |       Module       | BRAM_18K| DSP| FF| LUT| URAM|
    +-----------------------+--------------------+---------+----+---+----+-----+
    |mul_8ns_8ns_16_1_1_U1  |mul_8ns_8ns_16_1_1  |        0|   0|  0|  41|    0|
    |mul_8ns_8ns_16_1_1_U2  |mul_8ns_8ns_16_1_1  |        0|   0|  0|  41|    0|
    +-----------------------+--------------------+---------+----+---+----+-----+
    |Total                  |                    |        0|   0|  0|  82|    0|
    +-----------------------+--------------------+---------+----+---+----+-----+

    * DSP: 
    +----------------------------------+-------------------------------+--------------+
    |             Instance             |             Module            |  Expression  |
    +----------------------------------+-------------------------------+--------------+
    |mac_muladd_8ns_8ns_16s_16_4_1_U3  |mac_muladd_8ns_8ns_16s_16_4_1  |  i0 + i1 * i2|
    |mac_muladd_8ns_8ns_16s_16_4_1_U4  |mac_muladd_8ns_8ns_16s_16_4_1  |  i0 + i1 * i2|
    |mac_muladd_8ns_8ns_16s_16_4_1_U5  |mac_muladd_8ns_8ns_16s_16_4_1  |  i0 + i1 * i2|
    +----------------------------------+-------------------------------+--------------+

    * Memory: 
    N/A

    * FIFO: 
    N/A

    * Expression: 
    +-----------------------+----------+----+---+----+------------+------------+
    |     Variable Name     | Operation| DSP| FF| LUT| Bitwidth P0| Bitwidth P1|
    +-----------------------+----------+----+---+----+------------+------------+
    |add_ln15_1_fu_408_p2   |         +|   0|  0|  13|           5|           1|
    |add_ln15_fu_236_p2     |         +|   0|  0|  11|           3|           1|
    |add_ln22_10_fu_344_p2  |         +|   0|  0|  13|           5|           4|
    |add_ln22_11_fu_298_p2  |         +|   0|  0|  13|           5|           5|
    |add_ln22_12_fu_395_p2  |         +|   0|  0|  13|           5|           5|
    |add_ln22_13_fu_274_p2  |         +|   0|  0|  14|           6|           6|
    |add_ln22_3_fu_482_p2   |         +|   0|  0|  23|          16|          16|
    |add_ln22_4_fu_357_p2   |         +|   0|  0|  13|           5|           1|
    |add_ln22_5_fu_314_p2   |         +|   0|  0|  13|           5|           2|
    |add_ln22_6_fu_367_p2   |         +|   0|  0|  13|           5|           2|
    |add_ln22_7_fu_324_p2   |         +|   0|  0|  13|           5|           3|
    |add_ln22_8_fu_384_p2   |         +|   0|  0|  13|           4|           3|
    |add_ln22_9_fu_334_p2   |         +|   0|  0|  13|           5|           4|
    |j_3_fu_403_p2          |         +|   0|  0|  11|           3|           1|
    |ap_condition_225       |       and|   0|  0|   2|           1|           1|
    |ap_condition_528       |       and|   0|  0|   2|           1|           1|
    |icmp_ln15_fu_420_p2    |      icmp|   0|  0|  13|           5|           5|
    |icmp_ln17_fu_414_p2    |      icmp|   0|  0|  11|           3|           3|
    |i_3_fu_250_p3          |    select|   0|  0|   3|           1|           3|
    |select_ln15_fu_242_p3  |    select|   0|  0|   3|           1|           1|
    |ap_enable_pp0          |       xor|   0|  0|   2|           1|           2|
    +-----------------------+----------+----+---+----+------------+------------+
    |Total                  |          |   0|  0| 225|          90|          70|
    +-----------------------+----------+----+---+----+------------+------------+

    * Multiplexer: 
    +-------------------------------------+----+-----------+-----+-----------+
    |                 Name                | LUT| Input Size| Bits| Total Bits|
    +-------------------------------------+----+-----------+-----+-----------+
    |a_address0_local                     |  20|          4|    5|         20|
    |a_address1_local                     |  14|          3|    5|         15|
    |ap_NS_fsm                            |  20|          4|    1|          4|
    |ap_done_int                          |   9|          2|    1|          2|
    |ap_enable_reg_pp0_iter0              |   9|          2|    1|          2|
    |ap_enable_reg_pp0_iter2              |   9|          2|    1|          2|
    |ap_loop_exit_ready_pp0_iter1_reg     |   9|          2|    1|          2|
    |ap_loop_exit_ready_pp0_iter2_reg     |   9|          2|    1|          2|
    |ap_phi_mux_icmp_ln174_phi_fu_194_p4  |   9|          2|    1|          2|
    |ap_sig_allocacmp_i_1                 |   9|          2|    3|          6|
    |ap_sig_allocacmp_j_1                 |   9|          2|    3|          6|
    |b_address0_local                     |  20|          4|    5|         20|
    |b_address1_local                     |  14|          3|    5|         15|
    |i_fu_72                              |   9|          2|    3|          6|
    |indvar_flatten1_fu_68                |   9|          2|    5|         10|
    |j_fu_76                              |   9|          2|    3|          6|
    |reg_205                              |   9|          2|    8|         16|
    |reg_210                              |   9|          2|    8|         16|
    +-------------------------------------+----+-----------+-----+-----------+
    |Total                                | 205|         44|   60|        152|
    +-------------------------------------+----+-----------+-----+-----------+

    * Register: 
    +-----------------------------------+----+----+-----+-----------+
    |                Name               | FF | LUT| Bits| Const Bits|
    +-----------------------------------+----+----+-----+-----------+
    |a_load_2_reg_597                   |   8|   0|    8|          0|
    |add_ln22_12_reg_612                |   5|   0|    5|          0|
    |add_ln22_12_reg_612_pp0_iter1_reg  |   5|   0|    5|          0|
    |add_ln22_1_reg_666                 |  16|   0|   16|          0|
    |add_ln22_reg_671                   |  16|   0|   16|          0|
    |ap_CS_fsm                          |   3|   0|    3|          0|
    |ap_done_reg                        |   1|   0|    1|          0|
    |ap_enable_reg_pp0_iter0_reg        |   1|   0|    1|          0|
    |ap_enable_reg_pp0_iter1            |   1|   0|    1|          0|
    |ap_enable_reg_pp0_iter2            |   1|   0|    1|          0|
    |ap_loop_exit_ready_pp0_iter1_reg   |   1|   0|    1|          0|
    |ap_loop_exit_ready_pp0_iter2_reg   |   1|   0|    1|          0|
    |b_load_3_reg_617                   |   8|   0|    8|          0|
    |i_fu_72                            |   3|   0|    3|          0|
    |icmp_ln15_reg_632                  |   1|   0|    1|          0|
    |icmp_ln15_reg_632_pp0_iter1_reg    |   1|   0|    1|          0|
    |icmp_ln17_reg_627                  |   1|   0|    1|          0|
    |indvar_flatten1_fu_68              |   5|   0|    5|          0|
    |j_fu_76                            |   3|   0|    3|          0|
    |mul_ln22_1_reg_661                 |  16|   0|   16|          0|
    |mul_ln22_3_reg_646                 |  16|   0|   16|          0|
    |reg_201                            |   8|   0|    8|          0|
    |reg_205                            |   8|   0|    8|          0|
    |reg_210                            |   8|   0|    8|          0|
    |select_ln15_reg_530                |   3|   0|    3|          0|
    |trunc_ln22_reg_536                 |   5|   0|    5|          0|
    |zext_ln22_17_reg_550               |   3|   0|    5|          2|
    +-----------------------------------+----+----+-----+-----------+
    |Total                              | 148|   0|  150|          2|
    +-----------------------------------+----+----+-----+-----------+



================================================================
== Interface
================================================================
* Summary: 
+---------------+-----+-----+------------+--------------+--------------+
|   RTL Ports   | Dir | Bits|  Protocol  | Source Object|    C Type    |
+---------------+-----+-----+------------+--------------+--------------+
|ap_clk         |   in|    1|  ap_ctrl_hs|   matrix_mult|  return value|
|ap_rst         |   in|    1|  ap_ctrl_hs|   matrix_mult|  return value|
|ap_start       |   in|    1|  ap_ctrl_hs|   matrix_mult|  return value|
|ap_done        |  out|    1|  ap_ctrl_hs|   matrix_mult|  return value|
|ap_idle        |  out|    1|  ap_ctrl_hs|   matrix_mult|  return value|
|ap_ready       |  out|    1|  ap_ctrl_hs|   matrix_mult|  return value|
|a_address0     |  out|    5|   ap_memory|             a|         array|
|a_ce0          |  out|    1|   ap_memory|             a|         array|
|a_q0           |   in|    8|   ap_memory|             a|         array|
|a_address1     |  out|    5|   ap_memory|             a|         array|
|a_ce1          |  out|    1|   ap_memory|             a|         array|
|a_q1           |   in|    8|   ap_memory|             a|         array|
|b_address0     |  out|    5|   ap_memory|             b|         array|
|b_ce0          |  out|    1|   ap_memory|             b|         array|
|b_q0           |   in|    8|   ap_memory|             b|         array|
|b_address1     |  out|    5|   ap_memory|             b|         array|
|b_ce1          |  out|    1|   ap_memory|             b|         array|
|b_q1           |   in|    8|   ap_memory|             b|         array|
|prod_address0  |  out|    5|   ap_memory|          prod|         array|
|prod_ce0       |  out|    1|   ap_memory|          prod|         array|
|prod_we0       |  out|    1|   ap_memory|          prod|         array|
|prod_d0        |  out|   16|   ap_memory|          prod|         array|
+---------------+-----+-----+------------+--------------+--------------+

