09:07:50 INFO  : updated workspace path: C:\zynq
09:07:52 INFO  : [INFO]: Initializing repositories
09:07:52 INFO  : [INFO]: Successfully set the EmbeddedSW path, refer .repo.yaml for more details.
09:07:52 INFO  : Successfully created repository data at C:\Users\ADMIN\AppData\Local\Temp\rigel_lopper_ADMIN16459808495530387708
09:07:52 INFO  : cmd.exe, /C, empyro.bat get_template_data -d C:\Users\ADMIN\AppData\Local\Temp\rigel_lopper_ADMIN16029514773012606847 -r C:\Users\ADMIN\AppData\Local\Temp\rigel_lopper_ADMIN16459808495530387708\.repo.yaml
09:07:52 INFO  : Embedded Template List generated successfully
09:07:52 INFO  : cmd.exe, /C, empyro.bat repo -st   C:\AMDDesignTools\2025.2\Vitis\data\embeddedsw
09:07:53 INFO  : [INFO]: Initializing repositories
09:07:53 INFO  : [INFO]: Successfully set the EmbeddedSW path, refer .repo.yaml for more details.
09:07:53 INFO  : Successfully created repository data at C:\zynq/_ide\.wsdata
09:07:53 INFO  : cmd.exe, /C, empyro.bat get_template_data -d C:\Users\ADMIN\AppData\Local\Temp\rigel_lopper_ADMIN1059759085976765997 -r C:\zynq\_ide\.wsdata\.repo.yaml
09:07:54 INFO  : Embedded Template List generated successfully
09:09:59 INFO  : Using sdt generation script from C:\AMDDesignTools\2025.2\Vitis\vitis-server\scripts\platformutil.tcl
09:09:59 INFO  : cmd.exe, /C, sdtgen.bat C:\AMDDesignTools\2025.2\Vitis\vitis-server\scripts\platformutil.tcl D:\Semester 6\Zynq_practical\baitap1_nhomhuy\first_zynq_design.xsa C:\zynq\.rigel_lopper_temp_platform\first_zynq_design\hw\sdt
09:10:01 ERROR : ERROR: set_dt_param expects an XSA file as an input. Please check -xsa argument.
09:10:01 INFO  :     while executing
09:10:01 ERROR : "error "ERROR: set_dt_param expects an XSA file as an input. Please check -xsa argument.""
09:10:01 INFO  :     ("-xsa" arm line 4)
09:10:01 INFO  :     invoked from within
09:10:01 INFO  : "switch -glob -- [lindex $args 0] {
09:10:01 INFO  : 				-force {set force_create 1}
09:10:01 INFO  : 				-xsa {
09:10:01 INFO  : 					set xsa_file [Pop args 1]
09:10:01 INFO  : 					if {![regexp {^(file|link)$} [file t..."
09:10:01 INFO  :     (procedure "set_dt_param" line 11)
09:10:01 INFO  :     invoked from within
09:10:01 INFO  : "set_dt_param -dir [lindex $argv 1] -xsa [lindex $argv 0]"
09:10:01 INFO  :     (file "C:\AMDDesignTools\2025.2\Vitis\vitis-server\scripts\platformutil.tcl" line 11)
09:10:01 INFO  : SDT generated successfully
09:11:48 INFO  : Using sdt generation script from C:\AMDDesignTools\2025.2\Vitis\vitis-server\scripts\platformutil.tcl
09:11:48 INFO  : cmd.exe, /C, sdtgen.bat C:\AMDDesignTools\2025.2\Vitis\vitis-server\scripts\platformutil.tcl D:\Semester 6\Zynq_practical\baitap1_nhomhuy\first_zynq_system_wrapper.xsa C:\zynq\.rigel_lopper_temp_platform\first_zynq_system_wrapper\hw\sdt
09:11:50 ERROR : ERROR: set_dt_param expects an XSA file as an input. Please check -xsa argument.
09:11:50 INFO  :     while executing
09:11:50 ERROR : "error "ERROR: set_dt_param expects an XSA file as an input. Please check -xsa argument.""
09:11:50 INFO  :     ("-xsa" arm line 4)
09:11:50 INFO  :     invoked from within
09:11:50 INFO  : "switch -glob -- [lindex $args 0] {
09:11:50 INFO  : 				-force {set force_create 1}
09:11:50 INFO  : 				-xsa {
09:11:50 INFO  : 					set xsa_file [Pop args 1]
09:11:50 INFO  : 					if {![regexp {^(file|link)$} [file t..."
09:11:50 INFO  :     (procedure "set_dt_param" line 11)
09:11:50 INFO  :     invoked from within
09:11:50 INFO  : "set_dt_param -dir [lindex $argv 1] -xsa [lindex $argv 0]"
09:11:50 INFO  :     (file "C:\AMDDesignTools\2025.2\Vitis\vitis-server\scripts\platformutil.tcl" line 11)
09:11:50 INFO  : SDT generated successfully
09:14:05 INFO  : Using sdt generation script from C:\AMDDesignTools\2025.2\Vitis\vitis-server\scripts\platformutil.tcl
09:14:05 INFO  : cmd.exe, /C, sdtgen.bat C:\AMDDesignTools\2025.2\Vitis\vitis-server\scripts\platformutil.tcl D:\Semester 6\Zynq_practical\baitap1_nhomhuy\first_zynq_design.xsa C:\zynq\.rigel_lopper_temp_platform\first_zynq_design\hw\sdt
09:14:06 ERROR : ERROR: set_dt_param expects an XSA file as an input. Please check -xsa argument.
09:14:06 INFO  :     while executing
09:14:06 ERROR : "error "ERROR: set_dt_param expects an XSA file as an input. Please check -xsa argument.""
09:14:06 INFO  :     ("-xsa" arm line 4)
09:14:06 INFO  :     invoked from within
09:14:06 INFO  : "switch -glob -- [lindex $args 0] {
09:14:06 INFO  : 				-force {set force_create 1}
09:14:06 INFO  : 				-xsa {
09:14:06 INFO  : 					set xsa_file [Pop args 1]
09:14:06 INFO  : 					if {![regexp {^(file|link)$} [file t..."
09:14:06 INFO  :     (procedure "set_dt_param" line 11)
09:14:06 INFO  :     invoked from within
09:14:06 INFO  : "set_dt_param -dir [lindex $argv 1] -xsa [lindex $argv 0]"
09:14:06 INFO  :     (file "C:\AMDDesignTools\2025.2\Vitis\vitis-server\scripts\platformutil.tcl" line 11)
09:14:06 INFO  : SDT generated successfully
09:14:17 INFO  : Install SDT for given XSA copied Successfully
09:14:17 INFO  : Lopper command for cpu List generation: lopper.bat --enhanced --werror -f -O C:\zynq\.rigel_lopper -i lop-cpu-oslist.dts C:\zynq\.rigel_lopper_temp_platform\vck190\hw\sdt\system-top.dts
09:14:17 INFO  : cmd.exe, /C, lopper.bat --enhanced --werror -f -O C:\zynq\.rigel_lopper -i lop-cpu-oslist.dts C:\zynq\.rigel_lopper_temp_platform\vck190\hw\sdt\system-top.dts
09:14:22 INFO  : CPU List generated successfully
09:14:58 INFO  : Using sdt generation script from C:\AMDDesignTools\2025.2\Vitis\vitis-server\scripts\platformutil.tcl
09:14:58 INFO  : cmd.exe, /C, sdtgen.bat C:\AMDDesignTools\2025.2\Vitis\vitis-server\scripts\platformutil.tcl D:\Semester 6\Zynq_practical\baitap1_nhomhuy\first_zynq_design.xsa C:\zynq\.rigel_lopper_temp_platform\first_zynq_design\hw\sdt
09:14:59 ERROR : ERROR: set_dt_param expects an XSA file as an input. Please check -xsa argument.
09:14:59 INFO  :     while executing
09:14:59 ERROR : "error "ERROR: set_dt_param expects an XSA file as an input. Please check -xsa argument.""
09:14:59 INFO  :     ("-xsa" arm line 4)
09:14:59 INFO  :     invoked from within
09:14:59 INFO  : "switch -glob -- [lindex $args 0] {
09:14:59 INFO  : 				-force {set force_create 1}
09:14:59 INFO  : 				-xsa {
09:14:59 INFO  : 					set xsa_file [Pop args 1]
09:14:59 INFO  : 					if {![regexp {^(file|link)$} [file t..."
09:14:59 INFO  :     (procedure "set_dt_param" line 11)
09:14:59 INFO  :     invoked from within
09:14:59 INFO  : "set_dt_param -dir [lindex $argv 1] -xsa [lindex $argv 0]"
09:14:59 INFO  :     (file "C:\AMDDesignTools\2025.2\Vitis\vitis-server\scripts\platformutil.tcl" line 11)
09:14:59 INFO  : SDT generated successfully
09:18:00 INFO  : Using sdt generation script from C:\AMDDesignTools\2025.2\Vitis\vitis-server\scripts\platformutil.tcl
09:18:00 INFO  : cmd.exe, /C, sdtgen.bat C:\AMDDesignTools\2025.2\Vitis\vitis-server\scripts\platformutil.tcl C:\zynq\first_zynq_design.xsa C:\zynq\.rigel_lopper_temp_platform\first_zynq_design\hw\sdt
09:18:05 INFO  : INFO: C:\zynq\.rigel_lopper_temp_platform\first_zynq_design\hw\sdt exists. Files will be overwritten
09:18:05 INFO  : -xsa C:\zynq\first_zynq_design.xsa
09:18:05 INFO  : -dir C:\zynq\.rigel_lopper_temp_platform\first_zynq_design\hw\sdt
09:18:05 INFO  : -board_dts 
09:18:05 INFO  : -include_dts 
09:18:05 INFO  : -repo C:/AMDDesignTools/2025.2/Vitis/data/system-device-tree-xlnx
09:18:05 INFO  : -zocl disable
09:18:05 INFO  : INFO: [Hsi 55-2053] elapsed time for repository (C:/AMDDesignTools/2025.2/Vitis/data/embeddedsw) loading 1 seconds
09:18:05 INFO  : SDT generated successfully
09:18:05 INFO  : Lopper command for cpu List generation: lopper.bat --enhanced --werror -f -O C:\zynq\.rigel_lopper -i lop-cpu-oslist.dts C:\zynq\.rigel_lopper_temp_platform\first_zynq_design\hw\sdt\system-top.dts
09:18:05 INFO  : cmd.exe, /C, lopper.bat --enhanced --werror -f -O C:\zynq\.rigel_lopper -i lop-cpu-oslist.dts C:\zynq\.rigel_lopper_temp_platform\first_zynq_design\hw\sdt\system-top.dts
09:18:05 INFO  : CPU List generated successfully
09:20:25 INFO  : Platform zybo_platform creation started.
09:20:25 INFO  : Lopper command for cpu List generation: lopper.bat --enhanced --werror -f -O C:\zynq\.rigel_lopper -i lop-cpu-oslist.dts C:\zynq\zybo_platform\hw\sdt\system-top.dts
09:20:25 INFO  : cmd.exe, /C, lopper.bat --enhanced --werror -f -O C:\zynq\.rigel_lopper -i lop-cpu-oslist.dts C:\zynq\zybo_platform\hw\sdt\system-top.dts
09:20:26 INFO  : CPU List generated successfully
09:20:26 INFO  : SDT generated successfully.
09:20:26 INFO  : ZYNQ: Using the QEMU args from install at  : C:\AMDDesignTools\2025.2\Vitis\data\emulation\platforms\zynq\sw\a9_linux\qemu\qemu_args.txt
09:20:26 INFO  : ZYNQ: Using the QEMU args from install at  : C:\AMDDesignTools\2025.2\Vitis\data\emulation\platforms\zynq\sw\a9_standalone\qemu\qemu_args.txt
09:20:26 INFO  : ZYNQ: Using the QEMU args from install at  : C:\AMDDesignTools\2025.2\Vitis\data\emulation\platforms\zynq\sw\a9_standalone\qemu\qemu_args.txt
09:20:26 INFO  : lopper command to generate BSP :empyro.bat create_bsp -w C:\zynq\zybo_platform\zynq_fsbl\zynq_fsbl_bsp -p ps7_cortexa9_0 -o standalone -s C:\zynq\zybo_platform\hw\sdt\system-top.dts -t zynq_fsbl -r C:\zynq\_ide\.wsdata\.repo.yaml
09:20:26 INFO  : lopper command to generate BSP :empyro.bat create_bsp -w C:\zynq\zybo_platform\ps7_cortexa9_0\standalone_ps7_cortexa9_0\bsp -p ps7_cortexa9_0 -o standalone -s C:\zynq\zybo_platform\hw\sdt\system-top.dts -t empty_application -r C:\zynq\_ide\.wsdata\.repo.yaml
09:20:26 INFO  : cmd.exe, /C, empyro.bat create_bsp -w C:\zynq\zybo_platform\zynq_fsbl\zynq_fsbl_bsp -p ps7_cortexa9_0 -o standalone -s C:\zynq\zybo_platform\hw\sdt\system-top.dts -t zynq_fsbl -r C:\zynq\_ide\.wsdata\.repo.yaml
09:20:26 INFO  : cmd.exe, /C, empyro.bat create_bsp -w C:\zynq\zybo_platform\ps7_cortexa9_0\standalone_ps7_cortexa9_0\bsp -p ps7_cortexa9_0 -o standalone -s C:\zynq\zybo_platform\hw\sdt\system-top.dts -t empty_application -r C:\zynq\_ide\.wsdata\.repo.yaml
09:20:42 INFO  : [INFO]: Starting domain creation
09:20:42 INFO  : [INFO]: Generating Domain-specific DTS for ps7_cortexa9_0
09:20:42 INFO  : [INFO]: Generating required metadata from domain specific DT
09:20:42 INFO  : [INFO]: Successfully created Domain at C:\zynq\zybo_platform\ps7_cortexa9_0\standalone_ps7_cortexa9_0\bsp
09:20:42 INFO  : Successfully Generated Domain C:\zynq\zybo_platform\ps7_cortexa9_0\standalone_ps7_cortexa9_0\bsp
09:20:42 INFO  : Domain standalone_ps7_cortexa9_0 added successfully.
09:20:42 INFO  : [INFO]: Starting domain creation
09:20:42 INFO  : [INFO]: Generating Domain-specific DTS for ps7_cortexa9_0
09:20:42 INFO  : [INFO]: Generating required metadata from domain specific DT
09:20:42 INFO  : [INFO]: Successfully created Domain at C:\zynq\zybo_platform\zynq_fsbl\zynq_fsbl_bsp
09:20:42 INFO  : Successfully Generated Domain C:\zynq\zybo_platform\zynq_fsbl\zynq_fsbl_bsp
09:20:42 INFO  : lopper command to create baremetal application :empyro.bat create_app --src_dir C:\zynq\zybo_platform\zynq_fsbl -t zynq_fsbl -d C:\zynq\zybo_platform\zynq_fsbl\zynq_fsbl_bsp -n fsbl -r C:\zynq\_ide\.wsdata\.repo.yaml
09:20:42 INFO  : cmd.exe, /C, empyro.bat validate_bsp -t zynq_fsbl -d C:\zynq\zybo_platform\zynq_fsbl\zynq_fsbl_bsp -r C:\zynq\_ide\.wsdata\.repo.yaml
09:20:44 INFO  : Successfully validated template zynq_fsbl
09:20:44 INFO  : cmd.exe, /C, empyro.bat create_app --src_dir C:\zynq\zybo_platform\zynq_fsbl -t zynq_fsbl -d C:\zynq\zybo_platform\zynq_fsbl\zynq_fsbl_bsp -n fsbl -r C:\zynq\_ide\.wsdata\.repo.yaml
09:20:46 INFO  : [INFO]: Generating Linker script for zynq_fsbl
09:20:46 INFO  : [INFO]: Successfully Created Application sources at C:/zynq/zybo_platform/zynq_fsbl
09:20:46 INFO  : Successfully created Application C:\zynq\zybo_platform\zynq_fsbl
09:20:46 INFO  : Platform FSBL Boot domain added successfully.
09:20:46 INFO  : created .gitignore file for the project C:\zynq\zybo_platform
09:20:46 INFO  : Platform creation finished successfully.
09:20:46 INFO  : Platform Quick Build initiated.
09:20:46 INFO  : Generating Export directory
09:20:47 INFO  : Generated platform metadata for creating application(s) based on platform zybo_platform.
09:21:23 INFO  : cmd.exe, /C, lopper.bat -O  . C:\zynq\zybo_platform\hw\sdt\system-top.dts -- baremetal_getsupported_comp_xlnx ps7_cortexa9_0 C:\zynq\_ide\.wsdata\.repo.yaml
09:21:24 INFO  : Supported Library List generated.
09:21:27 INFO  : cmd.exe, /C, lopper.bat -O  . C:\zynq\zybo_platform\hw\sdt\system-top.dts -- baremetal_getsupported_comp_xlnx ps7_cortexa9_0 C:\zynq\_ide\.wsdata\.repo.yaml
09:21:28 INFO  : Supported Library List generated.
09:25:50 INFO  : BSP build will be initiated for Domain standalone_ps7_cortexa9_0
09:25:50 INFO  : BSP build will be initiated for Domain zynq_fsbl
09:25:50 INFO  : Generating BSP for the domain C:\zynq\zybo_platform\ps7_cortexa9_0\standalone_ps7_cortexa9_0\bsp
09:25:50 INFO  : Generating BSP for the domain C:\zynq\zybo_platform\zynq_fsbl\zynq_fsbl_bsp
09:25:50 INFO  : lopper command to reconfigure BSP :empyro.bat reconfig_bsp -d C:\zynq\zybo_platform\ps7_cortexa9_0\standalone_ps7_cortexa9_0\bsp
09:25:50 INFO  : lopper command to reconfigure BSP :empyro.bat reconfig_bsp -d C:\zynq\zybo_platform\zynq_fsbl\zynq_fsbl_bsp
09:25:50 INFO  : cmd.exe, /C, empyro.bat reconfig_bsp -d C:\zynq\zybo_platform\zynq_fsbl\zynq_fsbl_bsp
09:25:50 INFO  : cmd.exe, /C, empyro.bat reconfig_bsp -d C:\zynq\zybo_platform\ps7_cortexa9_0\standalone_ps7_cortexa9_0\bsp
09:25:51 INFO  : Domain reconfigured successfully
09:25:51 INFO  : Generating BSP for the domain C:\zynq\zybo_platform\ps7_cortexa9_0\standalone_ps7_cortexa9_0\bsp
09:25:51 INFO  : lopper command to build BSP :empyro.bat build_bsp -d C:\zynq\zybo_platform\ps7_cortexa9_0\standalone_ps7_cortexa9_0\bsp
09:25:51 INFO  : cmd.exe, /C, empyro.bat build_bsp -d C:\zynq\zybo_platform\ps7_cortexa9_0\standalone_ps7_cortexa9_0\bsp
09:25:51 INFO  : Domain reconfigured successfully
09:25:51 INFO  : Generating BSP for the domain C:\zynq\zybo_platform\zynq_fsbl\zynq_fsbl_bsp
09:25:51 INFO  : lopper command to build BSP :empyro.bat build_bsp -d C:\zynq\zybo_platform\zynq_fsbl\zynq_fsbl_bsp
09:25:51 INFO  : cmd.exe, /C, empyro.bat build_bsp -d C:\zynq\zybo_platform\zynq_fsbl\zynq_fsbl_bsp
09:25:58 INFO  : Domain build successfully
09:25:59 INFO  : Domain build successfully
09:25:59 INFO  : Generating Boot ELFs
09:25:59 INFO  : lopper command to retarget baremetal application :empyro.bat retarget_app -s C:\zynq\zybo_platform\zynq_fsbl -d C:\zynq\zybo_platform\zynq_fsbl\zynq_fsbl_bsp -b C:\zynq\zybo_platform\zynq_fsbl\build
09:25:59 INFO  : cmd.exe, /C, empyro.bat retarget_app -s C:\zynq\zybo_platform\zynq_fsbl -d C:\zynq\zybo_platform\zynq_fsbl\zynq_fsbl_bsp -b C:\zynq\zybo_platform\zynq_fsbl\build
09:26:00 INFO  : [INFO]: Retargeting app
09:26:00 INFO  : [INFO]: Updating link libraries based on new domain
09:26:00 INFO  : Successfully retargeted Application C:\zynq\zybo_platform\zynq_fsbl
09:26:00 INFO  : lopper command to build baremetal application :empyro.bat build_app --src_dir C:\zynq\zybo_platform\zynq_fsbl --build_dir C:\zynq\zybo_platform\zynq_fsbl\build
09:26:00 INFO  : cmd.exe, /C, empyro.bat build_app --src_dir C:\zynq\zybo_platform\zynq_fsbl --build_dir C:\zynq\zybo_platform\zynq_fsbl\build
09:26:04 INFO  : Successfully building the baremetal applicationC:\zynq\zybo_platform\zynq_fsbl\build
09:26:04 INFO  : Generating Export directory
09:26:04 INFO  : Platform Build Finished successfully.
09:28:07 INFO  : cmd.exe, /C, empyro.bat validate_bsp -t empty_application -d C:\zynq\zybo_platform\export\zybo_platform\sw\standalone_ps7_cortexa9_0 -r C:\zynq\_ide\.wsdata\.repo.yaml
09:28:08 INFO  : Successfully validated template empty_application
09:28:33 INFO  : lopper command to create baremetal application :empyro.bat create_app --src_dir C:\zynq\led_test\src -t empty_application -d C:\zynq\zybo_platform\export\zybo_platform\sw\standalone_ps7_cortexa9_0 -n led_test -r C:\zynq\_ide\.wsdata\.repo.yaml
09:28:33 INFO  : cmd.exe, /C, empyro.bat validate_bsp -t empty_application -d C:\zynq\zybo_platform\export\zybo_platform\sw\standalone_ps7_cortexa9_0 -r C:\zynq\_ide\.wsdata\.repo.yaml
09:28:33 INFO  : Successfully validated template empty_application
09:28:33 INFO  : cmd.exe, /C, empyro.bat create_app --src_dir C:\zynq\led_test\src -t empty_application -d C:\zynq\zybo_platform\export\zybo_platform\sw\standalone_ps7_cortexa9_0 -n led_test -r C:\zynq\_ide\.wsdata\.repo.yaml
09:28:36 INFO  : [INFO]: Generating Linker script for empty_application
09:28:36 INFO  : [INFO]: Successfully Created Application sources at C:/zynq/led_test/src
09:28:36 INFO  : Successfully created Application C:\zynq\led_test\src
09:28:36 INFO  : created .gitignore file for the project C:\zynq\led_test
09:28:36 INFO  : The hardware specification used by project 'C:\zynq\led_test' is out of sync with the platform. Resource files extracted from the hardware specification will be updated.
09:28:36 INFO  : The updated bitstream files are copied from platform to folder 'C:\zynq\led_test\_ide\bitstream' in project 'C:\zynq\led_test'.
09:28:36 INFO  : The updated ps init files are copied from platform to folder 'C:\zynq\led_test\_ide\psinit' in project 'C:\zynq\led_test'.
09:31:24 INFO  : connection terminated
09:31:24 INFO  : connection terminated
09:31:24 INFO  : scheduling shutdown timer for 2 seconds ...
09:31:26 INFO  : Terminating Vitis C++ Server
09:31:26 INFO  : Vitis C++ Server terminated
09:37:15 INFO  : updated workspace path: C:\zynq
09:37:15 INFO  : cmd.exe, /C, empyro.bat get_template_data -d C:\Users\ADMIN\AppData\Local\Temp\rigel_lopper_ADMIN493022476109594296 -r C:\zynq\_ide\.wsdata\.repo.yaml
09:37:16 INFO  : Embedded Template List generated successfully
09:54:43 INFO  : BSP build will be initiated for Domain zynq_fsbl
09:54:43 INFO  : BSP build will be initiated for Domain standalone_ps7_cortexa9_0
09:54:43 INFO  : Generating BSP for the domain C:\zynq\zybo_platform\zynq_fsbl\zynq_fsbl_bsp
09:54:43 INFO  : Generating BSP for the domain C:\zynq\zybo_platform\ps7_cortexa9_0\standalone_ps7_cortexa9_0\bsp
09:54:43 INFO  : lopper command to reconfigure BSP :empyro.bat reconfig_bsp -d C:\zynq\zybo_platform\zynq_fsbl\zynq_fsbl_bsp
09:54:43 INFO  : lopper command to reconfigure BSP :empyro.bat reconfig_bsp -d C:\zynq\zybo_platform\ps7_cortexa9_0\standalone_ps7_cortexa9_0\bsp
09:54:43 INFO  : cmd.exe, /C, empyro.bat reconfig_bsp -d C:\zynq\zybo_platform\zynq_fsbl\zynq_fsbl_bsp
09:54:43 INFO  : cmd.exe, /C, empyro.bat reconfig_bsp -d C:\zynq\zybo_platform\ps7_cortexa9_0\standalone_ps7_cortexa9_0\bsp
09:54:43 INFO  : Domain reconfigured successfully
09:54:43 INFO  : Generating BSP for the domain C:\zynq\zybo_platform\ps7_cortexa9_0\standalone_ps7_cortexa9_0\bsp
09:54:43 INFO  : lopper command to build BSP :empyro.bat build_bsp -d C:\zynq\zybo_platform\ps7_cortexa9_0\standalone_ps7_cortexa9_0\bsp
09:54:43 INFO  : cmd.exe, /C, empyro.bat build_bsp -d C:\zynq\zybo_platform\ps7_cortexa9_0\standalone_ps7_cortexa9_0\bsp
09:54:43 INFO  : Domain reconfigured successfully
09:54:43 INFO  : Generating BSP for the domain C:\zynq\zybo_platform\zynq_fsbl\zynq_fsbl_bsp
09:54:43 INFO  : lopper command to build BSP :empyro.bat build_bsp -d C:\zynq\zybo_platform\zynq_fsbl\zynq_fsbl_bsp
09:54:43 INFO  : cmd.exe, /C, empyro.bat build_bsp -d C:\zynq\zybo_platform\zynq_fsbl\zynq_fsbl_bsp
09:54:44 INFO  : Domain build successfully
09:54:44 INFO  : Domain build successfully
09:54:44 INFO  : Generating Boot ELFs
09:54:44 INFO  : lopper command to retarget baremetal application :empyro.bat retarget_app -s C:\zynq\zybo_platform\zynq_fsbl -d C:\zynq\zybo_platform\zynq_fsbl\zynq_fsbl_bsp -b C:\zynq\zybo_platform\zynq_fsbl\build
09:54:44 INFO  : cmd.exe, /C, empyro.bat retarget_app -s C:\zynq\zybo_platform\zynq_fsbl -d C:\zynq\zybo_platform\zynq_fsbl\zynq_fsbl_bsp -b C:\zynq\zybo_platform\zynq_fsbl\build
09:54:45 INFO  : [INFO]: Retargeting app
09:54:45 INFO  : [INFO]: Updating link libraries based on new domain
09:54:45 INFO  : Successfully retargeted Application C:\zynq\zybo_platform\zynq_fsbl
09:54:45 INFO  : lopper command to build baremetal application :empyro.bat build_app --src_dir C:\zynq\zybo_platform\zynq_fsbl --build_dir C:\zynq\zybo_platform\zynq_fsbl\build
09:54:45 INFO  : cmd.exe, /C, empyro.bat build_app --src_dir C:\zynq\zybo_platform\zynq_fsbl --build_dir C:\zynq\zybo_platform\zynq_fsbl\build
09:54:47 INFO  : Successfully building the baremetal applicationC:\zynq\zybo_platform\zynq_fsbl\build
09:54:47 INFO  : Generating Export directory
09:54:47 INFO  : Platform Build Finished successfully.
09:54:47 INFO  : lopper command to retarget baremetal application :empyro.bat retarget_app -s c:\zynq\led_test\src -d C:\zynq\zybo_platform\export\zybo_platform\sw\standalone_ps7_cortexa9_0 -b c:\zynq\led_test\build
09:54:47 INFO  : cmd.exe, /C, empyro.bat retarget_app -s c:\zynq\led_test\src -d C:\zynq\zybo_platform\export\zybo_platform\sw\standalone_ps7_cortexa9_0 -b c:\zynq\led_test\build
09:54:47 INFO  : [INFO]: Retargeting app
09:54:47 INFO  : [INFO]: Updating link libraries based on new domain
09:54:47 INFO  : Successfully retargeted Application c:\zynq\led_test\src
09:54:47 INFO  : Initiating build for the led_test component.
09:54:47 INFO  : cmd.exe, /C, empyro.bat build_app -s c:\zynq\led_test\src -b c:\zynq\led_test\build
09:54:47 INFO  : Command: cmd.exe /C set CC= && set CXX= && empyro.bat build_app -s c:\zynq\led_test\src -b c:\zynq\led_test\build
09:56:00 INFO  : XSDB server has started successfully from frontend.
09:56:00 INFO  : It has taken  2secs.
09:56:01 INFO  : Connection to XSDB Server established.
09:56:01 INFO  : It has taken  1secs.
09:56:01 INFO  : connect -url tcp:127.0.0.1:3121
09:56:01 INFO  : Done
09:56:03 INFO  : bpremove -all
09:56:13 ERROR : Failed to initialize the hardware. Could not find ARM device on the board for connection 'Local'.
Check if the target is in:
1. Split JTAG - No operations are possible with ARM DAP.
2. Non JTAG bootmode - Bootrom may need time to enable DAP.
Please try again.


Troubleshooting hints:
1. Check whether board is connected to system properly.
2. In case of zynq board, check whether Digilent/Xilinx cable switch settings are correct.
3. If you are using Xilinx Platform Cable USB, ensure that status LED is green.
10:00:30 INFO  : cmd.exe, /C, empyro.bat validate_bsp -t empty_application -d C:\zynq\zybo_platform\export\zybo_platform\sw\standalone_ps7_cortexa9_0 -r C:\zynq\_ide\.wsdata\.repo.yaml
10:00:30 INFO  : Successfully validated template empty_application
10:21:54 INFO  : BSP build will be initiated for Domain zynq_fsbl
10:21:54 INFO  : BSP build will be initiated for Domain standalone_ps7_cortexa9_0
10:21:54 INFO  : Generating BSP for the domain C:\zynq\zybo_platform\zynq_fsbl\zynq_fsbl_bsp
10:21:54 INFO  : lopper command to reconfigure BSP :empyro.bat reconfig_bsp -d C:\zynq\zybo_platform\zynq_fsbl\zynq_fsbl_bsp
10:21:54 INFO  : Generating BSP for the domain C:\zynq\zybo_platform\ps7_cortexa9_0\standalone_ps7_cortexa9_0\bsp
10:21:54 INFO  : lopper command to reconfigure BSP :empyro.bat reconfig_bsp -d C:\zynq\zybo_platform\ps7_cortexa9_0\standalone_ps7_cortexa9_0\bsp
10:21:54 INFO  : cmd.exe, /C, empyro.bat reconfig_bsp -d C:\zynq\zybo_platform\zynq_fsbl\zynq_fsbl_bsp
10:21:54 INFO  : cmd.exe, /C, empyro.bat reconfig_bsp -d C:\zynq\zybo_platform\ps7_cortexa9_0\standalone_ps7_cortexa9_0\bsp
10:21:55 INFO  : Domain reconfigured successfully
10:21:55 INFO  : Generating BSP for the domain C:\zynq\zybo_platform\ps7_cortexa9_0\standalone_ps7_cortexa9_0\bsp
10:21:55 INFO  : lopper command to build BSP :empyro.bat build_bsp -d C:\zynq\zybo_platform\ps7_cortexa9_0\standalone_ps7_cortexa9_0\bsp
10:21:55 INFO  : cmd.exe, /C, empyro.bat build_bsp -d C:\zynq\zybo_platform\ps7_cortexa9_0\standalone_ps7_cortexa9_0\bsp
10:21:55 INFO  : Domain reconfigured successfully
10:21:55 INFO  : Generating BSP for the domain C:\zynq\zybo_platform\zynq_fsbl\zynq_fsbl_bsp
10:21:55 INFO  : lopper command to build BSP :empyro.bat build_bsp -d C:\zynq\zybo_platform\zynq_fsbl\zynq_fsbl_bsp
10:21:55 INFO  : cmd.exe, /C, empyro.bat build_bsp -d C:\zynq\zybo_platform\zynq_fsbl\zynq_fsbl_bsp
10:21:56 INFO  : Domain build successfully
10:21:56 INFO  : Domain build successfully
10:21:56 INFO  : Generating Boot ELFs
10:21:56 INFO  : lopper command to retarget baremetal application :empyro.bat retarget_app -s C:\zynq\zybo_platform\zynq_fsbl -d C:\zynq\zybo_platform\zynq_fsbl\zynq_fsbl_bsp -b C:\zynq\zybo_platform\zynq_fsbl\build
10:21:56 INFO  : cmd.exe, /C, empyro.bat retarget_app -s C:\zynq\zybo_platform\zynq_fsbl -d C:\zynq\zybo_platform\zynq_fsbl\zynq_fsbl_bsp -b C:\zynq\zybo_platform\zynq_fsbl\build
10:21:57 INFO  : [INFO]: Retargeting app
10:21:57 INFO  : [INFO]: Updating link libraries based on new domain
10:21:57 INFO  : Successfully retargeted Application C:\zynq\zybo_platform\zynq_fsbl
10:21:57 INFO  : lopper command to build baremetal application :empyro.bat build_app --src_dir C:\zynq\zybo_platform\zynq_fsbl --build_dir C:\zynq\zybo_platform\zynq_fsbl\build
10:21:57 INFO  : cmd.exe, /C, empyro.bat build_app --src_dir C:\zynq\zybo_platform\zynq_fsbl --build_dir C:\zynq\zybo_platform\zynq_fsbl\build
10:21:59 INFO  : Successfully building the baremetal applicationC:\zynq\zybo_platform\zynq_fsbl\build
10:21:59 INFO  : Generating Export directory
10:21:59 INFO  : Platform Build Finished successfully.
10:21:59 INFO  : lopper command to retarget baremetal application :empyro.bat retarget_app -s c:\zynq\led_test\src -d C:\zynq\zybo_platform\export\zybo_platform\sw\standalone_ps7_cortexa9_0 -b c:\zynq\led_test\build
10:21:59 INFO  : cmd.exe, /C, empyro.bat retarget_app -s c:\zynq\led_test\src -d C:\zynq\zybo_platform\export\zybo_platform\sw\standalone_ps7_cortexa9_0 -b c:\zynq\led_test\build
10:22:00 INFO  : [INFO]: Retargeting app
10:22:00 INFO  : [INFO]: Updating link libraries based on new domain
10:22:00 INFO  : Successfully retargeted Application c:\zynq\led_test\src
10:22:00 INFO  : Initiating build for the led_test component.
10:22:00 INFO  : cmd.exe, /C, empyro.bat build_app -s c:\zynq\led_test\src -b c:\zynq\led_test\build
10:22:00 INFO  : Command: cmd.exe /C set CC= && set CXX= && empyro.bat build_app -s c:\zynq\led_test\src -b c:\zynq\led_test\build
10:22:09 INFO  : connect -url tcp:127.0.0.1:3121
10:22:09 INFO  : bpremove -all
10:22:18 ERROR : Failed to initialize the hardware. Could not find ARM device on the board for connection 'Local'.
Check if the target is in:
1. Split JTAG - No operations are possible with ARM DAP.
2. Non JTAG bootmode - Bootrom may need time to enable DAP.
Please try again.


Troubleshooting hints:
1. Check whether board is connected to system properly.
2. In case of zynq board, check whether Digilent/Xilinx cable switch settings are correct.
3. If you are using Xilinx Platform Cable USB, ensure that status LED is green.
10:45:27 INFO  : connection terminated
10:45:27 INFO  : connection terminated
10:45:27 INFO  : scheduling shutdown timer for 2 seconds ...
10:45:29 INFO  : Terminating Vitis C++ Server
10:45:29 INFO  : Vitis C++ Server terminated
