

================================================================
== Vitis HLS Report for 'matrix_mult'
================================================================
* Date:           Tue May 26 23:57:51 2026

* Version:        2025.2 (Build 6295257 on Nov 14 2025)
* Project:        matrix_mult_automation_prj
* Solution:       Solution4 (Vivado IP Flow Target)
* Product family: zynq
* Target device:  xc7z010-clg400-1


================================================================
== Performance Estimates
================================================================
+ Timing: 
    * Summary: 
    +--------+----------+----------+------------+
    |  Clock |  Target  | Estimated| Uncertainty|
    +--------+----------+----------+------------+
    |ap_clk  |  10.00 ns|  6.270 ns|     2.70 ns|
    +--------+----------+----------+------------+

+ Latency: 
    * Summary: 
    +---------+---------+----------+----------+-----+-----+------------------------------------------------+
    |  Latency (cycles) |  Latency (absolute) |  Interval |                    Pipeline                    |
    |   min   |   max   |    min   |    max   | min | max |                      Type                      |
    +---------+---------+----------+----------+-----+-----+------------------------------------------------+
    |       31|       31|  0.310 us|  0.310 us|   25|   25|  loop auto-rewind stp (delay=0 clock cycles(s))|
    +---------+---------+----------+----------+-----+-----+------------------------------------------------+

    + Detail: 
        * Instance: 
        N/A

        * Loop: 
        +-----------+---------+---------+----------+-----------+-----------+------+----------+
        |           |  Latency (cycles) | Iteration|  Initiation Interval  | Trip |          |
        | Loop Name |   min   |   max   |  Latency |  achieved |   target  | Count| Pipelined|
        +-----------+---------+---------+----------+-----------+-----------+------+----------+
        |- Row_Col  |       29|       29|         6|          1|          1|    25|       yes|
        +-----------+---------+---------+----------+-----------+-----------+------+----------+

============================================================
+ Verbose Summary: Synthesis Manager
============================================================
InlineROM: 1
ExposeGlobal: 0
============================================================
+ Verbose Summary: CDFG Model
============================================================
IsTopModel: 1
ResetActiveHigh: 1
IsCombinational: 0
IsDatapathOnly: 0
HasWiredReturn: 1
HasMFsm: 2
HasVarLatency: 1
IsPipeline: 0
IsRtlPipelined: 0
IsInstanceOverlapped: 0
IsDontTouch: 0
HasImplIP: 0
IsGatedGlobalClock: 0

+ Individual pipeline summary: 
  * Pipeline-0: initiation interval (II) = 1, depth = 6


============================================================
+ Verbose Summary: Schedule
============================================================
* Number of FSM states : 6
* Pipeline : 1
  Pipeline-0 : II = 1, D = 6, States = { 1 2 3 4 5 6 }
* Dataflow Pipeline: 0

* FSM state transitions: 
1 --> 2 
2 --> 3 
3 --> 4 
4 --> 5 
5 --> 6 
6 --> 

* FSM state operations: 

State 1 <SV = 0> <Delay = 5.86>
ST_1 : Operation 9 [1/1] (0.00ns)   --->   "%indvar_flatten1 = alloca i32 1"   --->   Operation 9 'alloca' 'indvar_flatten1' <Predicate = true> <Delay = 0.00>
ST_1 : Operation 10 [1/1] (0.00ns)   --->   "%i = alloca i32 1" [matrix_mult.cpp:15]   --->   Operation 10 'alloca' 'i' <Predicate = true> <Delay = 0.00>
ST_1 : Operation 11 [1/1] (0.00ns)   --->   "%j = alloca i32 1" [matrix_mult.cpp:17]   --->   Operation 11 'alloca' 'j' <Predicate = true> <Delay = 0.00>
ST_1 : Operation 12 [1/1] (0.00ns)   --->   "%spectopmodule_ln0 = spectopmodule void @_ssdm_op_SpecTopModule, void @empty_1"   --->   Operation 12 'spectopmodule' 'spectopmodule_ln0' <Predicate = true> <Delay = 0.00>
ST_1 : Operation 13 [1/1] (0.00ns)   --->   "%specinterface_ln0 = specinterface void @_ssdm_op_SpecInterface, i40 %a, void @empty, i32 0, i32 0, void @empty_0, i32 4294967295, i32 0, void @empty_0, void @empty_0, void @empty_0, i32 0, i32 0, i32 0, i32 0, void @empty_0, void @empty_0, i32 4294967295, i32 0, i32 0, i32 0"   --->   Operation 13 'specinterface' 'specinterface_ln0' <Predicate = true> <Delay = 0.00>
ST_1 : Operation 14 [1/1] (0.00ns)   --->   "%specbitsmap_ln0 = specbitsmap void @_ssdm_op_SpecBitsMap, i40 %a"   --->   Operation 14 'specbitsmap' 'specbitsmap_ln0' <Predicate = true> <Delay = 0.00>
ST_1 : Operation 15 [1/1] (0.00ns)   --->   "%specinterface_ln0 = specinterface void @_ssdm_op_SpecInterface, i40 %b, void @empty, i32 0, i32 0, void @empty_0, i32 4294967295, i32 0, void @empty_0, void @empty_0, void @empty_0, i32 0, i32 0, i32 0, i32 0, void @empty_0, void @empty_0, i32 4294967295, i32 0, i32 0, i32 0"   --->   Operation 15 'specinterface' 'specinterface_ln0' <Predicate = true> <Delay = 0.00>
ST_1 : Operation 16 [1/1] (0.00ns)   --->   "%specbitsmap_ln0 = specbitsmap void @_ssdm_op_SpecBitsMap, i40 %b"   --->   Operation 16 'specbitsmap' 'specbitsmap_ln0' <Predicate = true> <Delay = 0.00>
ST_1 : Operation 17 [1/1] (0.00ns)   --->   "%specinterface_ln0 = specinterface void @_ssdm_op_SpecInterface, i16 %prod, void @empty, i32 0, i32 0, void @empty_0, i32 4294967295, i32 0, void @empty_0, void @empty_0, void @empty_0, i32 0, i32 0, i32 0, i32 0, void @empty_0, void @empty_0, i32 4294967295, i32 0, i32 0, i32 0"   --->   Operation 17 'specinterface' 'specinterface_ln0' <Predicate = true> <Delay = 0.00>
ST_1 : Operation 18 [1/1] (0.00ns)   --->   "%specbitsmap_ln0 = specbitsmap void @_ssdm_op_SpecBitsMap, i16 %prod"   --->   Operation 18 'specbitsmap' 'specbitsmap_ln0' <Predicate = true> <Delay = 0.00>
ST_1 : Operation 19 [1/1] (1.58ns)   --->   "%store_ln17 = store i3 0, i3 %j" [matrix_mult.cpp:17]   --->   Operation 19 'store' 'store_ln17' <Predicate = true> <Delay = 1.58>
ST_1 : Operation 20 [1/1] (1.58ns)   --->   "%store_ln15 = store i3 0, i3 %i" [matrix_mult.cpp:15]   --->   Operation 20 'store' 'store_ln15' <Predicate = true> <Delay = 1.58>
ST_1 : Operation 21 [1/1] (1.58ns)   --->   "%store_ln0 = store i5 0, i5 %indvar_flatten1"   --->   Operation 21 'store' 'store_ln0' <Predicate = true> <Delay = 1.58>
ST_1 : Operation 22 [1/1] (1.58ns)   --->   "%br_ln0 = br void %for.inc29"   --->   Operation 22 'br' 'br_ln0' <Predicate = true> <Delay = 1.58>
ST_1 : Operation 23 [1/1] (0.00ns)   --->   "%icmp_ln174 = phi i1 0, void %entry, i1 %icmp_ln17, void %for.inc29" [matrix_mult.cpp:17]   --->   Operation 23 'phi' 'icmp_ln174' <Predicate = true> <Delay = 0.00>
ST_1 : Operation 24 [1/1] (0.00ns)   --->   "%indvar_flatten1_load = load i5 %indvar_flatten1" [matrix_mult.cpp:15]   --->   Operation 24 'load' 'indvar_flatten1_load' <Predicate = true> <Delay = 0.00>
ST_1 : Operation 25 [1/1] (0.00ns)   --->   "%i_1 = load i3 %i" [matrix_mult.cpp:15]   --->   Operation 25 'load' 'i_1' <Predicate = true> <Delay = 0.00>
ST_1 : Operation 26 [1/1] (0.00ns)   --->   "%j_1 = load i3 %j" [matrix_mult.cpp:15]   --->   Operation 26 'load' 'j_1' <Predicate = true> <Delay = 0.00>
ST_1 : Operation 27 [1/1] (1.65ns)   --->   "%add_ln15 = add i3 %i_1, i3 1" [matrix_mult.cpp:15]   --->   Operation 27 'add' 'add_ln15' <Predicate = true> <Delay = 1.65> <CoreInst = "Adder">   --->   Core 1 'Adder' <Latency = 0> <II = 1> <Delay = 1.65> <FuncUnit> <Opcode : 'add' 'sub'> <InPorts = 2> <OutPorts = 1>
ST_1 : Operation 28 [1/1] (0.98ns)   --->   "%select_ln15 = select i1 %icmp_ln174, i3 0, i3 %j_1" [matrix_mult.cpp:15]   --->   Operation 28 'select' 'select_ln15' <Predicate = true> <Delay = 0.98> <CoreInst = "Sel">   --->   Core 73 'Sel' <Latency = 0> <II = 1> <Delay = 0.98> <FuncUnit> <Opcode : 'select'> <InPorts = 3> <OutPorts = 1>
ST_1 : Operation 29 [1/1] (0.98ns)   --->   "%i_3 = select i1 %icmp_ln174, i3 %add_ln15, i3 %i_1" [matrix_mult.cpp:15]   --->   Operation 29 'select' 'i_3' <Predicate = true> <Delay = 0.98> <CoreInst = "Sel">   --->   Core 73 'Sel' <Latency = 0> <II = 1> <Delay = 0.98> <FuncUnit> <Opcode : 'select'> <InPorts = 3> <OutPorts = 1>
ST_1 : Operation 30 [1/1] (0.00ns)   --->   "%zext_ln15 = zext i3 %i_3" [matrix_mult.cpp:15]   --->   Operation 30 'zext' 'zext_ln15' <Predicate = true> <Delay = 0.00>
ST_1 : Operation 31 [1/1] (0.00ns)   --->   "%a_addr = getelementptr i40 %a, i64 0, i64 %zext_ln15" [matrix_mult.cpp:22]   --->   Operation 31 'getelementptr' 'a_addr' <Predicate = true> <Delay = 0.00>
ST_1 : Operation 32 [2/2] (0.00ns)   --->   "%a_load = load i3 %a_addr" [matrix_mult.cpp:22]   --->   Operation 32 'load' 'a_load' <Predicate = true> <Delay = 0.00> <CoreInst = "RAM">   --->   Core 81 'RAM' <Latency = 1> <II = 1> <Delay = 2.32> <Storage> <Opcode : 'load' 'store'> <Ports = 2> <Width = 40> <Depth = 5> <RAM>
ST_1 : Operation 33 [1/1] (0.00ns)   --->   "%zext_ln17 = zext i3 %select_ln15" [matrix_mult.cpp:17]   --->   Operation 33 'zext' 'zext_ln17' <Predicate = true> <Delay = 0.00>
ST_1 : Operation 34 [1/1] (0.00ns)   --->   "%b_addr = getelementptr i40 %b, i64 0, i64 %zext_ln17" [matrix_mult.cpp:22]   --->   Operation 34 'getelementptr' 'b_addr' <Predicate = true> <Delay = 0.00>
ST_1 : Operation 35 [2/2] (0.00ns)   --->   "%b_load = load i3 %b_addr" [matrix_mult.cpp:22]   --->   Operation 35 'load' 'b_load' <Predicate = true> <Delay = 0.00> <CoreInst = "RAM">   --->   Core 81 'RAM' <Latency = 1> <II = 1> <Delay = 2.32> <Storage> <Opcode : 'load' 'store'> <Ports = 2> <Width = 40> <Depth = 5> <RAM>
ST_1 : Operation 36 [1/1] (1.65ns)   --->   "%j_3 = add i3 %select_ln15, i3 1" [matrix_mult.cpp:17]   --->   Operation 36 'add' 'j_3' <Predicate = true> <Delay = 1.65> <CoreInst = "Adder">   --->   Core 1 'Adder' <Latency = 0> <II = 1> <Delay = 1.65> <FuncUnit> <Opcode : 'add' 'sub'> <InPorts = 2> <OutPorts = 1>
ST_1 : Operation 37 [1/1] (1.78ns)   --->   "%add_ln15_1 = add i5 %indvar_flatten1_load, i5 1" [matrix_mult.cpp:15]   --->   Operation 37 'add' 'add_ln15_1' <Predicate = true> <Delay = 1.78> <CoreInst = "Adder">   --->   Core 1 'Adder' <Latency = 0> <II = 1> <Delay = 1.78> <FuncUnit> <Opcode : 'add' 'sub'> <InPorts = 2> <OutPorts = 1>
ST_1 : Operation 38 [1/1] (1.65ns)   --->   "%icmp_ln17 = icmp_eq  i3 %j_3, i3 5" [matrix_mult.cpp:17]   --->   Operation 38 'icmp' 'icmp_ln17' <Predicate = true> <Delay = 1.65> <CoreInst = "Cmp">   --->   Core 9 'Cmp' <Latency = 0> <II = 1> <Delay = 1.65> <FuncUnit> <Opcode : 'seteq' 'setne' 'setle' 'setge' 'setlt' 'setgt'> <InPorts = 2> <OutPorts = 1>
ST_1 : Operation 39 [1/1] (1.78ns)   --->   "%icmp_ln15 = icmp_eq  i5 %indvar_flatten1_load, i5 24" [matrix_mult.cpp:15]   --->   Operation 39 'icmp' 'icmp_ln15' <Predicate = true> <Delay = 1.78> <CoreInst = "Cmp">   --->   Core 9 'Cmp' <Latency = 0> <II = 1> <Delay = 1.78> <FuncUnit> <Opcode : 'seteq' 'setne' 'setle' 'setge' 'setlt' 'setgt'> <InPorts = 2> <OutPorts = 1>
ST_1 : Operation 40 [1/1] (1.58ns)   --->   "%store_ln17 = store i3 %j_3, i3 %j" [matrix_mult.cpp:17]   --->   Operation 40 'store' 'store_ln17' <Predicate = true> <Delay = 1.58>
ST_1 : Operation 41 [1/1] (1.58ns)   --->   "%store_ln15 = store i3 %i_3, i3 %i" [matrix_mult.cpp:15]   --->   Operation 41 'store' 'store_ln15' <Predicate = true> <Delay = 1.58>
ST_1 : Operation 42 [1/1] (1.58ns)   --->   "%store_ln15 = store i5 %add_ln15_1, i5 %indvar_flatten1" [matrix_mult.cpp:15]   --->   Operation 42 'store' 'store_ln15' <Predicate = true> <Delay = 1.58>
ST_1 : Operation 43 [1/1] (0.00ns)   --->   "%br_ln15 = br i1 %icmp_ln15, void %for.inc29, void %for.end31" [matrix_mult.cpp:15]   --->   Operation 43 'br' 'br_ln15' <Predicate = true> <Delay = 0.00>

State 2 <SV = 1> <Delay = 3.40>
ST_2 : Operation 44 [1/1] (0.00ns)   --->   "%zext_ln22_10 = zext i3 %i_3" [matrix_mult.cpp:22]   --->   Operation 44 'zext' 'zext_ln22_10' <Predicate = true> <Delay = 0.00>
ST_2 : Operation 45 [1/1] (0.00ns)   --->   "%tmp_8 = bitconcatenate i5 @_ssdm_op_BitConcatenate.i5.i3.i2, i3 %i_3, i2 0" [matrix_mult.cpp:22]   --->   Operation 45 'bitconcatenate' 'tmp_8' <Predicate = true> <Delay = 0.00>
ST_2 : Operation 46 [1/1] (0.00ns) (grouped into TernaryAdder)   --->   "%add_ln22_5 = add i5 %tmp_8, i5 %zext_ln22_10" [matrix_mult.cpp:22]   --->   Operation 46 'add' 'add_ln22_5' <Predicate = true> <Delay = 0.00> <CoreInst = "TAddSub">   --->   Core 10 'TAddSub' <Latency = 0> <II = 1> <Delay = 1.70> <IPBlock> <Opcode : 'add' 'sub'> <InPorts = 3> <OutPorts = 1> <Sync> <CReg>
ST_2 : Operation 47 [1/2] ( I:0.00ns O:0.00ns )   --->   "%a_load = load i3 %a_addr" [matrix_mult.cpp:22]   --->   Operation 47 'load' 'a_load' <Predicate = true> <Delay = 0.00> <CoreInst = "RAM">   --->   Core 81 'RAM' <Latency = 1> <II = 1> <Delay = 2.32> <Storage> <Opcode : 'load' 'store'> <Ports = 2> <Width = 40> <Depth = 5> <RAM>
ST_2 : Operation 48 [1/1] (0.00ns)   --->   "%trunc_ln22 = trunc i40 %a_load" [matrix_mult.cpp:22]   --->   Operation 48 'trunc' 'trunc_ln22' <Predicate = true> <Delay = 0.00>
ST_2 : Operation 49 [1/1] (0.00ns)   --->   "%zext_ln22 = zext i8 %trunc_ln22" [matrix_mult.cpp:22]   --->   Operation 49 'zext' 'zext_ln22' <Predicate = true> <Delay = 0.00>
ST_2 : Operation 50 [1/1] (0.00ns)   --->   "%tmp = partselect i8 @_ssdm_op_PartSelect.i8.i40.i40, i40 %a_load, i40 8" [matrix_mult.cpp:22]   --->   Operation 50 'partselect' 'tmp' <Predicate = true> <Delay = 0.00>
ST_2 : Operation 51 [1/1] (0.00ns)   --->   "%tmp_1 = partselect i8 @_ssdm_op_PartSelect.i8.i40.i40, i40 %a_load, i40 16" [matrix_mult.cpp:22]   --->   Operation 51 'partselect' 'tmp_1' <Predicate = true> <Delay = 0.00>
ST_2 : Operation 52 [1/1] (0.00ns)   --->   "%tmp_2 = partselect i8 @_ssdm_op_PartSelect.i8.i40.i40, i40 %a_load, i40 24" [matrix_mult.cpp:22]   --->   Operation 52 'partselect' 'tmp_2' <Predicate = true> <Delay = 0.00>
ST_2 : Operation 53 [1/1] (0.00ns)   --->   "%tmp_3 = partselect i8 @_ssdm_op_PartSelect.i8.i40.i40, i40 %a_load, i40 32" [matrix_mult.cpp:22]   --->   Operation 53 'partselect' 'tmp_3' <Predicate = true> <Delay = 0.00>
ST_2 : Operation 54 [1/1] (0.00ns)   --->   "%zext_ln22_4 = zext i8 %tmp_3" [matrix_mult.cpp:22]   --->   Operation 54 'zext' 'zext_ln22_4' <Predicate = true> <Delay = 0.00>
ST_2 : Operation 55 [1/1] (0.00ns)   --->   "%zext_ln22_11 = zext i3 %select_ln15" [matrix_mult.cpp:22]   --->   Operation 55 'zext' 'zext_ln22_11' <Predicate = true> <Delay = 0.00>
ST_2 : Operation 56 [1/1] (3.40ns) (root node of TernaryAdder)   --->   "%add_ln22_4 = add i5 %add_ln22_5, i5 %zext_ln22_11" [matrix_mult.cpp:22]   --->   Operation 56 'add' 'add_ln22_4' <Predicate = true> <Delay = 3.40> <CoreInst = "TAddSub">   --->   Core 10 'TAddSub' <Latency = 0> <II = 1> <Delay = 1.70> <IPBlock> <Opcode : 'add' 'sub'> <InPorts = 3> <OutPorts = 1> <Sync> <CReg>
ST_2 : Operation 57 [1/2] ( I:0.00ns O:0.00ns )   --->   "%b_load = load i3 %b_addr" [matrix_mult.cpp:22]   --->   Operation 57 'load' 'b_load' <Predicate = true> <Delay = 0.00> <CoreInst = "RAM">   --->   Core 81 'RAM' <Latency = 1> <II = 1> <Delay = 2.32> <Storage> <Opcode : 'load' 'store'> <Ports = 2> <Width = 40> <Depth = 5> <RAM>
ST_2 : Operation 58 [1/1] (0.00ns)   --->   "%trunc_ln22_1 = trunc i40 %b_load" [matrix_mult.cpp:22]   --->   Operation 58 'trunc' 'trunc_ln22_1' <Predicate = true> <Delay = 0.00>
ST_2 : Operation 59 [1/1] (0.00ns)   --->   "%zext_ln22_5 = zext i8 %trunc_ln22_1" [matrix_mult.cpp:22]   --->   Operation 59 'zext' 'zext_ln22_5' <Predicate = true> <Delay = 0.00>
ST_2 : Operation 60 [1/1] (0.00ns)   --->   "%tmp_4 = partselect i8 @_ssdm_op_PartSelect.i8.i40.i40, i40 %b_load, i40 8" [matrix_mult.cpp:22]   --->   Operation 60 'partselect' 'tmp_4' <Predicate = true> <Delay = 0.00>
ST_2 : Operation 61 [1/1] (0.00ns)   --->   "%tmp_5 = partselect i8 @_ssdm_op_PartSelect.i8.i40.i40, i40 %b_load, i40 16" [matrix_mult.cpp:22]   --->   Operation 61 'partselect' 'tmp_5' <Predicate = true> <Delay = 0.00>
ST_2 : Operation 62 [1/1] (0.00ns)   --->   "%tmp_6 = partselect i8 @_ssdm_op_PartSelect.i8.i40.i40, i40 %b_load, i40 24" [matrix_mult.cpp:22]   --->   Operation 62 'partselect' 'tmp_6' <Predicate = true> <Delay = 0.00>
ST_2 : Operation 63 [1/1] (0.00ns)   --->   "%tmp_7 = partselect i8 @_ssdm_op_PartSelect.i8.i40.i40, i40 %b_load, i40 32" [matrix_mult.cpp:22]   --->   Operation 63 'partselect' 'tmp_7' <Predicate = true> <Delay = 0.00>
ST_2 : Operation 64 [1/1] (0.00ns)   --->   "%zext_ln22_9 = zext i8 %tmp_7" [matrix_mult.cpp:22]   --->   Operation 64 'zext' 'zext_ln22_9' <Predicate = true> <Delay = 0.00>
ST_2 : Operation 65 [3/3] (1.05ns) (grouped into DSP with root node add_ln22)   --->   "%mul_ln22 = mul i16 %zext_ln22_5, i16 %zext_ln22" [matrix_mult.cpp:22]   --->   Operation 65 'mul' 'mul_ln22' <Predicate = true> <Delay = 1.05> <CoreInst = "DSP48">   --->   Core 116 'DSP48' <Latency = 3> <II = 1> <Delay = 2.15> <IPBlock> <Opcode : 'add' 'sub' 'mul' 'select'> <InPorts = 0> <OutPorts = 1> <Sync> <CReg>
ST_2 : Operation 66 [3/3] (1.05ns) (grouped into DSP with root node add_ln22_1)   --->   "%mul_ln22_2 = mul i16 %zext_ln22_9, i16 %zext_ln22_4" [matrix_mult.cpp:22]   --->   Operation 66 'mul' 'mul_ln22_2' <Predicate = true> <Delay = 1.05> <CoreInst = "DSP48">   --->   Core 116 'DSP48' <Latency = 3> <II = 1> <Delay = 2.15> <IPBlock> <Opcode : 'add' 'sub' 'mul' 'select'> <InPorts = 0> <OutPorts = 1> <Sync> <CReg>

State 3 <SV = 2> <Delay = 1.05>
ST_3 : Operation 67 [1/1] (0.00ns)   --->   "%zext_ln22_2 = zext i8 %tmp_1" [matrix_mult.cpp:22]   --->   Operation 67 'zext' 'zext_ln22_2' <Predicate = true> <Delay = 0.00>
ST_3 : Operation 68 [1/1] (0.00ns)   --->   "%zext_ln22_7 = zext i8 %tmp_5" [matrix_mult.cpp:22]   --->   Operation 68 'zext' 'zext_ln22_7' <Predicate = true> <Delay = 0.00>
ST_3 : Operation 69 [2/3] (1.05ns) (grouped into DSP with root node add_ln22)   --->   "%mul_ln22 = mul i16 %zext_ln22_5, i16 %zext_ln22" [matrix_mult.cpp:22]   --->   Operation 69 'mul' 'mul_ln22' <Predicate = true> <Delay = 1.05> <CoreInst = "DSP48">   --->   Core 116 'DSP48' <Latency = 3> <II = 1> <Delay = 2.15> <IPBlock> <Opcode : 'add' 'sub' 'mul' 'select'> <InPorts = 0> <OutPorts = 1> <Sync> <CReg>
ST_3 : Operation 70 [2/3] (1.05ns) (grouped into DSP with root node add_ln22_1)   --->   "%mul_ln22_2 = mul i16 %zext_ln22_9, i16 %zext_ln22_4" [matrix_mult.cpp:22]   --->   Operation 70 'mul' 'mul_ln22_2' <Predicate = true> <Delay = 1.05> <CoreInst = "DSP48">   --->   Core 116 'DSP48' <Latency = 3> <II = 1> <Delay = 2.15> <IPBlock> <Opcode : 'add' 'sub' 'mul' 'select'> <InPorts = 0> <OutPorts = 1> <Sync> <CReg>
ST_3 : Operation 71 [3/3] (1.05ns) (grouped into DSP with root node add_ln22_2)   --->   "%mul_ln22_4 = mul i16 %zext_ln22_7, i16 %zext_ln22_2" [matrix_mult.cpp:22]   --->   Operation 71 'mul' 'mul_ln22_4' <Predicate = true> <Delay = 1.05> <CoreInst = "DSP48">   --->   Core 116 'DSP48' <Latency = 3> <II = 1> <Delay = 2.15> <IPBlock> <Opcode : 'add' 'sub' 'mul' 'select'> <InPorts = 0> <OutPorts = 1> <Sync> <CReg>

State 4 <SV = 3> <Delay = 6.27>
ST_4 : Operation 72 [1/1] (0.00ns)   --->   "%zext_ln22_1 = zext i8 %tmp" [matrix_mult.cpp:22]   --->   Operation 72 'zext' 'zext_ln22_1' <Predicate = true> <Delay = 0.00>
ST_4 : Operation 73 [1/1] (0.00ns)   --->   "%zext_ln22_3 = zext i8 %tmp_2" [matrix_mult.cpp:22]   --->   Operation 73 'zext' 'zext_ln22_3' <Predicate = true> <Delay = 0.00>
ST_4 : Operation 74 [1/1] (0.00ns)   --->   "%zext_ln22_6 = zext i8 %tmp_4" [matrix_mult.cpp:22]   --->   Operation 74 'zext' 'zext_ln22_6' <Predicate = true> <Delay = 0.00>
ST_4 : Operation 75 [1/1] (0.00ns)   --->   "%zext_ln22_8 = zext i8 %tmp_6" [matrix_mult.cpp:22]   --->   Operation 75 'zext' 'zext_ln22_8' <Predicate = true> <Delay = 0.00>
ST_4 : Operation 76 [1/3] (0.00ns) (grouped into DSP with root node add_ln22)   --->   "%mul_ln22 = mul i16 %zext_ln22_5, i16 %zext_ln22" [matrix_mult.cpp:22]   --->   Operation 76 'mul' 'mul_ln22' <Predicate = true> <Delay = 0.00> <CoreInst = "DSP48">   --->   Core 116 'DSP48' <Latency = 3> <II = 1> <Delay = 2.15> <IPBlock> <Opcode : 'add' 'sub' 'mul' 'select'> <InPorts = 0> <OutPorts = 1> <Sync> <CReg>
ST_4 : Operation 77 [1/1] (4.17ns)   --->   "%mul_ln22_1 = mul i16 %zext_ln22_6, i16 %zext_ln22_1" [matrix_mult.cpp:22]   --->   Operation 77 'mul' 'mul_ln22_1' <Predicate = true> <Delay = 4.17> <CoreInst = "Multiplier">   --->   Core 3 'Multiplier' <Latency = 0> <II = 1> <Delay = 4.17> <FuncUnit> <Opcode : 'mul'> <InPorts = 2> <OutPorts = 1>
ST_4 : Operation 78 [1/3] (0.00ns) (grouped into DSP with root node add_ln22_1)   --->   "%mul_ln22_2 = mul i16 %zext_ln22_9, i16 %zext_ln22_4" [matrix_mult.cpp:22]   --->   Operation 78 'mul' 'mul_ln22_2' <Predicate = true> <Delay = 0.00> <CoreInst = "DSP48">   --->   Core 116 'DSP48' <Latency = 3> <II = 1> <Delay = 2.15> <IPBlock> <Opcode : 'add' 'sub' 'mul' 'select'> <InPorts = 0> <OutPorts = 1> <Sync> <CReg>
ST_4 : Operation 79 [1/1] (4.17ns)   --->   "%mul_ln22_3 = mul i16 %zext_ln22_8, i16 %zext_ln22_3" [matrix_mult.cpp:22]   --->   Operation 79 'mul' 'mul_ln22_3' <Predicate = true> <Delay = 4.17> <CoreInst = "Multiplier">   --->   Core 3 'Multiplier' <Latency = 0> <II = 1> <Delay = 4.17> <FuncUnit> <Opcode : 'mul'> <InPorts = 2> <OutPorts = 1>
ST_4 : Operation 80 [2/3] (1.05ns) (grouped into DSP with root node add_ln22_2)   --->   "%mul_ln22_4 = mul i16 %zext_ln22_7, i16 %zext_ln22_2" [matrix_mult.cpp:22]   --->   Operation 80 'mul' 'mul_ln22_4' <Predicate = true> <Delay = 1.05> <CoreInst = "DSP48">   --->   Core 116 'DSP48' <Latency = 3> <II = 1> <Delay = 2.15> <IPBlock> <Opcode : 'add' 'sub' 'mul' 'select'> <InPorts = 0> <OutPorts = 1> <Sync> <CReg>
ST_4 : Operation 81 [2/2] (2.10ns) (root node of the DSP)   --->   "%add_ln22 = add i16 %mul_ln22_1, i16 %mul_ln22" [matrix_mult.cpp:22]   --->   Operation 81 'add' 'add_ln22' <Predicate = true> <Delay = 2.10> <CoreInst = "DSP48">   --->   Core 116 'DSP48' <Latency = 3> <II = 1> <Delay = 2.15> <IPBlock> <Opcode : 'add' 'sub' 'mul' 'select'> <InPorts = 0> <OutPorts = 1> <Sync> <CReg>
ST_4 : Operation 82 [2/2] (2.10ns) (root node of the DSP)   --->   "%add_ln22_1 = add i16 %mul_ln22_3, i16 %mul_ln22_2" [matrix_mult.cpp:22]   --->   Operation 82 'add' 'add_ln22_1' <Predicate = true> <Delay = 2.10> <CoreInst = "DSP48">   --->   Core 116 'DSP48' <Latency = 3> <II = 1> <Delay = 2.15> <IPBlock> <Opcode : 'add' 'sub' 'mul' 'select'> <InPorts = 0> <OutPorts = 1> <Sync> <CReg>

State 5 <SV = 4> <Delay = 4.20>
ST_5 : Operation 83 [1/3] (0.00ns) (grouped into DSP with root node add_ln22_2)   --->   "%mul_ln22_4 = mul i16 %zext_ln22_7, i16 %zext_ln22_2" [matrix_mult.cpp:22]   --->   Operation 83 'mul' 'mul_ln22_4' <Predicate = true> <Delay = 0.00> <CoreInst = "DSP48">   --->   Core 116 'DSP48' <Latency = 3> <II = 1> <Delay = 2.15> <IPBlock> <Opcode : 'add' 'sub' 'mul' 'select'> <InPorts = 0> <OutPorts = 1> <Sync> <CReg>
ST_5 : Operation 84 [1/2] (2.10ns) (root node of the DSP)   --->   "%add_ln22 = add i16 %mul_ln22_1, i16 %mul_ln22" [matrix_mult.cpp:22]   --->   Operation 84 'add' 'add_ln22' <Predicate = true> <Delay = 2.10> <CoreInst = "DSP48">   --->   Core 116 'DSP48' <Latency = 3> <II = 1> <Delay = 2.15> <IPBlock> <Opcode : 'add' 'sub' 'mul' 'select'> <InPorts = 0> <OutPorts = 1> <Sync> <CReg>
ST_5 : Operation 85 [1/2] (2.10ns) (root node of the DSP)   --->   "%add_ln22_1 = add i16 %mul_ln22_3, i16 %mul_ln22_2" [matrix_mult.cpp:22]   --->   Operation 85 'add' 'add_ln22_1' <Predicate = true> <Delay = 2.10> <CoreInst = "DSP48">   --->   Core 116 'DSP48' <Latency = 3> <II = 1> <Delay = 2.15> <IPBlock> <Opcode : 'add' 'sub' 'mul' 'select'> <InPorts = 0> <OutPorts = 1> <Sync> <CReg>
ST_5 : Operation 86 [2/2] (2.10ns) (root node of the DSP)   --->   "%add_ln22_2 = add i16 %add_ln22_1, i16 %mul_ln22_4" [matrix_mult.cpp:22]   --->   Operation 86 'add' 'add_ln22_2' <Predicate = true> <Delay = 2.10> <CoreInst = "DSP48">   --->   Core 116 'DSP48' <Latency = 3> <II = 1> <Delay = 2.15> <IPBlock> <Opcode : 'add' 'sub' 'mul' 'select'> <InPorts = 0> <OutPorts = 1> <Sync> <CReg>

State 6 <SV = 5> <Delay = 4.17>
ST_6 : Operation 87 [1/1] (0.00ns)   --->   "%specloopname_ln0 = specloopname void @_ssdm_op_SpecLoopName, void @Row_Col_str"   --->   Operation 87 'specloopname' 'specloopname_ln0' <Predicate = true> <Delay = 0.00>
ST_6 : Operation 88 [1/1] (0.00ns)   --->   "%speclooptripcount_ln0 = speclooptripcount void @_ssdm_op_SpecLoopTripCount, i64 25, i64 25, i64 25"   --->   Operation 88 'speclooptripcount' 'speclooptripcount_ln0' <Predicate = true> <Delay = 0.00>
ST_6 : Operation 89 [1/1] (0.00ns)   --->   "%zext_ln22_12 = zext i5 %add_ln22_4" [matrix_mult.cpp:22]   --->   Operation 89 'zext' 'zext_ln22_12' <Predicate = true> <Delay = 0.00>
ST_6 : Operation 90 [1/1] (0.00ns)   --->   "%prod_addr = getelementptr i16 %prod, i64 0, i64 %zext_ln22_12" [matrix_mult.cpp:22]   --->   Operation 90 'getelementptr' 'prod_addr' <Predicate = true> <Delay = 0.00>
ST_6 : Operation 91 [1/1] (0.00ns)   --->   "%specpipeline_ln57 = specpipeline void @_ssdm_op_SpecPipeline, i32 1, i32 0, i32 0, i32 0, i32 4294967295, void @empty_0" [D:/Semester_6/HWSW/TCL_LAB3/script.tcl:57]   --->   Operation 91 'specpipeline' 'specpipeline_ln57' <Predicate = true> <Delay = 0.00>
ST_6 : Operation 92 [1/2] (2.10ns) (root node of the DSP)   --->   "%add_ln22_2 = add i16 %add_ln22_1, i16 %mul_ln22_4" [matrix_mult.cpp:22]   --->   Operation 92 'add' 'add_ln22_2' <Predicate = true> <Delay = 2.10> <CoreInst = "DSP48">   --->   Core 116 'DSP48' <Latency = 3> <II = 1> <Delay = 2.15> <IPBlock> <Opcode : 'add' 'sub' 'mul' 'select'> <InPorts = 0> <OutPorts = 1> <Sync> <CReg>
ST_6 : Operation 93 [1/1] (2.07ns)   --->   "%add_ln22_3 = add i16 %add_ln22_2, i16 %add_ln22" [matrix_mult.cpp:22]   --->   Operation 93 'add' 'add_ln22_3' <Predicate = true> <Delay = 2.07> <CoreInst = "Adder">   --->   Core 1 'Adder' <Latency = 0> <II = 1> <Delay = 2.07> <FuncUnit> <Opcode : 'add' 'sub'> <InPorts = 2> <OutPorts = 1>
ST_6 : Operation 94 [1/1] ( I:0.00ns O:0.00ns )   --->   "%store_ln22 = store i16 %add_ln22_3, i5 %prod_addr" [matrix_mult.cpp:22]   --->   Operation 94 'store' 'store_ln22' <Predicate = true> <Delay = 0.00> <CoreInst = "RAM">   --->   Core 81 'RAM' <Latency = 1> <II = 1> <Delay = 2.32> <Storage> <Opcode : 'load' 'store'> <Ports = 2> <Width = 16> <Depth = 25> <RAM>
ST_6 : Operation 95 [1/1] (1.58ns)   --->   "%ret_ln26 = ret" [matrix_mult.cpp:26]   --->   Operation 95 'ret' 'ret_ln26' <Predicate = (icmp_ln15)> <Delay = 1.58>


============================================================
+ Verbose Summary: Timing violations
============================================================
Target clock period: 10.000ns, clock uncertainty: 2.700ns.

 <State 1>: 5.868ns
The critical path consists of the following:
	'store' operation ('store_ln17', matrix_mult.cpp:17) of constant 0 3 bit on local variable 'j', matrix_mult.cpp:17 [14]  (1.588 ns)
	'load' operation 3 bit ('j', matrix_mult.cpp:15) on local variable 'j', matrix_mult.cpp:17 [22]  (0.000 ns)
	'select' operation 3 bit ('select_ln15', matrix_mult.cpp:15) [26]  (0.980 ns)
	'add' operation 3 bit ('j_3', matrix_mult.cpp:17) [72]  (1.650 ns)
	'icmp' operation 1 bit ('icmp_ln17', matrix_mult.cpp:17) [74]  (1.650 ns)

 <State 2>: 3.404ns
The critical path consists of the following:
	'add' operation 5 bit ('add_ln22_5', matrix_mult.cpp:22) [31]  (0.000 ns)
	'add' operation 5 bit ('add_ln22_4', matrix_mult.cpp:22) [46]  (3.404 ns)

 <State 3>: 1.050ns
The critical path consists of the following:
	'mul' operation 16 bit of DSP[67] ('mul_ln22', matrix_mult.cpp:22) [62]  (1.050 ns)

 <State 4>: 6.270ns
The critical path consists of the following:
	'mul' operation 16 bit ('mul_ln22_1', matrix_mult.cpp:22) [63]  (4.170 ns)
	'add' operation 16 bit of DSP[67] ('add_ln22', matrix_mult.cpp:22) [67]  (2.100 ns)

 <State 5>: 4.200ns
The critical path consists of the following:
	'add' operation 16 bit of DSP[68] ('add_ln22_1', matrix_mult.cpp:22) [68]  (2.100 ns)
	'add' operation 16 bit of DSP[69] ('add_ln22_2', matrix_mult.cpp:22) [69]  (2.100 ns)

 <State 6>: 4.177ns
The critical path consists of the following:
	'add' operation 16 bit of DSP[69] ('add_ln22_2', matrix_mult.cpp:22) [69]  (2.100 ns)
	'add' operation 16 bit ('add_ln22_3', matrix_mult.cpp:22) [70]  (2.077 ns)


============================================================
+ Verbose Summary: Binding
============================================================
N/A
* FSMD analyzer results:
  - Output states:
 - Input state : 
  - Chain level:
	State 1
	State 2
	State 3
	State 4
	State 5
	State 6


============================================================
+ Verbose Summary: Datapath Resource usage 
============================================================
N/A
