

================================================================
== Synthesis Summary Report of 'matrix_mult'
================================================================
+ General Information: 
    * Date:           Tue May 26 23:58:48 2026
    * Version:        2025.2 (Build 6295257 on Nov 14 2025)
    * Project:        matrix_mult_automation_prj
    * Solution:       Solution5 (Vivado IP Flow Target)
    * Product family: zynq
    * Target device:  xc7z010-clg400-1
    

* Performance & Resource Estimates: 
+---------------+------+---------------------+----------+---------+------+----------+---------+---------+------+------+----------+-----------+------------+-----+
|    Modules    | Issue|                     | Iteration|         | Trip |          |      Latency      |      |      |          |           |            |     |
|    & Loops    | Type |    Violation Type   |  Latency | Interval| Count| Pipelined| (cycles)|   (ns)  | Slack| BRAM |    DSP   |     FF    |     LUT    | URAM|
+---------------+------+---------------------+----------+---------+------+----------+---------+---------+------+------+----------+-----------+------------+-----+
|+ matrix_mult  |    II|  Resource Limitation|         -|       13|     -|       yes|       21|  210.000|  1.03|     -|  75 (93%)|  2031 (5%)|  3038 (17%)|    -|
+---------------+------+---------------------+----------+---------+------+----------+---------+---------+------+------+----------+-----------+------------+-----+
    II Violation Information: docs.amd.com/access/sources/dita/topic?Doc_Version=2025.2%20English&url=ug1448-hls-guidance&resourceid=200-880.html
    Name Prefix: '+' for module, 'o' for loop, '*' for dataflow


================================================================
== HW Interfaces
================================================================
* AP_MEMORY
+---------------+-----------+----------+
| Port          | Direction | Bitwidth |
+---------------+-----------+----------+
| a_address0    | out       | 3        |
| a_address1    | out       | 3        |
| a_q0          | in        | 40       |
| a_q1          | in        | 40       |
| b_address0    | out       | 3        |
| b_address1    | out       | 3        |
| b_q0          | in        | 40       |
| b_q1          | in        | 40       |
| prod_address0 | out       | 5        |
| prod_address1 | out       | 5        |
| prod_d0       | out       | 16       |
| prod_d1       | out       | 16       |
+---------------+-----------+----------+

* TOP LEVEL CONTROL
+-----------+------------+-----------------------------------+
| Interface | Type       | Ports                             |
+-----------+------------+-----------------------------------+
| ap_clk    | clock      | ap_clk                            |
| ap_rst    | reset      | ap_rst                            |
| ap_ctrl   | ap_ctrl_hs | ap_done ap_idle ap_ready ap_start |
+-----------+------------+-----------------------------------+


================================================================
== SW I/O Information
================================================================
* Top Function Arguments
+----------+-----------+----------------+
| Argument | Direction | Datatype       |
+----------+-----------+----------------+
| a        | in        | unsigned char* |
| b        | in        | unsigned char* |
| prod     | out       | short*         |
+----------+-----------+----------------+

* SW-to-HW Mapping
+----------+---------------+---------+----------+
| Argument | HW Interface  | HW Type | HW Usage |
+----------+---------------+---------+----------+
| a        | a_address0    | port    | offset   |
| a        | a_ce0         | port    |          |
| a        | a_q0          | port    |          |
| a        | a_address1    | port    | offset   |
| a        | a_ce1         | port    |          |
| a        | a_q1          | port    |          |
| b        | b_address0    | port    | offset   |
| b        | b_ce0         | port    |          |
| b        | b_q0          | port    |          |
| b        | b_address1    | port    | offset   |
| b        | b_ce1         | port    |          |
| b        | b_q1          | port    |          |
| prod     | prod_address0 | port    | offset   |
| prod     | prod_ce0      | port    |          |
| prod     | prod_we0      | port    |          |
| prod     | prod_d0       | port    |          |
| prod     | prod_address1 | port    | offset   |
| prod     | prod_ce1      | port    |          |
| prod     | prod_we1      | port    |          |
| prod     | prod_d1       | port    |          |
+----------+---------------+---------+----------+


================================================================
== Bind Op Report
================================================================
+--------------------------------------+-----+--------+--------------+-----+-----------+---------+
| Name                                 | DSP | Pragma | Variable     | Op  | Impl      | Latency |
+--------------------------------------+-----+--------+--------------+-----+-----------+---------+
| + matrix_mult                        | 75  |        |              |     |           |         |
|   mac_muladd_8ns_8ns_16s_16_4_1_U73  | 1   |        | mul_ln22     | mul | dsp_slice | 3       |
|   mul_8ns_8ns_16_1_1_U25             |     |        | mul_ln22_1   | mul | auto      | 0       |
|   mac_muladd_8ns_8ns_16s_16_4_1_U51  | 1   |        | mul_ln22_2   | mul | dsp_slice | 3       |
|   mul_8ns_8ns_16_1_1_U1              |     |        | mul_ln22_3   | mul | auto      | 0       |
|   mac_muladd_8ns_8ns_16s_16_4_1_U79  | 1   |        | mul_ln22_4   | mul | dsp_slice | 3       |
|   mac_muladd_8ns_8ns_16s_16_4_1_U73  | 1   |        | add_ln22     | add | dsp_slice | 3       |
|   mac_muladd_8ns_8ns_16s_16_4_1_U51  | 1   |        | add_ln22_1   | add | dsp_slice | 3       |
|   mac_muladd_8ns_8ns_16s_16_4_1_U79  | 1   |        | add_ln22_2   | add | dsp_slice | 3       |
|   add_ln22_3_fu_902_p2               |     |        | add_ln22_3   | add | fabric    | 0       |
|   mac_muladd_8ns_8ns_16s_16_4_1_U74  | 1   |        | mul_ln22_5   | mul | dsp_slice | 3       |
|   mul_8ns_8ns_16_1_1_U26             |     |        | mul_ln22_6   | mul | auto      | 0       |
|   mac_muladd_8ns_8ns_16s_16_4_1_U52  | 1   |        | mul_ln22_7   | mul | dsp_slice | 3       |
|   mul_8ns_8ns_16_1_1_U2              |     |        | mul_ln22_8   | mul | auto      | 0       |
|   mac_muladd_8ns_8ns_16s_16_4_1_U80  | 1   |        | mul_ln22_9   | mul | dsp_slice | 3       |
|   mac_muladd_8ns_8ns_16s_16_4_1_U74  | 1   |        | add_ln22_4   | add | dsp_slice | 3       |
|   mac_muladd_8ns_8ns_16s_16_4_1_U52  | 1   |        | add_ln22_5   | add | dsp_slice | 3       |
|   mac_muladd_8ns_8ns_16s_16_4_1_U80  | 1   |        | add_ln22_6   | add | dsp_slice | 3       |
|   add_ln22_7_fu_907_p2               |     |        | add_ln22_7   | add | fabric    | 0       |
|   mac_muladd_8ns_8ns_16s_16_4_1_U75  | 1   |        | mul_ln22_10  | mul | dsp_slice | 3       |
|   mul_8ns_8ns_16_1_1_U27             |     |        | mul_ln22_11  | mul | auto      | 0       |
|   mac_muladd_8ns_8ns_16s_16_4_1_U55  | 1   |        | mul_ln22_12  | mul | dsp_slice | 3       |
|   mul_8ns_8ns_16_1_1_U5              |     |        | mul_ln22_13  | mul | auto      | 0       |
|   mac_muladd_8ns_8ns_16s_16_4_1_U85  | 1   |        | mul_ln22_14  | mul | dsp_slice | 3       |
|   mac_muladd_8ns_8ns_16s_16_4_1_U75  | 1   |        | add_ln22_8   | add | dsp_slice | 3       |
|   mac_muladd_8ns_8ns_16s_16_4_1_U55  | 1   |        | add_ln22_9   | add | dsp_slice | 3       |
|   mac_muladd_8ns_8ns_16s_16_4_1_U85  | 1   |        | add_ln22_10  | add | dsp_slice | 3       |
|   add_ln22_11_fu_935_p2              |     |        | add_ln22_11  | add | fabric    | 0       |
|   mac_muladd_8ns_8ns_16s_16_4_1_U81  | 1   |        | mul_ln22_15  | mul | dsp_slice | 3       |
|   mul_8ns_8ns_16_1_1_U29             |     |        | mul_ln22_16  | mul | auto      | 0       |
|   mac_muladd_8ns_8ns_16s_16_4_1_U56  | 1   |        | mul_ln22_17  | mul | dsp_slice | 3       |
|   mul_8ns_8ns_16_1_1_U6              |     |        | mul_ln22_18  | mul | auto      | 0       |
|   mac_muladd_8ns_8ns_16s_16_4_1_U86  | 1   |        | mul_ln22_19  | mul | dsp_slice | 3       |
|   mac_muladd_8ns_8ns_16s_16_4_1_U81  | 1   |        | add_ln22_12  | add | dsp_slice | 3       |
|   mac_muladd_8ns_8ns_16s_16_4_1_U56  | 1   |        | add_ln22_13  | add | dsp_slice | 3       |
|   mac_muladd_8ns_8ns_16s_16_4_1_U86  | 1   |        | add_ln22_14  | add | dsp_slice | 3       |
|   add_ln22_15_fu_940_p2              |     |        | add_ln22_15  | add | fabric    | 0       |
|   mac_muladd_8ns_8ns_16s_16_4_1_U82  | 1   |        | mul_ln22_20  | mul | dsp_slice | 3       |
|   mul_8ns_8ns_16_1_1_U30             |     |        | mul_ln22_21  | mul | auto      | 0       |
|   mac_muladd_8ns_8ns_16s_16_4_1_U61  | 1   |        | mul_ln22_22  | mul | dsp_slice | 3       |
|   mul_8ns_8ns_16_1_1_U9              |     |        | mul_ln22_23  | mul | auto      | 0       |
|   mac_muladd_8ns_8ns_16s_16_4_1_U91  | 1   |        | mul_ln22_24  | mul | dsp_slice | 3       |
|   mac_muladd_8ns_8ns_16s_16_4_1_U82  | 1   |        | add_ln22_16  | add | dsp_slice | 3       |
|   mac_muladd_8ns_8ns_16s_16_4_1_U61  | 1   |        | add_ln22_17  | add | dsp_slice | 3       |
|   mac_muladd_8ns_8ns_16s_16_4_1_U91  | 1   |        | add_ln22_18  | add | dsp_slice | 3       |
|   add_ln22_19_fu_964_p2              |     |        | add_ln22_19  | add | fabric    | 0       |
|   mac_muladd_8ns_8ns_16s_16_4_1_U83  | 1   |        | mul_ln22_25  | mul | dsp_slice | 3       |
|   mul_8ns_8ns_16_1_1_U31             |     |        | mul_ln22_26  | mul | auto      | 0       |
|   mac_muladd_8ns_8ns_16s_16_4_1_U53  | 1   |        | mul_ln22_27  | mul | dsp_slice | 3       |
|   mul_8ns_8ns_16_1_1_U3              |     |        | mul_ln22_28  | mul | auto      | 0       |
|   mac_muladd_8ns_8ns_16s_16_4_1_U92  | 1   |        | mul_ln22_29  | mul | dsp_slice | 3       |
|   mac_muladd_8ns_8ns_16s_16_4_1_U83  | 1   |        | add_ln22_20  | add | dsp_slice | 3       |
|   mac_muladd_8ns_8ns_16s_16_4_1_U53  | 1   |        | add_ln22_21  | add | dsp_slice | 3       |
|   mac_muladd_8ns_8ns_16s_16_4_1_U92  | 1   |        | add_ln22_22  | add | dsp_slice | 3       |
|   add_ln22_23_fu_969_p2              |     |        | add_ln22_23  | add | fabric    | 0       |
|   mac_muladd_8ns_8ns_16s_16_4_1_U84  | 1   |        | mul_ln22_30  | mul | dsp_slice | 3       |
|   mul_8ns_8ns_16_1_1_U32             |     |        | mul_ln22_31  | mul | auto      | 0       |
|   mac_muladd_8ns_8ns_16s_16_4_1_U54  | 1   |        | mul_ln22_32  | mul | dsp_slice | 3       |
|   mul_8ns_8ns_16_1_1_U4              |     |        | mul_ln22_33  | mul | auto      | 0       |
|   mac_muladd_8ns_8ns_16s_16_4_1_U97  | 1   |        | mul_ln22_34  | mul | dsp_slice | 3       |
|   mac_muladd_8ns_8ns_16s_16_4_1_U84  | 1   |        | add_ln22_24  | add | dsp_slice | 3       |
|   mac_muladd_8ns_8ns_16s_16_4_1_U54  | 1   |        | add_ln22_25  | add | dsp_slice | 3       |
|   mac_muladd_8ns_8ns_16s_16_4_1_U97  | 1   |        | add_ln22_26  | add | dsp_slice | 3       |
|   add_ln22_27_fu_1000_p2             |     |        | add_ln22_27  | add | fabric    | 0       |
|   mac_muladd_8ns_8ns_16s_16_4_1_U87  | 1   |        | mul_ln22_35  | mul | dsp_slice | 3       |
|   mul_8ns_8ns_16_1_1_U33             |     |        | mul_ln22_36  | mul | auto      | 0       |
|   mac_muladd_8ns_8ns_16s_16_4_1_U57  | 1   |        | mul_ln22_37  | mul | dsp_slice | 3       |
|   mul_8ns_8ns_16_1_1_U7              |     |        | mul_ln22_38  | mul | auto      | 0       |
|   mac_muladd_8ns_8ns_16s_16_4_1_U98  | 1   |        | mul_ln22_39  | mul | dsp_slice | 3       |
|   mac_muladd_8ns_8ns_16s_16_4_1_U87  | 1   |        | add_ln22_28  | add | dsp_slice | 3       |
|   mac_muladd_8ns_8ns_16s_16_4_1_U57  | 1   |        | add_ln22_29  | add | dsp_slice | 3       |
|   mac_muladd_8ns_8ns_16s_16_4_1_U98  | 1   |        | add_ln22_30  | add | dsp_slice | 3       |
|   add_ln22_31_fu_1005_p2             |     |        | add_ln22_31  | add | fabric    | 0       |
|   mac_muladd_8ns_8ns_16s_16_4_1_U88  | 1   |        | mul_ln22_40  | mul | dsp_slice | 3       |
|   mul_8ns_8ns_16_1_1_U34             |     |        | mul_ln22_41  | mul | auto      | 0       |
|   mac_muladd_8ns_8ns_16s_16_4_1_U58  | 1   |        | mul_ln22_42  | mul | dsp_slice | 3       |
|   mul_8ns_8ns_16_1_1_U8              |     |        | mul_ln22_43  | mul | auto      | 0       |
|   mac_muladd_8ns_8ns_16s_16_4_1_U103 | 1   |        | mul_ln22_44  | mul | dsp_slice | 3       |
|   mac_muladd_8ns_8ns_16s_16_4_1_U88  | 1   |        | add_ln22_32  | add | dsp_slice | 3       |
|   mac_muladd_8ns_8ns_16s_16_4_1_U58  | 1   |        | add_ln22_33  | add | dsp_slice | 3       |
|   mac_muladd_8ns_8ns_16s_16_4_1_U103 | 1   |        | add_ln22_34  | add | dsp_slice | 3       |
|   add_ln22_35_fu_1035_p2             |     |        | add_ln22_35  | add | fabric    | 0       |
|   mac_muladd_8ns_8ns_16s_16_4_1_U89  | 1   |        | mul_ln22_45  | mul | dsp_slice | 3       |
|   mul_8ns_8ns_16_1_1_U35             |     |        | mul_ln22_46  | mul | auto      | 0       |
|   mac_muladd_8ns_8ns_16s_16_4_1_U62  | 1   |        | mul_ln22_47  | mul | dsp_slice | 3       |
|   mul_8ns_8ns_16_1_1_U10             |     |        | mul_ln22_48  | mul | auto      | 0       |
|   mac_muladd_8ns_8ns_16s_16_4_1_U104 | 1   |        | mul_ln22_49  | mul | dsp_slice | 3       |
|   mac_muladd_8ns_8ns_16s_16_4_1_U89  | 1   |        | add_ln22_36  | add | dsp_slice | 3       |
|   mac_muladd_8ns_8ns_16s_16_4_1_U62  | 1   |        | add_ln22_37  | add | dsp_slice | 3       |
|   mac_muladd_8ns_8ns_16s_16_4_1_U104 | 1   |        | add_ln22_38  | add | dsp_slice | 3       |
|   add_ln22_39_fu_1040_p2             |     |        | add_ln22_39  | add | fabric    | 0       |
|   mac_muladd_8ns_8ns_16s_16_4_1_U90  | 1   |        | mul_ln22_50  | mul | dsp_slice | 3       |
|   mul_8ns_8ns_16_1_1_U36             |     |        | mul_ln22_51  | mul | auto      | 0       |
|   mac_muladd_8ns_8ns_16s_16_4_1_U59  | 1   |        | mul_ln22_52  | mul | dsp_slice | 3       |
|   mul_8ns_8ns_16_1_1_U11             |     |        | mul_ln22_53  | mul | auto      | 0       |
|   mac_muladd_8ns_8ns_16s_16_4_1_U109 | 1   |        | mul_ln22_54  | mul | dsp_slice | 3       |
|   mac_muladd_8ns_8ns_16s_16_4_1_U90  | 1   |        | add_ln22_40  | add | dsp_slice | 3       |
|   mac_muladd_8ns_8ns_16s_16_4_1_U59  | 1   |        | add_ln22_41  | add | dsp_slice | 3       |
|   mac_muladd_8ns_8ns_16s_16_4_1_U109 | 1   |        | add_ln22_42  | add | dsp_slice | 3       |
|   add_ln22_43_fu_1056_p2             |     |        | add_ln22_43  | add | fabric    | 0       |
|   mac_muladd_8ns_8ns_16s_16_4_1_U93  | 1   |        | mul_ln22_55  | mul | dsp_slice | 3       |
|   mul_8ns_8ns_16_1_1_U37             |     |        | mul_ln22_56  | mul | auto      | 0       |
|   mac_muladd_8ns_8ns_16s_16_4_1_U60  | 1   |        | mul_ln22_57  | mul | dsp_slice | 3       |
|   mul_8ns_8ns_16_1_1_U12             |     |        | mul_ln22_58  | mul | auto      | 0       |
|   mac_muladd_8ns_8ns_16s_16_4_1_U110 | 1   |        | mul_ln22_59  | mul | dsp_slice | 3       |
|   mac_muladd_8ns_8ns_16s_16_4_1_U93  | 1   |        | add_ln22_44  | add | dsp_slice | 3       |
|   mac_muladd_8ns_8ns_16s_16_4_1_U60  | 1   |        | add_ln22_45  | add | dsp_slice | 3       |
|   mac_muladd_8ns_8ns_16s_16_4_1_U110 | 1   |        | add_ln22_46  | add | dsp_slice | 3       |
|   add_ln22_47_fu_1061_p2             |     |        | add_ln22_47  | add | fabric    | 0       |
|   mac_muladd_8ns_8ns_16s_16_4_1_U94  | 1   |        | mul_ln22_60  | mul | dsp_slice | 3       |
|   mul_8ns_8ns_16_1_1_U38             |     |        | mul_ln22_61  | mul | auto      | 0       |
|   mac_muladd_8ns_8ns_16s_16_4_1_U63  | 1   |        | mul_ln22_62  | mul | dsp_slice | 3       |
|   mul_8ns_8ns_16_1_1_U13             |     |        | mul_ln22_63  | mul | auto      | 0       |
|   mac_muladd_8ns_8ns_16s_16_4_1_U111 | 1   |        | mul_ln22_64  | mul | dsp_slice | 3       |
|   mac_muladd_8ns_8ns_16s_16_4_1_U94  | 1   |        | add_ln22_48  | add | dsp_slice | 3       |
|   mac_muladd_8ns_8ns_16s_16_4_1_U63  | 1   |        | add_ln22_49  | add | dsp_slice | 3       |
|   mac_muladd_8ns_8ns_16s_16_4_1_U111 | 1   |        | add_ln22_50  | add | dsp_slice | 3       |
|   add_ln22_51_fu_1066_p2             |     |        | add_ln22_51  | add | fabric    | 0       |
|   mac_muladd_8ns_8ns_16s_16_4_1_U95  | 1   |        | mul_ln22_65  | mul | dsp_slice | 3       |
|   mul_8ns_8ns_16_1_1_U39             |     |        | mul_ln22_66  | mul | auto      | 0       |
|   mac_muladd_8ns_8ns_16s_16_4_1_U64  | 1   |        | mul_ln22_67  | mul | dsp_slice | 3       |
|   mul_8ns_8ns_16_1_1_U14             |     |        | mul_ln22_68  | mul | auto      | 0       |
|   mac_muladd_8ns_8ns_16s_16_4_1_U112 | 1   |        | mul_ln22_69  | mul | dsp_slice | 3       |
|   mac_muladd_8ns_8ns_16s_16_4_1_U95  | 1   |        | add_ln22_52  | add | dsp_slice | 3       |
|   mac_muladd_8ns_8ns_16s_16_4_1_U64  | 1   |        | add_ln22_53  | add | dsp_slice | 3       |
|   mac_muladd_8ns_8ns_16s_16_4_1_U112 | 1   |        | add_ln22_54  | add | dsp_slice | 3       |
|   add_ln22_55_fu_1070_p2             |     |        | add_ln22_55  | add | fabric    | 0       |
|   mac_muladd_8ns_8ns_16s_16_4_1_U96  | 1   |        | mul_ln22_70  | mul | dsp_slice | 3       |
|   mul_8ns_8ns_16_1_1_U40             |     |        | mul_ln22_71  | mul | auto      | 0       |
|   mac_muladd_8ns_8ns_16s_16_4_1_U65  | 1   |        | mul_ln22_72  | mul | dsp_slice | 3       |
|   mul_8ns_8ns_16_1_1_U15             |     |        | mul_ln22_73  | mul | auto      | 0       |
|   mac_muladd_8ns_8ns_16s_16_4_1_U115 | 1   |        | mul_ln22_74  | mul | dsp_slice | 3       |
|   mac_muladd_8ns_8ns_16s_16_4_1_U96  | 1   |        | add_ln22_56  | add | dsp_slice | 3       |
|   mac_muladd_8ns_8ns_16s_16_4_1_U65  | 1   |        | add_ln22_57  | add | dsp_slice | 3       |
|   mac_muladd_8ns_8ns_16s_16_4_1_U115 | 1   |        | add_ln22_58  | add | dsp_slice | 3       |
|   add_ln22_59_fu_1074_p2             |     |        | add_ln22_59  | add | fabric    | 0       |
|   mac_muladd_8ns_8ns_16s_16_4_1_U99  | 1   |        | mul_ln22_75  | mul | dsp_slice | 3       |
|   mul_8ns_8ns_16_1_1_U41             |     |        | mul_ln22_76  | mul | auto      | 0       |
|   mac_muladd_8ns_8ns_16s_16_4_1_U66  | 1   |        | mul_ln22_77  | mul | dsp_slice | 3       |
|   mul_8ns_8ns_16_1_1_U16             |     |        | mul_ln22_78  | mul | auto      | 0       |
|   mac_muladd_8ns_8ns_16s_16_4_1_U116 | 1   |        | mul_ln22_79  | mul | dsp_slice | 3       |
|   mac_muladd_8ns_8ns_16s_16_4_1_U99  | 1   |        | add_ln22_60  | add | dsp_slice | 3       |
|   mac_muladd_8ns_8ns_16s_16_4_1_U66  | 1   |        | add_ln22_61  | add | dsp_slice | 3       |
|   mac_muladd_8ns_8ns_16s_16_4_1_U116 | 1   |        | add_ln22_62  | add | dsp_slice | 3       |
|   add_ln22_63_fu_1078_p2             |     |        | add_ln22_63  | add | fabric    | 0       |
|   mac_muladd_8ns_8ns_16s_16_4_1_U100 | 1   |        | mul_ln22_80  | mul | dsp_slice | 3       |
|   mul_8ns_8ns_16_1_1_U42             |     |        | mul_ln22_81  | mul | auto      | 0       |
|   mac_muladd_8ns_8ns_16s_16_4_1_U67  | 1   |        | mul_ln22_82  | mul | dsp_slice | 3       |
|   mul_8ns_8ns_16_1_1_U17             |     |        | mul_ln22_83  | mul | auto      | 0       |
|   mac_muladd_8ns_8ns_16s_16_4_1_U117 | 1   |        | mul_ln22_84  | mul | dsp_slice | 3       |
|   mac_muladd_8ns_8ns_16s_16_4_1_U100 | 1   |        | add_ln22_64  | add | dsp_slice | 3       |
|   mac_muladd_8ns_8ns_16s_16_4_1_U67  | 1   |        | add_ln22_65  | add | dsp_slice | 3       |
|   mac_muladd_8ns_8ns_16s_16_4_1_U117 | 1   |        | add_ln22_66  | add | dsp_slice | 3       |
|   add_ln22_67_fu_1082_p2             |     |        | add_ln22_67  | add | fabric    | 0       |
|   mac_muladd_8ns_8ns_16s_16_4_1_U101 | 1   |        | mul_ln22_85  | mul | dsp_slice | 3       |
|   mul_8ns_8ns_16_1_1_U43             |     |        | mul_ln22_86  | mul | auto      | 0       |
|   mac_muladd_8ns_8ns_16s_16_4_1_U68  | 1   |        | mul_ln22_87  | mul | dsp_slice | 3       |
|   mul_8ns_8ns_16_1_1_U18             |     |        | mul_ln22_88  | mul | auto      | 0       |
|   mac_muladd_8ns_8ns_16s_16_4_1_U118 | 1   |        | mul_ln22_89  | mul | dsp_slice | 3       |
|   mac_muladd_8ns_8ns_16s_16_4_1_U101 | 1   |        | add_ln22_68  | add | dsp_slice | 3       |
|   mac_muladd_8ns_8ns_16s_16_4_1_U68  | 1   |        | add_ln22_69  | add | dsp_slice | 3       |
|   mac_muladd_8ns_8ns_16s_16_4_1_U118 | 1   |        | add_ln22_70  | add | dsp_slice | 3       |
|   add_ln22_71_fu_1086_p2             |     |        | add_ln22_71  | add | fabric    | 0       |
|   mac_muladd_8ns_8ns_16s_16_4_1_U102 | 1   |        | mul_ln22_90  | mul | dsp_slice | 3       |
|   mul_8ns_8ns_16_1_1_U44             |     |        | mul_ln22_91  | mul | auto      | 0       |
|   mac_muladd_8ns_8ns_16s_16_4_1_U69  | 1   |        | mul_ln22_92  | mul | dsp_slice | 3       |
|   mul_8ns_8ns_16_1_1_U19             |     |        | mul_ln22_93  | mul | auto      | 0       |
|   mac_muladd_8ns_8ns_16s_16_4_1_U119 | 1   |        | mul_ln22_94  | mul | dsp_slice | 3       |
|   mac_muladd_8ns_8ns_16s_16_4_1_U102 | 1   |        | add_ln22_72  | add | dsp_slice | 3       |
|   mac_muladd_8ns_8ns_16s_16_4_1_U69  | 1   |        | add_ln22_73  | add | dsp_slice | 3       |
|   mac_muladd_8ns_8ns_16s_16_4_1_U119 | 1   |        | add_ln22_74  | add | dsp_slice | 3       |
|   add_ln22_75_fu_1090_p2             |     |        | add_ln22_75  | add | fabric    | 0       |
|   mac_muladd_8ns_8ns_16s_16_4_1_U105 | 1   |        | mul_ln22_95  | mul | dsp_slice | 3       |
|   mul_8ns_8ns_16_1_1_U45             |     |        | mul_ln22_96  | mul | auto      | 0       |
|   mac_muladd_8ns_8ns_16s_16_4_1_U70  | 1   |        | mul_ln22_97  | mul | dsp_slice | 3       |
|   mul_8ns_8ns_16_1_1_U20             |     |        | mul_ln22_98  | mul | auto      | 0       |
|   mac_muladd_8ns_8ns_16s_16_4_1_U120 | 1   |        | mul_ln22_99  | mul | dsp_slice | 3       |
|   mac_muladd_8ns_8ns_16s_16_4_1_U105 | 1   |        | add_ln22_76  | add | dsp_slice | 3       |
|   mac_muladd_8ns_8ns_16s_16_4_1_U70  | 1   |        | add_ln22_77  | add | dsp_slice | 3       |
|   mac_muladd_8ns_8ns_16s_16_4_1_U120 | 1   |        | add_ln22_78  | add | dsp_slice | 3       |
|   add_ln22_79_fu_1094_p2             |     |        | add_ln22_79  | add | fabric    | 0       |
|   mac_muladd_8ns_8ns_16s_16_4_1_U106 | 1   |        | mul_ln22_100 | mul | dsp_slice | 3       |
|   mul_8ns_8ns_16_1_1_U46             |     |        | mul_ln22_101 | mul | auto      | 0       |
|   mac_muladd_8ns_8ns_16s_16_4_1_U71  | 1   |        | mul_ln22_102 | mul | dsp_slice | 3       |
|   mul_8ns_8ns_16_1_1_U21             |     |        | mul_ln22_103 | mul | auto      | 0       |
|   mac_muladd_8ns_8ns_16s_16_4_1_U121 | 1   |        | mul_ln22_104 | mul | dsp_slice | 3       |
|   mac_muladd_8ns_8ns_16s_16_4_1_U106 | 1   |        | add_ln22_80  | add | dsp_slice | 3       |
|   mac_muladd_8ns_8ns_16s_16_4_1_U71  | 1   |        | add_ln22_81  | add | dsp_slice | 3       |
|   mac_muladd_8ns_8ns_16s_16_4_1_U121 | 1   |        | add_ln22_82  | add | dsp_slice | 3       |
|   add_ln22_83_fu_1098_p2             |     |        | add_ln22_83  | add | fabric    | 0       |
|   mac_muladd_8ns_8ns_16s_16_4_1_U107 | 1   |        | mul_ln22_105 | mul | dsp_slice | 3       |
|   mul_8ns_8ns_16_1_1_U47             |     |        | mul_ln22_106 | mul | auto      | 0       |
|   mac_muladd_8ns_8ns_16s_16_4_1_U72  | 1   |        | mul_ln22_107 | mul | dsp_slice | 3       |
|   mul_8ns_8ns_16_1_1_U22             |     |        | mul_ln22_108 | mul | auto      | 0       |
|   mac_muladd_8ns_8ns_16s_16_4_1_U122 | 1   |        | mul_ln22_109 | mul | dsp_slice | 3       |
|   mac_muladd_8ns_8ns_16s_16_4_1_U107 | 1   |        | add_ln22_84  | add | dsp_slice | 3       |
|   mac_muladd_8ns_8ns_16s_16_4_1_U72  | 1   |        | add_ln22_85  | add | dsp_slice | 3       |
|   mac_muladd_8ns_8ns_16s_16_4_1_U122 | 1   |        | add_ln22_86  | add | dsp_slice | 3       |
|   add_ln22_87_fu_1102_p2             |     |        | add_ln22_87  | add | fabric    | 0       |
|   mac_muladd_8ns_8ns_16s_16_4_1_U108 | 1   |        | mul_ln22_110 | mul | dsp_slice | 3       |
|   mul_8ns_8ns_16_1_1_U48             |     |        | mul_ln22_111 | mul | auto      | 0       |
|   mac_muladd_8ns_8ns_16s_16_4_1_U76  | 1   |        | mul_ln22_112 | mul | dsp_slice | 3       |
|   mul_8ns_8ns_16_1_1_U23             |     |        | mul_ln22_113 | mul | auto      | 0       |
|   mac_muladd_8ns_8ns_16s_16_4_1_U123 | 1   |        | mul_ln22_114 | mul | dsp_slice | 3       |
|   mac_muladd_8ns_8ns_16s_16_4_1_U108 | 1   |        | add_ln22_88  | add | dsp_slice | 3       |
|   mac_muladd_8ns_8ns_16s_16_4_1_U76  | 1   |        | add_ln22_89  | add | dsp_slice | 3       |
|   mac_muladd_8ns_8ns_16s_16_4_1_U123 | 1   |        | add_ln22_90  | add | dsp_slice | 3       |
|   add_ln22_91_fu_1106_p2             |     |        | add_ln22_91  | add | fabric    | 0       |
|   mac_muladd_8ns_8ns_16s_16_4_1_U113 | 1   |        | mul_ln22_115 | mul | dsp_slice | 3       |
|   mul_8ns_8ns_16_1_1_U49             |     |        | mul_ln22_116 | mul | auto      | 0       |
|   mac_muladd_8ns_8ns_16s_16_4_1_U77  | 1   |        | mul_ln22_117 | mul | dsp_slice | 3       |
|   mul_8ns_8ns_16_1_1_U24             |     |        | mul_ln22_118 | mul | auto      | 0       |
|   mac_muladd_8ns_8ns_16s_16_4_1_U124 | 1   |        | mul_ln22_119 | mul | dsp_slice | 3       |
|   mac_muladd_8ns_8ns_16s_16_4_1_U113 | 1   |        | add_ln22_92  | add | dsp_slice | 3       |
|   mac_muladd_8ns_8ns_16s_16_4_1_U77  | 1   |        | add_ln22_93  | add | dsp_slice | 3       |
|   mac_muladd_8ns_8ns_16s_16_4_1_U124 | 1   |        | add_ln22_94  | add | dsp_slice | 3       |
|   add_ln22_95_fu_1110_p2             |     |        | add_ln22_95  | add | fabric    | 0       |
|   mac_muladd_8ns_8ns_16s_16_4_1_U114 | 1   |        | mul_ln22_120 | mul | dsp_slice | 3       |
|   mul_8ns_8ns_16_1_1_U50             |     |        | mul_ln22_121 | mul | auto      | 0       |
|   mac_muladd_8ns_8ns_16s_16_4_1_U78  | 1   |        | mul_ln22_122 | mul | dsp_slice | 3       |
|   mul_8ns_8ns_16_1_1_U28             |     |        | mul_ln22_123 | mul | auto      | 0       |
|   mac_muladd_8ns_8ns_16s_16_4_1_U125 | 1   |        | mul_ln22_124 | mul | dsp_slice | 3       |
|   mac_muladd_8ns_8ns_16s_16_4_1_U114 | 1   |        | add_ln22_96  | add | dsp_slice | 3       |
|   mac_muladd_8ns_8ns_16s_16_4_1_U78  | 1   |        | add_ln22_97  | add | dsp_slice | 3       |
|   mac_muladd_8ns_8ns_16s_16_4_1_U125 | 1   |        | add_ln22_98  | add | dsp_slice | 3       |
|   add_ln22_99_fu_1114_p2             |     |        | add_ln22_99  | add | fabric    | 0       |
+--------------------------------------+-----+--------+--------------+-----+-----------+---------+


================================================================
== Storage Report
================================================================
  No bind storage info in design

================================================================
== Pragma Report
================================================================
* Valid Pragma Syntax
+---------------+---------------------------+--------------------------------+
| Type          | Options                   | Location                       |
+---------------+---------------------------+--------------------------------+
| ARRAY_RESHAPE | complete dim=2 variable=a | in matrix_mult (script.tcl:69) |
| ARRAY_RESHAPE | complete dim=1 variable=b | in matrix_mult (script.tcl:70) |
| PIPELINE      | ii=1                      | in matrix_mult (script.tcl:73) |
+---------------+---------------------------+--------------------------------+


