
*** Running vivado
    with args -log zynq_interrupt_system_wrapper.vds -m64 -product Vivado -mode batch -messageDb vivado.pb -notrace -source zynq_interrupt_system_wrapper.tcl



****** Vivado v2025.2 (64-bit)
  **** SW Build 6299465 on Fri Nov 14 19:35:11 GMT 2025
  **** IP Build 6300035 on Fri Nov 14 10:48:45 MST 2025
  **** SharedData Build 6298862 on Thu Nov 13 04:50:51 MST 2025
  **** Start of session at: Wed May 20 09:38:52 2026
    ** Copyright 1986-2022 Xilinx, Inc. All Rights Reserved.
    ** Copyright 2022-2025 Advanced Micro Devices, Inc. All Rights Reserved.

source zynq_interrupt_system_wrapper.tcl -notrace
INFO: [IP_Flow 19-234] Refreshing IP repositories
INFO: [IP_Flow 19-1704] No user IP repositories specified
INFO: [IP_Flow 19-2313] Loaded Vivado IP repository 'C:/AMDDesignTools/2025.2/Vivado/data/ip'.
INFO: [Project 1-5698] Found the below utility IPs instantiated in block design D:/Semester_6/HWSW/LAB2/zynq_interrupts/zynq_interrupts.srcs/sources_1/bd/zynq_interrupt_system/zynq_interrupt_system.bd which have equivalent inline hdl with improved performance and reduced diskspace.
It is recommended to migrate these utility IPs to inline hdl  using the command upgrade_project -migrate_to_inline_hdl.  The utility IPs may be deprecated in future releases.
More information on inline hdl is available in UG994.
Utility IP Component Instances:
 zynq_interrupt_system_xlconcat_0_0
Command: read_checkpoint -auto_incremental -incremental D:/Semester_6/HWSW/LAB2/zynq_interrupts/zynq_interrupts.srcs/utils_1/imports/synth_1/zynq_interrupt_system_wrapper.dcp
INFO: [Vivado 12-5825] Read reference checkpoint from D:/Semester_6/HWSW/LAB2/zynq_interrupts/zynq_interrupts.srcs/utils_1/imports/synth_1/zynq_interrupt_system_wrapper.dcp for incremental synthesis
INFO: [Vivado 12-7989] Please ensure there are no constraint changes
Command: synth_design -top zynq_interrupt_system_wrapper -part xc7z010clg400-1
Starting synth_design
Attempting to get a license for feature 'Synthesis' and/or device 'xc7z010'
INFO: [Common 17-349] Got license for feature 'Synthesis' and/or device 'xc7z010'
INFO: [Device 21-403] Loading part xc7z010clg400-1
INFO: [Designutils 20-5440] No compile time benefit to using incremental synthesis; A full resynthesis will be run
INFO: [Designutils 20-4379] Flow is switching to default flow due to incremental criteria not met. If you would like to alter this behaviour and have the flow terminate instead, please set the following parameter config_implementation {autoIncr.Synth.RejectBehavior Terminate}
INFO: [Synth 8-7079] Multithreading enabled for synth_design using a maximum of 2 processes.
INFO: [Synth 8-7078] Launching helper process for spawning children vivado processes
INFO: [Synth 8-7075] Helper process launched with PID 24004
---------------------------------------------------------------------------------
Starting RTL Elaboration : Time (s): cpu = 00:00:04 ; elapsed = 00:00:05 . Memory (MB): peak = 1415.277 ; gain = 542.203
---------------------------------------------------------------------------------
INFO: [Synth 8-6157] synthesizing module 'zynq_interrupt_system_wrapper' [D:/Semester_6/HWSW/LAB2/zynq_interrupts/zynq_interrupts.gen/sources_1/bd/zynq_interrupt_system/hdl/zynq_interrupt_system_wrapper.v:13]
INFO: [Synth 8-6157] synthesizing module 'zynq_interrupt_system' [d:/Semester_6/HWSW/LAB2/zynq_interrupts/zynq_interrupts.gen/sources_1/bd/zynq_interrupt_system/synth/zynq_interrupt_system.v:13]
INFO: [Synth 8-6157] synthesizing module 'zynq_interrupt_system_axi_gpio_0_0' [D:/Semester_6/HWSW/LAB2/zynq_interrupts/zynq_interrupts.runs/synth_1/.Xil/Vivado-21732-NhatHuy/realtime/zynq_interrupt_system_axi_gpio_0_0_stub.v:6]
INFO: [Synth 8-6155] done synthesizing module 'zynq_interrupt_system_axi_gpio_0_0' (0#1) [D:/Semester_6/HWSW/LAB2/zynq_interrupts/zynq_interrupts.runs/synth_1/.Xil/Vivado-21732-NhatHuy/realtime/zynq_interrupt_system_axi_gpio_0_0_stub.v:6]
INFO: [Synth 8-6157] synthesizing module 'zynq_interrupt_system_axi_gpio_1_0' [D:/Semester_6/HWSW/LAB2/zynq_interrupts/zynq_interrupts.runs/synth_1/.Xil/Vivado-21732-NhatHuy/realtime/zynq_interrupt_system_axi_gpio_1_0_stub.v:6]
INFO: [Synth 8-6155] done synthesizing module 'zynq_interrupt_system_axi_gpio_1_0' (0#1) [D:/Semester_6/HWSW/LAB2/zynq_interrupts/zynq_interrupts.runs/synth_1/.Xil/Vivado-21732-NhatHuy/realtime/zynq_interrupt_system_axi_gpio_1_0_stub.v:6]
INFO: [Synth 8-6157] synthesizing module 'zynq_interrupt_system_axi_smc_0' [D:/Semester_6/HWSW/LAB2/zynq_interrupts/zynq_interrupts.runs/synth_1/.Xil/Vivado-21732-NhatHuy/realtime/zynq_interrupt_system_axi_smc_0_stub.v:6]
INFO: [Synth 8-6155] done synthesizing module 'zynq_interrupt_system_axi_smc_0' (0#1) [D:/Semester_6/HWSW/LAB2/zynq_interrupts/zynq_interrupts.runs/synth_1/.Xil/Vivado-21732-NhatHuy/realtime/zynq_interrupt_system_axi_smc_0_stub.v:6]
WARNING: [Synth 8-7071] port 'M00_AXI_awprot' of module 'zynq_interrupt_system_axi_smc_0' is unconnected for instance 'axi_smc' [d:/Semester_6/HWSW/LAB2/zynq_interrupts/zynq_interrupts.gen/sources_1/bd/zynq_interrupt_system/synth/zynq_interrupt_system.v:224]
WARNING: [Synth 8-7071] port 'M00_AXI_arprot' of module 'zynq_interrupt_system_axi_smc_0' is unconnected for instance 'axi_smc' [d:/Semester_6/HWSW/LAB2/zynq_interrupts/zynq_interrupts.gen/sources_1/bd/zynq_interrupt_system/synth/zynq_interrupt_system.v:224]
WARNING: [Synth 8-7071] port 'M01_AXI_awprot' of module 'zynq_interrupt_system_axi_smc_0' is unconnected for instance 'axi_smc' [d:/Semester_6/HWSW/LAB2/zynq_interrupts/zynq_interrupts.gen/sources_1/bd/zynq_interrupt_system/synth/zynq_interrupt_system.v:224]
WARNING: [Synth 8-7071] port 'M01_AXI_arprot' of module 'zynq_interrupt_system_axi_smc_0' is unconnected for instance 'axi_smc' [d:/Semester_6/HWSW/LAB2/zynq_interrupts/zynq_interrupts.gen/sources_1/bd/zynq_interrupt_system/synth/zynq_interrupt_system.v:224]
WARNING: [Synth 8-7071] port 'M02_AXI_awprot' of module 'zynq_interrupt_system_axi_smc_0' is unconnected for instance 'axi_smc' [d:/Semester_6/HWSW/LAB2/zynq_interrupts/zynq_interrupts.gen/sources_1/bd/zynq_interrupt_system/synth/zynq_interrupt_system.v:224]
WARNING: [Synth 8-7071] port 'M02_AXI_arprot' of module 'zynq_interrupt_system_axi_smc_0' is unconnected for instance 'axi_smc' [d:/Semester_6/HWSW/LAB2/zynq_interrupts/zynq_interrupts.gen/sources_1/bd/zynq_interrupt_system/synth/zynq_interrupt_system.v:224]
WARNING: [Synth 8-7023] instance 'axi_smc' of module 'zynq_interrupt_system_axi_smc_0' has 97 connections declared, but only 91 given [d:/Semester_6/HWSW/LAB2/zynq_interrupts/zynq_interrupts.gen/sources_1/bd/zynq_interrupt_system/synth/zynq_interrupt_system.v:224]
INFO: [Synth 8-6157] synthesizing module 'zynq_interrupt_system_axi_timer_0_0' [D:/Semester_6/HWSW/LAB2/zynq_interrupts/zynq_interrupts.runs/synth_1/.Xil/Vivado-21732-NhatHuy/realtime/zynq_interrupt_system_axi_timer_0_0_stub.v:6]
INFO: [Synth 8-6155] done synthesizing module 'zynq_interrupt_system_axi_timer_0_0' (0#1) [D:/Semester_6/HWSW/LAB2/zynq_interrupts/zynq_interrupts.runs/synth_1/.Xil/Vivado-21732-NhatHuy/realtime/zynq_interrupt_system_axi_timer_0_0_stub.v:6]
WARNING: [Synth 8-7071] port 'generateout0' of module 'zynq_interrupt_system_axi_timer_0_0' is unconnected for instance 'axi_timer_0' [d:/Semester_6/HWSW/LAB2/zynq_interrupts/zynq_interrupts.gen/sources_1/bd/zynq_interrupt_system/synth/zynq_interrupt_system.v:316]
WARNING: [Synth 8-7071] port 'generateout1' of module 'zynq_interrupt_system_axi_timer_0_0' is unconnected for instance 'axi_timer_0' [d:/Semester_6/HWSW/LAB2/zynq_interrupts/zynq_interrupts.gen/sources_1/bd/zynq_interrupt_system/synth/zynq_interrupt_system.v:316]
WARNING: [Synth 8-7071] port 'pwm0' of module 'zynq_interrupt_system_axi_timer_0_0' is unconnected for instance 'axi_timer_0' [d:/Semester_6/HWSW/LAB2/zynq_interrupts/zynq_interrupts.gen/sources_1/bd/zynq_interrupt_system/synth/zynq_interrupt_system.v:316]
WARNING: [Synth 8-7023] instance 'axi_timer_0' of module 'zynq_interrupt_system_axi_timer_0_0' has 26 connections declared, but only 23 given [d:/Semester_6/HWSW/LAB2/zynq_interrupts/zynq_interrupts.gen/sources_1/bd/zynq_interrupt_system/synth/zynq_interrupt_system.v:316]
INFO: [Synth 8-6157] synthesizing module 'zynq_interrupt_system_processing_system7_0_0' [D:/Semester_6/HWSW/LAB2/zynq_interrupts/zynq_interrupts.runs/synth_1/.Xil/Vivado-21732-NhatHuy/realtime/zynq_interrupt_system_processing_system7_0_0_stub.v:6]
INFO: [Synth 8-6155] done synthesizing module 'zynq_interrupt_system_processing_system7_0_0' (0#1) [D:/Semester_6/HWSW/LAB2/zynq_interrupts/zynq_interrupts.runs/synth_1/.Xil/Vivado-21732-NhatHuy/realtime/zynq_interrupt_system_processing_system7_0_0_stub.v:6]
WARNING: [Synth 8-7071] port 'USB0_PORT_INDCTL' of module 'zynq_interrupt_system_processing_system7_0_0' is unconnected for instance 'processing_system7_0' [d:/Semester_6/HWSW/LAB2/zynq_interrupts/zynq_interrupts.gen/sources_1/bd/zynq_interrupt_system/synth/zynq_interrupt_system.v:340]
WARNING: [Synth 8-7071] port 'USB0_VBUS_PWRSELECT' of module 'zynq_interrupt_system_processing_system7_0_0' is unconnected for instance 'processing_system7_0' [d:/Semester_6/HWSW/LAB2/zynq_interrupts/zynq_interrupts.gen/sources_1/bd/zynq_interrupt_system/synth/zynq_interrupt_system.v:340]
WARNING: [Synth 8-7023] instance 'processing_system7_0' of module 'zynq_interrupt_system_processing_system7_0_0' has 66 connections declared, but only 64 given [d:/Semester_6/HWSW/LAB2/zynq_interrupts/zynq_interrupts.gen/sources_1/bd/zynq_interrupt_system/synth/zynq_interrupt_system.v:340]
INFO: [Synth 8-6157] synthesizing module 'zynq_interrupt_system_rst_ps7_0_50M_0' [D:/Semester_6/HWSW/LAB2/zynq_interrupts/zynq_interrupts.runs/synth_1/.Xil/Vivado-21732-NhatHuy/realtime/zynq_interrupt_system_rst_ps7_0_50M_0_stub.v:6]
INFO: [Synth 8-6155] done synthesizing module 'zynq_interrupt_system_rst_ps7_0_50M_0' (0#1) [D:/Semester_6/HWSW/LAB2/zynq_interrupts/zynq_interrupts.runs/synth_1/.Xil/Vivado-21732-NhatHuy/realtime/zynq_interrupt_system_rst_ps7_0_50M_0_stub.v:6]
WARNING: [Synth 8-7071] port 'mb_reset' of module 'zynq_interrupt_system_rst_ps7_0_50M_0' is unconnected for instance 'rst_ps7_0_50M' [d:/Semester_6/HWSW/LAB2/zynq_interrupts/zynq_interrupts.gen/sources_1/bd/zynq_interrupt_system/synth/zynq_interrupt_system.v:405]
WARNING: [Synth 8-7071] port 'bus_struct_reset' of module 'zynq_interrupt_system_rst_ps7_0_50M_0' is unconnected for instance 'rst_ps7_0_50M' [d:/Semester_6/HWSW/LAB2/zynq_interrupts/zynq_interrupts.gen/sources_1/bd/zynq_interrupt_system/synth/zynq_interrupt_system.v:405]
WARNING: [Synth 8-7071] port 'peripheral_reset' of module 'zynq_interrupt_system_rst_ps7_0_50M_0' is unconnected for instance 'rst_ps7_0_50M' [d:/Semester_6/HWSW/LAB2/zynq_interrupts/zynq_interrupts.gen/sources_1/bd/zynq_interrupt_system/synth/zynq_interrupt_system.v:405]
WARNING: [Synth 8-7071] port 'interconnect_aresetn' of module 'zynq_interrupt_system_rst_ps7_0_50M_0' is unconnected for instance 'rst_ps7_0_50M' [d:/Semester_6/HWSW/LAB2/zynq_interrupts/zynq_interrupts.gen/sources_1/bd/zynq_interrupt_system/synth/zynq_interrupt_system.v:405]
WARNING: [Synth 8-7023] instance 'rst_ps7_0_50M' of module 'zynq_interrupt_system_rst_ps7_0_50M_0' has 10 connections declared, but only 6 given [d:/Semester_6/HWSW/LAB2/zynq_interrupts/zynq_interrupts.gen/sources_1/bd/zynq_interrupt_system/synth/zynq_interrupt_system.v:405]
INFO: [Synth 8-6157] synthesizing module 'zynq_interrupt_system_xlconcat_0_0' [d:/Semester_6/HWSW/LAB2/zynq_interrupts/zynq_interrupts.gen/sources_1/bd/zynq_interrupt_system/ip/zynq_interrupt_system_xlconcat_0_0/synth/zynq_interrupt_system_xlconcat_0_0.v:53]
INFO: [Synth 8-6157] synthesizing module 'xlconcat_v2_1_7_xlconcat' [d:/Semester_6/HWSW/LAB2/zynq_interrupts/zynq_interrupts.gen/sources_1/bd/zynq_interrupt_system/ipshared/9c1a/hdl/xlconcat_v2_1_vl_rfs.v:59]
INFO: [Synth 8-6155] done synthesizing module 'xlconcat_v2_1_7_xlconcat' (0#1) [d:/Semester_6/HWSW/LAB2/zynq_interrupts/zynq_interrupts.gen/sources_1/bd/zynq_interrupt_system/ipshared/9c1a/hdl/xlconcat_v2_1_vl_rfs.v:59]
INFO: [Synth 8-6155] done synthesizing module 'zynq_interrupt_system_xlconcat_0_0' (0#1) [d:/Semester_6/HWSW/LAB2/zynq_interrupts/zynq_interrupts.gen/sources_1/bd/zynq_interrupt_system/ip/zynq_interrupt_system_xlconcat_0_0/synth/zynq_interrupt_system_xlconcat_0_0.v:53]
INFO: [Synth 8-6155] done synthesizing module 'zynq_interrupt_system' (0#1) [d:/Semester_6/HWSW/LAB2/zynq_interrupts/zynq_interrupts.gen/sources_1/bd/zynq_interrupt_system/synth/zynq_interrupt_system.v:13]
INFO: [Synth 8-6155] done synthesizing module 'zynq_interrupt_system_wrapper' (0#1) [D:/Semester_6/HWSW/LAB2/zynq_interrupts/zynq_interrupts.gen/sources_1/bd/zynq_interrupt_system/hdl/zynq_interrupt_system_wrapper.v:13]
WARNING: [Synth 8-7129] Port In2[0] in module xlconcat_v2_1_7_xlconcat is either unconnected or has no load
WARNING: [Synth 8-7129] Port In3[0] in module xlconcat_v2_1_7_xlconcat is either unconnected or has no load
WARNING: [Synth 8-7129] Port In4[0] in module xlconcat_v2_1_7_xlconcat is either unconnected or has no load
WARNING: [Synth 8-7129] Port In5[0] in module xlconcat_v2_1_7_xlconcat is either unconnected or has no load
WARNING: [Synth 8-7129] Port In6[0] in module xlconcat_v2_1_7_xlconcat is either unconnected or has no load
WARNING: [Synth 8-7129] Port In7[0] in module xlconcat_v2_1_7_xlconcat is either unconnected or has no load
WARNING: [Synth 8-7129] Port In8[0] in module xlconcat_v2_1_7_xlconcat is either unconnected or has no load
WARNING: [Synth 8-7129] Port In9[0] in module xlconcat_v2_1_7_xlconcat is either unconnected or has no load
WARNING: [Synth 8-7129] Port In10[0] in module xlconcat_v2_1_7_xlconcat is either unconnected or has no load
WARNING: [Synth 8-7129] Port In11[0] in module xlconcat_v2_1_7_xlconcat is either unconnected or has no load
WARNING: [Synth 8-7129] Port In12[0] in module xlconcat_v2_1_7_xlconcat is either unconnected or has no load
WARNING: [Synth 8-7129] Port In13[0] in module xlconcat_v2_1_7_xlconcat is either unconnected or has no load
WARNING: [Synth 8-7129] Port In14[0] in module xlconcat_v2_1_7_xlconcat is either unconnected or has no load
WARNING: [Synth 8-7129] Port In15[0] in module xlconcat_v2_1_7_xlconcat is either unconnected or has no load
WARNING: [Synth 8-7129] Port In16[0] in module xlconcat_v2_1_7_xlconcat is either unconnected or has no load
WARNING: [Synth 8-7129] Port In17[0] in module xlconcat_v2_1_7_xlconcat is either unconnected or has no load
WARNING: [Synth 8-7129] Port In18[0] in module xlconcat_v2_1_7_xlconcat is either unconnected or has no load
WARNING: [Synth 8-7129] Port In19[0] in module xlconcat_v2_1_7_xlconcat is either unconnected or has no load
WARNING: [Synth 8-7129] Port In20[0] in module xlconcat_v2_1_7_xlconcat is either unconnected or has no load
WARNING: [Synth 8-7129] Port In21[0] in module xlconcat_v2_1_7_xlconcat is either unconnected or has no load
WARNING: [Synth 8-7129] Port In22[0] in module xlconcat_v2_1_7_xlconcat is either unconnected or has no load
WARNING: [Synth 8-7129] Port In23[0] in module xlconcat_v2_1_7_xlconcat is either unconnected or has no load
WARNING: [Synth 8-7129] Port In24[0] in module xlconcat_v2_1_7_xlconcat is either unconnected or has no load
WARNING: [Synth 8-7129] Port In25[0] in module xlconcat_v2_1_7_xlconcat is either unconnected or has no load
WARNING: [Synth 8-7129] Port In26[0] in module xlconcat_v2_1_7_xlconcat is either unconnected or has no load
WARNING: [Synth 8-7129] Port In27[0] in module xlconcat_v2_1_7_xlconcat is either unconnected or has no load
WARNING: [Synth 8-7129] Port In28[0] in module xlconcat_v2_1_7_xlconcat is either unconnected or has no load
WARNING: [Synth 8-7129] Port In29[0] in module xlconcat_v2_1_7_xlconcat is either unconnected or has no load
WARNING: [Synth 8-7129] Port In30[0] in module xlconcat_v2_1_7_xlconcat is either unconnected or has no load
WARNING: [Synth 8-7129] Port In31[0] in module xlconcat_v2_1_7_xlconcat is either unconnected or has no load
WARNING: [Synth 8-7129] Port In32[0] in module xlconcat_v2_1_7_xlconcat is either unconnected or has no load
WARNING: [Synth 8-7129] Port In33[0] in module xlconcat_v2_1_7_xlconcat is either unconnected or has no load
WARNING: [Synth 8-7129] Port In34[0] in module xlconcat_v2_1_7_xlconcat is either unconnected or has no load
WARNING: [Synth 8-7129] Port In35[0] in module xlconcat_v2_1_7_xlconcat is either unconnected or has no load
WARNING: [Synth 8-7129] Port In36[0] in module xlconcat_v2_1_7_xlconcat is either unconnected or has no load
WARNING: [Synth 8-7129] Port In37[0] in module xlconcat_v2_1_7_xlconcat is either unconnected or has no load
WARNING: [Synth 8-7129] Port In38[0] in module xlconcat_v2_1_7_xlconcat is either unconnected or has no load
WARNING: [Synth 8-7129] Port In39[0] in module xlconcat_v2_1_7_xlconcat is either unconnected or has no load
WARNING: [Synth 8-7129] Port In40[0] in module xlconcat_v2_1_7_xlconcat is either unconnected or has no load
WARNING: [Synth 8-7129] Port In41[0] in module xlconcat_v2_1_7_xlconcat is either unconnected or has no load
WARNING: [Synth 8-7129] Port In42[0] in module xlconcat_v2_1_7_xlconcat is either unconnected or has no load
WARNING: [Synth 8-7129] Port In43[0] in module xlconcat_v2_1_7_xlconcat is either unconnected or has no load
WARNING: [Synth 8-7129] Port In44[0] in module xlconcat_v2_1_7_xlconcat is either unconnected or has no load
WARNING: [Synth 8-7129] Port In45[0] in module xlconcat_v2_1_7_xlconcat is either unconnected or has no load
WARNING: [Synth 8-7129] Port In46[0] in module xlconcat_v2_1_7_xlconcat is either unconnected or has no load
WARNING: [Synth 8-7129] Port In47[0] in module xlconcat_v2_1_7_xlconcat is either unconnected or has no load
WARNING: [Synth 8-7129] Port In48[0] in module xlconcat_v2_1_7_xlconcat is either unconnected or has no load
WARNING: [Synth 8-7129] Port In49[0] in module xlconcat_v2_1_7_xlconcat is either unconnected or has no load
WARNING: [Synth 8-7129] Port In50[0] in module xlconcat_v2_1_7_xlconcat is either unconnected or has no load
WARNING: [Synth 8-7129] Port In51[0] in module xlconcat_v2_1_7_xlconcat is either unconnected or has no load
WARNING: [Synth 8-7129] Port In52[0] in module xlconcat_v2_1_7_xlconcat is either unconnected or has no load
WARNING: [Synth 8-7129] Port In53[0] in module xlconcat_v2_1_7_xlconcat is either unconnected or has no load
WARNING: [Synth 8-7129] Port In54[0] in module xlconcat_v2_1_7_xlconcat is either unconnected or has no load
WARNING: [Synth 8-7129] Port In55[0] in module xlconcat_v2_1_7_xlconcat is either unconnected or has no load
WARNING: [Synth 8-7129] Port In56[0] in module xlconcat_v2_1_7_xlconcat is either unconnected or has no load
WARNING: [Synth 8-7129] Port In57[0] in module xlconcat_v2_1_7_xlconcat is either unconnected or has no load
WARNING: [Synth 8-7129] Port In58[0] in module xlconcat_v2_1_7_xlconcat is either unconnected or has no load
WARNING: [Synth 8-7129] Port In59[0] in module xlconcat_v2_1_7_xlconcat is either unconnected or has no load
WARNING: [Synth 8-7129] Port In60[0] in module xlconcat_v2_1_7_xlconcat is either unconnected or has no load
WARNING: [Synth 8-7129] Port In61[0] in module xlconcat_v2_1_7_xlconcat is either unconnected or has no load
WARNING: [Synth 8-7129] Port In62[0] in module xlconcat_v2_1_7_xlconcat is either unconnected or has no load
WARNING: [Synth 8-7129] Port In63[0] in module xlconcat_v2_1_7_xlconcat is either unconnected or has no load
WARNING: [Synth 8-7129] Port In64[0] in module xlconcat_v2_1_7_xlconcat is either unconnected or has no load
WARNING: [Synth 8-7129] Port In65[0] in module xlconcat_v2_1_7_xlconcat is either unconnected or has no load
WARNING: [Synth 8-7129] Port In66[0] in module xlconcat_v2_1_7_xlconcat is either unconnected or has no load
WARNING: [Synth 8-7129] Port In67[0] in module xlconcat_v2_1_7_xlconcat is either unconnected or has no load
WARNING: [Synth 8-7129] Port In68[0] in module xlconcat_v2_1_7_xlconcat is either unconnected or has no load
WARNING: [Synth 8-7129] Port In69[0] in module xlconcat_v2_1_7_xlconcat is either unconnected or has no load
WARNING: [Synth 8-7129] Port In70[0] in module xlconcat_v2_1_7_xlconcat is either unconnected or has no load
WARNING: [Synth 8-7129] Port In71[0] in module xlconcat_v2_1_7_xlconcat is either unconnected or has no load
WARNING: [Synth 8-7129] Port In72[0] in module xlconcat_v2_1_7_xlconcat is either unconnected or has no load
WARNING: [Synth 8-7129] Port In73[0] in module xlconcat_v2_1_7_xlconcat is either unconnected or has no load
WARNING: [Synth 8-7129] Port In74[0] in module xlconcat_v2_1_7_xlconcat is either unconnected or has no load
WARNING: [Synth 8-7129] Port In75[0] in module xlconcat_v2_1_7_xlconcat is either unconnected or has no load
WARNING: [Synth 8-7129] Port In76[0] in module xlconcat_v2_1_7_xlconcat is either unconnected or has no load
WARNING: [Synth 8-7129] Port In77[0] in module xlconcat_v2_1_7_xlconcat is either unconnected or has no load
WARNING: [Synth 8-7129] Port In78[0] in module xlconcat_v2_1_7_xlconcat is either unconnected or has no load
WARNING: [Synth 8-7129] Port In79[0] in module xlconcat_v2_1_7_xlconcat is either unconnected or has no load
WARNING: [Synth 8-7129] Port In80[0] in module xlconcat_v2_1_7_xlconcat is either unconnected or has no load
WARNING: [Synth 8-7129] Port In81[0] in module xlconcat_v2_1_7_xlconcat is either unconnected or has no load
WARNING: [Synth 8-7129] Port In82[0] in module xlconcat_v2_1_7_xlconcat is either unconnected or has no load
WARNING: [Synth 8-7129] Port In83[0] in module xlconcat_v2_1_7_xlconcat is either unconnected or has no load
WARNING: [Synth 8-7129] Port In84[0] in module xlconcat_v2_1_7_xlconcat is either unconnected or has no load
WARNING: [Synth 8-7129] Port In85[0] in module xlconcat_v2_1_7_xlconcat is either unconnected or has no load
WARNING: [Synth 8-7129] Port In86[0] in module xlconcat_v2_1_7_xlconcat is either unconnected or has no load
WARNING: [Synth 8-7129] Port In87[0] in module xlconcat_v2_1_7_xlconcat is either unconnected or has no load
WARNING: [Synth 8-7129] Port In88[0] in module xlconcat_v2_1_7_xlconcat is either unconnected or has no load
WARNING: [Synth 8-7129] Port In89[0] in module xlconcat_v2_1_7_xlconcat is either unconnected or has no load
WARNING: [Synth 8-7129] Port In90[0] in module xlconcat_v2_1_7_xlconcat is either unconnected or has no load
WARNING: [Synth 8-7129] Port In91[0] in module xlconcat_v2_1_7_xlconcat is either unconnected or has no load
WARNING: [Synth 8-7129] Port In92[0] in module xlconcat_v2_1_7_xlconcat is either unconnected or has no load
WARNING: [Synth 8-7129] Port In93[0] in module xlconcat_v2_1_7_xlconcat is either unconnected or has no load
WARNING: [Synth 8-7129] Port In94[0] in module xlconcat_v2_1_7_xlconcat is either unconnected or has no load
WARNING: [Synth 8-7129] Port In95[0] in module xlconcat_v2_1_7_xlconcat is either unconnected or has no load
WARNING: [Synth 8-7129] Port In96[0] in module xlconcat_v2_1_7_xlconcat is either unconnected or has no load
WARNING: [Synth 8-7129] Port In97[0] in module xlconcat_v2_1_7_xlconcat is either unconnected or has no load
WARNING: [Synth 8-7129] Port In98[0] in module xlconcat_v2_1_7_xlconcat is either unconnected or has no load
WARNING: [Synth 8-7129] Port In99[0] in module xlconcat_v2_1_7_xlconcat is either unconnected or has no load
WARNING: [Synth 8-7129] Port In100[0] in module xlconcat_v2_1_7_xlconcat is either unconnected or has no load
WARNING: [Synth 8-7129] Port In101[0] in module xlconcat_v2_1_7_xlconcat is either unconnected or has no load
INFO: [Common 17-14] Message 'Synth 8-7129' appears 100 times and further instances of the messages will be disabled. Use the Tcl command set_msg_config to change the current settings.
---------------------------------------------------------------------------------
Finished RTL Elaboration : Time (s): cpu = 00:00:06 ; elapsed = 00:00:06 . Memory (MB): peak = 1542.742 ; gain = 669.668
---------------------------------------------------------------------------------
---------------------------------------------------------------------------------
Start Handling Custom Attributes
---------------------------------------------------------------------------------
---------------------------------------------------------------------------------
Finished Handling Custom Attributes : Time (s): cpu = 00:00:06 ; elapsed = 00:00:07 . Memory (MB): peak = 1542.742 ; gain = 669.668
---------------------------------------------------------------------------------
---------------------------------------------------------------------------------
Finished RTL Optimization Phase 1 : Time (s): cpu = 00:00:06 ; elapsed = 00:00:07 . Memory (MB): peak = 1542.742 ; gain = 669.668
---------------------------------------------------------------------------------
Netlist sorting complete. Time (s): cpu = 00:00:00 ; elapsed = 00:00:00.006 . Memory (MB): peak = 1542.742 ; gain = 0.000
INFO: [Project 1-570] Preparing netlist for logic optimization

Processing XDC Constraints
Initializing timing engine
Parsing XDC File [d:/Semester_6/HWSW/LAB2/zynq_interrupts/zynq_interrupts.gen/sources_1/bd/zynq_interrupt_system/ip/zynq_interrupt_system_processing_system7_0_0/zynq_interrupt_system_processing_system7_0_0/zynq_interrupt_system_processing_system7_0_0_in_context.xdc] for cell 'zynq_interrupt_system_i/processing_system7_0'
Finished Parsing XDC File [d:/Semester_6/HWSW/LAB2/zynq_interrupts/zynq_interrupts.gen/sources_1/bd/zynq_interrupt_system/ip/zynq_interrupt_system_processing_system7_0_0/zynq_interrupt_system_processing_system7_0_0/zynq_interrupt_system_processing_system7_0_0_in_context.xdc] for cell 'zynq_interrupt_system_i/processing_system7_0'
Parsing XDC File [d:/Semester_6/HWSW/LAB2/zynq_interrupts/zynq_interrupts.gen/sources_1/bd/zynq_interrupt_system/ip/zynq_interrupt_system_axi_gpio_0_0/zynq_interrupt_system_axi_gpio_0_0/zynq_interrupt_system_axi_gpio_0_0_in_context.xdc] for cell 'zynq_interrupt_system_i/axi_gpio_0'
Finished Parsing XDC File [d:/Semester_6/HWSW/LAB2/zynq_interrupts/zynq_interrupts.gen/sources_1/bd/zynq_interrupt_system/ip/zynq_interrupt_system_axi_gpio_0_0/zynq_interrupt_system_axi_gpio_0_0/zynq_interrupt_system_axi_gpio_0_0_in_context.xdc] for cell 'zynq_interrupt_system_i/axi_gpio_0'
Parsing XDC File [d:/Semester_6/HWSW/LAB2/zynq_interrupts/zynq_interrupts.gen/sources_1/bd/zynq_interrupt_system/ip/zynq_interrupt_system_axi_gpio_1_0/zynq_interrupt_system_axi_gpio_1_0/zynq_interrupt_system_axi_gpio_1_0_in_context.xdc] for cell 'zynq_interrupt_system_i/axi_gpio_1'
Finished Parsing XDC File [d:/Semester_6/HWSW/LAB2/zynq_interrupts/zynq_interrupts.gen/sources_1/bd/zynq_interrupt_system/ip/zynq_interrupt_system_axi_gpio_1_0/zynq_interrupt_system_axi_gpio_1_0/zynq_interrupt_system_axi_gpio_1_0_in_context.xdc] for cell 'zynq_interrupt_system_i/axi_gpio_1'
Parsing XDC File [d:/Semester_6/HWSW/LAB2/zynq_interrupts/zynq_interrupts.gen/sources_1/bd/zynq_interrupt_system/ip/zynq_interrupt_system_axi_smc_0/zynq_interrupt_system_axi_smc_0/zynq_interrupt_system_axi_smc_0_in_context.xdc] for cell 'zynq_interrupt_system_i/axi_smc'
Finished Parsing XDC File [d:/Semester_6/HWSW/LAB2/zynq_interrupts/zynq_interrupts.gen/sources_1/bd/zynq_interrupt_system/ip/zynq_interrupt_system_axi_smc_0/zynq_interrupt_system_axi_smc_0/zynq_interrupt_system_axi_smc_0_in_context.xdc] for cell 'zynq_interrupt_system_i/axi_smc'
Parsing XDC File [d:/Semester_6/HWSW/LAB2/zynq_interrupts/zynq_interrupts.gen/sources_1/bd/zynq_interrupt_system/ip/zynq_interrupt_system_rst_ps7_0_50M_0/zynq_interrupt_system_rst_ps7_0_50M_0/zynq_interrupt_system_rst_ps7_0_50M_0_in_context.xdc] for cell 'zynq_interrupt_system_i/rst_ps7_0_50M'
Finished Parsing XDC File [d:/Semester_6/HWSW/LAB2/zynq_interrupts/zynq_interrupts.gen/sources_1/bd/zynq_interrupt_system/ip/zynq_interrupt_system_rst_ps7_0_50M_0/zynq_interrupt_system_rst_ps7_0_50M_0/zynq_interrupt_system_rst_ps7_0_50M_0_in_context.xdc] for cell 'zynq_interrupt_system_i/rst_ps7_0_50M'
Parsing XDC File [d:/Semester_6/HWSW/LAB2/zynq_interrupts/zynq_interrupts.gen/sources_1/bd/zynq_interrupt_system/ip/zynq_interrupt_system_axi_timer_0_0/zynq_interrupt_system_axi_timer_0_0/zynq_interrupt_system_axi_timer_0_0_in_context.xdc] for cell 'zynq_interrupt_system_i/axi_timer_0'
Finished Parsing XDC File [d:/Semester_6/HWSW/LAB2/zynq_interrupts/zynq_interrupts.gen/sources_1/bd/zynq_interrupt_system/ip/zynq_interrupt_system_axi_timer_0_0/zynq_interrupt_system_axi_timer_0_0/zynq_interrupt_system_axi_timer_0_0_in_context.xdc] for cell 'zynq_interrupt_system_i/axi_timer_0'
Parsing XDC File [D:/Semester_6/HWSW/LAB2/zynq_interrupts/zynq_interrupts.runs/synth_1/dont_touch.xdc]
Finished Parsing XDC File [D:/Semester_6/HWSW/LAB2/zynq_interrupts/zynq_interrupts.runs/synth_1/dont_touch.xdc]
Completed Processing XDC Constraints

Netlist sorting complete. Time (s): cpu = 00:00:00 ; elapsed = 00:00:00 . Memory (MB): peak = 1542.742 ; gain = 0.000
INFO: [Project 1-111] Unisim Transformation Summary:
No Unisim elements were transformed.

Constraint Validation Runtime : Time (s): cpu = 00:00:00 ; elapsed = 00:00:00.008 . Memory (MB): peak = 1542.742 ; gain = 0.000
INFO: [Designutils 20-5440] No compile time benefit to using incremental synthesis; A full resynthesis will be run
INFO: [Designutils 20-4379] Flow is switching to default flow due to incremental criteria not met. If you would like to alter this behaviour and have the flow terminate instead, please set the following parameter config_implementation {autoIncr.Synth.RejectBehavior Terminate}
---------------------------------------------------------------------------------
Finished Constraint Validation : Time (s): cpu = 00:00:12 ; elapsed = 00:00:13 . Memory (MB): peak = 1542.742 ; gain = 669.668
---------------------------------------------------------------------------------
---------------------------------------------------------------------------------
Start Loading Part and Timing Information
---------------------------------------------------------------------------------
Loading part: xc7z010clg400-1
---------------------------------------------------------------------------------
Finished Loading Part and Timing Information : Time (s): cpu = 00:00:12 ; elapsed = 00:00:13 . Memory (MB): peak = 1542.742 ; gain = 669.668
---------------------------------------------------------------------------------
---------------------------------------------------------------------------------
Start Applying 'set_property' XDC Constraints
---------------------------------------------------------------------------------
---------------------------------------------------------------------------------
Finished applying 'set_property' XDC Constraints : Time (s): cpu = 00:00:12 ; elapsed = 00:00:14 . Memory (MB): peak = 1542.742 ; gain = 669.668
---------------------------------------------------------------------------------
---------------------------------------------------------------------------------
Finished RTL Optimization Phase 2 : Time (s): cpu = 00:00:12 ; elapsed = 00:00:14 . Memory (MB): peak = 1542.742 ; gain = 669.668
---------------------------------------------------------------------------------
---------------------------------------------------------------------------------
Start RTL Component Statistics 
---------------------------------------------------------------------------------
Detailed RTL Component Info : 
---------------------------------------------------------------------------------
Finished RTL Component Statistics 
---------------------------------------------------------------------------------
---------------------------------------------------------------------------------
Start Part Resource Summary
---------------------------------------------------------------------------------
Part Resources:
DSPs: 80 (col length:40)
BRAMs: 120 (col length: RAMB18 40 RAMB36 20)
---------------------------------------------------------------------------------
Finished Part Resource Summary
---------------------------------------------------------------------------------
---------------------------------------------------------------------------------
Start Cross Boundary and Area Optimization
---------------------------------------------------------------------------------
---------------------------------------------------------------------------------
Finished Cross Boundary and Area Optimization : Time (s): cpu = 00:00:14 ; elapsed = 00:00:15 . Memory (MB): peak = 1543.875 ; gain = 670.801
---------------------------------------------------------------------------------
---------------------------------------------------------------------------------
Start Applying XDC Timing Constraints
---------------------------------------------------------------------------------
---------------------------------------------------------------------------------
Finished Applying XDC Timing Constraints : Time (s): cpu = 00:00:17 ; elapsed = 00:00:19 . Memory (MB): peak = 1718.992 ; gain = 845.918
---------------------------------------------------------------------------------
---------------------------------------------------------------------------------
Start Timing Optimization
---------------------------------------------------------------------------------
---------------------------------------------------------------------------------
Finished Timing Optimization : Time (s): cpu = 00:00:17 ; elapsed = 00:00:19 . Memory (MB): peak = 1719.402 ; gain = 846.328
---------------------------------------------------------------------------------
---------------------------------------------------------------------------------
Start Technology Mapping
---------------------------------------------------------------------------------
---------------------------------------------------------------------------------
Finished Technology Mapping : Time (s): cpu = 00:00:17 ; elapsed = 00:00:19 . Memory (MB): peak = 1729.129 ; gain = 856.055
---------------------------------------------------------------------------------
---------------------------------------------------------------------------------
Start IO Insertion
---------------------------------------------------------------------------------
---------------------------------------------------------------------------------
Start Flattening Before IO Insertion
---------------------------------------------------------------------------------
---------------------------------------------------------------------------------
Finished Flattening Before IO Insertion
---------------------------------------------------------------------------------
---------------------------------------------------------------------------------
Start Final Netlist Cleanup
---------------------------------------------------------------------------------
---------------------------------------------------------------------------------
Finished Final Netlist Cleanup
---------------------------------------------------------------------------------
---------------------------------------------------------------------------------
Finished IO Insertion : Time (s): cpu = 00:00:20 ; elapsed = 00:00:21 . Memory (MB): peak = 1978.410 ; gain = 1105.336
---------------------------------------------------------------------------------
---------------------------------------------------------------------------------
Start Renaming Generated Instances
---------------------------------------------------------------------------------
---------------------------------------------------------------------------------
Finished Renaming Generated Instances : Time (s): cpu = 00:00:20 ; elapsed = 00:00:21 . Memory (MB): peak = 1978.410 ; gain = 1105.336
---------------------------------------------------------------------------------
---------------------------------------------------------------------------------
Start Rebuilding User Hierarchy
---------------------------------------------------------------------------------
---------------------------------------------------------------------------------
Finished Rebuilding User Hierarchy : Time (s): cpu = 00:00:20 ; elapsed = 00:00:21 . Memory (MB): peak = 1978.410 ; gain = 1105.336
---------------------------------------------------------------------------------
---------------------------------------------------------------------------------
Start Renaming Generated Ports
---------------------------------------------------------------------------------
---------------------------------------------------------------------------------
Finished Renaming Generated Ports : Time (s): cpu = 00:00:20 ; elapsed = 00:00:21 . Memory (MB): peak = 1978.410 ; gain = 1105.336
---------------------------------------------------------------------------------
---------------------------------------------------------------------------------
Start Handling Custom Attributes
---------------------------------------------------------------------------------
---------------------------------------------------------------------------------
Finished Handling Custom Attributes : Time (s): cpu = 00:00:20 ; elapsed = 00:00:21 . Memory (MB): peak = 1978.410 ; gain = 1105.336
---------------------------------------------------------------------------------
---------------------------------------------------------------------------------
Start Renaming Generated Nets
---------------------------------------------------------------------------------
---------------------------------------------------------------------------------
Finished Renaming Generated Nets : Time (s): cpu = 00:00:20 ; elapsed = 00:00:21 . Memory (MB): peak = 1978.410 ; gain = 1105.336
---------------------------------------------------------------------------------
---------------------------------------------------------------------------------
Start Writing Synthesis Report
---------------------------------------------------------------------------------

Report BlackBoxes: 
+------+---------------------------------------------+----------+
|      |BlackBox name                                |Instances |
+------+---------------------------------------------+----------+
|1     |zynq_interrupt_system_axi_gpio_0_0           |         1|
|2     |zynq_interrupt_system_axi_gpio_1_0           |         1|
|3     |zynq_interrupt_system_axi_smc_0              |         1|
|4     |zynq_interrupt_system_axi_timer_0_0          |         1|
|5     |zynq_interrupt_system_processing_system7_0_0 |         1|
|6     |zynq_interrupt_system_rst_ps7_0_50M_0        |         1|
+------+---------------------------------------------+----------+

Report Cell Usage: 
+------+-------------------------------------------+------+
|      |Cell                                       |Count |
+------+-------------------------------------------+------+
|1     |zynq_interrupt_system_axi_gpio_0           |     1|
|2     |zynq_interrupt_system_axi_gpio_1           |     1|
|3     |zynq_interrupt_system_axi_smc              |     1|
|4     |zynq_interrupt_system_axi_timer_0          |     1|
|5     |zynq_interrupt_system_processing_system7_0 |     1|
|6     |zynq_interrupt_system_rst_ps7_0_50M        |     1|
|7     |IBUF                                       |     4|
|8     |OBUF                                       |     4|
+------+-------------------------------------------+------+
---------------------------------------------------------------------------------
Finished Writing Synthesis Report : Time (s): cpu = 00:00:20 ; elapsed = 00:00:21 . Memory (MB): peak = 1978.410 ; gain = 1105.336
---------------------------------------------------------------------------------
Synthesis finished with 0 errors, 0 critical warnings and 0 warnings.
Synthesis Optimization Runtime : Time (s): cpu = 00:00:13 ; elapsed = 00:00:20 . Memory (MB): peak = 1978.410 ; gain = 1105.336
Synthesis Optimization Complete : Time (s): cpu = 00:00:20 ; elapsed = 00:00:21 . Memory (MB): peak = 1978.410 ; gain = 1105.336
INFO: [Project 1-571] Translating synthesized netlist
Netlist sorting complete. Time (s): cpu = 00:00:00 ; elapsed = 00:00:00.005 . Memory (MB): peak = 1987.590 ; gain = 0.000
INFO: [Project 1-570] Preparing netlist for logic optimization
INFO: [Opt 31-138] Pushed 0 inverter(s) to 0 load pin(s).
Netlist sorting complete. Time (s): cpu = 00:00:00 ; elapsed = 00:00:00 . Memory (MB): peak = 1991.254 ; gain = 0.000
INFO: [Project 1-111] Unisim Transformation Summary:
No Unisim elements were transformed.

Synth Design complete | Checksum: d39b3253
INFO: [Common 17-83] Releasing license: Synthesis
43 Infos, 119 Warnings, 0 Critical Warnings and 0 Errors encountered.
synth_design completed successfully
synth_design: Time (s): cpu = 00:00:22 ; elapsed = 00:00:27 . Memory (MB): peak = 1991.254 ; gain = 1330.391
Write ShapeDB Complete: Time (s): cpu = 00:00:00 ; elapsed = 00:00:00.001 . Memory (MB): peak = 1991.254 ; gain = 0.000
INFO: [Common 17-1381] The checkpoint 'D:/Semester_6/HWSW/LAB2/zynq_interrupts/zynq_interrupts.runs/synth_1/zynq_interrupt_system_wrapper.dcp' has been generated.
INFO: [Vivado 12-24828] Executing command : report_utilization -file zynq_interrupt_system_wrapper_utilization_synth.rpt -pb zynq_interrupt_system_wrapper_utilization_synth.pb
INFO: [Common 17-206] Exiting Vivado at Wed May 20 09:39:30 2026...
