

================================================================
== Synthesis Summary Report of 'matrix_mult'
================================================================
+ General Information: 
    * Date:           Tue May 26 22:00:30 2026
    * Version:        2025.2 (Build 6295257 on Nov 14 2025)
    * Project:        matrix_mult
    * Solution:       hls (Vivado IP Flow Target)
    * Product family: zynq
    * Target device:  xc7z010-clg400-1
    

* Performance & Resource Estimates: 
+---------------+------+---------------+----------+---------+------+----------+---------+-----------+------+------+--------+----------+----------+-----+
|    Modules    | Issue|               | Iteration|         | Trip |          |       Latency       |      |      |        |          |          |     |
|    & Loops    | Type | Violation Type|  Latency | Interval| Count| Pipelined| (cycles)|    (ns)   | Slack| BRAM |   DSP  |    FF    |    LUT   | URAM|
+---------------+------+---------------+----------+---------+------+----------+---------+-----------+------+------+--------+----------+----------+-----+
|+ matrix_mult  |     -|              -|         -|      687|     -|        no|      686|  6.860e+03|  3.90|     -|  1 (1%)|  55 (~0%)|  203 (1%)|    -|
| o Row         |     -|              -|       137|        -|     5|        no|      685|  6.850e+03|  7.30|     -|       -|         -|         -|    -|
|  o Col        |     -|              -|        27|        -|     5|        no|      135|  1.350e+03|  7.30|     -|       -|         -|         -|    -|
|   o Product   |     -|              -|         5|        -|     5|        no|       25|    250.000|  7.30|     -|       -|         -|         -|    -|
+---------------+------+---------------+----------+---------+------+----------+---------+-----------+------+------+--------+----------+----------+-----+
    Name Prefix: '+' for module, 'o' for loop, '*' for dataflow


================================================================
== HW Interfaces
================================================================
* AP_MEMORY
+---------------+-----------+----------+
| Port          | Direction | Bitwidth |
+---------------+-----------+----------+
| a_address0    | out       | 5        |
| a_q0          | in        | 8        |
| b_address0    | out       | 5        |
| b_q0          | in        | 8        |
| prod_address0 | out       | 5        |
| prod_d0       | out       | 16       |
+---------------+-----------+----------+

* TOP LEVEL CONTROL
+-----------+------------+-----------------------------------+
| Interface | Type       | Ports                             |
+-----------+------------+-----------------------------------+
| ap_clk    | clock      | ap_clk                            |
| ap_rst    | reset      | ap_rst                            |
| ap_ctrl   | ap_ctrl_hs | ap_done ap_idle ap_ready ap_start |
+-----------+------------+-----------------------------------+


================================================================
== SW I/O Information
================================================================
* Top Function Arguments
+----------+-----------+----------------+
| Argument | Direction | Datatype       |
+----------+-----------+----------------+
| a        | in        | unsigned char* |
| b        | in        | unsigned char* |
| prod     | out       | short*         |
+----------+-----------+----------------+

* SW-to-HW Mapping
+----------+---------------+---------+----------+
| Argument | HW Interface  | HW Type | HW Usage |
+----------+---------------+---------+----------+
| a        | a_address0    | port    | offset   |
| a        | a_ce0         | port    |          |
| a        | a_q0          | port    |          |
| b        | b_address0    | port    | offset   |
| b        | b_ce0         | port    |          |
| b        | b_q0          | port    |          |
| prod     | prod_address0 | port    | offset   |
| prod     | prod_ce0      | port    |          |
| prod     | prod_we0      | port    |          |
| prod     | prod_d0       | port    |          |
+----------+---------------+---------+----------+


================================================================
== Bind Op Report
================================================================
+------------------------------------+-----+--------+------------+-------+-----------+---------+
| Name                               | DSP | Pragma | Variable   | Op    | Impl      | Latency |
+------------------------------------+-----+--------+------------+-------+-----------+---------+
| + matrix_mult                      | 1   |        |            |       |           |         |
|   icmp_ln15_fu_135_p2              |     |        | icmp_ln15  | seteq | auto      | 0       |
|   add_ln15_fu_141_p2               |     |        | add_ln15   | add   | fabric    | 0       |
|   add_ln15_1_fu_159_p2             |     |        | add_ln15_1 | add   | fabric    | 0       |
|   icmp_ln17_fu_165_p2              |     |        | icmp_ln17  | seteq | auto      | 0       |
|   add_ln17_fu_171_p2               |     |        | add_ln17   | add   | fabric    | 0       |
|   add_ln22_1_fu_181_p2             |     |        | add_ln22_1 | add   | fabric    | 0       |
|   icmp_ln20_fu_195_p2              |     |        | icmp_ln20  | seteq | auto      | 0       |
|   add_ln20_fu_201_p2               |     |        | add_ln20   | add   | fabric    | 0       |
|   add_ln22_2_fu_211_p2             |     |        | add_ln22_2 | add   | fabric    | 0       |
|   mac_muladd_8ns_8ns_16s_16_4_1_U1 | 1   |        | mul_ln22   | mul   | dsp_slice | 3       |
|   mac_muladd_8ns_8ns_16s_16_4_1_U1 | 1   |        | add_ln22   | add   | dsp_slice | 3       |
+------------------------------------+-----+--------+------------+-------+-----------+---------+


================================================================
== Storage Report
================================================================
  No bind storage info in design

================================================================
== Pragma Report
================================================================
  No pragmas found

