
*** Running vivado
    with args -log zynq_interrupt_system_axi_gpio_1_0.vds -m64 -product Vivado -mode batch -messageDb vivado.pb -notrace -source zynq_interrupt_system_axi_gpio_1_0.tcl



****** Vivado v2025.2 (64-bit)
  **** SW Build 6299465 on Fri Nov 14 19:35:11 GMT 2025
  **** IP Build 6300035 on Fri Nov 14 10:48:45 MST 2025
  **** SharedData Build 6298862 on Thu Nov 13 04:50:51 MST 2025
  **** Start of session at: Wed May 20 08:17:34 2026
    ** Copyright 1986-2022 Xilinx, Inc. All Rights Reserved.
    ** Copyright 2022-2025 Advanced Micro Devices, Inc. All Rights Reserved.

source zynq_interrupt_system_axi_gpio_1_0.tcl -notrace
create_project: Time (s): cpu = 00:00:11 ; elapsed = 00:00:09 . Memory (MB): peak = 605.914 ; gain = 220.883
Command: synth_design -top zynq_interrupt_system_axi_gpio_1_0 -part xc7z010clg400-1 -incremental_mode off -mode out_of_context
Starting synth_design
Attempting to get a license for feature 'Synthesis' and/or device 'xc7z010'
INFO: [Common 17-349] Got license for feature 'Synthesis' and/or device 'xc7z010'
INFO: [Device 21-403] Loading part xc7z010clg400-1
INFO: [Synth 8-7079] Multithreading enabled for synth_design using a maximum of 2 processes.
INFO: [Synth 8-7078] Launching helper process for spawning children vivado processes
INFO: [Synth 8-7075] Helper process launched with PID 26164
---------------------------------------------------------------------------------
Starting RTL Elaboration : Time (s): cpu = 00:00:05 ; elapsed = 00:00:06 . Memory (MB): peak = 1373.930 ; gain = 539.301
---------------------------------------------------------------------------------
INFO: [Synth 8-638] synthesizing module 'zynq_interrupt_system_axi_gpio_1_0' [d:/Semester_6/HWSW/LAB2/zynq_interrupts/zynq_interrupts.gen/sources_1/bd/zynq_interrupt_system/ip/zynq_interrupt_system_axi_gpio_1_0/synth/zynq_interrupt_system_axi_gpio_1_0.vhd:84]
	Parameter C_FAMILY bound to: zynq - type: string 
	Parameter C_S_AXI_ADDR_WIDTH bound to: 9 - type: integer 
	Parameter C_S_AXI_DATA_WIDTH bound to: 32 - type: integer 
	Parameter C_GPIO_WIDTH bound to: 4 - type: integer 
	Parameter C_GPIO2_WIDTH bound to: 32 - type: integer 
	Parameter C_ALL_INPUTS bound to: 0 - type: integer 
	Parameter C_ALL_INPUTS_2 bound to: 0 - type: integer 
	Parameter C_ALL_OUTPUTS bound to: 1 - type: integer 
	Parameter C_ALL_OUTPUTS_2 bound to: 0 - type: integer 
	Parameter C_INTERRUPT_PRESENT bound to: 0 - type: integer 
	Parameter C_DOUT_DEFAULT bound to: 32'b00000000000000000000000000000000 
	Parameter C_TRI_DEFAULT bound to: 32'b11111111111111111111111111111111 
	Parameter C_IS_DUAL bound to: 0 - type: integer 
	Parameter C_DOUT_DEFAULT_2 bound to: 32'b00000000000000000000000000000000 
	Parameter C_TRI_DEFAULT_2 bound to: 32'b11111111111111111111111111111111 
INFO: [Synth 8-3491] module 'axi_gpio' declared at 'd:/Semester_6/HWSW/LAB2/zynq_interrupts/zynq_interrupts.gen/sources_1/bd/zynq_interrupt_system/ipshared/0271/hdl/axi_gpio_v2_0_vh_rfs.vhd:1255' bound to instance 'U0' of component 'axi_gpio' [d:/Semester_6/HWSW/LAB2/zynq_interrupts/zynq_interrupts.gen/sources_1/bd/zynq_interrupt_system/ip/zynq_interrupt_system_axi_gpio_1_0/synth/zynq_interrupt_system_axi_gpio_1_0.vhd:173]
INFO: [Synth 8-638] synthesizing module 'axi_gpio' [d:/Semester_6/HWSW/LAB2/zynq_interrupts/zynq_interrupts.gen/sources_1/bd/zynq_interrupt_system/ipshared/0271/hdl/axi_gpio_v2_0_vh_rfs.vhd:1341]
INFO: [Synth 8-638] synthesizing module 'axi_lite_ipif' [d:/Semester_6/HWSW/LAB2/zynq_interrupts/zynq_interrupts.gen/sources_1/bd/zynq_interrupt_system/ipshared/66ea/hdl/axi_lite_ipif_v3_0_vh_rfs.vhd:2948]
INFO: [Synth 8-638] synthesizing module 'slave_attachment' [d:/Semester_6/HWSW/LAB2/zynq_interrupts/zynq_interrupts.gen/sources_1/bd/zynq_interrupt_system/ipshared/66ea/hdl/axi_lite_ipif_v3_0_vh_rfs.vhd:2341]
INFO: [Synth 8-638] synthesizing module 'address_decoder' [d:/Semester_6/HWSW/LAB2/zynq_interrupts/zynq_interrupts.gen/sources_1/bd/zynq_interrupt_system/ipshared/66ea/hdl/axi_lite_ipif_v3_0_vh_rfs.vhd:1775]
INFO: [Synth 8-638] synthesizing module 'pselect_f' [d:/Semester_6/HWSW/LAB2/zynq_interrupts/zynq_interrupts.gen/sources_1/bd/zynq_interrupt_system/ipshared/66ea/hdl/axi_lite_ipif_v3_0_vh_rfs.vhd:1534]
INFO: [Synth 8-256] done synthesizing module 'pselect_f' (0#1) [d:/Semester_6/HWSW/LAB2/zynq_interrupts/zynq_interrupts.gen/sources_1/bd/zynq_interrupt_system/ipshared/66ea/hdl/axi_lite_ipif_v3_0_vh_rfs.vhd:1534]
INFO: [Synth 8-638] synthesizing module 'pselect_f__parameterized0' [d:/Semester_6/HWSW/LAB2/zynq_interrupts/zynq_interrupts.gen/sources_1/bd/zynq_interrupt_system/ipshared/66ea/hdl/axi_lite_ipif_v3_0_vh_rfs.vhd:1534]
INFO: [Synth 8-256] done synthesizing module 'pselect_f__parameterized0' (0#1) [d:/Semester_6/HWSW/LAB2/zynq_interrupts/zynq_interrupts.gen/sources_1/bd/zynq_interrupt_system/ipshared/66ea/hdl/axi_lite_ipif_v3_0_vh_rfs.vhd:1534]
INFO: [Synth 8-638] synthesizing module 'pselect_f__parameterized1' [d:/Semester_6/HWSW/LAB2/zynq_interrupts/zynq_interrupts.gen/sources_1/bd/zynq_interrupt_system/ipshared/66ea/hdl/axi_lite_ipif_v3_0_vh_rfs.vhd:1534]
INFO: [Synth 8-256] done synthesizing module 'pselect_f__parameterized1' (0#1) [d:/Semester_6/HWSW/LAB2/zynq_interrupts/zynq_interrupts.gen/sources_1/bd/zynq_interrupt_system/ipshared/66ea/hdl/axi_lite_ipif_v3_0_vh_rfs.vhd:1534]
INFO: [Synth 8-638] synthesizing module 'pselect_f__parameterized2' [d:/Semester_6/HWSW/LAB2/zynq_interrupts/zynq_interrupts.gen/sources_1/bd/zynq_interrupt_system/ipshared/66ea/hdl/axi_lite_ipif_v3_0_vh_rfs.vhd:1534]
INFO: [Synth 8-256] done synthesizing module 'pselect_f__parameterized2' (0#1) [d:/Semester_6/HWSW/LAB2/zynq_interrupts/zynq_interrupts.gen/sources_1/bd/zynq_interrupt_system/ipshared/66ea/hdl/axi_lite_ipif_v3_0_vh_rfs.vhd:1534]
INFO: [Synth 8-256] done synthesizing module 'address_decoder' (0#1) [d:/Semester_6/HWSW/LAB2/zynq_interrupts/zynq_interrupts.gen/sources_1/bd/zynq_interrupt_system/ipshared/66ea/hdl/axi_lite_ipif_v3_0_vh_rfs.vhd:1775]
INFO: [Synth 8-226] default block is never used [d:/Semester_6/HWSW/LAB2/zynq_interrupts/zynq_interrupts.gen/sources_1/bd/zynq_interrupt_system/ipshared/66ea/hdl/axi_lite_ipif_v3_0_vh_rfs.vhd:2550]
INFO: [Synth 8-256] done synthesizing module 'slave_attachment' (0#1) [d:/Semester_6/HWSW/LAB2/zynq_interrupts/zynq_interrupts.gen/sources_1/bd/zynq_interrupt_system/ipshared/66ea/hdl/axi_lite_ipif_v3_0_vh_rfs.vhd:2341]
INFO: [Synth 8-256] done synthesizing module 'axi_lite_ipif' (0#1) [d:/Semester_6/HWSW/LAB2/zynq_interrupts/zynq_interrupts.gen/sources_1/bd/zynq_interrupt_system/ipshared/66ea/hdl/axi_lite_ipif_v3_0_vh_rfs.vhd:2948]
INFO: [Synth 8-638] synthesizing module 'GPIO_Core' [d:/Semester_6/HWSW/LAB2/zynq_interrupts/zynq_interrupts.gen/sources_1/bd/zynq_interrupt_system/ipshared/0271/hdl/axi_gpio_v2_0_vh_rfs.vhd:182]
INFO: [Synth 8-226] default block is never used [d:/Semester_6/HWSW/LAB2/zynq_interrupts/zynq_interrupts.gen/sources_1/bd/zynq_interrupt_system/ipshared/0271/hdl/axi_gpio_v2_0_vh_rfs.vhd:447]
	Parameter DEST_SYNC_FF bound to: 4 - type: integer 
	Parameter INIT_SYNC_FF bound to: 0 - type: integer 
	Parameter SIM_ASSERT_CHK bound to: 0 - type: integer 
	Parameter SRC_INPUT_REG bound to: 0 - type: integer 
	Parameter WIDTH bound to: 4 - type: integer 
INFO: [Synth 8-3491] module 'xpm_cdc_array_single' declared at 'C:/AMDDesignTools/2025.2/Vivado/data/ip/xpm/xpm_cdc/hdl/xpm_cdc.sv:903' bound to instance 'INPUT_DOUBLE_REGS3' of component 'xpm_cdc_array_single' [d:/Semester_6/HWSW/LAB2/zynq_interrupts/zynq_interrupts.gen/sources_1/bd/zynq_interrupt_system/ipshared/0271/hdl/axi_gpio_v2_0_vh_rfs.vhd:458]
INFO: [Synth 8-6157] synthesizing module 'xpm_cdc_array_single' [C:/AMDDesignTools/2025.2/Vivado/data/ip/xpm/xpm_cdc/hdl/xpm_cdc.sv:903]
INFO: [Synth 8-6155] done synthesizing module 'xpm_cdc_array_single' (0#1) [C:/AMDDesignTools/2025.2/Vivado/data/ip/xpm/xpm_cdc/hdl/xpm_cdc.sv:903]
INFO: [Synth 8-256] done synthesizing module 'GPIO_Core' (0#1) [d:/Semester_6/HWSW/LAB2/zynq_interrupts/zynq_interrupts.gen/sources_1/bd/zynq_interrupt_system/ipshared/0271/hdl/axi_gpio_v2_0_vh_rfs.vhd:182]
INFO: [Synth 8-256] done synthesizing module 'axi_gpio' (0#1) [d:/Semester_6/HWSW/LAB2/zynq_interrupts/zynq_interrupts.gen/sources_1/bd/zynq_interrupt_system/ipshared/0271/hdl/axi_gpio_v2_0_vh_rfs.vhd:1341]
INFO: [Synth 8-256] done synthesizing module 'zynq_interrupt_system_axi_gpio_1_0' (0#1) [d:/Semester_6/HWSW/LAB2/zynq_interrupts/zynq_interrupts.gen/sources_1/bd/zynq_interrupt_system/ip/zynq_interrupt_system_axi_gpio_1_0/synth/zynq_interrupt_system_axi_gpio_1_0.vhd:84]
INFO: [Synth 8-6014] Unused sequential element Not_Dual.ALLOUT_ND.READ_REG_GEN[0].GPIO_DBus_i_reg was removed.  [d:/Semester_6/HWSW/LAB2/zynq_interrupts/zynq_interrupts.gen/sources_1/bd/zynq_interrupt_system/ipshared/0271/hdl/axi_gpio_v2_0_vh_rfs.vhd:323]
INFO: [Synth 8-6014] Unused sequential element Not_Dual.ALLOUT_ND.READ_REG_GEN[1].GPIO_DBus_i_reg was removed.  [d:/Semester_6/HWSW/LAB2/zynq_interrupts/zynq_interrupts.gen/sources_1/bd/zynq_interrupt_system/ipshared/0271/hdl/axi_gpio_v2_0_vh_rfs.vhd:323]
INFO: [Synth 8-6014] Unused sequential element Not_Dual.ALLOUT_ND.READ_REG_GEN[2].GPIO_DBus_i_reg was removed.  [d:/Semester_6/HWSW/LAB2/zynq_interrupts/zynq_interrupts.gen/sources_1/bd/zynq_interrupt_system/ipshared/0271/hdl/axi_gpio_v2_0_vh_rfs.vhd:323]
INFO: [Synth 8-6014] Unused sequential element Not_Dual.ALLOUT_ND.READ_REG_GEN[3].GPIO_DBus_i_reg was removed.  [d:/Semester_6/HWSW/LAB2/zynq_interrupts/zynq_interrupts.gen/sources_1/bd/zynq_interrupt_system/ipshared/0271/hdl/axi_gpio_v2_0_vh_rfs.vhd:323]
INFO: [Synth 8-6014] Unused sequential element Not_Dual.gpio_Data_In_reg was removed.  [d:/Semester_6/HWSW/LAB2/zynq_interrupts/zynq_interrupts.gen/sources_1/bd/zynq_interrupt_system/ipshared/0271/hdl/axi_gpio_v2_0_vh_rfs.vhd:485]
INFO: [Synth 8-7129] Port src_clk in module xpm_cdc_array_single is either unconnected or has no load
INFO: [Synth 8-7129] Port ABus_Reg[1] in module GPIO_Core is either unconnected or has no load
INFO: [Synth 8-7129] Port ABus_Reg[2] in module GPIO_Core is either unconnected or has no load
INFO: [Synth 8-7129] Port ABus_Reg[3] in module GPIO_Core is either unconnected or has no load
INFO: [Synth 8-7129] Port ABus_Reg[4] in module GPIO_Core is either unconnected or has no load
INFO: [Synth 8-7129] Port ABus_Reg[7] in module GPIO_Core is either unconnected or has no load
INFO: [Synth 8-7129] Port ABus_Reg[8] in module GPIO_Core is either unconnected or has no load
INFO: [Synth 8-7129] Port BE_Reg[0] in module GPIO_Core is either unconnected or has no load
INFO: [Synth 8-7129] Port BE_Reg[1] in module GPIO_Core is either unconnected or has no load
INFO: [Synth 8-7129] Port BE_Reg[2] in module GPIO_Core is either unconnected or has no load
INFO: [Synth 8-7129] Port BE_Reg[3] in module GPIO_Core is either unconnected or has no load
INFO: [Synth 8-7129] Port GPIO2_IO_I[0] in module GPIO_Core is either unconnected or has no load
INFO: [Synth 8-7129] Port GPIO2_IO_I[1] in module GPIO_Core is either unconnected or has no load
INFO: [Synth 8-7129] Port GPIO2_IO_I[2] in module GPIO_Core is either unconnected or has no load
INFO: [Synth 8-7129] Port GPIO2_IO_I[3] in module GPIO_Core is either unconnected or has no load
INFO: [Synth 8-7129] Port GPIO2_IO_I[4] in module GPIO_Core is either unconnected or has no load
INFO: [Synth 8-7129] Port GPIO2_IO_I[5] in module GPIO_Core is either unconnected or has no load
INFO: [Synth 8-7129] Port GPIO2_IO_I[6] in module GPIO_Core is either unconnected or has no load
INFO: [Synth 8-7129] Port GPIO2_IO_I[7] in module GPIO_Core is either unconnected or has no load
INFO: [Synth 8-7129] Port GPIO2_IO_I[8] in module GPIO_Core is either unconnected or has no load
INFO: [Synth 8-7129] Port GPIO2_IO_I[9] in module GPIO_Core is either unconnected or has no load
INFO: [Synth 8-7129] Port GPIO2_IO_I[10] in module GPIO_Core is either unconnected or has no load
INFO: [Synth 8-7129] Port GPIO2_IO_I[11] in module GPIO_Core is either unconnected or has no load
INFO: [Synth 8-7129] Port GPIO2_IO_I[12] in module GPIO_Core is either unconnected or has no load
INFO: [Synth 8-7129] Port GPIO2_IO_I[13] in module GPIO_Core is either unconnected or has no load
INFO: [Synth 8-7129] Port GPIO2_IO_I[14] in module GPIO_Core is either unconnected or has no load
INFO: [Synth 8-7129] Port GPIO2_IO_I[15] in module GPIO_Core is either unconnected or has no load
INFO: [Synth 8-7129] Port GPIO2_IO_I[16] in module GPIO_Core is either unconnected or has no load
INFO: [Synth 8-7129] Port GPIO2_IO_I[17] in module GPIO_Core is either unconnected or has no load
INFO: [Synth 8-7129] Port GPIO2_IO_I[18] in module GPIO_Core is either unconnected or has no load
INFO: [Synth 8-7129] Port GPIO2_IO_I[19] in module GPIO_Core is either unconnected or has no load
INFO: [Synth 8-7129] Port GPIO2_IO_I[20] in module GPIO_Core is either unconnected or has no load
INFO: [Synth 8-7129] Port GPIO2_IO_I[21] in module GPIO_Core is either unconnected or has no load
INFO: [Synth 8-7129] Port GPIO2_IO_I[22] in module GPIO_Core is either unconnected or has no load
INFO: [Synth 8-7129] Port GPIO2_IO_I[23] in module GPIO_Core is either unconnected or has no load
INFO: [Synth 8-7129] Port GPIO2_IO_I[24] in module GPIO_Core is either unconnected or has no load
INFO: [Synth 8-7129] Port GPIO2_IO_I[25] in module GPIO_Core is either unconnected or has no load
INFO: [Synth 8-7129] Port GPIO2_IO_I[26] in module GPIO_Core is either unconnected or has no load
INFO: [Synth 8-7129] Port GPIO2_IO_I[27] in module GPIO_Core is either unconnected or has no load
INFO: [Synth 8-7129] Port GPIO2_IO_I[28] in module GPIO_Core is either unconnected or has no load
INFO: [Synth 8-7129] Port GPIO2_IO_I[29] in module GPIO_Core is either unconnected or has no load
INFO: [Synth 8-7129] Port GPIO2_IO_I[30] in module GPIO_Core is either unconnected or has no load
INFO: [Synth 8-7129] Port GPIO2_IO_I[31] in module GPIO_Core is either unconnected or has no load
INFO: [Synth 8-7129] Port Address_In_Erly[0] in module address_decoder is either unconnected or has no load
INFO: [Synth 8-7129] Port Address_In_Erly[1] in module address_decoder is either unconnected or has no load
INFO: [Synth 8-7129] Port Address_In_Erly[2] in module address_decoder is either unconnected or has no load
INFO: [Synth 8-7129] Port Address_In_Erly[3] in module address_decoder is either unconnected or has no load
INFO: [Synth 8-7129] Port Address_In_Erly[4] in module address_decoder is either unconnected or has no load
INFO: [Synth 8-7129] Port Address_In_Erly[7] in module address_decoder is either unconnected or has no load
INFO: [Synth 8-7129] Port Address_In_Erly[8] in module address_decoder is either unconnected or has no load
INFO: [Synth 8-7129] Port Bus_RNW in module address_decoder is either unconnected or has no load
INFO: [Synth 8-7129] Port S_AXI_WSTRB[3] in module slave_attachment is either unconnected or has no load
INFO: [Synth 8-7129] Port S_AXI_WSTRB[2] in module slave_attachment is either unconnected or has no load
INFO: [Synth 8-7129] Port S_AXI_WSTRB[1] in module slave_attachment is either unconnected or has no load
INFO: [Synth 8-7129] Port S_AXI_WSTRB[0] in module slave_attachment is either unconnected or has no load
---------------------------------------------------------------------------------
Finished RTL Elaboration : Time (s): cpu = 00:00:07 ; elapsed = 00:00:08 . Memory (MB): peak = 1503.137 ; gain = 668.508
---------------------------------------------------------------------------------
---------------------------------------------------------------------------------
Start Handling Custom Attributes
---------------------------------------------------------------------------------
---------------------------------------------------------------------------------
Finished Handling Custom Attributes : Time (s): cpu = 00:00:07 ; elapsed = 00:00:08 . Memory (MB): peak = 1503.137 ; gain = 668.508
---------------------------------------------------------------------------------
---------------------------------------------------------------------------------
Finished RTL Optimization Phase 1 : Time (s): cpu = 00:00:07 ; elapsed = 00:00:08 . Memory (MB): peak = 1503.137 ; gain = 668.508
---------------------------------------------------------------------------------
Netlist sorting complete. Time (s): cpu = 00:00:00 ; elapsed = 00:00:00.013 . Memory (MB): peak = 1503.137 ; gain = 0.000
INFO: [Project 1-570] Preparing netlist for logic optimization

Processing XDC Constraints
Initializing timing engine
Parsing XDC File [d:/Semester_6/HWSW/LAB2/zynq_interrupts/zynq_interrupts.gen/sources_1/bd/zynq_interrupt_system/ip/zynq_interrupt_system_axi_gpio_1_0/zynq_interrupt_system_axi_gpio_1_0_ooc.xdc] for cell 'U0'
Finished Parsing XDC File [d:/Semester_6/HWSW/LAB2/zynq_interrupts/zynq_interrupts.gen/sources_1/bd/zynq_interrupt_system/ip/zynq_interrupt_system_axi_gpio_1_0/zynq_interrupt_system_axi_gpio_1_0_ooc.xdc] for cell 'U0'
Parsing XDC File [d:/Semester_6/HWSW/LAB2/zynq_interrupts/zynq_interrupts.gen/sources_1/bd/zynq_interrupt_system/ip/zynq_interrupt_system_axi_gpio_1_0/zynq_interrupt_system_axi_gpio_1_0_board.xdc] for cell 'U0'
Finished Parsing XDC File [d:/Semester_6/HWSW/LAB2/zynq_interrupts/zynq_interrupts.gen/sources_1/bd/zynq_interrupt_system/ip/zynq_interrupt_system_axi_gpio_1_0/zynq_interrupt_system_axi_gpio_1_0_board.xdc] for cell 'U0'
Parsing XDC File [D:/Semester_6/HWSW/LAB2/zynq_interrupts/zynq_interrupts.runs/zynq_interrupt_system_axi_gpio_1_0_synth_1/dont_touch.xdc]
Finished Parsing XDC File [D:/Semester_6/HWSW/LAB2/zynq_interrupts/zynq_interrupts.runs/zynq_interrupt_system_axi_gpio_1_0_synth_1/dont_touch.xdc]
INFO: [Project 1-236] Implementation specific constraints were found while reading constraint file [C:/AMDDesignTools/2025.2/Vivado/data/ip/xpm/xpm_cdc/tcl/xpm_cdc_array_single.tcl]. These constraints will be ignored for synthesis but will be used in implementation. Impacted constraints are listed in the file [.Xil/zynq_interrupt_system_axi_gpio_1_0_propImpl.xdc].
Resolution: To avoid this warning, move constraints listed in [.Xil/zynq_interrupt_system_axi_gpio_1_0_propImpl.xdc] to another XDC file and exclude this new file from synthesis with the used_in_synthesis property (File Properties dialog in GUI) and re-run elaboration/synthesis.
INFO: [Project 1-1714] 1 XPM XDC files have been applied to the design.
Completed Processing XDC Constraints

Netlist sorting complete. Time (s): cpu = 00:00:00 ; elapsed = 00:00:00.001 . Memory (MB): peak = 1556.312 ; gain = 0.000
INFO: [Project 1-111] Unisim Transformation Summary:
No Unisim elements were transformed.

Constraint Validation Runtime : Time (s): cpu = 00:00:00 ; elapsed = 00:00:00.047 . Memory (MB): peak = 1556.312 ; gain = 0.000
INFO: [Designutils 20-5008] Incremental synthesis strategy off
---------------------------------------------------------------------------------
Finished Constraint Validation : Time (s): cpu = 00:00:18 ; elapsed = 00:00:20 . Memory (MB): peak = 1556.312 ; gain = 721.684
---------------------------------------------------------------------------------
---------------------------------------------------------------------------------
Start Loading Part and Timing Information
---------------------------------------------------------------------------------
Loading part: xc7z010clg400-1
---------------------------------------------------------------------------------
Finished Loading Part and Timing Information : Time (s): cpu = 00:00:18 ; elapsed = 00:00:20 . Memory (MB): peak = 1556.312 ; gain = 721.684
---------------------------------------------------------------------------------
---------------------------------------------------------------------------------
Start Applying 'set_property' XDC Constraints
---------------------------------------------------------------------------------
---------------------------------------------------------------------------------
Finished applying 'set_property' XDC Constraints : Time (s): cpu = 00:00:18 ; elapsed = 00:00:20 . Memory (MB): peak = 1556.312 ; gain = 721.684
---------------------------------------------------------------------------------
INFO: [Synth 8-802] inferred FSM for state register 'state_reg' in module 'slave_attachment'
---------------------------------------------------------------------------------------------------
                   State |                     New Encoding |                Previous Encoding 
---------------------------------------------------------------------------------------------------
                 iSTATE2 |                             0001 |                               00
                  iSTATE |                             0010 |                               01
                 iSTATE0 |                             0100 |                               10
                 iSTATE1 |                             1000 |                               11
---------------------------------------------------------------------------------------------------
INFO: [Synth 8-3354] encoded FSM with state register 'state_reg' using encoding 'one-hot' in module 'slave_attachment'
---------------------------------------------------------------------------------
Finished RTL Optimization Phase 2 : Time (s): cpu = 00:00:18 ; elapsed = 00:00:20 . Memory (MB): peak = 1556.312 ; gain = 721.684
---------------------------------------------------------------------------------
---------------------------------------------------------------------------------
Start RTL Component Statistics 
---------------------------------------------------------------------------------
Detailed RTL Component Info : 
+---Adders : 
	   2 Input    4 Bit       Adders := 1     
+---Registers : 
	               32 Bit    Registers := 2     
	                9 Bit    Registers := 1     
	                4 Bit    Registers := 7     
	                2 Bit    Registers := 3     
	                1 Bit    Registers := 22    
+---Muxes : 
	   5 Input   32 Bit        Muxes := 1     
	   2 Input   32 Bit        Muxes := 1     
	   2 Input    9 Bit        Muxes := 1     
	   4 Input    4 Bit        Muxes := 1     
	   2 Input    4 Bit        Muxes := 5     
	   2 Input    2 Bit        Muxes := 3     
	   3 Input    2 Bit        Muxes := 1     
	   4 Input    2 Bit        Muxes := 1     
	   2 Input    1 Bit        Muxes := 11    
	   4 Input    1 Bit        Muxes := 3     
---------------------------------------------------------------------------------
Finished RTL Component Statistics 
---------------------------------------------------------------------------------
---------------------------------------------------------------------------------
Start Part Resource Summary
---------------------------------------------------------------------------------
Part Resources:
DSPs: 80 (col length:40)
BRAMs: 120 (col length: RAMB18 40 RAMB36 20)
---------------------------------------------------------------------------------
Finished Part Resource Summary
---------------------------------------------------------------------------------
---------------------------------------------------------------------------------
Start Cross Boundary and Area Optimization
---------------------------------------------------------------------------------
INFO: [Synth 8-7129] Port src_clk in module xpm_cdc_array_single is either unconnected or has no load
INFO: [Synth 8-7129] Port s_axi_wstrb[3] in module axi_gpio is either unconnected or has no load
INFO: [Synth 8-7129] Port s_axi_wstrb[2] in module axi_gpio is either unconnected or has no load
INFO: [Synth 8-7129] Port s_axi_wstrb[1] in module axi_gpio is either unconnected or has no load
INFO: [Synth 8-7129] Port s_axi_wstrb[0] in module axi_gpio is either unconnected or has no load
INFO: [Synth 8-7129] Port gpio2_io_i[31] in module axi_gpio is either unconnected or has no load
INFO: [Synth 8-7129] Port gpio2_io_i[30] in module axi_gpio is either unconnected or has no load
INFO: [Synth 8-7129] Port gpio2_io_i[29] in module axi_gpio is either unconnected or has no load
INFO: [Synth 8-7129] Port gpio2_io_i[28] in module axi_gpio is either unconnected or has no load
INFO: [Synth 8-7129] Port gpio2_io_i[27] in module axi_gpio is either unconnected or has no load
INFO: [Synth 8-7129] Port gpio2_io_i[26] in module axi_gpio is either unconnected or has no load
INFO: [Synth 8-7129] Port gpio2_io_i[25] in module axi_gpio is either unconnected or has no load
INFO: [Synth 8-7129] Port gpio2_io_i[24] in module axi_gpio is either unconnected or has no load
INFO: [Synth 8-7129] Port gpio2_io_i[23] in module axi_gpio is either unconnected or has no load
INFO: [Synth 8-7129] Port gpio2_io_i[22] in module axi_gpio is either unconnected or has no load
INFO: [Synth 8-7129] Port gpio2_io_i[21] in module axi_gpio is either unconnected or has no load
INFO: [Synth 8-7129] Port gpio2_io_i[20] in module axi_gpio is either unconnected or has no load
INFO: [Synth 8-7129] Port gpio2_io_i[19] in module axi_gpio is either unconnected or has no load
INFO: [Synth 8-7129] Port gpio2_io_i[18] in module axi_gpio is either unconnected or has no load
INFO: [Synth 8-7129] Port gpio2_io_i[17] in module axi_gpio is either unconnected or has no load
INFO: [Synth 8-7129] Port gpio2_io_i[16] in module axi_gpio is either unconnected or has no load
INFO: [Synth 8-7129] Port gpio2_io_i[15] in module axi_gpio is either unconnected or has no load
INFO: [Synth 8-7129] Port gpio2_io_i[14] in module axi_gpio is either unconnected or has no load
INFO: [Synth 8-7129] Port gpio2_io_i[13] in module axi_gpio is either unconnected or has no load
INFO: [Synth 8-7129] Port gpio2_io_i[12] in module axi_gpio is either unconnected or has no load
INFO: [Synth 8-7129] Port gpio2_io_i[11] in module axi_gpio is either unconnected or has no load
INFO: [Synth 8-7129] Port gpio2_io_i[10] in module axi_gpio is either unconnected or has no load
INFO: [Synth 8-7129] Port gpio2_io_i[9] in module axi_gpio is either unconnected or has no load
INFO: [Synth 8-7129] Port gpio2_io_i[8] in module axi_gpio is either unconnected or has no load
INFO: [Synth 8-7129] Port gpio2_io_i[7] in module axi_gpio is either unconnected or has no load
INFO: [Synth 8-7129] Port gpio2_io_i[6] in module axi_gpio is either unconnected or has no load
INFO: [Synth 8-7129] Port gpio2_io_i[5] in module axi_gpio is either unconnected or has no load
INFO: [Synth 8-7129] Port gpio2_io_i[4] in module axi_gpio is either unconnected or has no load
INFO: [Synth 8-7129] Port gpio2_io_i[3] in module axi_gpio is either unconnected or has no load
INFO: [Synth 8-7129] Port gpio2_io_i[2] in module axi_gpio is either unconnected or has no load
INFO: [Synth 8-7129] Port gpio2_io_i[1] in module axi_gpio is either unconnected or has no load
INFO: [Synth 8-7129] Port gpio2_io_i[0] in module axi_gpio is either unconnected or has no load
---------------------------------------------------------------------------------
Finished Cross Boundary and Area Optimization : Time (s): cpu = 00:00:21 ; elapsed = 00:00:23 . Memory (MB): peak = 1558.289 ; gain = 723.660
---------------------------------------------------------------------------------
---------------------------------------------------------------------------------
Start Applying XDC Timing Constraints
---------------------------------------------------------------------------------
---------------------------------------------------------------------------------
Finished Applying XDC Timing Constraints : Time (s): cpu = 00:00:27 ; elapsed = 00:00:29 . Memory (MB): peak = 1697.027 ; gain = 862.398
---------------------------------------------------------------------------------
---------------------------------------------------------------------------------
Start Timing Optimization
---------------------------------------------------------------------------------
---------------------------------------------------------------------------------
Finished Timing Optimization : Time (s): cpu = 00:00:27 ; elapsed = 00:00:30 . Memory (MB): peak = 1727.039 ; gain = 892.410
---------------------------------------------------------------------------------
---------------------------------------------------------------------------------
Start Technology Mapping
---------------------------------------------------------------------------------
---------------------------------------------------------------------------------
Finished Technology Mapping : Time (s): cpu = 00:00:27 ; elapsed = 00:00:30 . Memory (MB): peak = 1727.039 ; gain = 892.410
---------------------------------------------------------------------------------
---------------------------------------------------------------------------------
Start IO Insertion
---------------------------------------------------------------------------------
---------------------------------------------------------------------------------
Start Flattening Before IO Insertion
---------------------------------------------------------------------------------
---------------------------------------------------------------------------------
Finished Flattening Before IO Insertion
---------------------------------------------------------------------------------
---------------------------------------------------------------------------------
Start Final Netlist Cleanup
---------------------------------------------------------------------------------
---------------------------------------------------------------------------------
Finished Final Netlist Cleanup
---------------------------------------------------------------------------------
---------------------------------------------------------------------------------
Finished IO Insertion : Time (s): cpu = 00:00:32 ; elapsed = 00:00:35 . Memory (MB): peak = 1956.312 ; gain = 1121.684
---------------------------------------------------------------------------------
---------------------------------------------------------------------------------
Start Renaming Generated Instances
---------------------------------------------------------------------------------
---------------------------------------------------------------------------------
Finished Renaming Generated Instances : Time (s): cpu = 00:00:32 ; elapsed = 00:00:35 . Memory (MB): peak = 1956.312 ; gain = 1121.684
---------------------------------------------------------------------------------
---------------------------------------------------------------------------------
Start Rebuilding User Hierarchy
---------------------------------------------------------------------------------
---------------------------------------------------------------------------------
Finished Rebuilding User Hierarchy : Time (s): cpu = 00:00:32 ; elapsed = 00:00:35 . Memory (MB): peak = 1956.312 ; gain = 1121.684
---------------------------------------------------------------------------------
---------------------------------------------------------------------------------
Start Renaming Generated Ports
---------------------------------------------------------------------------------
---------------------------------------------------------------------------------
Finished Renaming Generated Ports : Time (s): cpu = 00:00:32 ; elapsed = 00:00:35 . Memory (MB): peak = 1956.312 ; gain = 1121.684
---------------------------------------------------------------------------------
---------------------------------------------------------------------------------
Start Handling Custom Attributes
---------------------------------------------------------------------------------
---------------------------------------------------------------------------------
Finished Handling Custom Attributes : Time (s): cpu = 00:00:32 ; elapsed = 00:00:35 . Memory (MB): peak = 1956.312 ; gain = 1121.684
---------------------------------------------------------------------------------
---------------------------------------------------------------------------------
Start Renaming Generated Nets
---------------------------------------------------------------------------------
---------------------------------------------------------------------------------
Finished Renaming Generated Nets : Time (s): cpu = 00:00:32 ; elapsed = 00:00:35 . Memory (MB): peak = 1956.312 ; gain = 1121.684
---------------------------------------------------------------------------------
---------------------------------------------------------------------------------
Start Writing Synthesis Report
---------------------------------------------------------------------------------

Report BlackBoxes: 
+-+--------------+----------+
| |BlackBox name |Instances |
+-+--------------+----------+
+-+--------------+----------+

Report Cell Usage: 
+------+-----+------+
|      |Cell |Count |
+------+-----+------+
|1     |LUT1 |     2|
|2     |LUT2 |     9|
|3     |LUT3 |     7|
|4     |LUT4 |     8|
|5     |LUT5 |     9|
|6     |LUT6 |    12|
|7     |FDRE |    63|
|8     |FDSE |     1|
+------+-----+------+
---------------------------------------------------------------------------------
Finished Writing Synthesis Report : Time (s): cpu = 00:00:32 ; elapsed = 00:00:35 . Memory (MB): peak = 1956.312 ; gain = 1121.684
---------------------------------------------------------------------------------
Synthesis finished with 0 errors, 0 critical warnings and 0 warnings.
Synthesis Optimization Runtime : Time (s): cpu = 00:00:22 ; elapsed = 00:00:32 . Memory (MB): peak = 1956.312 ; gain = 1068.508
Synthesis Optimization Complete : Time (s): cpu = 00:00:32 ; elapsed = 00:00:35 . Memory (MB): peak = 1956.312 ; gain = 1121.684
INFO: [Project 1-571] Translating synthesized netlist
Netlist sorting complete. Time (s): cpu = 00:00:00 ; elapsed = 00:00:00.003 . Memory (MB): peak = 1965.430 ; gain = 0.000
INFO: [Project 1-570] Preparing netlist for logic optimization
INFO: [Opt 31-138] Pushed 0 inverter(s) to 0 load pin(s).
Netlist sorting complete. Time (s): cpu = 00:00:00 ; elapsed = 00:00:00 . Memory (MB): peak = 1969.121 ; gain = 0.000
INFO: [Project 1-111] Unisim Transformation Summary:
No Unisim elements were transformed.

Synth Design complete | Checksum: 8554140e
INFO: [Common 17-83] Releasing license: Synthesis
140 Infos, 0 Warnings, 0 Critical Warnings and 0 Errors encountered.
synth_design completed successfully
synth_design: Time (s): cpu = 00:00:37 ; elapsed = 00:00:41 . Memory (MB): peak = 1969.121 ; gain = 1345.301
Write ShapeDB Complete: Time (s): cpu = 00:00:00 ; elapsed = 00:00:00.001 . Memory (MB): peak = 1969.121 ; gain = 0.000
INFO: [Common 17-1381] The checkpoint 'D:/Semester_6/HWSW/LAB2/zynq_interrupts/zynq_interrupts.runs/zynq_interrupt_system_axi_gpio_1_0_synth_1/zynq_interrupt_system_axi_gpio_1_0.dcp' has been generated.
INFO: [Coretcl 2-1648] Added synthesis output to IP cache for IP zynq_interrupt_system_axi_gpio_1_0, cache-ID = 03216924b78ab448
INFO: [Coretcl 2-1174] Renamed 8 cell refs.
Write ShapeDB Complete: Time (s): cpu = 00:00:00 ; elapsed = 00:00:00.001 . Memory (MB): peak = 1969.121 ; gain = 0.000
INFO: [Common 17-1381] The checkpoint 'D:/Semester_6/HWSW/LAB2/zynq_interrupts/zynq_interrupts.runs/zynq_interrupt_system_axi_gpio_1_0_synth_1/zynq_interrupt_system_axi_gpio_1_0.dcp' has been generated.
INFO: [Vivado 12-24828] Executing command : report_utilization -file zynq_interrupt_system_axi_gpio_1_0_utilization_synth.rpt -pb zynq_interrupt_system_axi_gpio_1_0_utilization_synth.pb
INFO: [Common 17-206] Exiting Vivado at Wed May 20 08:18:34 2026...
