INFO-FLOW: Workspace D:/Semester_6/HWSW/TCL_LAB3/matrix_mult_automation_prj/Solution2 opened at Tue May 26 23:55:51 +0700 2026
Execute       send_msg_by_id INFO @200-1505@%s%s  vivado 
INFO: [HLS 200-1505] Using flow_target 'vivado'
Execute     set_part xc7z010clg400-1 
INFO: [HLS 200-1510] Running: set_part xc7z010clg400-1 
Execute       create_platform xc7z010clg400-1 -board  
Command       create_platform done; 0.123 sec.
Execute       source C:/AMDDesignTools/2025.2/Vitis/common/technology/xilinx/common/xilinx.gen 
Execute         source C:/AMDDesignTools/2025.2/Vitis/common/technology/xilinx/interface/plb46.gen 
Execute         source C:/AMDDesignTools/2025.2/Vitis/common/technology/xilinx/interface/axi4.gen 
Execute         source C:/AMDDesignTools/2025.2/Vitis/common/technology/xilinx/interface/nativeAXI4.gen 
Execute           source C:/AMDDesignTools/2025.2/Vitis/common/technology/xilinx/interface/saxilite.gen 
Execute         source C:/AMDDesignTools/2025.2/Vitis/common/technology/xilinx/scripts/xilinxcoregen.gen 
Execute         source C:/AMDDesignTools/2025.2/Vitis/common/technology/xilinx/interface/XilEDKCoreGen.gen 
Execute         source C:/AMDDesignTools/2025.2/Vitis/common/technology/xilinx/ip/dds_compiler.gen 
Execute         source C:/AMDDesignTools/2025.2/Vitis/common/technology/xilinx/ip/util.gen 
Execute         source C:/AMDDesignTools/2025.2/Vitis/common/technology/xilinx/ip/xfft.gen 
Execute         source C:/AMDDesignTools/2025.2/Vitis/common/technology/xilinx/ip/xfir.gen 
Execute         source C:/AMDDesignTools/2025.2/Vitis/common/technology/xilinx/DSP48/dsp48.gen 
Execute       ap_part_info -name xc7z010-clg400-1 -data info 
Execute       config_compile -quiet -complex-mul-dsp=0 
Command     set_part done; 0.221 sec.
Execute     create_clock -period 10 -name default 
INFO: [HLS 200-1510] Running: create_clock -period 10 -name default 
Execute       ap_set_clock -name default -period 10 -unit ns -default=false 
INFO: [SYN 201-201] Setting up clock 'default' with a period of 10ns.
Execute     set_directive_pipeline matrix_mult/Product -II 1 
INFO: [HLS 200-1510] Running: set_directive_pipeline matrix_mult/Product -II 1 
Execute     config_compile -pipeline_loops 0 
INFO: [HLS 200-1510] Running: config_compile -pipeline_loops 0 
Execute     csynth_design 
INFO: [HLS 200-1510] Running: csynth_design 
Execute       ::AP::init_summary_file csynth 
Execute       AP::msg_collection_file -open D:/Semester_6/HWSW/TCL_LAB3/matrix_mult_automation_prj/Solution2/.autopilot/db/be_messages.xml 
Execute       ap_part_info -name xc7z010-clg400-1 -data info 
INFO-FLOW: run_clang matrix_mult.cpp.xilinx-performance-pragma-detector exec: C:/AMDDesignTools/2025.2/Vitis/win64/tools/clang-16/bin/xilinx-performance-pragma-detector matrix_mult.cpp -- -fhls -D__VITIS_HLS__ -DAESL_SYN -D__SYNTHESIS__ -D__HLS_SYN__ -I C:/AMDDesignTools/2025.2/Vitis/common/technology/autopilot -I C:/AMDDesignTools/2025.2/Vitis/common/technology/autopilot/ap_sysc -include etc/autopilot_ssdm_op.h -D__DSP48E1__ -target fpga64-xilinx-mingw32 --sysroot C:/AMDDesignTools/2025.2/Vitis/tps/mingw/8.3.0/win64.o/nt {-hls-platform-db-name=C:/AMDDesignTools/2025.2/Vitis\common/technology\xilinx/common/platform.db} -hls-platform-name=zynq_slow -device-resource-info=BRAM_120.000000_DSP_80.000000_FF_35200.000000_LUT_17600.000000_SLICE_4400.000000_URAM_0.000000 -device-name-info=xc7z010clg400-1 > D:/Semester_6/HWSW/TCL_LAB3/matrix_mult_automation_prj/Solution2/.autopilot/db/matrix_mult.cpp.xilinx-performance-pragma-detector.out.log 2> D:/Semester_6/HWSW/TCL_LAB3/matrix_mult_automation_prj/Solution2/.autopilot/db/matrix_mult.cpp.xilinx-performance-pragma-detector.err.log
INFO-FLOW: run_clang result=success num-err-msgs=0 num-stderr-lines=1
Execute       elaborate -effort=medium -skip_syncheck=0 -keep_printf=0 -skip_cdt=0 -skip_transform=0 -ng=0 -g=0 -from_csynth_design=1 
INFO: [HLS 200-111] Finished File checks and directory preparation: CPU user time: 0 seconds. CPU system time: 0 seconds. Elapsed time: 0.457 seconds; current allocated memory: 480.723 MB.
Execute         send_msg_by_id INFO @200-2191@%s%s C-Synthesis clang-16 
INFO: [HLS 200-2191] C-Synthesis will use clang-16 as the compiler
Execute         set_directive_top matrix_mult -name=matrix_mult 
INFO: [HLS 200-10] Analyzing design file 'matrix_mult.cpp' ... 
INFO-FLOW: Compiling one TU...
INFO-FLOW: Handling matrix_mult.cpp as C++
Execute         ap_part_info -name xc7z010-clg400-1 -data info 
INFO-FLOW: Running: GCC PP 39
INFO-FLOW: Source preprocessing
INFO-FLOW: run_clang matrix_mult.cpp.clang exec: C:/AMDDesignTools/2025.2/Vitis/win64/tools/clang-16/bin/clang matrix_mult.cpp -foptimization-record-file=D:/Semester_6/HWSW/TCL_LAB3/matrix_mult_automation_prj/Solution2/.autopilot/db/matrix_mult.cpp.clang.diag.yml -mllvm -pass-remarks-missed=reflow|pasta|unroll|inline -mllvm -pass-remarks=reflow|pasta|unroll|inline -fno-limit-debug-info --sysroot C:/AMDDesignTools/2025.2/Vitis/tps/mingw/8.3.0/win64.o/nt -fhls -fno-exceptions -insert-hls-directive=D:/Semester_6/HWSW/TCL_LAB3/matrix_mult_automation_prj/Solution2/.autopilot/db/all.directive.json -hls-directive-location -E -fno-math-errno -c -emit-llvm -mllvm -disable-llvm-optzns -Xclang -no-opaque-pointers -Xclang -fmerge-all-constants -Werror=implicit-hls-streams -Werror=return-type -Wpragmas -Wunused-parameter -Wdump-hls-pragmas -Wno-error=dump-hls-pragmas -hls-clock-period=10 -fno-threadsafe-statics -fno-use-cxa-atexit -target fpga64-xilinx-mingw32 -fno-threadsafe-statics -fno-use-cxa-atexit -D__VITIS_HLS__ -DAESL_SYN -D__SYNTHESIS__ -D__HLS_SYN__ -I C:/AMDDesignTools/2025.2/Vitis/common/technology/autopilot -I C:/AMDDesignTools/2025.2/Vitis/common/technology/autopilot/ap_sysc -include etc/autopilot_ssdm_op.h -D__DSP48E1__ -o D:/Semester_6/HWSW/TCL_LAB3/matrix_mult_automation_prj/Solution2/.autopilot/db/matrix_mult.pp.0.cpp {-hls-platform-db-name=C:/AMDDesignTools/2025.2/Vitis\common/technology\xilinx/common/platform.db} -hls-platform-name=zynq_slow -device-resource-info=BRAM_120.000000_DSP_80.000000_FF_35200.000000_LUT_17600.000000_SLICE_4400.000000_URAM_0.000000 -device-name-info=xc7z010clg400-1 > D:/Semester_6/HWSW/TCL_LAB3/matrix_mult_automation_prj/Solution2/.autopilot/db/matrix_mult.cpp.clang.out.log 2> D:/Semester_6/HWSW/TCL_LAB3/matrix_mult_automation_prj/Solution2/.autopilot/db/matrix_mult.cpp.clang.err.log
INFO-FLOW: run_clang result=success num-err-msgs=0 num-stderr-lines=0
INFO-FLOW: Done: GCC PP 39 time: 0.4 seconds 
INFO-FLOW: Source syntax check for synthesis
INFO-FLOW: run_clang clang exec: C:/AMDDesignTools/2025.2/Vitis/win64/tools/clang-16/bin/clang -foptimization-record-file=D:/Semester_6/HWSW/TCL_LAB3/matrix_mult_automation_prj/Solution2/.autopilot/db/clang.diag.yml -mllvm -pass-remarks-missed=reflow|pasta|unroll|inline -mllvm -pass-remarks=reflow|pasta|unroll|inline -fsyntax-only -fhls -target fpga64-xilinx-linux-gnu D:/Semester_6/HWSW/TCL_LAB3/matrix_mult_automation_prj/Solution2/.autopilot/db/matrix_mult.pp.0.cpp {-hls-platform-db-name=C:/AMDDesignTools/2025.2/Vitis\common/technology\xilinx/common/platform.db} -hls-platform-name=zynq_slow -device-resource-info=BRAM_120.000000_DSP_80.000000_FF_35200.000000_LUT_17600.000000_SLICE_4400.000000_URAM_0.000000 -device-name-info=xc7z010clg400-1 > D:/Semester_6/HWSW/TCL_LAB3/matrix_mult_automation_prj/Solution2/.autopilot/db/clang.out.log 2> D:/Semester_6/HWSW/TCL_LAB3/matrix_mult_automation_prj/Solution2/.autopilot/db/clang.err.log
INFO-FLOW: run_clang result=success num-err-msgs=0 num-stderr-lines=0
Execute         clang_tidy xilinx-systemc-detector -desc systemc-detector D:/Semester_6/HWSW/TCL_LAB3/matrix_mult_automation_prj/Solution2/.autopilot/db/matrix_mult.pp.0.cpp  -target fpga -directive=D:/Semester_6/HWSW/TCL_LAB3/matrix_mult_automation_prj/Solution2/.autopilot/db/.systemc_flag 
INFO-FLOW: exec C:/AMDDesignTools/2025.2/Vitis/win64/tools/clang-16/bin/clang-tidy -header-filter=.* --checks=-*,xilinx-systemc-detector -import-directive=D:/Semester_6/HWSW/TCL_LAB3/matrix_mult_automation_prj/Solution2/.autopilot/db/.systemc_flag -fix-errors D:/Semester_6/HWSW/TCL_LAB3/matrix_mult_automation_prj/Solution2/.autopilot/db/matrix_mult.pp.0.cpp -- - -target fpga -fhls -ferror-limit=0
Command         clang_tidy done; 0.425 sec.
INFO-FLOW: Running: clang-tidy CDT preprocess 39
Execute         clang_tidy xilinx-directive2pragma -desc directive2pragma D:/Semester_6/HWSW/TCL_LAB3/matrix_mult_automation_prj/Solution2/.autopilot/db/matrix_mult.pp.0.cpp  -target fpga -directive=D:/Semester_6/HWSW/TCL_LAB3/matrix_mult_automation_prj/Solution2/.autopilot/db/all.directive.json 
INFO-FLOW: exec C:/AMDDesignTools/2025.2/Vitis/win64/tools/clang-16/bin/clang-tidy -header-filter=.* --checks=-*,xilinx-directive2pragma -import-directive=D:/Semester_6/HWSW/TCL_LAB3/matrix_mult_automation_prj/Solution2/.autopilot/db/all.directive.json -fix-errors D:/Semester_6/HWSW/TCL_LAB3/matrix_mult_automation_prj/Solution2/.autopilot/db/matrix_mult.pp.0.cpp -- - -target fpga -fhls -ferror-limit=0
Command         clang_tidy done; 0.571 sec.
INFO-FLOW: Done: clang-tidy CDT preprocess 39 time: 0.6 seconds 
INFO-FLOW: Calling xilinx-label-all-loops ... 
INFO-FLOW: Calling xilinx-aggregate-on-hls-vector ... 
Execute         clang_tidy -errorcheck -desc loop-label xilinx-label-all-loops,xilinx-aggregate-on-hls-vector,,xilinx-warn-mayneed-no-ctor-attribute D:/Semester_6/HWSW/TCL_LAB3/matrix_mult_automation_prj/Solution2/.autopilot/db/matrix_mult.pp.0.cpp  -target fpga 
INFO-FLOW: run_clang loop-label exec: C:/AMDDesignTools/2025.2/Vitis/win64/tools/clang-16/bin/clang-tidy -export-fixes=D:/Semester_6/HWSW/TCL_LAB3/matrix_mult_automation_prj/Solution2/.autopilot/db/matrix_mult.pp.0.cpp.clang-tidy.loop-label.diag.yml -header-filter=.* --checks=-*,xilinx-label-all-loops,xilinx-aggregate-on-hls-vector,,xilinx-warn-mayneed-no-ctor-attribute -fix-errors D:/Semester_6/HWSW/TCL_LAB3/matrix_mult_automation_prj/Solution2/.autopilot/db/matrix_mult.pp.0.cpp -- - -target fpga -fhls -ferror-limit=0 > D:/Semester_6/HWSW/TCL_LAB3/matrix_mult_automation_prj/Solution2/.autopilot/db/matrix_mult.pp.0.cpp.clang-tidy.loop-label.out.log 2> D:/Semester_6/HWSW/TCL_LAB3/matrix_mult_automation_prj/Solution2/.autopilot/db/matrix_mult.pp.0.cpp.clang-tidy.loop-label.err.log
INFO-FLOW: run_clang result=success num-err-msgs=0 num-stderr-lines=2
Command         clang_tidy done; 0.45 sec.
INFO-FLOW: run_clang matrix_mult.pp.0.cpp.xilinx-dataflow-lawyer exec: C:/AMDDesignTools/2025.2/Vitis/win64/tools/clang-16/bin/xilinx-dataflow-lawyer -export-fixes=D:/Semester_6/HWSW/TCL_LAB3/matrix_mult_automation_prj/Solution2/.autopilot/db/matrix_mult.pp.0.cpp.xilinx-dataflow-lawyer.diag.yml D:/Semester_6/HWSW/TCL_LAB3/matrix_mult_automation_prj/Solution2/.autopilot/db/matrix_mult.pp.0.cpp -- - -target fpga -fhls -ferror-limit=0 -fstrict-dataflow > D:/Semester_6/HWSW/TCL_LAB3/matrix_mult_automation_prj/Solution2/.autopilot/db/matrix_mult.pp.0.cpp.xilinx-dataflow-lawyer.out.log 2> D:/Semester_6/HWSW/TCL_LAB3/matrix_mult_automation_prj/Solution2/.autopilot/db/matrix_mult.pp.0.cpp.xilinx-dataflow-lawyer.err.log
INFO-FLOW: run_clang result=success num-err-msgs=0 num-stderr-lines=0
Execute         ap_part_info -name xc7z010-clg400-1 -data info 
INFO-FLOW: compiling source code to llvm bc
INFO-FLOW: run_clang matrix_mult.pp.0.cpp.clang exec: C:/AMDDesignTools/2025.2/Vitis/win64/tools/clang-16/bin/clang -foptimization-record-file=D:/Semester_6/HWSW/TCL_LAB3/matrix_mult_automation_prj/Solution2/.autopilot/db/matrix_mult.pp.0.cpp.clang.diag.yml -mllvm -pass-remarks-missed=reflow|pasta|unroll|inline -mllvm -pass-remarks=reflow|pasta|unroll|inline -flto -fno-exceptions -Wno-error=c++11-narrowing -fno-limit-debug-info -fhls -hls-emit-hint-scope D:/Semester_6/HWSW/TCL_LAB3/matrix_mult_automation_prj/Solution2/.autopilot/db/matrix_mult.pp.0.cpp -fno-math-errno -c -emit-llvm -mllvm -disable-llvm-optzns -Xclang -no-opaque-pointers -Xclang -fmerge-all-constants -Werror=implicit-hls-streams -Werror=return-type -Wpragmas -Wunused-parameter -Wdump-hls-pragmas -Wno-error=dump-hls-pragmas -hls-clock-period=10 -fno-threadsafe-statics -fno-use-cxa-atexit -target fpga64-xilinx-linux-gnu -D__VITIS_HLS__ -DAESL_SYN -D__SYNTHESIS__ -D__HLS_SYN__ -I C:/AMDDesignTools/2025.2/Vitis/common/technology/autopilot -I C:/AMDDesignTools/2025.2/Vitis/common/technology/autopilot/ap_sysc -include etc/autopilot_ssdm_op.h -D__DSP48E1__ -g -o D:/Semester_6/HWSW/TCL_LAB3/matrix_mult_automation_prj/Solution2/.autopilot/db/matrix_mult.pre.g.bc {-hls-platform-db-name=C:/AMDDesignTools/2025.2/Vitis\common/technology\xilinx/common/platform.db} -hls-platform-name=zynq_slow -device-resource-info=BRAM_120.000000_DSP_80.000000_FF_35200.000000_LUT_17600.000000_SLICE_4400.000000_URAM_0.000000 -device-name-info=xc7z010clg400-1 > D:/Semester_6/HWSW/TCL_LAB3/matrix_mult_automation_prj/Solution2/.autopilot/db/matrix_mult.pp.0.cpp.clang.out.log 2> D:/Semester_6/HWSW/TCL_LAB3/matrix_mult_automation_prj/Solution2/.autopilot/db/matrix_mult.pp.0.cpp.clang.err.log
INFO-FLOW: run_clang result=success num-err-msgs=0 num-stderr-lines=0
INFO-FLOW: converting llvm 16.0.4 bc to downstrem bc
INFO-FLOW: run_clang matrix_mult.bc.llvm-converter exec: C:/AMDDesignTools/2025.2/Vitis/win64/tools/clang-16/bin/llvm-converter -opaque-pointers=0 D:/Semester_6/HWSW/TCL_LAB3/matrix_mult_automation_prj/Solution2/.autopilot/db/matrix_mult.pre.g.bc -o D:/Semester_6/HWSW/TCL_LAB3/matrix_mult_automation_prj/Solution2/.autopilot/db/matrix_mult.bc > D:/Semester_6/HWSW/TCL_LAB3/matrix_mult_automation_prj/Solution2/.autopilot/db/matrix_mult.bc.llvm-converter.out.log 2> D:/Semester_6/HWSW/TCL_LAB3/matrix_mult_automation_prj/Solution2/.autopilot/db/matrix_mult.bc.llvm-converter.err.log
INFO-FLOW: run_clang result=success num-err-msgs=0 num-stderr-lines=0
INFO: [HLS 200-111] Finished Source Code Analysis and Preprocessing: CPU user time: 0 seconds. CPU system time: 0 seconds. Elapsed time: 3.379 seconds; current allocated memory: 480.723 MB.
INFO-FLOW: Linking Debug ...
INFO-FLOW: Linking dut bc code.
Execute         run_link_or_opt -out D:/Semester_6/HWSW/TCL_LAB3/matrix_mult_automation_prj/Solution2/.autopilot/db/a.g.ld.0.bc -args D:/Semester_6/HWSW/TCL_LAB3/matrix_mult_automation_prj/Solution2/.autopilot/db/matrix_mult.bc 
INFO-FLOW: run_clang a.g.ld.0.bc.llvm-link exec: C:/AMDDesignTools/2025.2/Vitis/win64/tools/clang-3.9-csynth/bin/llvm-link D:/Semester_6/HWSW/TCL_LAB3/matrix_mult_automation_prj/Solution2/.autopilot/db/matrix_mult.bc -o D:/Semester_6/HWSW/TCL_LAB3/matrix_mult_automation_prj/Solution2/.autopilot/db/a.g.ld.0.bc > D:/Semester_6/HWSW/TCL_LAB3/matrix_mult_automation_prj/Solution2/.autopilot/db/a.g.ld.0.bc.llvm-link.out.log 2> D:/Semester_6/HWSW/TCL_LAB3/matrix_mult_automation_prj/Solution2/.autopilot/db/a.g.ld.0.bc.llvm-link.err.log
INFO-FLOW: run_clang result=success num-err-msgs=0 num-stderr-lines=0
Execute         run_link_or_opt -opt -out D:/Semester_6/HWSW/TCL_LAB3/matrix_mult_automation_prj/Solution2/.autopilot/db/a.g.ld.1.lower.bc -args D:/Semester_6/HWSW/TCL_LAB3/matrix_mult_automation_prj/Solution2/.autopilot/db/a.g.ld.0.bc -reflow-lower-math-intrinsics 
INFO-FLOW: run_clang a.g.ld.1.lower.bc.opt exec: C:/AMDDesignTools/2025.2/Vitis/win64/tools/clang-3.9-csynth/bin/opt -pass-remarks-missed=reflow|pasta|unroll|inline -pass-remarks=reflow|pasta|unroll|inline -pass-remarks-output=D:/Semester_6/HWSW/TCL_LAB3/matrix_mult_automation_prj/Solution2/.autopilot/db/a.g.ld.1.lower.bc.opt.diag.yml D:/Semester_6/HWSW/TCL_LAB3/matrix_mult_automation_prj/Solution2/.autopilot/db/a.g.ld.0.bc -reflow-lower-math-intrinsics -o D:/Semester_6/HWSW/TCL_LAB3/matrix_mult_automation_prj/Solution2/.autopilot/db/a.g.ld.1.lower.bc > D:/Semester_6/HWSW/TCL_LAB3/matrix_mult_automation_prj/Solution2/.autopilot/db/a.g.ld.1.lower.bc.opt.out.log 2> D:/Semester_6/HWSW/TCL_LAB3/matrix_mult_automation_prj/Solution2/.autopilot/db/a.g.ld.1.lower.bc.opt.err.log
INFO-FLOW: run_clang result=success num-err-msgs=0 num-stderr-lines=0
INFO-FLOW: Running: gen_design_size_report post-opt
INFO-FLOW: Done: gen_design_size_report post-opt time: 0 seconds 
INFO-FLOW: Linking math bc lib
Execute         run_link_or_opt -out D:/Semester_6/HWSW/TCL_LAB3/matrix_mult_automation_prj/Solution2/.autopilot/db/a.g.ld.2.m1.bc -args D:/Semester_6/HWSW/TCL_LAB3/matrix_mult_automation_prj/Solution2/.autopilot/db/a.g.ld.1.lower.bc -only-needed C:/AMDDesignTools/2025.2/Vitis/win64/lib/libhlsm_39.bc C:/AMDDesignTools/2025.2/Vitis/win64/lib/libhlsmc++_39.bc 
INFO-FLOW: run_clang a.g.ld.2.m1.bc.llvm-link exec: C:/AMDDesignTools/2025.2/Vitis/win64/tools/clang-3.9-csynth/bin/llvm-link D:/Semester_6/HWSW/TCL_LAB3/matrix_mult_automation_prj/Solution2/.autopilot/db/a.g.ld.1.lower.bc -only-needed C:/AMDDesignTools/2025.2/Vitis/win64/lib/libhlsm_39.bc C:/AMDDesignTools/2025.2/Vitis/win64/lib/libhlsmc++_39.bc -o D:/Semester_6/HWSW/TCL_LAB3/matrix_mult_automation_prj/Solution2/.autopilot/db/a.g.ld.2.m1.bc > D:/Semester_6/HWSW/TCL_LAB3/matrix_mult_automation_prj/Solution2/.autopilot/db/a.g.ld.2.m1.bc.llvm-link.out.log 2> D:/Semester_6/HWSW/TCL_LAB3/matrix_mult_automation_prj/Solution2/.autopilot/db/a.g.ld.2.m1.bc.llvm-link.err.log
INFO-FLOW: run_clang result=success num-err-msgs=0 num-stderr-lines=0
Command         run_link_or_opt done; 1.431 sec.
Execute         run_link_or_opt -opt -out D:/Semester_6/HWSW/TCL_LAB3/matrix_mult_automation_prj/Solution2/.autopilot/db/a.g.ld.3.fpc.bc -args D:/Semester_6/HWSW/TCL_LAB3/matrix_mult_automation_prj/Solution2/.autopilot/db/a.g.ld.2.m1.bc -reflow-globaldce -hls-top-function-name=matrix_mult -reflow-float-conversion 
INFO-FLOW: run_clang a.g.ld.3.fpc.bc.opt exec: C:/AMDDesignTools/2025.2/Vitis/win64/tools/clang-3.9-csynth/bin/opt -pass-remarks-missed=reflow|pasta|unroll|inline -pass-remarks=reflow|pasta|unroll|inline -pass-remarks-output=D:/Semester_6/HWSW/TCL_LAB3/matrix_mult_automation_prj/Solution2/.autopilot/db/a.g.ld.3.fpc.bc.opt.diag.yml D:/Semester_6/HWSW/TCL_LAB3/matrix_mult_automation_prj/Solution2/.autopilot/db/a.g.ld.2.m1.bc -reflow-globaldce -hls-top-function-name=matrix_mult -reflow-float-conversion -o D:/Semester_6/HWSW/TCL_LAB3/matrix_mult_automation_prj/Solution2/.autopilot/db/a.g.ld.3.fpc.bc > D:/Semester_6/HWSW/TCL_LAB3/matrix_mult_automation_prj/Solution2/.autopilot/db/a.g.ld.3.fpc.bc.opt.out.log 2> D:/Semester_6/HWSW/TCL_LAB3/matrix_mult_automation_prj/Solution2/.autopilot/db/a.g.ld.3.fpc.bc.opt.err.log
INFO-FLOW: run_clang result=success num-err-msgs=0 num-stderr-lines=0
INFO-FLOW: Running: gen_design_size_report post-opt
INFO-FLOW: Done: gen_design_size_report post-opt time: 0 seconds 
Command         run_link_or_opt done; 0.584 sec.
Execute         run_link_or_opt -out D:/Semester_6/HWSW/TCL_LAB3/matrix_mult_automation_prj/Solution2/.autopilot/db/a.g.ld.4.m2.bc -args D:/Semester_6/HWSW/TCL_LAB3/matrix_mult_automation_prj/Solution2/.autopilot/db/a.g.ld.3.fpc.bc -only-needed C:/AMDDesignTools/2025.2/Vitis/win64/lib/libfloatconversion_39.bc 
INFO-FLOW: run_clang a.g.ld.4.m2.bc.llvm-link exec: C:/AMDDesignTools/2025.2/Vitis/win64/tools/clang-3.9-csynth/bin/llvm-link D:/Semester_6/HWSW/TCL_LAB3/matrix_mult_automation_prj/Solution2/.autopilot/db/a.g.ld.3.fpc.bc -only-needed C:/AMDDesignTools/2025.2/Vitis/win64/lib/libfloatconversion_39.bc -o D:/Semester_6/HWSW/TCL_LAB3/matrix_mult_automation_prj/Solution2/.autopilot/db/a.g.ld.4.m2.bc > D:/Semester_6/HWSW/TCL_LAB3/matrix_mult_automation_prj/Solution2/.autopilot/db/a.g.ld.4.m2.bc.llvm-link.out.log 2> D:/Semester_6/HWSW/TCL_LAB3/matrix_mult_automation_prj/Solution2/.autopilot/db/a.g.ld.4.m2.bc.llvm-link.err.log
INFO-FLOW: run_clang result=success num-err-msgs=0 num-stderr-lines=0
Execute         run_link_or_opt -opt -out D:/Semester_6/HWSW/TCL_LAB3/matrix_mult_automation_prj/Solution2/.autopilot/db/a.g.ld.5.gdce.bc -args D:/Semester_6/HWSW/TCL_LAB3/matrix_mult_automation_prj/Solution2/.autopilot/db/a.g.ld.4.m2.bc -reflow-globaldce -hls-top-function-name=matrix_mult 
INFO-FLOW: run_clang a.g.ld.5.gdce.bc.opt exec: C:/AMDDesignTools/2025.2/Vitis/win64/tools/clang-3.9-csynth/bin/opt -pass-remarks-missed=reflow|pasta|unroll|inline -pass-remarks=reflow|pasta|unroll|inline -pass-remarks-output=D:/Semester_6/HWSW/TCL_LAB3/matrix_mult_automation_prj/Solution2/.autopilot/db/a.g.ld.5.gdce.bc.opt.diag.yml D:/Semester_6/HWSW/TCL_LAB3/matrix_mult_automation_prj/Solution2/.autopilot/db/a.g.ld.4.m2.bc -reflow-globaldce -hls-top-function-name=matrix_mult -o D:/Semester_6/HWSW/TCL_LAB3/matrix_mult_automation_prj/Solution2/.autopilot/db/a.g.ld.5.gdce.bc > D:/Semester_6/HWSW/TCL_LAB3/matrix_mult_automation_prj/Solution2/.autopilot/db/a.g.ld.5.gdce.bc.opt.out.log 2> D:/Semester_6/HWSW/TCL_LAB3/matrix_mult_automation_prj/Solution2/.autopilot/db/a.g.ld.5.gdce.bc.opt.err.log
INFO-FLOW: run_clang result=success num-err-msgs=0 num-stderr-lines=0
INFO-FLOW: Running: gen_design_size_report post-opt
INFO-FLOW: Done: gen_design_size_report post-opt time: 0 seconds 
Execute         send_msg_by_id INFO @200-777@%s Vivado 
INFO: [HLS 200-777] Using interface defaults for 'Vivado' flow target.
Execute         is_m_axi_addr64 
INFO-FLOW: Doing LTO.
INFO-FLOW: run_clang reflow (background poll_ms 5000) exec: C:/AMDDesignTools/2025.2/Vitis/win64/tools/clang-3.9-csynth/bin/clang -foptimization-record-file=D:/Semester_6/HWSW/TCL_LAB3/matrix_mult_automation_prj/Solution2/.autopilot/db/a.g.ld.0.bc.clang.reflow.diag.yml -mllvm -pass-remarks-missed=reflow|pasta|unroll|inline -mllvm -pass-remarks=reflow|pasta|unroll|inline -fhls -mllvm -hls-top-function-name=matrix_mult -mllvm -hls-db-dir -mllvm D:/Semester_6/HWSW/TCL_LAB3/matrix_mult_automation_prj/Solution2/.autopilot/db -emit-llvm -c -target fpga64-xilinx-none -mllvm -xcl-xmlinfo=D:/Semester_6/HWSW/TCL_LAB3/matrix_mult_automation_prj/Solution2/.autopilot/db/kernel.internal.xml -mllvm -top-io-mapping-info=D:/Semester_6/HWSW/TCL_LAB3/matrix_mult_automation_prj/Solution2/.autopilot/db/top-io-fe.xml -mllvm -hls-bitcode-version=3.1 -mllvm -reflow-enable-slave-interface-default-setting=true -mllvm -gen-kernel-xml=false -mllvm -default-maxi-offset=slave -mllvm -reflow-unroll-size-threshold=10000 -mllvm -reflow-unroll-cost-threshold=1000000 -mllvm -maxi-latency=0 -mllvm -hls-maxi-data-size-in-bits=8 -mllvm -hls-maxi-max-data-size-in-bits=1024 -mllvm -hls-max-widen-size-in-bits=0 -mllvm -xcl-kernel-max-mem-ports=0 -mllvm -maxi-read-trans=16 -mllvm -maxi-write-trans=16 -mllvm -maxi-read-burst-len=16 -mllvm -maxi-write-burst-len=16 -mllvm -reflow-enable-saxi-64bits=0 -mllvm -reflow-basic-block-instr-threshold=200000 -mllvm -reflow-auto-pipeline-threshold=0 -mllvm -reflow-enable-maxi-auto-id-channel=0 -mllvm -reflow-bdd-simplify-threshold=1048576 -mllvm -reflow-fanout-threshold=16 -mllvm -reflow-force-aggressive-unroll=0 -mllvm -reflow-aggressive-unroll-adjust-factor=1.000000 -mllvm -reflow-complete-threshold=4 -mllvm -reflow-array-promotion-threshold=64 -mllvm -reflow-enable-critical-path-for-performance=1 -mllvm -assume-maxi-align=1 -mllvm -reflow-enable-dataflow-strict-mode-checking=1 -ftime-report -mllvm -time-passes -mllvm -reflow-auto-array-partition-mode=default -mllvm -reflow-enable-auto-small-array-partition=true -mllvm -reflow-enable-auto-array-promotion=true -mllvm -reflow-enable-auto-array-partition-for-flatten=true -mllvm -reflow-enable-auto-parallel-performance-driven=true -mllvm -reflow-enable-partition-for-automation=true -mllvm -reflow-aggregate-bitwidth-threshold=4096 -mllvm -reflow-reserved-saxilite-registers=0 -mllvm -enable-reflow-auto-loop-pipeline -mllvm -reflow-max-unroll-threshold=409600 -mllvm -auto-unroll-tripcount-threshold=0 -mllvm -reflow-assume-no-address-wrap=true -mllvm -reflow-enable-occurrence-inference=true -mllvm -reflow-emit-hint-scope=true -mllvm -reflow-enable-codegen-with-if=true -mllvm -reflow-enable-dataflow-canon=true -mllvm -reflow-enable-dataflow-canon2=true -mllvm -reflow-dump-extra-complexity-metric=true -mllvm -reflow-enable-dse-loop-nest-extraction=false -mllvm -hls -mllvm -disable-inlined-alloca-merging=true -mllvm -default-clock-period=10 -mllvm -use_read_first_ram_in_loop=1 -mllvm -default-clock-uncertainty=2.7 -x ir D:/Semester_6/HWSW/TCL_LAB3/matrix_mult_automation_prj/Solution2/.autopilot/db/a.g.ld.5.gdce.bc -o D:/Semester_6/HWSW/TCL_LAB3/matrix_mult_automation_prj/Solution2/.autopilot/db/a.g.lto.bc {-hls-platform-db-name=C:/AMDDesignTools/2025.2/Vitis\common/technology\xilinx/common/platform.db} -hls-platform-name=zynq_slow -device-resource-info=BRAM_120.000000_DSP_80.000000_FF_35200.000000_LUT_17600.000000_SLICE_4400.000000_URAM_0.000000 -device-name-info=xc7z010clg400-1 2> D:/Semester_6/HWSW/TCL_LAB3/matrix_mult_automation_prj/Solution2/.autopilot/db/a.g.ld.0.bc.clang.reflow.err.log bg_poll_cmd: ::AP::poll_clang_39_closed_source
Execute         send_msg_by_id INFO @200-1995@%s%s%s 55 Compile/Link (D:/Semester_6/HWSW/TCL_LAB3/matrix_mult_automation_prj/Solution2/syn/report/csynth_design_size.rpt:2) 
INFO: [HLS 200-1995] There were 55 instructions in the design after the 'Compile/Link' phase of compilation. See the Design Size Report for more details (D:/Semester_6/HWSW/TCL_LAB3/matrix_mult_automation_prj/Solution2/syn/report/csynth_design_size.rpt:2)
Execute         send_msg_by_id INFO @200-1995@%s%s%s 41 Unroll/Inline (step 1) (D:/Semester_6/HWSW/TCL_LAB3/matrix_mult_automation_prj/Solution2/syn/report/csynth_design_size.rpt:2) 
INFO: [HLS 200-1995] There were 41 instructions in the design after the 'Unroll/Inline (step 1)' phase of compilation. See the Design Size Report for more details (D:/Semester_6/HWSW/TCL_LAB3/matrix_mult_automation_prj/Solution2/syn/report/csynth_design_size.rpt:2)
Execute         send_msg_by_id INFO @200-1995@%s%s%s 31 Unroll/Inline (step 2) (D:/Semester_6/HWSW/TCL_LAB3/matrix_mult_automation_prj/Solution2/syn/report/csynth_design_size.rpt:2) 
INFO: [HLS 200-1995] There were 31 instructions in the design after the 'Unroll/Inline (step 2)' phase of compilation. See the Design Size Report for more details (D:/Semester_6/HWSW/TCL_LAB3/matrix_mult_automation_prj/Solution2/syn/report/csynth_design_size.rpt:2)
Execute         send_msg_by_id INFO @200-1995@%s%s%s 28 Unroll/Inline (step 3) (D:/Semester_6/HWSW/TCL_LAB3/matrix_mult_automation_prj/Solution2/syn/report/csynth_design_size.rpt:2) 
INFO: [HLS 200-1995] There were 28 instructions in the design after the 'Unroll/Inline (step 3)' phase of compilation. See the Design Size Report for more details (D:/Semester_6/HWSW/TCL_LAB3/matrix_mult_automation_prj/Solution2/syn/report/csynth_design_size.rpt:2)
Execute         send_msg_by_id INFO @200-1995@%s%s%s 28 Unroll/Inline (step 4) (D:/Semester_6/HWSW/TCL_LAB3/matrix_mult_automation_prj/Solution2/syn/report/csynth_design_size.rpt:2) 
INFO: [HLS 200-1995] There were 28 instructions in the design after the 'Unroll/Inline (step 4)' phase of compilation. See the Design Size Report for more details (D:/Semester_6/HWSW/TCL_LAB3/matrix_mult_automation_prj/Solution2/syn/report/csynth_design_size.rpt:2)
Execute         send_msg_by_id INFO @200-1995@%s%s%s 27 Array/Struct (step 1) (D:/Semester_6/HWSW/TCL_LAB3/matrix_mult_automation_prj/Solution2/syn/report/csynth_design_size.rpt:2) 
INFO: [HLS 200-1995] There were 27 instructions in the design after the 'Array/Struct (step 1)' phase of compilation. See the Design Size Report for more details (D:/Semester_6/HWSW/TCL_LAB3/matrix_mult_automation_prj/Solution2/syn/report/csynth_design_size.rpt:2)
Execute         send_msg_by_id INFO @200-1995@%s%s%s 27 Array/Struct (step 2) (D:/Semester_6/HWSW/TCL_LAB3/matrix_mult_automation_prj/Solution2/syn/report/csynth_design_size.rpt:2) 
INFO: [HLS 200-1995] There were 27 instructions in the design after the 'Array/Struct (step 2)' phase of compilation. See the Design Size Report for more details (D:/Semester_6/HWSW/TCL_LAB3/matrix_mult_automation_prj/Solution2/syn/report/csynth_design_size.rpt:2)
Execute         send_msg_by_id INFO @200-1995@%s%s%s 27 Array/Struct (step 3) (D:/Semester_6/HWSW/TCL_LAB3/matrix_mult_automation_prj/Solution2/syn/report/csynth_design_size.rpt:2) 
INFO: [HLS 200-1995] There were 27 instructions in the design after the 'Array/Struct (step 3)' phase of compilation. See the Design Size Report for more details (D:/Semester_6/HWSW/TCL_LAB3/matrix_mult_automation_prj/Solution2/syn/report/csynth_design_size.rpt:2)
Execute         send_msg_by_id INFO @200-1995@%s%s%s 27 Array/Struct (step 4) (D:/Semester_6/HWSW/TCL_LAB3/matrix_mult_automation_prj/Solution2/syn/report/csynth_design_size.rpt:2) 
INFO: [HLS 200-1995] There were 27 instructions in the design after the 'Array/Struct (step 4)' phase of compilation. See the Design Size Report for more details (D:/Semester_6/HWSW/TCL_LAB3/matrix_mult_automation_prj/Solution2/syn/report/csynth_design_size.rpt:2)
Execute         send_msg_by_id INFO @200-1995@%s%s%s 28 Array/Struct (step 5) (D:/Semester_6/HWSW/TCL_LAB3/matrix_mult_automation_prj/Solution2/syn/report/csynth_design_size.rpt:2) 
INFO: [HLS 200-1995] There were 28 instructions in the design after the 'Array/Struct (step 5)' phase of compilation. See the Design Size Report for more details (D:/Semester_6/HWSW/TCL_LAB3/matrix_mult_automation_prj/Solution2/syn/report/csynth_design_size.rpt:2)
Execute         send_msg_by_id INFO @200-1995@%s%s%s 28 Performance (step 1) (D:/Semester_6/HWSW/TCL_LAB3/matrix_mult_automation_prj/Solution2/syn/report/csynth_design_size.rpt:2) 
INFO: [HLS 200-1995] There were 28 instructions in the design after the 'Performance (step 1)' phase of compilation. See the Design Size Report for more details (D:/Semester_6/HWSW/TCL_LAB3/matrix_mult_automation_prj/Solution2/syn/report/csynth_design_size.rpt:2)
Execute         send_msg_by_id INFO @200-1995@%s%s%s 27 Performance (step 2) (D:/Semester_6/HWSW/TCL_LAB3/matrix_mult_automation_prj/Solution2/syn/report/csynth_design_size.rpt:2) 
INFO: [HLS 200-1995] There were 27 instructions in the design after the 'Performance (step 2)' phase of compilation. See the Design Size Report for more details (D:/Semester_6/HWSW/TCL_LAB3/matrix_mult_automation_prj/Solution2/syn/report/csynth_design_size.rpt:2)
Execute         send_msg_by_id INFO @200-1995@%s%s%s 27 Performance (step 3) (D:/Semester_6/HWSW/TCL_LAB3/matrix_mult_automation_prj/Solution2/syn/report/csynth_design_size.rpt:2) 
INFO: [HLS 200-1995] There were 27 instructions in the design after the 'Performance (step 3)' phase of compilation. See the Design Size Report for more details (D:/Semester_6/HWSW/TCL_LAB3/matrix_mult_automation_prj/Solution2/syn/report/csynth_design_size.rpt:2)
Execute         send_msg_by_id INFO @200-1995@%s%s%s 27 Performance (step 4) (D:/Semester_6/HWSW/TCL_LAB3/matrix_mult_automation_prj/Solution2/syn/report/csynth_design_size.rpt:2) 
INFO: [HLS 200-1995] There were 27 instructions in the design after the 'Performance (step 4)' phase of compilation. See the Design Size Report for more details (D:/Semester_6/HWSW/TCL_LAB3/matrix_mult_automation_prj/Solution2/syn/report/csynth_design_size.rpt:2)
Execute         send_msg_by_id INFO @200-1995@%s%s%s 33 HW Transforms (step 1) (D:/Semester_6/HWSW/TCL_LAB3/matrix_mult_automation_prj/Solution2/syn/report/csynth_design_size.rpt:2) 
INFO: [HLS 200-1995] There were 33 instructions in the design after the 'HW Transforms (step 1)' phase of compilation. See the Design Size Report for more details (D:/Semester_6/HWSW/TCL_LAB3/matrix_mult_automation_prj/Solution2/syn/report/csynth_design_size.rpt:2)
Execute         send_msg_by_id INFO @200-1995@%s%s%s 44 HW Transforms (step 2) (D:/Semester_6/HWSW/TCL_LAB3/matrix_mult_automation_prj/Solution2/syn/report/csynth_design_size.rpt:2) 
INFO: [HLS 200-1995] There were 44 instructions in the design after the 'HW Transforms (step 2)' phase of compilation. See the Design Size Report for more details (D:/Semester_6/HWSW/TCL_LAB3/matrix_mult_automation_prj/Solution2/syn/report/csynth_design_size.rpt:2)
Command         send_msg_by_id done; 1.667 sec.
INFO-FLOW: run_clang result=success num-err-msgs=0 num-stderr-lines=14
INFO-FLOW: DBG:PUTS: copy_raw_kernel_xml ap_link_39: kernel.xml not generated: D:/Semester_6/HWSW/TCL_LAB3/matrix_mult_automation_prj/Solution2/.autopilot/db/kernel.internal.xml
INFO: [HLS 200-111] Finished Compiling Optimization and Transform: CPU user time: 0 seconds. CPU system time: 0 seconds. Elapsed time: 8.965 seconds; current allocated memory: 480.727 MB.
INFO: [HLS 200-111] Finished Checking Pragmas: CPU user time: 0 seconds. CPU system time: 0 seconds. Elapsed time: 0.001 seconds; current allocated memory: 480.727 MB.
Execute         opt_and_import_c a -opt_level=2 -skip_syncheck=0 -ng=0 -keep_printf=0 
Execute           cleanup_all_models 
INFO: [HLS 200-10] Starting code transformations ...
INFO-FLOW: Running Standard Transforms...
Execute           transform -hls -share-std-xform -demangle-name -inline-byval-memcpy -always-inline -promote-dbg-pointer -interface-preproc -mem2reg -reassociate -gvn -reassociate -scalarrepl -mem2reg -keep-read-access -instcombine -dce -promote-dbg-pointer -bitop-raise -loop-simplify -indvarspre -indvars -loop-simplify -constprop -instcombine -simplifycfg -indvars -simplifycfg -dce -globaldce -basicaa -simplifycfg -mem2reg -globalopt -global-constprop -deadargelim -instcombine -simplifycfg -scalarrepl -instcombine -reassociate -licm -simplifycfg -loop-simplify -indvars -instcombine -simplifycfg -mem2reg -loop-simplify -indvars -instcombine -gvn -gvn -instcombine -adce -break-crit-edges -simplifycfg -loop-delete -global-array-opt -dce -dse -adce -find-syn-modules -top matrix_mult -deadargelim -mem2reg -instcombine -dce -presyn-prepare -interface-preproc -syn-check -check-rec-only -find-region -simplifycfg -func-extr -function-inline -globaldce -mem2reg -instcombine -dce -gvn -globaldce -adce -adse -constprop -instcombine -bit-constprop -instcombine -dce -simplifycfg -bitop-raise -simplifycfg -dce -loop-delete -reassociate -globalopt -global-privatize -mem2reg -dce -global-constprop -pointer-simplify -constprop -dce -promote-dbg-pointer -norm-name D:/Semester_6/HWSW/TCL_LAB3/matrix_mult_automation_prj/Solution2/.autopilot/db/a.g.0.bc -o D:/Semester_6/HWSW/TCL_LAB3/matrix_mult_automation_prj/Solution2/.autopilot/db/a.g.1.bc -f -phase std-opt 
INFO: [HLS 200-111] Finished Standard Transforms: CPU user time: 0 seconds. CPU system time: 0 seconds. Elapsed time: 0.028 seconds; current allocated memory: 480.727 MB.
INFO: [HLS 200-10] Checking synthesizability ...
INFO-FLOW: Checking Synthesizability 1/2..
Execute           transform -hls -syn-check -check-rec-only -scalarrepl -norm-name -dce -mem2reg -instcombine -directive-preproc -mem2reg -dse -dce -dce -pag -array-normalize -instcombine -dce -array-seg-normalize -instcombine -dce -data-pack -instcombine -dce -inst-simplify -array-flatten -instcombine -dce -array-burst -dce -deadargelim -promote-global-argument -simplifycfg -mem2reg -globaldce -dce -deadargelim -dce -instcombine -function-inline -globaldce -dce -doublePtrSimplify -doublePtrElim -dce -doublePtrSimplify -promote-dbg-pointer -dce -scalarrepl -dse -adse -instcombine -ptrLegalization -simplifycfg -dce -instcombine -pointer-simplify -ptrArgReplace -dce -instcombine -resolve-double-ptr -scalarrepl -norm-name -dce -mem2reg -instcombine -ptrLegalization -simplifycfg -deadargelim -instcombine -dce -inst-simplify -directive-preproc -mem2reg -dse -dce -globaldce D:/Semester_6/HWSW/TCL_LAB3/matrix_mult_automation_prj/Solution2/.autopilot/db/a.g.1.bc -o D:/Semester_6/HWSW/TCL_LAB3/matrix_mult_automation_prj/Solution2/.autopilot/db/a.g.2.prechk.bc -f 
INFO-FLOW: Checking Synthesizability 2/2..
Execute           transform -syn-check D:/Semester_6/HWSW/TCL_LAB3/matrix_mult_automation_prj/Solution2/.autopilot/db/a.g.2.prechk.bc -o D:/Semester_6/HWSW/TCL_LAB3/matrix_mult_automation_prj/Solution2/.autopilot/db/a.g.2.bc -f -phase syn-check 
INFO: [HLS 200-111] Finished Checking Synthesizability: CPU user time: 0 seconds. CPU system time: 0 seconds. Elapsed time: 0.026 seconds; current allocated memory: 481.566 MB.
INFO-FLOW: Compiler optimizing ...
INFO-FLOW: Share syncheck's 1.bc for syn flow: copy D:/Semester_6/HWSW/TCL_LAB3/matrix_mult_automation_prj/Solution2/.autopilot/db/a.g.1.bc to D:/Semester_6/HWSW/TCL_LAB3/matrix_mult_automation_prj/Solution2/.autopilot/db/a.o.1.bc
INFO-FLOW: Presyn 1...
Execute           transform -hls -tmp D:/Semester_6/HWSW/TCL_LAB3/matrix_mult_automation_prj/Solution2/.autopilot/db -interface-port-rename -directive-preproc -mem2reg -dse -dce -scalarrepl -norm-name -deadargelim -dce -hls-dead-arg-elim -deadargelim -mem2reg -instcombine -dce -simplifycfg -dce -resource-proc -clib-intrinsic-prepare -dce -func-buffer -dce -pag -array-normalize -func-legal -instcombine -gvn -constprop -dce -simplifycfg -mem2reg -globaldce -resolve-double-ptr -dce -deadargelim -dce -instcombine -ptrArgReplace -mem2reg -dce -array-seg-normalize -deadargelim -instcombine -dce -directive-preproc -mem2reg -dse -dce -pointer-simplify -dce -dce -interface-preproc -data-pack -instcombine -dce -basicaa -aggr-aa -aggrmodref-aa -aggr-aa -gvn -gvn -basicaa -aggr-aa -aggrmodref-aa -aggr-aa -dse -adse -adce -loop-simplify -indvars -instcombine -gvn -loop-simplify -mem2reg -dce -find-region -instcombine -inst-simplify -interface-preproc -cfgopt -instcombine -indvars -loop-simplify -loop-bound -constprop -instcombine -simplifycfg -indvars -simplifycfg -dce -globaldce -clean-region -attach-range -gvn -inst-simplify -constprop -simplifycfg -dce -pointer-simplify -dce -globalopt -constprop -dce -ptrArgReplace -mem2reg -simplifycfg -dce -instcombine -dce -array-transform-check -array-reshape -instcombine -simplifycfg -dce -ptrArgReplace -deadargelim -mem2reg -instcombine -simplifycfg -dce -indvars -loop-simplify -loop-bound -constprop -instcombine -simplifycfg -indvars -simplifycfg -dce -globaldce -basicaa -aggr-aa -aggrmodref-aa -aggr-aa -dse -duplicate-dataflow-processes -globaldce -instcombine -array-partition -prepare-dynamic-array-partition -instcombine -simplifycfg -dce -ptrArgReplace -global-constprop -deadargelim -mem2reg -func-legal -dce -global-constprop -deadargelim -mem2reg -simplifycfg -dce -merge-param -deadargelim -globalopt -constprop -dce -ptrArgReplace -mem2reg -simplifycfg -dce -mem-intrinsic-preproc -dce -global-internalize -global-privatize -mem2reg -globaldce -lcssa -loop-simplify -phi-select-elim -promote-global-argument -ptrArgReplace -mem2reg -dce -globalopt -mergereturn -simplify-global-access -mem2reg -dce -pointer-simplify -dce -basicaa -aggr-aa -aggrmodref-aa -aggr-aa -functionattrs -basicaa -aggr-aa -aggrmodref-aa -aggr-aa -gvn -gvn -basicaa -aggr-aa -aggrmodref-aa -aggr-aa -dse -adse -adce -dce -norm-name -basicaa -aggr-aa -aggrmodref-aa -aggr-aa -accesses-merge -function-inline -complex-op-raise -inst-simplify -globaldce -func-legal -dce -loop-bound -arraycheck -bitwidthmin2 -bitwidthmin2 -on-by-dataflow -loop-delete -instcombine -simplifycfg -globaldce -dce -gvn -deadargelim -dce -loop-simplify -clean-region -simplifycfg -propagate-stable-arguments -instcombine -simplifycfg -dce -globaldce -duplicate-dataflow-processes -stream-intrinsic-preproc -dce -check-ap-stream -loop-simplify -eliminate-keepreads -extract-dataflow-in-loop -loop-simplify -dce -gvn -deadargelim -dse -duplicate-dataflow-processes -check-dataflow-syntax -legalize-stream-variable -globaldce -extract-subproc -global-constprop -deadargelim -globaldce -legalize-global -dce -dead-channel-elimination -canonicalize-gep -globaldce -dce -gvn -hls-dead-arg-elim -deadargelim -canonicalize-dataflow -directive-preproc -dce -globaldce -scalar-preprocessing -scalar-propagation2 -scalar-stream -deadargelim -globaldce -mem2reg -check-dataflow-channels -function-stream -dce -globaldce -prop-fifo-spec -internal-stream-gen -canonicalize-gep -globaldce -dce -gvn -deadargelim -mergereturn -indvars -loop-simplify -instcombine -array-stream -array-seg-normalize -array-partition -clean-array-spec -func-legal -instcombine -simplifycfg -dce -bundle-memfifo-ops -deadargelim -directive-preproc -mem2reg -dse -dce -group-axi-access -licm -simplifycfg -dce -loop-delete -hls-display -norm-name D:/Semester_6/HWSW/TCL_LAB3/matrix_mult_automation_prj/Solution2/.autopilot/db/a.o.1.bc -o D:/Semester_6/HWSW/TCL_LAB3/matrix_mult_automation_prj/Solution2/.autopilot/db/a.o.1.tmp.bc -f 
INFO-FLOW: Presyn 2...
Execute           transform -hls -keep-callgraph -scalarrepl -mem2reg -attach-range -dce -pipe-mux-gen -indvars -loop-bound -inst-simplify -instcombine -dce -merge-array-access -mem2reg -dce -clean-region -mergereturn -if-conv -instcombine -dce -constprop -basicaa -aggr-aa -aggrmodref-aa -aggr-aa -gvn -gvn -basicaa -aggr-aa -aggrmodref-aa -aggr-aa -dse -adse -adce -scalarrepl -mem2reg -global-constprop -deadargelim -deadargelim -instcombine -dce -simplifycfg -ptrArgReplace -mem2reg -function-inline -globaldce -mem2reg -instcombine -dce -expr-balance -instcombine -dce -bitwidthmin2 -bitwidthmin2 -interface-preproc -directive-preproc -inst-rectify -instcombine -dce -basicaa -aggr-aa -aggrmodref-aa -aggr-aa -functionattrs -constprop -instcombine -bit-constprop -simplify-global-access -globalopt -globaldce -inst-simplify -instcombine -elimdeaddata -dce -loop-delete -simplifycfg -loop-simplify -barrier -norm-name D:/Semester_6/HWSW/TCL_LAB3/matrix_mult_automation_prj/Solution2/.autopilot/db/a.o.1.tmp.bc -o D:/Semester_6/HWSW/TCL_LAB3/matrix_mult_automation_prj/Solution2/.autopilot/db/a.o.2.bc -f -phase presyn 
INFO: [HLS 200-111] Finished Loop, function and other optimizations: CPU user time: 0 seconds. CPU system time: 0 seconds. Elapsed time: 0.049 seconds; current allocated memory: 501.906 MB.
Execute           transform -hls -auto-function-inline -globaldce -ptrArgReplace -mem2reg -dce -reset-lda -loop-simplify -indvars -aggr-aa -licm -loop-dep -loop-bound -licm -loop-simplify -loop-sink-hoist -flattenloopnest -array-flatten -gvn -instcombine -dce -array-map -dce -func-legal -gvn -adce -instcombine -cfgopt -simplifycfg-lite -loop-simplify -array-burst -promote-global-argument -dce -array-seg-normalize -basicaa -aggrmodref-aa -globalsmodref-aa -aggr-aa -gvn -gvn -basicaa -aggrmodref-aa -globalsmodref-aa -aggr-aa -dse -adse -adce -licm -inst-simplify -dce -globaldce -instcombine -array-stream -eliminate-keepreads -instcombine -dce -deadargelim -doublePtrSimplify -doublePtrElim -dce -doublePtrSimplify -promote-dbg-pointer -dce -scalarrepl -mem2reg -norm-name -mem2reg -instcombine -dse -adse -adce -ptrLegalization -dce -array-flatten -dce -instcombine -check-doubleptr -loop-rot -constprop -inst-simplify -cfgopt -simplifycfg-lite -loop-simplify -indvars -pointer-simplify -dce -loop-bound -loop-simplify -loop-preproc -constprop -global-constprop -gvn -mem2reg -instcombine -dce -loop-bound -loop-merge -dce -deadargelim -dce -canonicalize-dataflow -dce -deadargelim -globaldce -mem2reg -bram-byte-enable -inst-simplify -inst-rectify -instcombine -adce -deadargelim -load-elim -read-loop-dep -loop-simplify -loop-rewind-sink-hoist -loop-outline -hls-dead-arg-elim -directive-preproc -bitwidthmin2 -bitwidthmin2 -read-loop-dep -interface-preproc -directive-preproc -interface-gen -bram-byte-enable-spec-prop -mul2addshift -deadargelim -inst-simplify -dce -mem2reg -instcombine -gvn -dce -adse -loop-bound -instcombine -cfgopt -simplifycfg-lite -loop-simplify -clean-region -io-protocol -find-region -mem2reg -bitop-raise -complex-op-raise -inst-simplify -inst-rectify -instcombine -gvn -adce -deadargelim -float-op-raise -loop-simplify -phi-opt -bitop-raise -cfgopt -simplifycfg-lite -strip-dead-prototypes -interface-lower -bitop-lower -intrinsic-lower -auto-function-inline -basicaa -aggrmodref-aa -globalsmodref-aa -aggr-aa -inst-simplify -simplifycfg-lite -loop-simplify -mergereturn -inst-simplify -inst-rectify -globaldce -dce -load-elim -bitop-lower -float-op-raise -fma-raise -loop-rewind -pointer-simplify -dce -cfgopt -dce -loop-bound -loop-dep -read-loop-dep -dce -dyn-mem-reuse -dce -recurrence-min -dce -share-scalar-alloca -deadargelim -dce -check-stream -norm-name -legalize -inst-clarity -bitwidth -dce -validate-dataflow -dump-loop-dep-to-ir -check-all-ssdm -drop-inferred-ii -dump-complexity-metric D:/Semester_6/HWSW/TCL_LAB3/matrix_mult_automation_prj/Solution2/.autopilot/db/a.o.2.bc -o D:/Semester_6/HWSW/TCL_LAB3/matrix_mult_automation_prj/Solution2/.autopilot/db/a.o.3.bc -f -phase build-ssdm 
INFO: [HLS 200-2061] Successfully converted nested loops 'Col'(matrix_mult.cpp:17:14) and 'Product'(matrix_mult.cpp:20:22) in function 'matrix_mult' into perfectly nested loops.
INFO: [HLS 200-2061] Successfully converted nested loops 'Row'(matrix_mult.cpp:15:10) and 'Col'(matrix_mult.cpp:17:14) in function 'matrix_mult' into perfectly nested loops.
INFO: [XFORM 203-541] Flattening a loop nest 'Col' (matrix_mult.cpp:17:14) in function 'matrix_mult'.
INFO: [XFORM 203-541] Flattening a loop nest 'Row' (matrix_mult.cpp:15:10) in function 'matrix_mult'.
Execute             AP::auto_get_db
INFO-FLOW: Building ssdm...
Execute           transform -hls -cdfg-build D:/Semester_6/HWSW/TCL_LAB3/matrix_mult_automation_prj/Solution2/.autopilot/db/a.o.3.bc -o D:/Semester_6/HWSW/TCL_LAB3/matrix_mult_automation_prj/Solution2/.autopilot/db/a.o.3.bc -f -phase build-ssdm 
INFO: [HLS 200-111] Finished Architecture Synthesis: CPU user time: 0 seconds. CPU system time: 0 seconds. Elapsed time: 0.047 seconds; current allocated memory: 502.062 MB.
INFO-FLOW: Finish building internal data model.
Command         opt_and_import_c done; 0.153 sec.
Command       elaborate done; 12.505 sec.
Execute       ap_eval exec zip -j D:/Semester_6/HWSW/TCL_LAB3/matrix_mult_automation_prj/Solution2/.autopilot/db/dut.hcp $dbDir/a.o.3.bc $dbDir/${topname}.rtl_wrap.cfg.tcl $dbDir/apatb_${topname}.cpp $dbDir/apatb_${topname}_util.cpp $dbDir/apatb_${topname}_ir.ll $dbDir/mapper_${topname}.cpp $dbDir/top-io-fe.xml $dbDir/kernel.internal.xml $workdir/../hls.app 
Command       ap_eval done; 0.117 sec.
INFO: [HLS 200-10] Starting hardware synthesis ...
INFO-FLOW: Synthesizing C/C++ design AP::SynTopModule=matrix_mult
INFO: [HLS 200-10] Synthesizing 'matrix_mult' ...
Execute       ap_set_top_model matrix_mult 
Execute       get_model_list matrix_mult -filter all-wo-channel -topdown 
Execute       preproc_iomode -model matrix_mult 
Execute       get_model_list matrix_mult -filter all-wo-channel 
INFO-FLOW: Model list for configure: matrix_mult
INFO-FLOW: Configuring Module : matrix_mult ...
Execute       set_default_model matrix_mult 
Execute       apply_spec_resource_limit matrix_mult 
INFO-FLOW: Model list for preprocess: matrix_mult
INFO-FLOW: Preprocessing Module: matrix_mult ...
Execute       set_default_model matrix_mult 
Execute       cdfg_preprocess -model matrix_mult 
Execute       rtl_gen_preprocess matrix_mult 
INFO-FLOW: Model list for synthesis: matrix_mult
INFO: [HLS 200-10] ----------------------------------------------------------------
INFO: [HLS 200-42] -- Implementing module 'matrix_mult' 
INFO: [HLS 200-10] ----------------------------------------------------------------
Execute       set_default_model matrix_mult 
Execute       schedule -model matrix_mult 
INFO: [SCHED 204-11] Starting scheduling ...
INFO: [HLS 200-486] Changing DSP latency (root=add_ln22) to 3 in order to utilize available DSP registers.
INFO: [SCHED 204-61] Pipelining loop 'Row_Col_Product'.
INFO: [HLS 200-1470] Pipelining result : Target II = 1, Final II = 1, Depth = 6, loop 'Row_Col_Product'
INFO: [SCHED 204-11] Finished scheduling.
INFO: [HLS 200-111] Finished Scheduling: CPU user time: 1 seconds. CPU system time: 0 seconds. Elapsed time: 0.172 seconds; current allocated memory: 502.062 MB.
Execute       syn_report -verbosereport -o D:/Semester_6/HWSW/TCL_LAB3/matrix_mult_automation_prj/Solution2/.autopilot/db/matrix_mult.verbose.sched.rpt 
Execute         list_part -family xc7z010-clg400-1 
Execute           ap_family_info -name xc7z010-clg400-1 -data names 
Execute           ap_part_info -quiet -name xc7z010-clg400-1 -data family 
INFO: [HLS 200-2250] Rewind delay = 4 for the pipelined loop 'Row_Col_Product' due to a write-after-write dependence on variable 'empty (no source info)'.
Execute       db_write -o D:/Semester_6/HWSW/TCL_LAB3/matrix_mult_automation_prj/Solution2/.autopilot/db/matrix_mult.sched.adb -f 
INFO-FLOW: Finish scheduling matrix_mult.
Execute       set_default_model matrix_mult 
Execute       bind -model matrix_mult 
INFO: [BIND 205-100] Starting micro-architecture generation ...
INFO: [BIND 205-101] Performing variable lifetime analysis.
INFO: [BIND 205-101] Exploring resource sharing.
INFO: [BIND 205-101] Binding ...
INFO: [BIND 205-100] Finished micro-architecture generation.
INFO: [HLS 200-111] Finished Binding: CPU user time: 0 seconds. CPU system time: 0 seconds. Elapsed time: 0.04 seconds; current allocated memory: 502.062 MB.
Execute       syn_report -verbosereport -o D:/Semester_6/HWSW/TCL_LAB3/matrix_mult_automation_prj/Solution2/.autopilot/db/matrix_mult.verbose.bind.rpt 
Execute         list_part -family xc7z010-clg400-1 
Execute           ap_family_info -name xc7z010-clg400-1 -data names 
Execute           ap_part_info -quiet -name xc7z010-clg400-1 -data family 
Execute       db_write -o D:/Semester_6/HWSW/TCL_LAB3/matrix_mult_automation_prj/Solution2/.autopilot/db/matrix_mult.bind.adb -f 
INFO-FLOW: Finish binding matrix_mult.
Execute       get_model_list matrix_mult -filter all-wo-channel 
INFO-FLOW: Preprocessing for RTLGen ...
Execute       rtl_gen_preprocess matrix_mult 
INFO-FLOW: Model list for RTL generation: matrix_mult
INFO: [HLS 200-10] ----------------------------------------------------------------
INFO: [HLS 200-10] -- Generating RTL for module 'matrix_mult' 
INFO: [HLS 200-10] ----------------------------------------------------------------
Execute       create_rtl_model matrix_mult -top_prefix  -sub_prefix matrix_mult_ -mg_file D:/Semester_6/HWSW/TCL_LAB3/matrix_mult_automation_prj/Solution2/.autopilot/db/matrix_mult.compgen.tcl 
INFO: [RTGEN 206-500] Setting interface mode on port 'matrix_mult/a' to 'ap_memory'.
INFO: [RTGEN 206-500] Setting interface mode on port 'matrix_mult/b' to 'ap_memory'.
INFO: [RTGEN 206-500] Setting interface mode on port 'matrix_mult/prod' to 'ap_memory'.
INFO: [RTGEN 206-500] Setting interface mode on function 'matrix_mult' to 'ap_ctrl_hs'.
INFO: [HLS 200-1030] Apply Unified Pipeline Control on module 'matrix_mult' pipeline 'Row_Col_Product' pipeline type 'loop pipeline'
INFO: [RTGEN 206-100] Generating core module 'mac_muladd_8ns_8ns_16s_16_4_1': 1 instance(s).
INFO: [RTGEN 206-100] Finished creating RTL model for 'matrix_mult'.
INFO: [HLS 200-111] Finished Creating RTL model: CPU user time: 0 seconds. CPU system time: 0 seconds. Elapsed time: 0.067 seconds; current allocated memory: 502.062 MB.
Execute       source D:/Semester_6/HWSW/TCL_LAB3/matrix_mult_automation_prj/Solution2/.autopilot/db/matrix_mult.rtl_wrap.cfg.tcl 
Execute       gen_rtl matrix_mult -istop -style xilinx -f -lang vhdl -o D:/Semester_6/HWSW/TCL_LAB3/matrix_mult_automation_prj/Solution2/syn/vhdl/matrix_mult 
Execute       gen_rtl matrix_mult -istop -style xilinx -f -lang vlog -o D:/Semester_6/HWSW/TCL_LAB3/matrix_mult_automation_prj/Solution2/syn/verilog/matrix_mult 
Execute       syn_report -csynth -model matrix_mult -o D:/Semester_6/HWSW/TCL_LAB3/matrix_mult_automation_prj/Solution2/syn/report/matrix_mult_csynth.rpt 
Execute         list_part -family xc7z010-clg400-1 
Execute           ap_family_info -name xc7z010-clg400-1 -data names 
Execute           ap_part_info -quiet -name xc7z010-clg400-1 -data family 
Execute       syn_report -rtlxml -model matrix_mult -o D:/Semester_6/HWSW/TCL_LAB3/matrix_mult_automation_prj/Solution2/syn/report/matrix_mult_csynth.xml 
Execute         list_part -family xc7z010-clg400-1 
Execute           ap_family_info -name xc7z010-clg400-1 -data names 
Execute           ap_part_info -quiet -name xc7z010-clg400-1 -data family 
Execute       syn_report -verbosereport -model matrix_mult -o D:/Semester_6/HWSW/TCL_LAB3/matrix_mult_automation_prj/Solution2/.autopilot/db/matrix_mult.verbose.rpt 
Execute         list_part -family xc7z010-clg400-1 
Execute           ap_family_info -name xc7z010-clg400-1 -data names 
Execute           ap_part_info -quiet -name xc7z010-clg400-1 -data family 
Execute       db_write -model matrix_mult -f -o D:/Semester_6/HWSW/TCL_LAB3/matrix_mult_automation_prj/Solution2/.autopilot/db/matrix_mult.adb 
Execute       db_write -model matrix_mult -bindview -o D:/Semester_6/HWSW/TCL_LAB3/matrix_mult_automation_prj/Solution2/.autopilot/db/design.bindinfo.xml 
Execute       gen_tb_info matrix_mult -p D:/Semester_6/HWSW/TCL_LAB3/matrix_mult_automation_prj/Solution2/.autopilot/db -o D:/Semester_6/HWSW/TCL_LAB3/matrix_mult_automation_prj/Solution2/.autopilot/db/matrix_mult 
Execute       export_constraint_db -f -tool general -o D:/Semester_6/HWSW/TCL_LAB3/matrix_mult_automation_prj/Solution2/.autopilot/db/matrix_mult.constraint.tcl 
Execute       syn_report -designview -model matrix_mult -o D:/Semester_6/HWSW/TCL_LAB3/matrix_mult_automation_prj/Solution2/.autopilot/db/matrix_mult.design.xml 
Execute       syn_report -csynthDesign -model matrix_mult -o D:/Semester_6/HWSW/TCL_LAB3/matrix_mult_automation_prj/Solution2/syn/report/csynth.rpt -MHOut D:/Semester_6/HWSW/TCL_LAB3/matrix_mult_automation_prj/Solution2/.autopilot/db/kernel_module_hierarchy.tcl 
Execute         list_part -family xc7z010-clg400-1 
Execute           ap_family_info -name xc7z010-clg400-1 -data names 
Execute           ap_part_info -quiet -name xc7z010-clg400-1 -data family 
Execute       syn_report -wcfg -model matrix_mult -o D:/Semester_6/HWSW/TCL_LAB3/matrix_mult_automation_prj/Solution2/.autopilot/db/matrix_mult_dataflow_ana.wcfg 
Execute       syn_report -protoinst -model matrix_mult -o D:/Semester_6/HWSW/TCL_LAB3/matrix_mult_automation_prj/Solution2/.autopilot/db/matrix_mult.protoinst 
Execute       sc_get_clocks matrix_mult 
Execute       sc_get_portdomain matrix_mult 
INFO-FLOW: Model list for RTL component generation: matrix_mult
INFO-FLOW: Handling components in module [matrix_mult] ... 
Execute       source D:/Semester_6/HWSW/TCL_LAB3/matrix_mult_automation_prj/Solution2/.autopilot/db/matrix_mult.compgen.tcl 
INFO-FLOW: Found component matrix_mult_mac_muladd_8ns_8ns_16s_16_4_1.
INFO-FLOW: Append model mac_muladd_8ns_8ns_16s_16_4_1
INFO-FLOW: Found component matrix_mult_flow_control_loop_delay_pipe.
INFO-FLOW: Append model flow_control_loop_delay_pipe
INFO-FLOW: Append model matrix_mult
INFO-FLOW: Generating RTL model list ...
INFO-FLOW: All models in this session: mac_muladd_8ns_8ns_16s_16_4_1 flow_control_loop_delay_pipe matrix_mult
INFO-FLOW: Generating D:/Semester_6/HWSW/TCL_LAB3/matrix_mult_automation_prj/Solution2/.autopilot/db/autopilot.rtl.models.txt file...
INFO-FLOW: To file: write model mac_muladd_8ns_8ns_16s_16_4_1
INFO-FLOW: To file: write model flow_control_loop_delay_pipe
INFO-FLOW: To file: write model matrix_mult
INFO-FLOW: Generating D:/Semester_6/HWSW/TCL_LAB3/matrix_mult_automation_prj/Solution2/.autopilot/db/autopilot.rtl.models.tcl file...
INFO-FLOW: Finished generating RTL model list.


INFO-FLOW: RTL Generation done.
INFO-FLOW: CAS Generation done.
INFO-FLOW: CBC Generation done.
Execute       AP::msg_collection_file -close 
INFO-FLOW: DBG:PROC: ::AESL_AUTOMG::auto_generate_csynth_design
INFO-FLOW: DBG:PUTS: read_platform_lib D:/Semester_6/HWSW/TCL_LAB3/matrix_mult_automation_prj/Solution2/.autopilot/db/global.setting.tcl
Execute       source C:/AMDDesignTools/2025.2/Vitis/common/technology/generic/autopilot/common.gen 
Execute         source C:/AMDDesignTools/2025.2/Vitis/common/technology/generic/autopilot/APCoreGen.gen 
Execute       source C:/AMDDesignTools/2025.2/Vitis/common/technology/generic/autopilot/op.gen 
Execute       source C:/AMDDesignTools/2025.2/Vitis/common/technology/generic/autopilot/op_simcore.gen 
Execute       source C:/AMDDesignTools/2025.2/Vitis/common/technology/generic/autopilot/interface.gen 
Execute       source D:/Semester_6/HWSW/TCL_LAB3/matrix_mult_automation_prj/Solution2/.autopilot/db/global.setting.tcl 
Execute       source C:/AMDDesignTools/2025.2/Vitis/common/technology/xilinx/common/xilinx.gen 
Execute         source C:/AMDDesignTools/2025.2/Vitis/common/technology/xilinx/interface/plb46.gen 
Execute         source C:/AMDDesignTools/2025.2/Vitis/common/technology/xilinx/interface/axi4.gen 
Execute         source C:/AMDDesignTools/2025.2/Vitis/common/technology/xilinx/interface/nativeAXI4.gen 
Execute           source C:/AMDDesignTools/2025.2/Vitis/common/technology/xilinx/interface/saxilite.gen 
Execute         source C:/AMDDesignTools/2025.2/Vitis/common/technology/xilinx/scripts/xilinxcoregen.gen 
Execute         source C:/AMDDesignTools/2025.2/Vitis/common/technology/xilinx/interface/XilEDKCoreGen.gen 
Execute         source C:/AMDDesignTools/2025.2/Vitis/common/technology/xilinx/ip/dds_compiler.gen 
Execute         source C:/AMDDesignTools/2025.2/Vitis/common/technology/xilinx/ip/util.gen 
Execute         source C:/AMDDesignTools/2025.2/Vitis/common/technology/xilinx/ip/xfft.gen 
Execute         source C:/AMDDesignTools/2025.2/Vitis/common/technology/xilinx/ip/xfir.gen 
Execute         source C:/AMDDesignTools/2025.2/Vitis/common/technology/xilinx/DSP48/dsp48.gen 
INFO-FLOW: DBG:PROC: ::AESL_AUTOMG::generate_ip_cores gen_sim_model='1' gen_fp_models='0' gen_for_export='0' dstSCDir='' dstVhdlDir='D:/Semester_6/HWSW/TCL_LAB3/matrix_mult_automation_prj/Solution2/.autopilot/db/vhdl' dstVlogDir='D:/Semester_6/HWSW/TCL_LAB3/matrix_mult_automation_prj/Solution2/.autopilot/db/vlog' tclDir='D:/Semester_6/HWSW/TCL_LAB3/matrix_mult_automation_prj/Solution2/.autopilot/db' modelList='mac_muladd_8ns_8ns_16s_16_4_1
flow_control_loop_delay_pipe
matrix_mult
' expOnly='0'
Execute       source D:/Semester_6/HWSW/TCL_LAB3/matrix_mult_automation_prj/Solution2/.autopilot/db/global.setting.tcl 
Execute       source D:/Semester_6/HWSW/TCL_LAB3/matrix_mult_automation_prj/Solution2/.autopilot/db/global.setting.tcl 
Execute       source D:/Semester_6/HWSW/TCL_LAB3/matrix_mult_automation_prj/Solution2/.autopilot/db/matrix_mult.compgen.tcl 
INFO: [HLS 200-111] Finished Generating all RTL models: CPU user time: 0 seconds. CPU system time: 0 seconds. Elapsed time: 0.257 seconds; current allocated memory: 502.062 MB.
INFO-FLOW: DBG:PROC: ::HLSREPORTS::create_csynth_xml bind_info_var='bind_info' RtlSubPrefix='matrix_mult_' outfile=''
INFO-FLOW: Running: create_csynth_xml read xml data
INFO-FLOW: Done: create_csynth_xml read xml data time: 0 seconds 
INFO-FLOW: create_csynth_xml: all_module_nodes count=1
INFO-FLOW: Running: create_csynth_xml bind info
INFO-FLOW: create_csynth_xml: all_bind_nodes count=25
INFO-FLOW: Done: create_csynth_xml bind info time: 0 seconds 
INFO-FLOW: create_csynth_xml: bind_instances counts: modules=1 instances=22
INFO-FLOW: Running: create_csynth_xml update csynth_xml_module_hier
INFO-FLOW: Done: create_csynth_xml update csynth_xml_module_hier time: 0 seconds 
INFO-FLOW: create_csynth_xml: csynth_xml_module_hier max_depth=2
INFO-FLOW: Running: create_csynth_xml gen bind_report_dict
INFO-FLOW: Done: create_csynth_xml gen bind_report_dict time: 0 seconds 
INFO-FLOW: Running: create_csynth_xml config info
INFO-FLOW: Done: create_csynth_xml config info time: 0.3 seconds 
INFO-FLOW: Running: create_csynth_xml write xml
INFO-FLOW: Done: create_csynth_xml write xml time: 0 seconds 
INFO-FLOW: DBG:PUTS:      create_csynth_xml wrote csynth_xml=D:/Semester_6/HWSW/TCL_LAB3/matrix_mult_automation_prj/Solution2/syn/report/csynth.xml
INFO-FLOW: Running: generate_json
INFO-FLOW: DBG:PROC: ::AP::DESIGN_DATA::generate_json generate_bd_files='0' generate_xo_files='0' modelList='mac_muladd_8ns_8ns_16s_16_4_1
flow_control_loop_delay_pipe
matrix_mult
' rtl_lang='both' bootstrap_tcl='false' outdir='' outfilename=''
Execute       source D:/Semester_6/HWSW/TCL_LAB3/matrix_mult_automation_prj/Solution2/.autopilot/db/global.setting.tcl 
Execute       source D:/Semester_6/HWSW/TCL_LAB3/matrix_mult_automation_prj/Solution2/.autopilot/db/global.setting.tcl 
Execute       source D:/Semester_6/HWSW/TCL_LAB3/matrix_mult_automation_prj/Solution2/.autopilot/db/top-io-be.tcl 
Execute       source D:/Semester_6/HWSW/TCL_LAB3/matrix_mult_automation_prj/Solution2/.autopilot/db/matrix_mult.tbgen.tcl 
Execute       source D:/Semester_6/HWSW/TCL_LAB3/matrix_mult_automation_prj/Solution2/.autopilot/db/matrix_mult.rtl_wrap.cfg.tcl 
Execute       source D:/Semester_6/HWSW/TCL_LAB3/matrix_mult_automation_prj/Solution2/.autopilot/db/matrix_mult.compgen.dataonly.tcl 
Execute       source D:/Semester_6/HWSW/TCL_LAB3/matrix_mult_automation_prj/Solution2/.autopilot/db/matrix_mult.tbgen.tcl 
Execute       source D:/Semester_6/HWSW/TCL_LAB3/matrix_mult_automation_prj/Solution2/.autopilot/db/global.setting.tcl 
Execute       ap_part_info -name xc7z010-clg400-1 -data names -quiet 
Execute       ap_part_info -name xc7z010-clg400-1 -data info -quiet 
Execute       source D:/Semester_6/HWSW/TCL_LAB3/matrix_mult_automation_prj/Solution2/.autopilot/db/matrix_mult.constraint.tcl 
Execute       sc_get_clocks matrix_mult 
Execute       source D:/Semester_6/HWSW/TCL_LAB3/matrix_mult_automation_prj/Solution2/.autopilot/db/global.setting.tcl 
INFO-FLOW: Done: generate_json time: 0.1 seconds 
INFO-FLOW: Running: add_csynth_report_sections
INFO-FLOW: DBG:PROC: ::HLSREPORTS::add_csynth_report_sections bind_info_dict='adapter_nodes {} cache_nodes {} report_dict {TOPINST matrix_mult MODULE2INSTS {matrix_mult matrix_mult} INST2MODULE {matrix_mult matrix_mult} INSTDATA {matrix_mult {DEPTH 1 CHILDREN {}}} MODULEDATA {matrix_mult {BINDINFO {{BINDTYPE op ID {} IMPL fabric LATENCY 0 OPTYPE add PRAGMA {} RTLNAME add_ln15_fu_194_p2 SOURCE matrix_mult.cpp:15 VARIABLE add_ln15 LOOP Row_Col_Product BUNDLEDNAME {} DSP 0 BRAM 0 URAM 0 STORAGESUBTYPE {} DISPNAME {bind_op add} VISIBLE true} {BINDTYPE op ID {} IMPL auto_sel LATENCY 0 OPTYPE select PRAGMA {} RTLNAME select_ln15_fu_200_p3 SOURCE matrix_mult.cpp:15 VARIABLE select_ln15 LOOP Row_Col_Product BUNDLEDNAME {} DSP 0 BRAM 0 URAM 0 STORAGESUBTYPE {} DISPNAME {bind_op select} VISIBLE false} {BINDTYPE op ID {} IMPL auto LATENCY 0 OPTYPE xor PRAGMA {} RTLNAME xor_ln15_fu_208_p2 SOURCE matrix_mult.cpp:15 VARIABLE xor_ln15 LOOP Row_Col_Product BUNDLEDNAME {} DSP 0 BRAM 0 URAM 0 STORAGESUBTYPE {} DISPNAME {bind_op xor} VISIBLE false} {BINDTYPE op ID {} IMPL auto LATENCY 0 OPTYPE and PRAGMA {} RTLNAME and_ln15_fu_214_p2 SOURCE matrix_mult.cpp:15 VARIABLE and_ln15 LOOP Row_Col_Product BUNDLEDNAME {} DSP 0 BRAM 0 URAM 0 STORAGESUBTYPE {} DISPNAME {bind_op and} VISIBLE false} {BINDTYPE op ID {} IMPL auto_sel LATENCY 0 OPTYPE select PRAGMA {} RTLNAME i_3_fu_220_p3 SOURCE matrix_mult.cpp:15 VARIABLE i_3 LOOP Row_Col_Product BUNDLEDNAME {} DSP 0 BRAM 0 URAM 0 STORAGESUBTYPE {} DISPNAME {bind_op select} VISIBLE false} {BINDTYPE op ID {} IMPL fabric LATENCY 0 OPTYPE add PRAGMA {} RTLNAME add_ln17_fu_228_p2 SOURCE matrix_mult.cpp:17 VARIABLE add_ln17 LOOP Row_Col_Product BUNDLEDNAME {} DSP 0 BRAM 0 URAM 0 STORAGESUBTYPE {} DISPNAME {bind_op add} VISIBLE true} {BINDTYPE op ID {} IMPL auto LATENCY 0 OPTYPE or PRAGMA {} RTLNAME empty_5_fu_234_p2 SOURCE matrix_mult.cpp:15 VARIABLE empty_5 LOOP Row_Col_Product BUNDLEDNAME {} DSP 0 BRAM 0 URAM 0 STORAGESUBTYPE {} DISPNAME {bind_op or} VISIBLE false} {BINDTYPE op ID {} IMPL auto_sel LATENCY 0 OPTYPE select PRAGMA {} RTLNAME k_mid2_fu_240_p3 SOURCE matrix_mult.cpp:15 VARIABLE k_mid2 LOOP Row_Col_Product BUNDLEDNAME {} DSP 0 BRAM 0 URAM 0 STORAGESUBTYPE {} DISPNAME {bind_op select} VISIBLE false} {BINDTYPE op ID {} IMPL auto_sel LATENCY 0 OPTYPE select PRAGMA {} RTLNAME grp_fu_419_p2 SOURCE matrix_mult.cpp:15 VARIABLE p_mid2 LOOP Row_Col_Product BUNDLEDNAME {} DSP 0 BRAM 0 URAM 0 STORAGESUBTYPE {} DISPNAME {bind_op select} VISIBLE false} {BINDTYPE op ID {} IMPL auto_sel LATENCY 0 OPTYPE select PRAGMA {} RTLNAME j_3_fu_248_p3 SOURCE matrix_mult.cpp:17 VARIABLE j_3 LOOP Row_Col_Product BUNDLEDNAME {} DSP 0 BRAM 0 URAM 0 STORAGESUBTYPE {} DISPNAME {bind_op select} VISIBLE false} {BINDTYPE op ID {} IMPL fabric LATENCY 0 OPTYPE add PRAGMA {} RTLNAME add_ln17_2_fu_268_p2 SOURCE matrix_mult.cpp:17 VARIABLE add_ln17_2 LOOP Row_Col_Product BUNDLEDNAME {} DSP 0 BRAM 0 URAM 0 STORAGESUBTYPE {} DISPNAME {bind_op add} VISIBLE true} {BINDTYPE op ID {} IMPL fabric LATENCY 0 OPTYPE add PRAGMA {} RTLNAME add_ln22_1_fu_278_p2 SOURCE matrix_mult.cpp:22 VARIABLE add_ln22_1 LOOP Row_Col_Product BUNDLEDNAME {} DSP 0 BRAM 0 URAM 0 STORAGESUBTYPE {} DISPNAME {bind_op add} VISIBLE true} {BINDTYPE op ID {} IMPL fabric LATENCY 0 OPTYPE add PRAGMA {} RTLNAME add_ln22_2_fu_288_p2 SOURCE matrix_mult.cpp:22 VARIABLE add_ln22_2 LOOP Row_Col_Product BUNDLEDNAME {} DSP 0 BRAM 0 URAM 0 STORAGESUBTYPE {} DISPNAME {bind_op add} VISIBLE true} {BINDTYPE op ID {} IMPL dsp_slice LATENCY 3 OPTYPE mul PRAGMA {} RTLNAME mac_muladd_8ns_8ns_16s_16_4_1_U1 SOURCE matrix_mult.cpp:22 VARIABLE mul_ln22 LOOP Row_Col_Product BUNDLEDNAME {} DSP 1 BRAM 0 URAM 0 STORAGESUBTYPE {} DISPNAME {bind_op mul} VISIBLE true} {BINDTYPE op ID {} IMPL dsp_slice LATENCY 3 OPTYPE add PRAGMA {} RTLNAME mac_muladd_8ns_8ns_16s_16_4_1_U1 SOURCE matrix_mult.cpp:22 VARIABLE add_ln22 LOOP Row_Col_Product BUNDLEDNAME {} DSP 1 BRAM 0 URAM 0 STORAGESUBTYPE {} DISPNAME {bind_op add} VISIBLE true} {BINDTYPE op ID {} IMPL fabric LATENCY 0 OPTYPE add PRAGMA {} RTLNAME k_3_fu_324_p2 SOURCE matrix_mult.cpp:20 VARIABLE k_3 LOOP Row_Col_Product BUNDLEDNAME {} DSP 0 BRAM 0 URAM 0 STORAGESUBTYPE {} DISPNAME {bind_op add} VISIBLE true} {BINDTYPE op ID {} IMPL auto LATENCY 0 OPTYPE seteq PRAGMA {} RTLNAME icmp_ln20_fu_330_p2 SOURCE matrix_mult.cpp:20 VARIABLE icmp_ln20 LOOP Row_Col_Product BUNDLEDNAME {} DSP 0 BRAM 0 URAM 0 STORAGESUBTYPE {} DISPNAME {bind_op seteq} VISIBLE false} {BINDTYPE op ID {} IMPL fabric LATENCY 0 OPTYPE add PRAGMA {} RTLNAME add_ln15_1_fu_336_p2 SOURCE matrix_mult.cpp:15 VARIABLE add_ln15_1 LOOP Row_Col_Product BUNDLEDNAME {} DSP 0 BRAM 0 URAM 0 STORAGESUBTYPE {} DISPNAME {bind_op add} VISIBLE true} {BINDTYPE op ID {} IMPL fabric LATENCY 0 OPTYPE add PRAGMA {} RTLNAME add_ln17_1_fu_342_p2 SOURCE matrix_mult.cpp:17 VARIABLE add_ln17_1 LOOP Row_Col_Product BUNDLEDNAME {} DSP 0 BRAM 0 URAM 0 STORAGESUBTYPE {} DISPNAME {bind_op add} VISIBLE true} {BINDTYPE op ID {} IMPL auto_sel LATENCY 0 OPTYPE select PRAGMA {} RTLNAME select_ln17_1_fu_348_p3 SOURCE matrix_mult.cpp:17 VARIABLE select_ln17_1 LOOP Row_Col_Product BUNDLEDNAME {} DSP 0 BRAM 0 URAM 0 STORAGESUBTYPE {} DISPNAME {bind_op select} VISIBLE false} {BINDTYPE op ID {} IMPL auto LATENCY 0 OPTYPE seteq PRAGMA {} RTLNAME icmp_ln17_fu_356_p2 SOURCE matrix_mult.cpp:17 VARIABLE icmp_ln17 LOOP Row_Col_Product BUNDLEDNAME {} DSP 0 BRAM 0 URAM 0 STORAGESUBTYPE {} DISPNAME {bind_op seteq} VISIBLE false} {BINDTYPE op ID {} IMPL auto LATENCY 0 OPTYPE seteq PRAGMA {} RTLNAME icmp_ln15_fu_362_p2 SOURCE matrix_mult.cpp:15 VARIABLE icmp_ln15 LOOP Row_Col_Product BUNDLEDNAME {} DSP 0 BRAM 0 URAM 0 STORAGESUBTYPE {} DISPNAME {bind_op seteq} VISIBLE false}} AREA {DSP 1 BRAM 0 URAM 0}}}}'
INFO-FLOW: DBG:PUTS:      update_csynth_reports json2rpt_hw_sw_interfaces
INFO-FLOW: Running: gen_csynth_sec_pragma
INFO-FLOW: Done: gen_csynth_sec_pragma time: 0 seconds 
Execute       send_msg_by_id INFO @200-2225@%s D:/Semester_6/HWSW/TCL_LAB3/matrix_mult_automation_prj/Solution2/syn/inferred_directives.ini 
INFO: [HLS 200-2225] Wrote inferred directives to file D:/Semester_6/HWSW/TCL_LAB3/matrix_mult_automation_prj/Solution2/syn/inferred_directives.ini
INFO-FLOW: DBG:PUTS:      update_csynth_reports wrote xml
INFO-FLOW: DBG:PUTS:      update_csynth_reports appended to csynth rpt file
INFO-FLOW: Done: add_csynth_report_sections time: 0.1 seconds 
INFO: [HLS 200-111] Finished Updating report files: CPU user time: 0 seconds. CPU system time: 0 seconds. Elapsed time: 0.457 seconds; current allocated memory: 502.062 MB.
INFO: [VHDL 208-304] Generating VHDL RTL for matrix_mult.
INFO: [VLOG 209-307] Generating Verilog RTL for matrix_mult.
Execute       syn_report -model matrix_mult -printsummary 
INFO: [HLS 200-790] **** Loop Constraint Status: All loop constraints were satisfied.
INFO: [HLS 200-789] **** Estimated Fmax: 142.57 MHz
Execute       AP::msg_collection_file -close 
Command     csynth_design done; 15.501 sec.
INFO: [HLS 200-2161] Finished Command csynth_design Elapsed time: 00:00:15; Allocated memory: 21.449 MB.
Execute     cosim_design 
INFO: [HLS 200-1510] Running: cosim_design 
Execute       ::AP::init_summary_file cosim 
Execute       source D:/Semester_6/HWSW/TCL_LAB3/matrix_mult_automation_prj/Solution2/.autopilot/db/global.setting.tcl 
Execute       source D:/Semester_6/HWSW/TCL_LAB3/matrix_mult_automation_prj/Solution2/.autopilot/db/global.setting.tcl 
Execute       source D:/Semester_6/HWSW/TCL_LAB3/matrix_mult_automation_prj/Solution2/.autopilot/db/global.setting.tcl 
INFO-FLOW: DBG:PUTS: read_platform_lib D:/Semester_6/HWSW/TCL_LAB3/matrix_mult_automation_prj/Solution2/.autopilot/db/global.setting.tcl
Execute       source C:/AMDDesignTools/2025.2/Vitis/common/technology/generic/autopilot/common.gen 
Execute         source C:/AMDDesignTools/2025.2/Vitis/common/technology/generic/autopilot/APCoreGen.gen 
Execute       source C:/AMDDesignTools/2025.2/Vitis/common/technology/generic/autopilot/op.gen 
Execute       source C:/AMDDesignTools/2025.2/Vitis/common/technology/generic/autopilot/op_simcore.gen 
Execute       source C:/AMDDesignTools/2025.2/Vitis/common/technology/generic/autopilot/interface.gen 
Execute       source D:/Semester_6/HWSW/TCL_LAB3/matrix_mult_automation_prj/Solution2/.autopilot/db/global.setting.tcl 
Execute       source C:/AMDDesignTools/2025.2/Vitis/common/technology/xilinx/common/xilinx.gen 
Execute         source C:/AMDDesignTools/2025.2/Vitis/common/technology/xilinx/interface/plb46.gen 
Execute         source C:/AMDDesignTools/2025.2/Vitis/common/technology/xilinx/interface/axi4.gen 
Execute         source C:/AMDDesignTools/2025.2/Vitis/common/technology/xilinx/interface/nativeAXI4.gen 
Execute           source C:/AMDDesignTools/2025.2/Vitis/common/technology/xilinx/interface/saxilite.gen 
Execute         source C:/AMDDesignTools/2025.2/Vitis/common/technology/xilinx/scripts/xilinxcoregen.gen 
Execute         source C:/AMDDesignTools/2025.2/Vitis/common/technology/xilinx/interface/XilEDKCoreGen.gen 
Execute         source C:/AMDDesignTools/2025.2/Vitis/common/technology/xilinx/ip/dds_compiler.gen 
Execute         source C:/AMDDesignTools/2025.2/Vitis/common/technology/xilinx/ip/util.gen 
Execute         source C:/AMDDesignTools/2025.2/Vitis/common/technology/xilinx/ip/xfft.gen 
Execute         source C:/AMDDesignTools/2025.2/Vitis/common/technology/xilinx/ip/xfir.gen 
Execute         source C:/AMDDesignTools/2025.2/Vitis/common/technology/xilinx/DSP48/dsp48.gen 
Execute       ap_part_info -name xc7z010-clg400-1 -data names -quiet 
Execute       ap_part_info -name xc7z010-clg400-1 -data info -quiet 
Execute       source D:/Semester_6/HWSW/TCL_LAB3/matrix_mult_automation_prj/Solution2/.autopilot/db/global.setting.tcl 
Execute       source D:/Semester_6/HWSW/TCL_LAB3/matrix_mult_automation_prj/Solution2/.autopilot/db/matrix_mult.rtl_wrap.cfg.tcl 
Execute       source D:/Semester_6/HWSW/TCL_LAB3/matrix_mult_automation_prj/Solution2/.autopilot/db/matrix_mult.tbgen.tcl 
Execute       source D:/Semester_6/HWSW/TCL_LAB3/matrix_mult_automation_prj/Solution2/.autopilot/db/cosimDB.tcl 
Execute       source D:/Semester_6/HWSW/TCL_LAB3/matrix_mult_automation_prj/Solution2/.autopilot/db/matrix_mult.tbgen.tcl 
Execute       source D:/Semester_6/HWSW/TCL_LAB3/matrix_mult_automation_prj/Solution2/.autopilot/db/matrix_mult.tbgen.tcl 
Execute       source D:/Semester_6/HWSW/TCL_LAB3/matrix_mult_automation_prj/Solution2/.autopilot/db/matrix_mult.tbgen.tcl 
Execute       source D:/Semester_6/HWSW/TCL_LAB3/matrix_mult_automation_prj/Solution2/.autopilot/db/matrix_mult.tbgen.tcl 
INFO: [COSIM 212-47] Using XSIM for RTL simulation.
INFO: [COSIM 212-14] Instrumenting C test bench ...
Execute       ap_part_info -name xc7z010-clg400-1 -data info 
INFO-FLOW: run_clang autosim-tb exec: C:/AMDDesignTools/2025.2/Vitis/win64/tools/clang-16/bin/clang -foptimization-record-file=D:/Semester_6/HWSW/TCL_LAB3/matrix_mult_automation_prj/Solution2/.autopilot/db/matrix_mult_test.cpp.clang.autosim-tb.diag.yml -mllvm -pass-remarks-missed=reflow|pasta|unroll|inline -mllvm -pass-remarks=reflow|pasta|unroll|inline -fno-builtin-isinf -fno-builtin-isnan -E -Wno-unknown-pragmas -Wno-unknown-pragmas -DGCC_COMPATIBLE_APINT -DAESL_TB -D__HLS_COSIM__ -D__VITIS_HLS__ --target=x86_64-w64-windows-gnu -D__USE_XOPEN2K8 -I C:/AMDDesignTools/2025.2/Vitis/include -I include D:/Semester_6/HWSW/TCL_LAB3/matrix_mult_test.cpp -o D:/Semester_6/HWSW/TCL_LAB3/matrix_mult_automation_prj/Solution2/./sim/autowrap/testbench/matrix_mult_test.cpp_pre.cpp -std=gnu++14 -D__DSP48E1__ --sysroot=C:/AMDDesignTools/2025.2/Vitis/tps/mingw/10.0.0/win64.o/nt > D:/Semester_6/HWSW/TCL_LAB3/matrix_mult_automation_prj/Solution2/.autopilot/db/matrix_mult_test.cpp.clang.autosim-tb.out.log 2> D:/Semester_6/HWSW/TCL_LAB3/matrix_mult_automation_prj/Solution2/.autopilot/db/matrix_mult_test.cpp.clang.autosim-tb.err.log
INFO-FLOW: run_clang result=success num-err-msgs=0 num-stderr-lines=0
INFO-FLOW: TB processing: D:/Semester_6/HWSW/TCL_LAB3/matrix_mult_test.cpp D:/Semester_6/HWSW/TCL_LAB3/matrix_mult_automation_prj/Solution2/./sim/autowrap/testbench/matrix_mult_test.cpp_pre.cpp
Execute       clang_tidy xilinx-tb-process -desc tb-process D:/Semester_6/HWSW/TCL_LAB3/matrix_mult_automation_prj/Solution2/./sim/autowrap/testbench/matrix_mult_test.cpp_pre.cpp.tb.cpp std=gnu++14 
INFO-FLOW: exec C:/AMDDesignTools/2025.2/Vitis/win64/tools/clang-16/bin/clang-tidy -header-filter=.* --checks=-*,xilinx-tb-process -fix-errors D:/Semester_6/HWSW/TCL_LAB3/matrix_mult_automation_prj/Solution2/./sim/autowrap/testbench/matrix_mult_test.cpp_pre.cpp.tb.cpp -- -std=gnu++14 -fhls -ferror-limit=0
Command       clang_tidy done; 0.714 sec.
Execute       ap_part_info -name xc7z010-clg400-1 -data info 
INFO-FLOW: run_clang autosim-tb exec: C:/AMDDesignTools/2025.2/Vitis/win64/tools/clang-16/bin/clang -foptimization-record-file=D:/Semester_6/HWSW/TCL_LAB3/matrix_mult_automation_prj/Solution2/.autopilot/db/matrix_mult.cpp.clang.autosim-tb.diag.yml -mllvm -pass-remarks-missed=reflow|pasta|unroll|inline -mllvm -pass-remarks=reflow|pasta|unroll|inline -fno-builtin-isinf -fno-builtin-isnan -E -DGCC_COMPATIBLE_APINT -DAESL_TB -D__HLS_COSIM__ -D__VITIS_HLS__ --target=x86_64-w64-windows-gnu -D__USE_XOPEN2K8 -I C:/AMDDesignTools/2025.2/Vitis/include -I include D:/Semester_6/HWSW/TCL_LAB3/matrix_mult.cpp -o D:/Semester_6/HWSW/TCL_LAB3/matrix_mult_automation_prj/Solution2/./sim/autowrap/testbench/matrix_mult.cpp_pre.cpp -std=gnu++14 -D__DSP48E1__ --sysroot=C:/AMDDesignTools/2025.2/Vitis/tps/mingw/10.0.0/win64.o/nt > D:/Semester_6/HWSW/TCL_LAB3/matrix_mult_automation_prj/Solution2/.autopilot/db/matrix_mult.cpp.clang.autosim-tb.out.log 2> D:/Semester_6/HWSW/TCL_LAB3/matrix_mult_automation_prj/Solution2/.autopilot/db/matrix_mult.cpp.clang.autosim-tb.err.log
INFO-FLOW: run_clang result=success num-err-msgs=0 num-stderr-lines=0
INFO-FLOW: TB processing: D:/Semester_6/HWSW/TCL_LAB3/matrix_mult.cpp D:/Semester_6/HWSW/TCL_LAB3/matrix_mult_automation_prj/Solution2/./sim/autowrap/testbench/matrix_mult.cpp_pre.cpp
Execute       clang_tidy xilinx-tb-process -desc tb-process D:/Semester_6/HWSW/TCL_LAB3/matrix_mult_automation_prj/Solution2/./sim/autowrap/testbench/matrix_mult.cpp_pre.cpp.tb.cpp std=gnu++14 
INFO-FLOW: exec C:/AMDDesignTools/2025.2/Vitis/win64/tools/clang-16/bin/clang-tidy -header-filter=.* --checks=-*,xilinx-tb-process -fix-errors D:/Semester_6/HWSW/TCL_LAB3/matrix_mult_automation_prj/Solution2/./sim/autowrap/testbench/matrix_mult.cpp_pre.cpp.tb.cpp -- -std=gnu++14 -fhls -ferror-limit=0
Command       clang_tidy done; 0.789 sec.
Execute       source D:/Semester_6/HWSW/TCL_LAB3/matrix_mult_automation_prj/Solution2/.autopilot/db/global.setting.tcl 
Execute       source D:/Semester_6/HWSW/TCL_LAB3/matrix_mult_automation_prj/Solution2/.autopilot/db/matrix_mult.rtl_wrap.cfg.tcl 
Execute       source D:/Semester_6/HWSW/TCL_LAB3/matrix_mult_automation_prj/Solution2/.autopilot/db/matrix_mult.rtl_wrap.cfg.tcl 
Execute       source D:/Semester_6/HWSW/TCL_LAB3/matrix_mult_automation_prj/Solution2/.autopilot/db/matrix_mult.rtl_wrap.cfg.tcl 
Execute       source D:/Semester_6/HWSW/TCL_LAB3/matrix_mult_automation_prj/Solution2/.autopilot/db/matrix_mult.tbgen.tcl 
Execute       source D:/Semester_6/HWSW/TCL_LAB3/matrix_mult_automation_prj/Solution2/.autopilot/db/matrix_mult.tbgen.tcl 
Execute       source D:/Semester_6/HWSW/TCL_LAB3/matrix_mult_automation_prj/Solution2/.autopilot/db/matrix_mult.tbgen.tcl 
Execute       ap_part_info -name xc7z010-clg400-1 -data info 
Execute       source .run_sim.tcl 
INFO: [COSIM 212-302] Starting C TB testing ... 
Command       ap_source done; 0.63 sec.
Execute       source D:/Semester_6/HWSW/TCL_LAB3/matrix_mult_automation_prj/Solution2/.autopilot/db/matrix_mult.tbgen.tcl 
Execute       source D:/Semester_6/HWSW/TCL_LAB3/matrix_mult_automation_prj/Solution2/.autopilot/db/matrix_mult.tbgen.tcl 
INFO: [COSIM 212-333] Generating C post check test bench ...
Execute       source sim/tv/cdatafile/ref.tcl 
Execute       source D:/Semester_6/HWSW/TCL_LAB3/matrix_mult_automation_prj/Solution2/.autopilot/db/matrix_mult.tbgen.tcl 
Execute       source D:/Semester_6/HWSW/TCL_LAB3/matrix_mult_automation_prj/Solution2/.autopilot/db/matrix_mult.tbgen.tcl 
Execute       source D:/Semester_6/HWSW/TCL_LAB3/matrix_mult_automation_prj/Solution2/.autopilot/db/matrix_mult.tbgen.tcl 
Execute       source D:/Semester_6/HWSW/TCL_LAB3/matrix_mult_automation_prj/Solution2/.autopilot/db/matrix_mult.tbgen.tcl 
Execute       source D:/Semester_6/HWSW/TCL_LAB3/matrix_mult_automation_prj/Solution2/.autopilot/db/matrix_mult.tbgen.tcl 
Execute       source D:/Semester_6/HWSW/TCL_LAB3/matrix_mult_automation_prj/Solution2/.autopilot/db/matrix_mult.tbgen.tcl 
Execute       source D:/Semester_6/HWSW/TCL_LAB3/matrix_mult_automation_prj/Solution2/.autopilot/db/matrix_mult.tbgen.tcl 
Execute       source D:/Semester_6/HWSW/TCL_LAB3/matrix_mult_automation_prj/Solution2/.autopilot/db/matrix_mult.tbgen.tcl 
Execute       source D:/Semester_6/HWSW/TCL_LAB3/matrix_mult_automation_prj/Solution2/.autopilot/db/matrix_mult.tbgen.tcl 
Execute       source D:/Semester_6/HWSW/TCL_LAB3/matrix_mult_automation_prj/Solution2/.autopilot/db/matrix_mult.tbgen.tcl 
INFO: [COSIM 212-12] Generating RTL test bench ...
Execute       source ../tv/cdatafile/ref.tcl 
Execute       source D:/Semester_6/HWSW/TCL_LAB3/matrix_mult_automation_prj/Solution2/.autopilot/db/matrix_mult.tbgen.tcl 
Execute       source D:/Semester_6/HWSW/TCL_LAB3/matrix_mult_automation_prj/Solution2/.autopilot/db/matrix_mult.tbgen.tcl 
Execute       source D:/Semester_6/HWSW/TCL_LAB3/matrix_mult_automation_prj/Solution2/.autopilot/db/matrix_mult.tbgen.tcl 
Execute       source D:/Semester_6/HWSW/TCL_LAB3/matrix_mult_automation_prj/Solution2/.autopilot/db/matrix_mult.tbgen.tcl 
Execute       source ../tv/cdatafile/ref.tcl 
Execute       source D:/Semester_6/HWSW/TCL_LAB3/matrix_mult_automation_prj/Solution2/.autopilot/db/matrix_mult.tbgen.tcl 
Execute       source D:/Semester_6/HWSW/TCL_LAB3/matrix_mult_automation_prj/Solution2/.autopilot/db/matrix_mult.tbgen.tcl 
Execute       source D:/Semester_6/HWSW/TCL_LAB3/matrix_mult_automation_prj/Solution2/.autopilot/db/matrix_mult.tbgen.tcl 
Execute       source D:/Semester_6/HWSW/TCL_LAB3/matrix_mult_automation_prj/Solution2/.autopilot/db/matrix_mult.tbgen.tcl 
Execute       source D:/Semester_6/HWSW/TCL_LAB3/matrix_mult_automation_prj/Solution2/.autopilot/db/matrix_mult.tbgen.tcl 
Execute       source D:/Semester_6/HWSW/TCL_LAB3/matrix_mult_automation_prj/Solution2/.autopilot/db/matrix_mult.tbgen.tcl 
Execute       source D:/Semester_6/HWSW/TCL_LAB3/matrix_mult_automation_prj/Solution2/.autopilot/db/matrix_mult.tbgen.tcl 
Execute       source D:/Semester_6/HWSW/TCL_LAB3/matrix_mult_automation_prj/Solution2/.autopilot/db/matrix_mult.tbgen.tcl 
Execute       source D:/Semester_6/HWSW/TCL_LAB3/matrix_mult_automation_prj/Solution2/.autopilot/db/matrix_mult.tbgen.tcl 
Execute       source D:/Semester_6/HWSW/TCL_LAB3/matrix_mult_automation_prj/Solution2/.autopilot/db/matrix_mult.DependenceCheck.tcl 
Execute       source D:/Semester_6/HWSW/TCL_LAB3/matrix_mult_automation_prj/Solution2/.autopilot/db/matrix_mult.tbgen.tcl 
Execute       source D:/Semester_6/HWSW/TCL_LAB3/matrix_mult_automation_prj/Solution2/.autopilot/db/matrix_mult.tbgen.tcl 
Execute       source D:/Semester_6/HWSW/TCL_LAB3/matrix_mult_automation_prj/Solution2/.autopilot/db/matrix_mult.tbgen.tcl 
Execute       source D:/Semester_6/HWSW/TCL_LAB3/matrix_mult_automation_prj/Solution2/.autopilot/db/matrix_mult.tbgen.tcl 
Execute       source D:/Semester_6/HWSW/TCL_LAB3/matrix_mult_automation_prj/Solution2/.autopilot/db/matrix_mult.tbgen.tcl 
Execute       source D:/Semester_6/HWSW/TCL_LAB3/matrix_mult_automation_prj/Solution2/.autopilot/db/matrix_mult.tbgen.tcl 
Execute       source ../tv/cdatafile/ref.tcl 
Execute       source D:/Semester_6/HWSW/TCL_LAB3/matrix_mult_automation_prj/Solution2/.autopilot/db/matrix_mult.tbgen.tcl 
Execute       source D:/Semester_6/HWSW/TCL_LAB3/matrix_mult_automation_prj/Solution2/.autopilot/db/matrix_mult.tbgen.tcl 
INFO: [COSIM 212-1] *** C/RTL co-simulation file generation completed. ***
Execute       source .run_sim.tcl 
Execute         source check_sim.tcl 
Execute         source dataflow_monitor_API.tcl 
Execute         source .sim.status.tcl 
INFO: [COSIM 212-323] Starting verilog simulation. 
INFO: [COSIM 212-15] Starting XSIM ...
INFO: [COSIM 212-316] Starting C post checking ...
Command       ap_source done; 25.123 sec.
INFO: [COSIM 212-1000] *** C/RTL co-simulation finished: PASS ***
INFO: [COSIM 212-211] II is measurable only when transaction number is greater than 1 in RTL simulation. Otherwise, they will be marked as all NA. If user wants to calculate them, please make sure there are at least 2 transactions in RTL simulation.
Command     cosim_design done; 34.332 sec.
INFO: [HLS 200-2161] Finished Command cosim_design Elapsed time: 00:00:34; Allocated memory: 1.723 MB.
Execute     open_solution -reset Solution3 -flow_target vivado 
INFO: [HLS 200-1510] Running: open_solution -reset Solution3 -flow_target vivado 
Execute       cleanup_all 
Execute       cleanup_all 
