

================================================================
== Vitis HLS Report for 'matrix_mult'
================================================================
* Date:           Tue May 26 23:56:04 2026

* Version:        2025.2 (Build 6295257 on Nov 14 2025)
* Project:        matrix_mult_automation_prj
* Solution:       Solution2 (Vivado IP Flow Target)
* Product family: zynq
* Target device:  xc7z010-clg400-1


================================================================
== Performance Estimates
================================================================
+ Timing: 
    * Summary: 
    +--------+----------+----------+------------+
    |  Clock |  Target  | Estimated| Uncertainty|
    +--------+----------+----------+------------+
    |ap_clk  |  10.00 ns|  7.014 ns|     2.70 ns|
    +--------+----------+----------+------------+

+ Latency: 
    * Summary: 
    +---------+---------+----------+----------+-----+-----+------------------------------------------------+
    |  Latency (cycles) |  Latency (absolute) |  Interval |                    Pipeline                    |
    |   min   |   max   |    min   |    max   | min | max |                      Type                      |
    +---------+---------+----------+----------+-----+-----+------------------------------------------------+
    |      131|      131|  1.310 us|  1.310 us|  129|  129|  loop auto-rewind stp (delay=4 clock cycles(s))|
    +---------+---------+----------+----------+-----+-----+------------------------------------------------+

    + Detail: 
        * Instance: 
        N/A

        * Loop: 
        +-------------------+---------+---------+----------+-----------+-----------+------+----------+
        |                   |  Latency (cycles) | Iteration|  Initiation Interval  | Trip |          |
        |     Loop Name     |   min   |   max   |  Latency |  achieved |   target  | Count| Pipelined|
        +-------------------+---------+---------+----------+-----------+-----------+------+----------+
        |- Row_Col_Product  |      129|      129|         6|          1|          1|   125|       yes|
        +-------------------+---------+---------+----------+-----------+-----------+------+----------+

============================================================
+ Verbose Summary: Synthesis Manager
============================================================
InlineROM: 1
ExposeGlobal: 0
============================================================
+ Verbose Summary: CDFG Model
============================================================
IsTopModel: 1
ResetActiveHigh: 1
IsCombinational: 2
IsDatapathOnly: 0
HasWiredReturn: 1
HasMFsm: 2
HasVarLatency: 1
IsPipeline: 0
IsRtlPipelined: 0
IsInstanceOverlapped: 0
IsDontTouch: 0
HasImplIP: 0
IsGatedGlobalClock: 0

+ Individual pipeline summary: 
  * Pipeline-0: initiation interval (II) = 1, depth = 6


============================================================
+ Verbose Summary: Schedule
============================================================
* Number of FSM states : 6
* Pipeline : 1
  Pipeline-0 : II = 1, D = 6, States = { 1 2 3 4 5 6 }
* Dataflow Pipeline: 0

* FSM state transitions: 
1 --> 2 
2 --> 3 
3 --> 4 
4 --> 5 
5 --> 6 
6 --> 

* FSM state operations: 

State 1 <SV = 0> <Delay = 1.58>
ST_1 : Operation 9 [1/1] (0.00ns)   --->   "%indvar_flatten131 = alloca i32 1"   --->   Operation 9 'alloca' 'indvar_flatten131' <Predicate = true> <Delay = 0.00>
ST_1 : Operation 10 [1/1] (0.00ns)   --->   "%i = alloca i32 1" [matrix_mult.cpp:15]   --->   Operation 10 'alloca' 'i' <Predicate = true> <Delay = 0.00>
ST_1 : Operation 11 [1/1] (0.00ns)   --->   "%indvar_flatten3 = alloca i32 1"   --->   Operation 11 'alloca' 'indvar_flatten3' <Predicate = true> <Delay = 0.00>
ST_1 : Operation 12 [1/1] (0.00ns)   --->   "%j = alloca i32 1" [matrix_mult.cpp:17]   --->   Operation 12 'alloca' 'j' <Predicate = true> <Delay = 0.00>
ST_1 : Operation 13 [1/1] (0.00ns)   --->   "%k = alloca i32 1" [matrix_mult.cpp:20]   --->   Operation 13 'alloca' 'k' <Predicate = true> <Delay = 0.00>
ST_1 : Operation 14 [1/1] (0.00ns)   --->   "%empty = alloca i32 1"   --->   Operation 14 'alloca' 'empty' <Predicate = true> <Delay = 0.00>
ST_1 : Operation 15 [1/1] (0.00ns)   --->   "%spectopmodule_ln10 = spectopmodule void @_ssdm_op_SpecTopModule, void @empty_1" [matrix_mult.cpp:10]   --->   Operation 15 'spectopmodule' 'spectopmodule_ln10' <Predicate = true> <Delay = 0.00>
ST_1 : Operation 16 [1/1] (0.00ns)   --->   "%specinterface_ln0 = specinterface void @_ssdm_op_SpecInterface, i8 %a, void @empty, i32 0, i32 0, void @empty_0, i32 4294967295, i32 0, void @empty_0, void @empty_0, void @empty_0, i32 0, i32 0, i32 0, i32 0, void @empty_0, void @empty_0, i32 4294967295, i32 0, i32 0, i32 0"   --->   Operation 16 'specinterface' 'specinterface_ln0' <Predicate = true> <Delay = 0.00>
ST_1 : Operation 17 [1/1] (0.00ns)   --->   "%specbitsmap_ln0 = specbitsmap void @_ssdm_op_SpecBitsMap, i8 %a"   --->   Operation 17 'specbitsmap' 'specbitsmap_ln0' <Predicate = true> <Delay = 0.00>
ST_1 : Operation 18 [1/1] (0.00ns)   --->   "%specinterface_ln0 = specinterface void @_ssdm_op_SpecInterface, i8 %b, void @empty, i32 0, i32 0, void @empty_0, i32 4294967295, i32 0, void @empty_0, void @empty_0, void @empty_0, i32 0, i32 0, i32 0, i32 0, void @empty_0, void @empty_0, i32 4294967295, i32 0, i32 0, i32 0"   --->   Operation 18 'specinterface' 'specinterface_ln0' <Predicate = true> <Delay = 0.00>
ST_1 : Operation 19 [1/1] (0.00ns)   --->   "%specbitsmap_ln0 = specbitsmap void @_ssdm_op_SpecBitsMap, i8 %b"   --->   Operation 19 'specbitsmap' 'specbitsmap_ln0' <Predicate = true> <Delay = 0.00>
ST_1 : Operation 20 [1/1] (0.00ns)   --->   "%specinterface_ln0 = specinterface void @_ssdm_op_SpecInterface, i16 %prod, void @empty, i32 0, i32 0, void @empty_0, i32 4294967295, i32 0, void @empty_0, void @empty_0, void @empty_0, i32 0, i32 0, i32 0, i32 0, void @empty_0, void @empty_0, i32 4294967295, i32 0, i32 0, i32 0"   --->   Operation 20 'specinterface' 'specinterface_ln0' <Predicate = true> <Delay = 0.00>
ST_1 : Operation 21 [1/1] (0.00ns)   --->   "%specbitsmap_ln0 = specbitsmap void @_ssdm_op_SpecBitsMap, i16 %prod"   --->   Operation 21 'specbitsmap' 'specbitsmap_ln0' <Predicate = true> <Delay = 0.00>
ST_1 : Operation 22 [1/1] (1.58ns)   --->   "%store_ln0 = store i16 0, i16 %empty"   --->   Operation 22 'store' 'store_ln0' <Predicate = true> <Delay = 1.58>
ST_1 : Operation 23 [1/1] (1.58ns)   --->   "%store_ln20 = store i3 0, i3 %k" [matrix_mult.cpp:20]   --->   Operation 23 'store' 'store_ln20' <Predicate = true> <Delay = 1.58>
ST_1 : Operation 24 [1/1] (1.58ns)   --->   "%store_ln17 = store i3 0, i3 %j" [matrix_mult.cpp:17]   --->   Operation 24 'store' 'store_ln17' <Predicate = true> <Delay = 1.58>
ST_1 : Operation 25 [1/1] (1.58ns)   --->   "%store_ln0 = store i6 0, i6 %indvar_flatten3"   --->   Operation 25 'store' 'store_ln0' <Predicate = true> <Delay = 1.58>
ST_1 : Operation 26 [1/1] (1.58ns)   --->   "%store_ln15 = store i3 0, i3 %i" [matrix_mult.cpp:15]   --->   Operation 26 'store' 'store_ln15' <Predicate = true> <Delay = 1.58>
ST_1 : Operation 27 [1/1] (1.58ns)   --->   "%store_ln0 = store i7 0, i7 %indvar_flatten131"   --->   Operation 27 'store' 'store_ln0' <Predicate = true> <Delay = 1.58>
ST_1 : Operation 28 [1/1] (1.58ns)   --->   "%br_ln0 = br void %for.inc29"   --->   Operation 28 'br' 'br_ln0' <Predicate = true> <Delay = 1.58>

State 2 <SV = 1> <Delay = 7.01>
ST_2 : Operation 29 [1/1] (0.00ns)   --->   "%icmp_ln177 = phi i1 0, void %entry, i1 %icmp_ln17, void %new.latch.for.inc.split" [matrix_mult.cpp:17]   --->   Operation 29 'phi' 'icmp_ln177' <Predicate = true> <Delay = 0.00>
ST_2 : Operation 30 [1/1] (0.00ns)   --->   "%icmp_ln206 = phi i1 0, void %entry, i1 %icmp_ln20, void %new.latch.for.inc.split" [matrix_mult.cpp:20]   --->   Operation 30 'phi' 'icmp_ln206' <Predicate = true> <Delay = 0.00>
ST_2 : Operation 31 [1/1] (0.00ns)   --->   "%indvar_flatten131_load = load i7 %indvar_flatten131" [matrix_mult.cpp:15]   --->   Operation 31 'load' 'indvar_flatten131_load' <Predicate = true> <Delay = 0.00>
ST_2 : Operation 32 [1/1] (0.00ns)   --->   "%i_1 = load i3 %i" [matrix_mult.cpp:15]   --->   Operation 32 'load' 'i_1' <Predicate = true> <Delay = 0.00>
ST_2 : Operation 33 [1/1] (0.00ns)   --->   "%indvar_flatten3_load = load i6 %indvar_flatten3" [matrix_mult.cpp:17]   --->   Operation 33 'load' 'indvar_flatten3_load' <Predicate = true> <Delay = 0.00>
ST_2 : Operation 34 [1/1] (0.00ns)   --->   "%j_1 = load i3 %j" [matrix_mult.cpp:15]   --->   Operation 34 'load' 'j_1' <Predicate = true> <Delay = 0.00>
ST_2 : Operation 35 [1/1] (0.00ns)   --->   "%k_1 = load i3 %k"   --->   Operation 35 'load' 'k_1' <Predicate = true> <Delay = 0.00>
ST_2 : Operation 36 [1/1] (1.65ns)   --->   "%add_ln15 = add i3 %i_1, i3 1" [matrix_mult.cpp:15]   --->   Operation 36 'add' 'add_ln15' <Predicate = true> <Delay = 1.65> <CoreInst = "Adder">   --->   Core 1 'Adder' <Latency = 0> <II = 1> <Delay = 1.65> <FuncUnit> <Opcode : 'add' 'sub'> <InPorts = 2> <OutPorts = 1>
ST_2 : Operation 37 [1/1] (0.98ns)   --->   "%select_ln15 = select i1 %icmp_ln177, i3 0, i3 %j_1" [matrix_mult.cpp:15]   --->   Operation 37 'select' 'select_ln15' <Predicate = true> <Delay = 0.98> <CoreInst = "Sel">   --->   Core 73 'Sel' <Latency = 0> <II = 1> <Delay = 0.98> <FuncUnit> <Opcode : 'select'> <InPorts = 3> <OutPorts = 1>
ST_2 : Operation 38 [1/1] (0.00ns) (grouped into LUT with out node and_ln15)   --->   "%xor_ln15 = xor i1 %icmp_ln177, i1 1" [matrix_mult.cpp:15]   --->   Operation 38 'xor' 'xor_ln15' <Predicate = true> <Delay = 0.00> <CoreInst = "LogicGate">   --->   Core 74 'LogicGate' <Latency = 0> <II = 1> <Delay = 0.97> <FuncUnit> <Opcode : 'and' 'or' 'xor'> <InPorts = 2> <OutPorts = 1>
ST_2 : Operation 39 [1/1] (0.97ns) (out node of the LUT)   --->   "%and_ln15 = and i1 %icmp_ln206, i1 %xor_ln15" [matrix_mult.cpp:15]   --->   Operation 39 'and' 'and_ln15' <Predicate = true> <Delay = 0.97> <CoreInst = "LogicGate">   --->   Core 74 'LogicGate' <Latency = 0> <II = 1> <Delay = 0.97> <FuncUnit> <Opcode : 'and' 'or' 'xor'> <InPorts = 2> <OutPorts = 1>
ST_2 : Operation 40 [1/1] (0.98ns)   --->   "%i_3 = select i1 %icmp_ln177, i3 %add_ln15, i3 %i_1" [matrix_mult.cpp:15]   --->   Operation 40 'select' 'i_3' <Predicate = true> <Delay = 0.98> <CoreInst = "Sel">   --->   Core 73 'Sel' <Latency = 0> <II = 1> <Delay = 0.98> <FuncUnit> <Opcode : 'select'> <InPorts = 3> <OutPorts = 1>
ST_2 : Operation 41 [1/1] (1.65ns)   --->   "%add_ln17 = add i3 %select_ln15, i3 1" [matrix_mult.cpp:17]   --->   Operation 41 'add' 'add_ln17' <Predicate = true> <Delay = 1.65> <CoreInst = "Adder">   --->   Core 1 'Adder' <Latency = 0> <II = 1> <Delay = 1.65> <FuncUnit> <Opcode : 'add' 'sub'> <InPorts = 2> <OutPorts = 1>
ST_2 : Operation 42 [1/1] (0.97ns)   --->   "%empty_5 = or i1 %and_ln15, i1 %icmp_ln177" [matrix_mult.cpp:15]   --->   Operation 42 'or' 'empty_5' <Predicate = true> <Delay = 0.97> <CoreInst = "LogicGate">   --->   Core 74 'LogicGate' <Latency = 0> <II = 1> <Delay = 0.97> <FuncUnit> <Opcode : 'and' 'or' 'xor'> <InPorts = 2> <OutPorts = 1>
ST_2 : Operation 43 [1/1] (0.98ns)   --->   "%k_mid2 = select i1 %empty_5, i3 0, i3 %k_1" [matrix_mult.cpp:15]   --->   Operation 43 'select' 'k_mid2' <Predicate = true> <Delay = 0.98> <CoreInst = "Sel">   --->   Core 73 'Sel' <Latency = 0> <II = 1> <Delay = 0.98> <FuncUnit> <Opcode : 'select'> <InPorts = 3> <OutPorts = 1>
ST_2 : Operation 44 [1/1] (0.98ns)   --->   "%j_3 = select i1 %and_ln15, i3 %add_ln17, i3 %select_ln15" [matrix_mult.cpp:17]   --->   Operation 44 'select' 'j_3' <Predicate = true> <Delay = 0.98> <CoreInst = "Sel">   --->   Core 73 'Sel' <Latency = 0> <II = 1> <Delay = 0.98> <FuncUnit> <Opcode : 'select'> <InPorts = 3> <OutPorts = 1>
ST_2 : Operation 45 [1/1] (0.00ns)   --->   "%zext_ln17 = zext i3 %i_3" [matrix_mult.cpp:17]   --->   Operation 45 'zext' 'zext_ln17' <Predicate = true> <Delay = 0.00>
ST_2 : Operation 46 [1/1] (0.00ns)   --->   "%tmp = bitconcatenate i5 @_ssdm_op_BitConcatenate.i5.i3.i2, i3 %i_3, i2 0" [matrix_mult.cpp:22]   --->   Operation 46 'bitconcatenate' 'tmp' <Predicate = true> <Delay = 0.00>
ST_2 : Operation 47 [1/1] (1.78ns)   --->   "%add_ln17_2 = add i5 %tmp, i5 %zext_ln17" [matrix_mult.cpp:17]   --->   Operation 47 'add' 'add_ln17_2' <Predicate = true> <Delay = 1.78> <CoreInst = "Adder">   --->   Core 1 'Adder' <Latency = 0> <II = 1> <Delay = 1.78> <FuncUnit> <Opcode : 'add' 'sub'> <InPorts = 2> <OutPorts = 1>
ST_2 : Operation 48 [1/1] (0.00ns)   --->   "%zext_ln22_2 = zext i3 %j_3" [matrix_mult.cpp:22]   --->   Operation 48 'zext' 'zext_ln22_2' <Predicate = true> <Delay = 0.00>
ST_2 : Operation 49 [1/1] (1.78ns)   --->   "%add_ln22_1 = add i5 %add_ln17_2, i5 %zext_ln22_2" [matrix_mult.cpp:22]   --->   Operation 49 'add' 'add_ln22_1' <Predicate = true> <Delay = 1.78> <CoreInst = "Adder">   --->   Core 1 'Adder' <Latency = 0> <II = 1> <Delay = 1.78> <FuncUnit> <Opcode : 'add' 'sub'> <InPorts = 2> <OutPorts = 1>
ST_2 : Operation 50 [1/1] (0.00ns)   --->   "%zext_ln22_4 = zext i3 %k_mid2" [matrix_mult.cpp:22]   --->   Operation 50 'zext' 'zext_ln22_4' <Predicate = true> <Delay = 0.00>
ST_2 : Operation 51 [1/1] (1.78ns)   --->   "%add_ln22_2 = add i5 %add_ln17_2, i5 %zext_ln22_4" [matrix_mult.cpp:22]   --->   Operation 51 'add' 'add_ln22_2' <Predicate = true> <Delay = 1.78> <CoreInst = "Adder">   --->   Core 1 'Adder' <Latency = 0> <II = 1> <Delay = 1.78> <FuncUnit> <Opcode : 'add' 'sub'> <InPorts = 2> <OutPorts = 1>
ST_2 : Operation 52 [1/1] (0.00ns)   --->   "%zext_ln22_5 = zext i5 %add_ln22_2" [matrix_mult.cpp:22]   --->   Operation 52 'zext' 'zext_ln22_5' <Predicate = true> <Delay = 0.00>
ST_2 : Operation 53 [1/1] (0.00ns)   --->   "%a_addr = getelementptr i8 %a, i64 0, i64 %zext_ln22_5" [matrix_mult.cpp:22]   --->   Operation 53 'getelementptr' 'a_addr' <Predicate = true> <Delay = 0.00>
ST_2 : Operation 54 [1/1] (0.00ns)   --->   "%tmp_1 = bitconcatenate i5 @_ssdm_op_BitConcatenate.i5.i3.i2, i3 %k_mid2, i2 0" [matrix_mult.cpp:22]   --->   Operation 54 'bitconcatenate' 'tmp_1' <Predicate = true> <Delay = 0.00>
ST_2 : Operation 55 [1/1] (0.00ns) (grouped into TernaryAdder)   --->   "%add_ln22_4 = add i5 %tmp_1, i5 %zext_ln22_4" [matrix_mult.cpp:22]   --->   Operation 55 'add' 'add_ln22_4' <Predicate = true> <Delay = 0.00> <CoreInst = "TAddSub">   --->   Core 10 'TAddSub' <Latency = 0> <II = 1> <Delay = 1.70> <IPBlock> <Opcode : 'add' 'sub'> <InPorts = 3> <OutPorts = 1> <Sync> <CReg>
ST_2 : Operation 56 [1/1] (3.40ns) (root node of TernaryAdder)   --->   "%add_ln22_3 = add i5 %add_ln22_4, i5 %zext_ln22_2" [matrix_mult.cpp:22]   --->   Operation 56 'add' 'add_ln22_3' <Predicate = true> <Delay = 3.40> <CoreInst = "TAddSub">   --->   Core 10 'TAddSub' <Latency = 0> <II = 1> <Delay = 1.70> <IPBlock> <Opcode : 'add' 'sub'> <InPorts = 3> <OutPorts = 1> <Sync> <CReg>
ST_2 : Operation 57 [1/1] (0.00ns)   --->   "%zext_ln22_6 = zext i5 %add_ln22_3" [matrix_mult.cpp:22]   --->   Operation 57 'zext' 'zext_ln22_6' <Predicate = true> <Delay = 0.00>
ST_2 : Operation 58 [1/1] (0.00ns)   --->   "%b_addr = getelementptr i8 %b, i64 0, i64 %zext_ln22_6" [matrix_mult.cpp:22]   --->   Operation 58 'getelementptr' 'b_addr' <Predicate = true> <Delay = 0.00>
ST_2 : Operation 59 [2/2] (0.00ns)   --->   "%a_load = load i5 %a_addr" [matrix_mult.cpp:22]   --->   Operation 59 'load' 'a_load' <Predicate = true> <Delay = 0.00> <CoreInst = "RAM">   --->   Core 81 'RAM' <Latency = 1> <II = 1> <Delay = 2.32> <Storage> <Opcode : 'load' 'store'> <Ports = 2> <Width = 8> <Depth = 25> <RAM>
ST_2 : Operation 60 [2/2] (0.00ns)   --->   "%b_load = load i5 %b_addr" [matrix_mult.cpp:22]   --->   Operation 60 'load' 'b_load' <Predicate = true> <Delay = 0.00> <CoreInst = "RAM">   --->   Core 81 'RAM' <Latency = 1> <II = 1> <Delay = 2.32> <Storage> <Opcode : 'load' 'store'> <Ports = 2> <Width = 8> <Depth = 25> <RAM>
ST_2 : Operation 61 [1/1] (1.65ns)   --->   "%k_3 = add i3 %k_mid2, i3 1" [matrix_mult.cpp:20]   --->   Operation 61 'add' 'k_3' <Predicate = true> <Delay = 1.65> <CoreInst = "Adder">   --->   Core 1 'Adder' <Latency = 0> <II = 1> <Delay = 1.65> <FuncUnit> <Opcode : 'add' 'sub'> <InPorts = 2> <OutPorts = 1>
ST_2 : Operation 62 [1/1] (1.65ns)   --->   "%icmp_ln20 = icmp_eq  i3 %k_3, i3 5" [matrix_mult.cpp:20]   --->   Operation 62 'icmp' 'icmp_ln20' <Predicate = true> <Delay = 1.65> <CoreInst = "Cmp">   --->   Core 9 'Cmp' <Latency = 0> <II = 1> <Delay = 1.65> <FuncUnit> <Opcode : 'seteq' 'setne' 'setle' 'setge' 'setlt' 'setgt'> <InPorts = 2> <OutPorts = 1>
ST_2 : Operation 63 [1/1] (1.87ns)   --->   "%add_ln15_1 = add i7 %indvar_flatten131_load, i7 1" [matrix_mult.cpp:15]   --->   Operation 63 'add' 'add_ln15_1' <Predicate = true> <Delay = 1.87> <CoreInst = "Adder">   --->   Core 1 'Adder' <Latency = 0> <II = 1> <Delay = 1.87> <FuncUnit> <Opcode : 'add' 'sub'> <InPorts = 2> <OutPorts = 1>
ST_2 : Operation 64 [1/1] (0.00ns)   --->   "%br_ln20 = br i1 %icmp_ln20, void %new.latch.for.inc.split, void %last.iter.for.inc.split" [matrix_mult.cpp:20]   --->   Operation 64 'br' 'br_ln20' <Predicate = true> <Delay = 0.00>
ST_2 : Operation 65 [1/1] (1.82ns)   --->   "%add_ln17_1 = add i6 %indvar_flatten3_load, i6 1" [matrix_mult.cpp:17]   --->   Operation 65 'add' 'add_ln17_1' <Predicate = true> <Delay = 1.82> <CoreInst = "Adder">   --->   Core 1 'Adder' <Latency = 0> <II = 1> <Delay = 1.82> <FuncUnit> <Opcode : 'add' 'sub'> <InPorts = 2> <OutPorts = 1>
ST_2 : Operation 66 [1/1] (1.18ns)   --->   "%select_ln17_1 = select i1 %icmp_ln177, i6 1, i6 %add_ln17_1" [matrix_mult.cpp:17]   --->   Operation 66 'select' 'select_ln17_1' <Predicate = true> <Delay = 1.18> <CoreInst = "Sel">   --->   Core 73 'Sel' <Latency = 0> <II = 1> <Delay = 1.18> <FuncUnit> <Opcode : 'select'> <InPorts = 3> <OutPorts = 1>
ST_2 : Operation 67 [1/1] (1.82ns)   --->   "%icmp_ln17 = icmp_eq  i6 %select_ln17_1, i6 25" [matrix_mult.cpp:17]   --->   Operation 67 'icmp' 'icmp_ln17' <Predicate = true> <Delay = 1.82> <CoreInst = "Cmp">   --->   Core 9 'Cmp' <Latency = 0> <II = 1> <Delay = 1.82> <FuncUnit> <Opcode : 'seteq' 'setne' 'setle' 'setge' 'setlt' 'setgt'> <InPorts = 2> <OutPorts = 1>
ST_2 : Operation 68 [1/1] (1.87ns)   --->   "%icmp_ln15 = icmp_eq  i7 %indvar_flatten131_load, i7 124" [matrix_mult.cpp:15]   --->   Operation 68 'icmp' 'icmp_ln15' <Predicate = true> <Delay = 1.87> <CoreInst = "Cmp">   --->   Core 9 'Cmp' <Latency = 0> <II = 1> <Delay = 1.87> <FuncUnit> <Opcode : 'seteq' 'setne' 'setle' 'setge' 'setlt' 'setgt'> <InPorts = 2> <OutPorts = 1>
ST_2 : Operation 69 [1/1] (1.58ns)   --->   "%store_ln20 = store i3 %k_3, i3 %k" [matrix_mult.cpp:20]   --->   Operation 69 'store' 'store_ln20' <Predicate = true> <Delay = 1.58>
ST_2 : Operation 70 [1/1] (1.58ns)   --->   "%store_ln17 = store i3 %j_3, i3 %j" [matrix_mult.cpp:17]   --->   Operation 70 'store' 'store_ln17' <Predicate = true> <Delay = 1.58>
ST_2 : Operation 71 [1/1] (1.58ns)   --->   "%store_ln17 = store i6 %select_ln17_1, i6 %indvar_flatten3" [matrix_mult.cpp:17]   --->   Operation 71 'store' 'store_ln17' <Predicate = true> <Delay = 1.58>
ST_2 : Operation 72 [1/1] (1.58ns)   --->   "%store_ln15 = store i3 %i_3, i3 %i" [matrix_mult.cpp:15]   --->   Operation 72 'store' 'store_ln15' <Predicate = true> <Delay = 1.58>
ST_2 : Operation 73 [1/1] (1.58ns)   --->   "%store_ln15 = store i7 %add_ln15_1, i7 %indvar_flatten131" [matrix_mult.cpp:15]   --->   Operation 73 'store' 'store_ln15' <Predicate = true> <Delay = 1.58>
ST_2 : Operation 74 [1/1] (0.00ns)   --->   "%br_ln15 = br i1 %icmp_ln15, void %for.inc29, void %for.end31" [matrix_mult.cpp:15]   --->   Operation 74 'br' 'br_ln15' <Predicate = true> <Delay = 0.00>

State 3 <SV = 2> <Delay = 1.05>
ST_3 : Operation 75 [1/2] ( I:0.00ns O:0.00ns )   --->   "%a_load = load i5 %a_addr" [matrix_mult.cpp:22]   --->   Operation 75 'load' 'a_load' <Predicate = true> <Delay = 0.00> <CoreInst = "RAM">   --->   Core 81 'RAM' <Latency = 1> <II = 1> <Delay = 2.32> <Storage> <Opcode : 'load' 'store'> <Ports = 2> <Width = 8> <Depth = 25> <RAM>
ST_3 : Operation 76 [1/1] (0.00ns)   --->   "%zext_ln22 = zext i8 %a_load" [matrix_mult.cpp:22]   --->   Operation 76 'zext' 'zext_ln22' <Predicate = true> <Delay = 0.00>
ST_3 : Operation 77 [1/2] ( I:0.00ns O:0.00ns )   --->   "%b_load = load i5 %b_addr" [matrix_mult.cpp:22]   --->   Operation 77 'load' 'b_load' <Predicate = true> <Delay = 0.00> <CoreInst = "RAM">   --->   Core 81 'RAM' <Latency = 1> <II = 1> <Delay = 2.32> <Storage> <Opcode : 'load' 'store'> <Ports = 2> <Width = 8> <Depth = 25> <RAM>
ST_3 : Operation 78 [1/1] (0.00ns)   --->   "%zext_ln22_1 = zext i8 %b_load" [matrix_mult.cpp:22]   --->   Operation 78 'zext' 'zext_ln22_1' <Predicate = true> <Delay = 0.00>
ST_3 : Operation 79 [3/3] (1.05ns) (grouped into DSP with root node add_ln22)   --->   "%mul_ln22 = mul i16 %zext_ln22_1, i16 %zext_ln22" [matrix_mult.cpp:22]   --->   Operation 79 'mul' 'mul_ln22' <Predicate = true> <Delay = 1.05> <CoreInst = "DSP48">   --->   Core 116 'DSP48' <Latency = 3> <II = 1> <Delay = 2.15> <IPBlock> <Opcode : 'add' 'sub' 'mul' 'select'> <InPorts = 0> <OutPorts = 1> <Sync> <CReg>

State 4 <SV = 3> <Delay = 1.05>
ST_4 : Operation 80 [2/3] (1.05ns) (grouped into DSP with root node add_ln22)   --->   "%mul_ln22 = mul i16 %zext_ln22_1, i16 %zext_ln22" [matrix_mult.cpp:22]   --->   Operation 80 'mul' 'mul_ln22' <Predicate = true> <Delay = 1.05> <CoreInst = "DSP48">   --->   Core 116 'DSP48' <Latency = 3> <II = 1> <Delay = 2.15> <IPBlock> <Opcode : 'add' 'sub' 'mul' 'select'> <InPorts = 0> <OutPorts = 1> <Sync> <CReg>

State 5 <SV = 4> <Delay = 2.90>
ST_5 : Operation 81 [1/1] (0.00ns)   --->   "%p_load = load i16 %empty"   --->   Operation 81 'load' 'p_load' <Predicate = (!empty_5)> <Delay = 0.00>
ST_5 : Operation 82 [1/1] (0.80ns)   --->   "%p_mid2 = select i1 %empty_5, i16 0, i16 %p_load" [matrix_mult.cpp:15]   --->   Operation 82 'select' 'p_mid2' <Predicate = true> <Delay = 0.80> <CoreInst = "Sel">   --->   Core 73 'Sel' <Latency = 0> <II = 1> <Delay = 0.80> <FuncUnit> <Opcode : 'select'> <InPorts = 3> <OutPorts = 1>
ST_5 : Operation 83 [1/3] (0.00ns) (grouped into DSP with root node add_ln22)   --->   "%mul_ln22 = mul i16 %zext_ln22_1, i16 %zext_ln22" [matrix_mult.cpp:22]   --->   Operation 83 'mul' 'mul_ln22' <Predicate = true> <Delay = 0.00> <CoreInst = "DSP48">   --->   Core 116 'DSP48' <Latency = 3> <II = 1> <Delay = 2.15> <IPBlock> <Opcode : 'add' 'sub' 'mul' 'select'> <InPorts = 0> <OutPorts = 1> <Sync> <CReg>
ST_5 : Operation 84 [2/2] (2.10ns) (root node of the DSP)   --->   "%add_ln22 = add i16 %mul_ln22, i16 %p_mid2" [matrix_mult.cpp:22]   --->   Operation 84 'add' 'add_ln22' <Predicate = true> <Delay = 2.10> <CoreInst = "DSP48">   --->   Core 116 'DSP48' <Latency = 3> <II = 1> <Delay = 2.15> <IPBlock> <Opcode : 'add' 'sub' 'mul' 'select'> <InPorts = 0> <OutPorts = 1> <Sync> <CReg>

State 6 <SV = 5> <Delay = 6.59>
ST_6 : Operation 85 [1/1] (0.00ns)   --->   "%specloopname_ln0 = specloopname void @_ssdm_op_SpecLoopName, void @Row_Col_Product_str"   --->   Operation 85 'specloopname' 'specloopname_ln0' <Predicate = true> <Delay = 0.00>
ST_6 : Operation 86 [1/1] (0.00ns)   --->   "%speclooptripcount_ln0 = speclooptripcount void @_ssdm_op_SpecLoopTripCount, i64 125, i64 125, i64 125"   --->   Operation 86 'speclooptripcount' 'speclooptripcount_ln0' <Predicate = true> <Delay = 0.00>
ST_6 : Operation 87 [1/1] (0.00ns)   --->   "%zext_ln22_3 = zext i5 %add_ln22_1" [matrix_mult.cpp:22]   --->   Operation 87 'zext' 'zext_ln22_3' <Predicate = true> <Delay = 0.00>
ST_6 : Operation 88 [1/1] (0.00ns)   --->   "%prod_addr = getelementptr i16 %prod, i64 0, i64 %zext_ln22_3" [matrix_mult.cpp:22]   --->   Operation 88 'getelementptr' 'prod_addr' <Predicate = true> <Delay = 0.00>
ST_6 : Operation 89 [1/1] (0.00ns)   --->   "%specpipeline_ln29 = specpipeline void @_ssdm_op_SpecPipeline, i32 1, i32 0, i32 0, i32 0, i32 4294967295, void @empty_0" [D:/Semester_6/HWSW/TCL_LAB3/script.tcl:29]   --->   Operation 89 'specpipeline' 'specpipeline_ln29' <Predicate = true> <Delay = 0.00>
ST_6 : Operation 90 [1/2] (2.10ns) (root node of the DSP)   --->   "%add_ln22 = add i16 %mul_ln22, i16 %p_mid2" [matrix_mult.cpp:22]   --->   Operation 90 'add' 'add_ln22' <Predicate = true> <Delay = 2.10> <CoreInst = "DSP48">   --->   Core 116 'DSP48' <Latency = 3> <II = 1> <Delay = 2.15> <IPBlock> <Opcode : 'add' 'sub' 'mul' 'select'> <InPorts = 0> <OutPorts = 1> <Sync> <CReg>
ST_6 : Operation 91 [1/1] ( I:0.00ns O:0.00ns )   --->   "%store_ln22 = store i16 %add_ln22, i5 %prod_addr" [matrix_mult.cpp:22]   --->   Operation 91 'store' 'store_ln22' <Predicate = (icmp_ln20)> <Delay = 0.00> <CoreInst = "RAM">   --->   Core 81 'RAM' <Latency = 1> <II = 1> <Delay = 2.32> <Storage> <Opcode : 'load' 'store'> <Ports = 2> <Width = 16> <Depth = 25> <RAM>
ST_6 : Operation 92 [1/1] (0.00ns)   --->   "%br_ln20 = br void %new.latch.for.inc.split" [matrix_mult.cpp:20]   --->   Operation 92 'br' 'br_ln20' <Predicate = (icmp_ln20)> <Delay = 0.00>
ST_6 : Operation 93 [1/1] (1.58ns)   --->   "%store_ln22 = store i16 %add_ln22, i16 %empty" [matrix_mult.cpp:22]   --->   Operation 93 'store' 'store_ln22' <Predicate = true> <Delay = 1.58>
ST_6 : Operation 94 [1/1] (1.58ns)   --->   "%ret_ln26 = ret" [matrix_mult.cpp:26]   --->   Operation 94 'ret' 'ret_ln26' <Predicate = (icmp_ln15)> <Delay = 1.58>


============================================================
+ Verbose Summary: Timing violations
============================================================
Target clock period: 10.000ns, clock uncertainty: 2.700ns.

 <State 1>: 1.588ns
The critical path consists of the following:
	'store' operation ('store_ln0') of constant 0 16 bit on local variable 'empty' [17]  (1.588 ns)

 <State 2>: 7.014ns
The critical path consists of the following:
	'phi' operation 1 bit ('icmp_ln177', matrix_mult.cpp:17) with incoming values : ('icmp_ln17', matrix_mult.cpp:17) [25]  (0.000 ns)
	'select' operation 3 bit ('select_ln15', matrix_mult.cpp:15) [36]  (0.980 ns)
	'add' operation 3 bit ('add_ln17', matrix_mult.cpp:17) [40]  (1.650 ns)
	'select' operation 3 bit ('j', matrix_mult.cpp:17) [44]  (0.980 ns)
	'add' operation 5 bit ('add_ln22_3', matrix_mult.cpp:22) [58]  (3.404 ns)

 <State 3>: 1.050ns
The critical path consists of the following:
	'load' operation 8 bit ('a_load', matrix_mult.cpp:22) on array 'a' [62]  (0.000 ns)
	'mul' operation 16 bit of DSP[67] ('mul_ln22', matrix_mult.cpp:22) [66]  (1.050 ns)

 <State 4>: 1.050ns
The critical path consists of the following:
	'mul' operation 16 bit of DSP[67] ('mul_ln22', matrix_mult.cpp:22) [66]  (1.050 ns)

 <State 5>: 2.905ns
The critical path consists of the following:
	'load' operation 16 bit ('p_load') on local variable 'empty' [32]  (0.000 ns)
	'select' operation 16 bit ('p_mid2', matrix_mult.cpp:15) [43]  (0.805 ns)
	'add' operation 16 bit of DSP[67] ('add_ln22', matrix_mult.cpp:22) [67]  (2.100 ns)

 <State 6>: 6.593ns
The critical path consists of the following:
	'add' operation 16 bit of DSP[67] ('add_ln22', matrix_mult.cpp:22) [67]  (2.100 ns)
	'store' operation ('store_ln22', matrix_mult.cpp:22) of variable 'add_ln22', matrix_mult.cpp:22 16 bit on local variable 'empty' [80]  (1.588 ns)
	'load' operation 16 bit ('p_load') on local variable 'empty' [32]  (0.000 ns)
	'select' operation 16 bit ('p_mid2', matrix_mult.cpp:15) [43]  (0.805 ns)
	'add' operation 16 bit of DSP[67] ('add_ln22', matrix_mult.cpp:22) [67]  (2.100 ns)


============================================================
+ Verbose Summary: Binding
============================================================
N/A
* FSMD analyzer results:
  - Output states:
 - Input state : 
  - Chain level:
	State 1
	State 2
	State 3
	State 4
	State 5
	State 6


============================================================
+ Verbose Summary: Datapath Resource usage 
============================================================
N/A
