

================================================================
== Vitis HLS Report for 'matrix_mult'
================================================================
* Date:           Tue May 26 23:56:04 2026

* Version:        2025.2 (Build 6295257 on Nov 14 2025)
* Project:        matrix_mult_automation_prj
* Solution:       Solution2 (Vivado IP Flow Target)
* Product family: zynq
* Target device:  xc7z010-clg400-1


================================================================
== Performance Estimates
================================================================
+ Timing: 
    * Summary: 
    +--------+----------+----------+------------+
    |  Clock |  Target  | Estimated| Uncertainty|
    +--------+----------+----------+------------+
    |ap_clk  |  10.00 ns|  7.014 ns|     2.70 ns|
    +--------+----------+----------+------------+

+ Latency: 
    * Summary: 
    +---------+---------+----------+----------+-----+-----+------------------------------------------------+
    |  Latency (cycles) |  Latency (absolute) |  Interval |                    Pipeline                    |
    |   min   |   max   |    min   |    max   | min | max |                      Type                      |
    +---------+---------+----------+----------+-----+-----+------------------------------------------------+
    |      131|      131|  1.310 us|  1.310 us|  129|  129|  loop auto-rewind stp (delay=4 clock cycles(s))|
    +---------+---------+----------+----------+-----+-----+------------------------------------------------+

    + Detail: 
        * Instance: 
        N/A

        * Loop: 
        +-------------------+---------+---------+----------+-----------+-----------+------+----------+
        |                   |  Latency (cycles) | Iteration|  Initiation Interval  | Trip |          |
        |     Loop Name     |   min   |   max   |  Latency |  achieved |   target  | Count| Pipelined|
        +-------------------+---------+---------+----------+-----------+-----------+------+----------+
        |- Row_Col_Product  |      129|      129|         6|          1|          1|   125|       yes|
        +-------------------+---------+---------+----------+-----------+-----------+------+----------+

============================================================
+ Verbose Summary: Synthesis Manager
============================================================
InlineROM: 1
ExposeGlobal: 0
============================================================
+ Verbose Summary: CDFG Model
============================================================
IsTopModel: 1
ResetActiveHigh: 1
IsCombinational: 2
IsDatapathOnly: 0
HasWiredReturn: 1
HasMFsm: 2
HasVarLatency: 1
IsPipeline: 0
IsRtlPipelined: 0
IsInstanceOverlapped: 0
IsDontTouch: 0
HasImplIP: 0
IsGatedGlobalClock: 0

+ Individual pipeline summary: 
  * Pipeline-0: initiation interval (II) = 1, depth = 6


============================================================
+ Verbose Summary: Schedule
============================================================
* Number of FSM states : 6
* Pipeline : 1
  Pipeline-0 : II = 1, D = 6, States = { 1 2 3 4 5 6 }
* Dataflow Pipeline: 0

* FSM state transitions: 
1 --> 2 
2 --> 3 
3 --> 4 
4 --> 5 
5 --> 6 
6 --> 

* FSM state operations: 

State 1 <SV = 0> <Delay = 1.58>
ST_1 : Operation 9 [1/1] (0.00ns)   --->   "%indvar_flatten131 = alloca i32 1"   --->   Operation 9 'alloca' 'indvar_flatten131' <Predicate = true> <Delay = 0.00>
ST_1 : Operation 10 [1/1] (0.00ns)   --->   "%i = alloca i32 1" [matrix_mult.cpp:15]   --->   Operation 10 'alloca' 'i' <Predicate = true> <Delay = 0.00>
ST_1 : Operation 11 [1/1] (0.00ns)   --->   "%indvar_flatten3 = alloca i32 1"   --->   Operation 11 'alloca' 'indvar_flatten3' <Predicate = true> <Delay = 0.00>
ST_1 : Operation 12 [1/1] (0.00ns)   --->   "%j = alloca i32 1" [matrix_mult.cpp:17]   --->   Operation 12 'alloca' 'j' <Predicate = true> <Delay = 0.00>
ST_1 : Operation 13 [1/1] (0.00ns)   --->   "%k = alloca i32 1" [matrix_mult.cpp:20]   --->   Operation 13 'alloca' 'k' <Predicate = true> <Delay = 0.00>
ST_1 : Operation 14 [1/1] (0.00ns)   --->   "%empty = alloca i32 1"   --->   Operation 14 'alloca' 'empty' <Predicate = true> <Delay = 0.00>
ST_1 : Operation 15 [1/1] (0.00ns)   --->   "%spectopmodule_ln10 = spectopmodule void @_ssdm_op_SpecTopModule, void @empty_1" [matrix_mult.cpp:10]   --->   Operation 15 'spectopmodule' 'spectopmodule_ln10' <Predicate = true> <Delay = 0.00>
ST_1 : Operation 16 [1/1] (0.00ns)   --->   "%specinterface_ln0 = specinterface void @_ssdm_op_SpecInterface, i8 %a, void @empty, i32 0, i32 0, void @empty_0, i32 4294967295, i32 0, void @empty_0, void @empty_0, void @empty_0, i32 0, i32 0, i32 0, i32 0, void @empty_0, void @empty_0, i32 4294967295, i32 0, i32 0, i32 0"   --->   Operation 16 'specinterface' 'specinterface_ln0' <Predicate = true> <Delay = 0.00>
ST_1 : Operation 17 [1/1] (0.00ns)   --->   "%specbitsmap_ln0 = specbitsmap void @_ssdm_op_SpecBitsMap, i8 %a"   --->   Operation 17 'specbitsmap' 'specbitsmap_ln0' <Predicate = true> <Delay = 0.00>
ST_1 : Operation 18 [1/1] (0.00ns)   --->   "%specinterface_ln0 = specinterface void @_ssdm_op_SpecInterface, i8 %b, void @empty, i32 0, i32 0, void @empty_0, i32 4294967295, i32 0, void @empty_0, void @empty_0, void @empty_0, i32 0, i32 0, i32 0, i32 0, void @empty_0, void @empty_0, i32 4294967295, i32 0, i32 0, i32 0"   --->   Operation 18 'specinterface' 'specinterface_ln0' <Predicate = true> <Delay = 0.00>
ST_1 : Operation 19 [1/1] (0.00ns)   --->   "%specbitsmap_ln0 = specbitsmap void @_ssdm_op_SpecBitsMap, i8 %b"   --->   Operation 19 'specbitsmap' 'specbitsmap_ln0' <Predicate = true> <Delay = 0.00>
ST_1 : Operation 20 [1/1] (0.00ns)   --->   "%specinterface_ln0 = specinterface void @_ssdm_op_SpecInterface, i16 %prod, void @empty, i32 0, i32 0, void @empty_0, i32 4294967295, i32 0, void @empty_0, void @empty_0, void @empty_0, i32 0, i32 0, i32 0, i32 0, void @empty_0, void @empty_0, i32 4294967295, i32 0, i32 0, i32 0"   --->   Operation 20 'specinterface' 'specinterface_ln0' <Predicate = true> <Delay = 0.00>
ST_1 : Operation 21 [1/1] (0.00ns)   --->   "%specbitsmap_ln0 = specbitsmap void @_ssdm_op_SpecBitsMap, i16 %prod"   --->   Operation 21 'specbitsmap' 'specbitsmap_ln0' <Predicate = true> <Delay = 0.00>
ST_1 : Operation 22 [1/1] (1.58ns)   --->   "%store_ln0 = store i16 0, i16 %empty"   --->   Operation 22 'store' 'store_ln0' <Predicate = true> <Delay = 1.58>
ST_1 : Operation 23 [1/1] (1.58ns)   --->   "%store_ln20 = store i3 0, i3 %k" [matrix_mult.cpp:20]   --->   Operation 23 'store' 'store_ln20' <Predicate = true> <Delay = 1.58>
ST_1 : Operation 24 [1/1] (1.58ns)   --->   "%store_ln17 = store i3 0, i3 %j" [matrix_mult.cpp:17]   --->   Operation 24 'store' 'store_ln17' <Predicate = true> <Delay = 1.58>
ST_1 : Operation 25 [1/1] (1.58ns)   --->   "%store_ln0 = store i6 0, i6 %indvar_flatten3"   --->   Operation 25 'store' 'store_ln0' <Predicate = true> <Delay = 1.58>
ST_1 : Operation 26 [1/1] (1.58ns)   --->   "%store_ln15 = store i3 0, i3 %i" [matrix_mult.cpp:15]   --->   Operation 26 'store' 'store_ln15' <Predicate = true> <Delay = 1.58>
ST_1 : Operation 27 [1/1] (1.58ns)   --->   "%store_ln0 = store i7 0, i7 %indvar_flatten131"   --->   Operation 27 'store' 'store_ln0' <Predicate = true> <Delay = 1.58>
ST_1 : Operation 28 [1/1] (1.58ns)   --->   "%br_ln0 = br void %for.inc29"   --->   Operation 28 'br' 'br_ln0' <Predicate = true> <Delay = 1.58>

State 2 <SV = 1> <Delay = 7.01>
ST_2 : Operation 29 [1/1] (0.00ns)   --->   "%icmp_ln177 = phi i1 0, void %entry, i1 %icmp_ln17, void %new.latch.for.inc.split" [matrix_mult.cpp:17]   --->   Operation 29 'phi' 'icmp_ln177' <Predicate = true> <Delay = 0.00>
ST_2 : Operation 30 [1/1] (0.00ns)   --->   "%icmp_ln206 = phi i1 0, void %entry, i1 %icmp_ln20, void %new.latch.for.inc.split" [matrix_mult.cpp:20]   --->   Operation 30 'phi' 'icmp_ln206' <Predicate = true> <Delay = 0.00>
ST_2 : Operation 31 [1/1] (0.00ns)   --->   "%indvar_flatten131_load = load i7 %indvar_flatten131" [matrix_mult.cpp:15]   --->   Operation 31 'load' 'indvar_flatten131_load' <Predicate = true> <Delay = 0.00>
ST_2 : Operation 32 [1/1] (0.00ns)   --->   "%i_1 = load i3 %i" [matrix_mult.cpp:15]   --->   Operation 32 'load' 'i_1' <Predicate = true> <Delay = 0.00>
ST_2 : Operation 33 [1/1] (0.00ns)   --->   "%indvar_flatten3_load = load i6 %indvar_flatten3" [matrix_mult.cpp:17]   --->   Operation 33 'load' 'indvar_flatten3_load' <Predicate = true> <Delay = 0.00>
ST_2 : Operation 34 [1/1] (0.00ns)   --->   "%j_1 = load i3 %j" [matrix_mult.cpp:15]   --->   Operation 34 'load' 'j_1' <Predicate = true> <Delay = 0.00>
ST_2 : Operation 35 [1/1] (0.00ns)   --->   "%k_1 = load i3 %k"   --->   Operation 35 'load' 'k_1' <Predicate = true> <Delay = 0.00>
ST_2 : Operation 36 [1/1] (1.65ns)   --->   "%add_ln15 = add i3 %i_1, i3 1" [matrix_mult.cpp:15]   --->   Operation 36 'add' 'add_ln15' <Predicate = true> <Delay = 1.65> <CoreInst = "Adder">   --->   Core 1 'Adder' <Latency = 0> <II = 1> <Delay = 1.65> <FuncUnit> <Opcode : 'add' 'sub'> <InPorts = 2> <OutPorts = 1>
ST_2 : Operation 37 [1/1] (0.98ns)   --->   "%select_ln15 = select i1 %icmp_ln177, i3 0, i3 %j_1" [matrix_mult.cpp:15]   --->   Operation 37 'select' 'select_ln15' <Predicate = true> <Delay = 0.98> <CoreInst = "Sel">   --->   Core 73 'Sel' <Latency = 0> <II = 1> <Delay = 0.98> <FuncUnit> <Opcode : 'select'> <InPorts = 3> <OutPorts = 1>
ST_2 : Operation 38 [1/1] (0.00ns) (grouped into LUT with out node and_ln15)   --->   "%xor_ln15 = xor i1 %icmp_ln177, i1 1" [matrix_mult.cpp:15]   --->   Operation 38 'xor' 'xor_ln15' <Predicate = true> <Delay = 0.00> <CoreInst = "LogicGate">   --->   Core 74 'LogicGate' <Latency = 0> <II = 1> <Delay = 0.97> <FuncUnit> <Opcode : 'and' 'or' 'xor'> <InPorts = 2> <OutPorts = 1>
ST_2 : Operation 39 [1/1] (0.97ns) (out node of the LUT)   --->   "%and_ln15 = and i1 %icmp_ln206, i1 %xor_ln15" [matrix_mult.cpp:15]   --->   Operation 39 'and' 'and_ln15' <Predicate = true> <Delay = 0.97> <CoreInst = "LogicGate">   --->   Core 74 'LogicGate' <Latency = 0> <II = 1> <Delay = 0.97> <FuncUnit> <Opcode : 'and' 'or' 'xor'> <InPorts = 2> <OutPorts = 1>
ST_2 : Operation 40 [1/1] (0.98ns)   --->   "%i_3 = select i1 %icmp_ln177, i3 %add_ln15, i3 %i_1" [matrix_mult.cpp:15]   --->   Operation 40 'select' 'i_3' <Predicate = true> <Delay = 0.98> <CoreInst = "Sel">   --->   Core 73 'Sel' <Latency = 0> <II = 1> <Delay = 0.98> <FuncUnit> <Opcode : 'select'> <InPorts = 3> <OutPorts = 1>
ST_2 : Operation 41 [1/1] (1.65ns)   --->   "%add_ln17 = add i3 %select_ln15, i3 1" [matrix_mult.cpp:17]   --->   Operation 41 'add' 'add_ln17' <Predicate = true> <Delay = 1.65> <CoreInst = "Adder">   --->   Core 1 'Adder' <Latency = 0> <II = 1> <Delay = 1.65> <FuncUnit> <Opcode : 'add' 'sub'> <InPorts = 2> <OutPorts = 1>
ST_2 : Operation 42 [1/1] (0.97ns)   --->   "%empty_5 = or i1 %and_ln15, i1 %icmp_ln177" [matrix_mult.cpp:15]   --->   Operation 42 'or' 'empty_5' <Predicate = true> <Delay = 0.97> <CoreInst = "LogicGate">   --->   Core 74 'LogicGate' <Latency = 0> <II = 1> <Delay = 0.97> <FuncUnit> <Opcode : 'and' 'or' 'xor'> <InPorts = 2> <OutPorts = 1>
ST_2 : Operation 43 [1/1] (0.98ns)   --->   "%k_mid2 = select i1 %empty_5, i3 0, i3 %k_1" [matrix_mult.cpp:15]   --->   Operation 43 'select' 'k_mid2' <Predicate = true> <Delay = 0.98> <CoreInst = "Sel">   --->   Core 73 'Sel' <Latency = 0> <II = 1> <Delay = 0.98> <FuncUnit> <Opcode : 'select'> <InPorts = 3> <OutPorts = 1>
ST_2 : Operation 44 [1/1] (0.98ns)   --->   "%j_3 = select i1 %and_ln15, i3 %add_ln17, i3 %select_ln15" [matrix_mult.cpp:17]   --->   Operation 44 'select' 'j_3' <Predicate = true> <Delay = 0.98> <CoreInst = "Sel">   --->   Core 73 'Sel' <Latency = 0> <II = 1> <Delay = 0.98> <FuncUnit> <Opcode : 'select'> <InPorts = 3> <OutPorts = 1>
ST_2 : Operation 45 [1/1] (0.00ns)   --->   "%zext_ln17 = zext i3 %i_3" [matrix_mult.cpp:17]   --->   Operation 45 'zext' 'zext_ln17' <Predicate = true> <Delay = 0.00>
ST_2 : Operation 46 [1/1] (0.00ns)   --->   "%tmp = bitconcatenate i5 @_ssdm_op_BitConcatenate.i5.i3.i2, i3 %i_3, i2 0" [matrix_mult.cpp:22]   --->   Operation 46 'bitconcatenate' 'tmp' <Predicate = true> <Delay = 0.00>
ST_2 : Operation 47 [1/1] (1.78ns)   --->   "%add_ln17_2 = add i5 %tmp, i5 %zext_ln17" [matrix_mult.cpp:17]   --->   Operation 47 'add' 'add_ln17_2' <Predicate = true> <Delay = 1.78> <CoreInst = "Adder">   --->   Core 1 'Adder' <Latency = 0> <II = 1> <Delay = 1.78> <FuncUnit> <Opcode : 'add' 'sub'> <InPorts = 2> <OutPorts = 1>
ST_2 : Operation 48 [1/1] (0.00ns)   --->   "%zext_ln22_2 = zext i3 %j_3" [matrix_mult.cpp:22]   --->   Operation 48 'zext' 'zext_ln22_2' <Predicate = true> <Delay = 0.00>
ST_2 : Operation 49 [1/1] (1.78ns)   --->   "%add_ln22_1 = add i5 %add_ln17_2, i5 %zext_ln22_2" [matrix_mult.cpp:22]   --->   Operation 49 'add' 'add_ln22_1' <Predicate = true> <Delay = 1.78> <CoreInst = "Adder">   --->   Core 1 'Adder' <Latency = 0> <II = 1> <Delay = 1.78> <FuncUnit> <Opcode : 'add' 'sub'> <InPorts = 2> <OutPorts = 1>
ST_2 : Operation 50 [1/1] (0.00ns)   --->   "%zext_ln22_4 = zext i3 %k_mid2" [matrix_mult.cpp:22]   --->   Operation 50 'zext' 'zext_ln22_4' <Predicate = true> <Delay = 0.00>
ST_2 : Operation 51 [1/1] (1.78ns)   --->   "%add_ln22_2 = add i5 %add_ln17_2, i5 %zext_ln22_4" [matrix_mult.cpp:22]   --->   Operation 51 'add' 'add_ln22_2' <Predicate = true> <Delay = 1.78> <CoreInst = "Adder">   --->   Core 1 'Adder' <Latency = 0> <II = 1> <Delay = 1.78> <FuncUnit> <Opcode : 'add' 'sub'> <InPorts = 2> <OutPorts = 1>
ST_2 : Operation 52 [1/1] (0.00ns)   --->   "%zext_ln22_5 = zext i5 %add_ln22_2" [matrix_mult.cpp:22]   --->   Operation 52 'zext' 'zext_ln22_5' <Predicate = true> <Delay = 0.00>
ST_2 : Operation 53 [1/1] (0.00ns)   --->   "%a_addr = getelementptr i8 %a, i64 0, i64 %zext_ln22_5" [matrix_mult.cpp:22]   --->   Operation 53 'getelementptr' 'a_addr' <Predicate = true> <Delay = 0.00>
ST_2 : Operation 54 [1/1] (0.00ns)   --->   "%tmp_1 = bitconcatenate i5 @_ssdm_op_BitConcatenate.i5.i3.i2, i3 %k_mid2, i2 0" [matrix_mult.cpp:22]   --->   Operation 54 'bitconcatenate' 'tmp_1' <Predicate = true> <Delay = 0.00>
ST_2 : Operation 55 [1/1] (0.00ns) (grouped into TernaryAdder)   --->   "%add_ln22_4 = add i5 %tmp_1, i5 %zext_ln22_4" [matrix_mult.cpp:22]   --->   Operation 55 'add' 'add_ln22_4' <Predicate = true> <Delay = 0.00> <CoreInst = "TAddSub">   --->   Core 10 'TAddSub' <Latency = 0> <II = 1> <Delay = 1.70> <IPBlock> <Opcode : 'add' 'sub'> <InPorts = 3> <OutPorts = 1> <Sync> <CReg>
ST_2 : Operation 56 [1/1] (3.40ns) (root node of TernaryAdder)   --->   "%add_ln22_3 = add i5 %add_ln22_4, i5 %zext_ln22_2" [matrix_mult.cpp:22]   --->   Operation 56 'add' 'add_ln22_3' <Predicate = true> <Delay = 3.40> <CoreInst = "TAddSub">   --->   Core 10 'TAddSub' <Latency = 0> <II = 1> <Delay = 1.70> <IPBlock> <Opcode : 'add' 'sub'> <InPorts = 3> <OutPorts = 1> <Sync> <CReg>
ST_2 : Operation 57 [1/1] (0.00ns)   --->   "%zext_ln22_6 = zext i5 %add_ln22_3" [matrix_mult.cpp:22]   --->   Operation 57 'zext' 'zext_ln22_6' <Predicate = true> <Delay = 0.00>
ST_2 : Operation 58 [1/1] (0.00ns)   --->   "%b_addr = getelementptr i8 %b, i64 0, i64 %zext_ln22_6" [matrix_mult.cpp:22]   --->   Operation 58 'getelementptr' 'b_addr' <Predicate = true> <Delay = 0.00>
ST_2 : Operation 59 [2/2] (0.00ns)   --->   "%a_load = load i5 %a_addr" [matrix_mult.cpp:22]   --->   Operation 59 'load' 'a_load' <Predicate = true> <Delay = 0.00> <CoreInst = "RAM">   --->   Core 81 'RAM' <Latency = 1> <II = 1> <Delay = 2.32> <Storage> <Opcode : 'load' 'store'> <Ports = 2> <Width = 8> <Depth = 25> <RAM>
ST_2 : Operation 60 [2/2] (0.00ns)   --->   "%b_load = load i5 %b_addr" [matrix_mult.cpp:22]   --->   Operation 60 'load' 'b_load' <Predicate = true> <Delay = 0.00> <CoreInst = "RAM">   --->   Core 81 'RAM' <Latency = 1> <II = 1> <Delay = 2.32> <Storage> <Opcode : 'load' 'store'> <Ports = 2> <Width = 8> <Depth = 25> <RAM>
ST_2 : Operation 61 [1/1] (1.65ns)   --->   "%k_3 = add i3 %k_mid2, i3 1" [matrix_mult.cpp:20]   --->   Operation 61 'add' 'k_3' <Predicate = true> <Delay = 1.65> <CoreInst = "Adder">   --->   Core 1 'Adder' <Latency = 0> <II = 1> <Delay = 1.65> <FuncUnit> <Opcode : 'add' 'sub'> <InPorts = 2> <OutPorts = 1>
ST_2 : Operation 62 [1/1] (1.65ns)   --->   "%icmp_ln20 = icmp_eq  i3 %k_3, i3 5" [matrix_mult.cpp:20]   --->   Operation 62 'icmp' 'icmp_ln20' <Predicate = true> <Delay = 1.65> <CoreInst = "Cmp">   --->   Core 9 'Cmp' <Latency = 0> <II = 1> <Delay = 1.65> <FuncUnit> <Opcode : 'seteq' 'setne' 'setle' 'setge' 'setlt' 'setgt'> <InPorts = 2> <OutPorts = 1>
ST_2 : Operation 63 [1/1] (1.87ns)   --->   "%add_ln15_1 = add i7 %indvar_flatten131_load, i7 1" [matrix_mult.cpp:15]   --->   Operation 63 'add' 'add_ln15_1' <Predicate = true> <Delay = 1.87> <CoreInst = "Adder">   --->   Core 1 'Adder' <Latency = 0> <II = 1> <Delay = 1.87> <FuncUnit> <Opcode : 'add' 'sub'> <InPorts = 2> <OutPorts = 1>
ST_2 : Operation 64 [1/1] (0.00ns)   --->   "%br_ln20 = br i1 %icmp_ln20, void %new.latch.for.inc.split, void %last.iter.for.inc.split" [matrix_mult.cpp:20]   --->   Operation 64 'br' 'br_ln20' <Predicate = true> <Delay = 0.00>
ST_2 : Operation 65 [1/1] (1.82ns)   --->   "%add_ln17_1 = add i6 %indvar_flatten3_load, i6 1" [matrix_mult.cpp:17]   --->   Operation 65 'add' 'add_ln17_1' <Predicate = true> <Delay = 1.82> <CoreInst = "Adder">   --->   Core 1 'Adder' <Latency = 0> <II = 1> <Delay = 1.82> <FuncUnit> <Opcode : 'add' 'sub'> <InPorts = 2> <OutPorts = 1>
ST_2 : Operation 66 [1/1] (1.18ns)   --->   "%select_ln17_1 = select i1 %icmp_ln177, i6 1, i6 %add_ln17_1" [matrix_mult.cpp:17]   --->   Operation 66 'select' 'select_ln17_1' <Predicate = true> <Delay = 1.18> <CoreInst = "Sel">   --->   Core 73 'Sel' <Latency = 0> <II = 1> <Delay = 1.18> <FuncUnit> <Opcode : 'select'> <InPorts = 3> <OutPorts = 1>
ST_2 : Operation 67 [1/1] (1.82ns)   --->   "%icmp_ln17 = icmp_eq  i6 %select_ln17_1, i6 25" [matrix_mult.cpp:17]   --->   Operation 67 'icmp' 'icmp_ln17' <Predicate = true> <Delay = 1.82> <CoreInst = "Cmp">   --->   Core 9 'Cmp' <Latency = 0> <II = 1> <Delay = 1.82> <FuncUnit> <Opcode : 'seteq' 'setne' 'setle' 'setge' 'setlt' 'setgt'> <InPorts = 2> <OutPorts = 1>
ST_2 : Operation 68 [1/1] (1.87ns)   --->   "%icmp_ln15 = icmp_eq  i7 %indvar_flatten131_load, i7 124" [matrix_mult.cpp:15]   --->   Operation 68 'icmp' 'icmp_ln15' <Predicate = true> <Delay = 1.87> <CoreInst = "Cmp">   --->   Core 9 'Cmp' <Latency = 0> <II = 1> <Delay = 1.87> <FuncUnit> <Opcode : 'seteq' 'setne' 'setle' 'setge' 'setlt' 'setgt'> <InPorts = 2> <OutPorts = 1>
ST_2 : Operation 69 [1/1] (1.58ns)   --->   "%store_ln20 = store i3 %k_3, i3 %k" [matrix_mult.cpp:20]   --->   Operation 69 'store' 'store_ln20' <Predicate = true> <Delay = 1.58>
ST_2 : Operation 70 [1/1] (1.58ns)   --->   "%store_ln17 = store i3 %j_3, i3 %j" [matrix_mult.cpp:17]   --->   Operation 70 'store' 'store_ln17' <Predicate = true> <Delay = 1.58>
ST_2 : Operation 71 [1/1] (1.58ns)   --->   "%store_ln17 = store i6 %select_ln17_1, i6 %indvar_flatten3" [matrix_mult.cpp:17]   --->   Operation 71 'store' 'store_ln17' <Predicate = true> <Delay = 1.58>
ST_2 : Operation 72 [1/1] (1.58ns)   --->   "%store_ln15 = store i3 %i_3, i3 %i" [matrix_mult.cpp:15]   --->   Operation 72 'store' 'store_ln15' <Predicate = true> <Delay = 1.58>
ST_2 : Operation 73 [1/1] (1.58ns)   --->   "%store_ln15 = store i7 %add_ln15_1, i7 %indvar_flatten131" [matrix_mult.cpp:15]   --->   Operation 73 'store' 'store_ln15' <Predicate = true> <Delay = 1.58>
ST_2 : Operation 74 [1/1] (0.00ns)   --->   "%br_ln15 = br i1 %icmp_ln15, void %for.inc29, void %for.end31" [matrix_mult.cpp:15]   --->   Operation 74 'br' 'br_ln15' <Predicate = true> <Delay = 0.00>

State 3 <SV = 2> <Delay = 1.05>
ST_3 : Operation 75 [1/2] ( I:0.00ns O:0.00ns )   --->   "%a_load = load i5 %a_addr" [matrix_mult.cpp:22]   --->   Operation 75 'load' 'a_load' <Predicate = true> <Delay = 0.00> <CoreInst = "RAM">   --->   Core 81 'RAM' <Latency = 1> <II = 1> <Delay = 2.32> <Storage> <Opcode : 'load' 'store'> <Ports = 2> <Width = 8> <Depth = 25> <RAM>
ST_3 : Operation 76 [1/1] (0.00ns)   --->   "%zext_ln22 = zext i8 %a_load" [matrix_mult.cpp:22]   --->   Operation 76 'zext' 'zext_ln22' <Predicate = true> <Delay = 0.00>
ST_3 : Operation 77 [1/2] ( I:0.00ns O:0.00ns )   --->   "%b_load = load i5 %b_addr" [matrix_mult.cpp:22]   --->   Operation 77 'load' 'b_load' <Predicate = true> <Delay = 0.00> <CoreInst = "RAM">   --->   Core 81 'RAM' <Latency = 1> <II = 1> <Delay = 2.32> <Storage> <Opcode : 'load' 'store'> <Ports = 2> <Width = 8> <Depth = 25> <RAM>
ST_3 : Operation 78 [1/1] (0.00ns)   --->   "%zext_ln22_1 = zext i8 %b_load" [matrix_mult.cpp:22]   --->   Operation 78 'zext' 'zext_ln22_1' <Predicate = true> <Delay = 0.00>
ST_3 : Operation 79 [3/3] (1.05ns) (grouped into DSP with root node add_ln22)   --->   "%mul_ln22 = mul i16 %zext_ln22_1, i16 %zext_ln22" [matrix_mult.cpp:22]   --->   Operation 79 'mul' 'mul_ln22' <Predicate = true> <Delay = 1.05> <CoreInst = "DSP48">   --->   Core 116 'DSP48' <Latency = 3> <II = 1> <Delay = 2.15> <IPBlock> <Opcode : 'add' 'sub' 'mul' 'select'> <InPorts = 0> <OutPorts = 1> <Sync> <CReg>

State 4 <SV = 3> <Delay = 1.05>
ST_4 : Operation 80 [2/3] (1.05ns) (grouped into DSP with root node add_ln22)   --->   "%mul_ln22 = mul i16 %zext_ln22_1, i16 %zext_ln22" [matrix_mult.cpp:22]   --->   Operation 80 'mul' 'mul_ln22' <Predicate = true> <Delay = 1.05> <CoreInst = "DSP48">   --->   Core 116 'DSP48' <Latency = 3> <II = 1> <Delay = 2.15> <IPBlock> <Opcode : 'add' 'sub' 'mul' 'select'> <InPorts = 0> <OutPorts = 1> <Sync> <CReg>

State 5 <SV = 4> <Delay = 2.90>
ST_5 : Operation 81 [1/1] (0.00ns)   --->   "%p_load = load i16 %empty"   --->   Operation 81 'load' 'p_load' <Predicate = (!empty_5)> <Delay = 0.00>
ST_5 : Operation 82 [1/1] (0.80ns)   --->   "%p_mid2 = select i1 %empty_5, i16 0, i16 %p_load" [matrix_mult.cpp:15]   --->   Operation 82 'select' 'p_mid2' <Predicate = true> <Delay = 0.80> <CoreInst = "Sel">   --->   Core 73 'Sel' <Latency = 0> <II = 1> <Delay = 0.80> <FuncUnit> <Opcode : 'select'> <InPorts = 3> <OutPorts = 1>
ST_5 : Operation 83 [1/3] (0.00ns) (grouped into DSP with root node add_ln22)   --->   "%mul_ln22 = mul i16 %zext_ln22_1, i16 %zext_ln22" [matrix_mult.cpp:22]   --->   Operation 83 'mul' 'mul_ln22' <Predicate = true> <Delay = 0.00> <CoreInst = "DSP48">   --->   Core 116 'DSP48' <Latency = 3> <II = 1> <Delay = 2.15> <IPBlock> <Opcode : 'add' 'sub' 'mul' 'select'> <InPorts = 0> <OutPorts = 1> <Sync> <CReg>
ST_5 : Operation 84 [2/2] (2.10ns) (root node of the DSP)   --->   "%add_ln22 = add i16 %mul_ln22, i16 %p_mid2" [matrix_mult.cpp:22]   --->   Operation 84 'add' 'add_ln22' <Predicate = true> <Delay = 2.10> <CoreInst = "DSP48">   --->   Core 116 'DSP48' <Latency = 3> <II = 1> <Delay = 2.15> <IPBlock> <Opcode : 'add' 'sub' 'mul' 'select'> <InPorts = 0> <OutPorts = 1> <Sync> <CReg>

State 6 <SV = 5> <Delay = 6.59>
ST_6 : Operation 85 [1/1] (0.00ns)   --->   "%specloopname_ln0 = specloopname void @_ssdm_op_SpecLoopName, void @Row_Col_Product_str"   --->   Operation 85 'specloopname' 'specloopname_ln0' <Predicate = true> <Delay = 0.00>
ST_6 : Operation 86 [1/1] (0.00ns)   --->   "%speclooptripcount_ln0 = speclooptripcount void @_ssdm_op_SpecLoopTripCount, i64 125, i64 125, i64 125"   --->   Operation 86 'speclooptripcount' 'speclooptripcount_ln0' <Predicate = true> <Delay = 0.00>
ST_6 : Operation 87 [1/1] (0.00ns)   --->   "%zext_ln22_3 = zext i5 %add_ln22_1" [matrix_mult.cpp:22]   --->   Operation 87 'zext' 'zext_ln22_3' <Predicate = true> <Delay = 0.00>
ST_6 : Operation 88 [1/1] (0.00ns)   --->   "%prod_addr = getelementptr i16 %prod, i64 0, i64 %zext_ln22_3" [matrix_mult.cpp:22]   --->   Operation 88 'getelementptr' 'prod_addr' <Predicate = true> <Delay = 0.00>
ST_6 : Operation 89 [1/1] (0.00ns)   --->   "%specpipeline_ln29 = specpipeline void @_ssdm_op_SpecPipeline, i32 1, i32 0, i32 0, i32 0, i32 4294967295, void @empty_0" [D:/Semester_6/HWSW/TCL_LAB3/script.tcl:29]   --->   Operation 89 'specpipeline' 'specpipeline_ln29' <Predicate = true> <Delay = 0.00>
ST_6 : Operation 90 [1/2] (2.10ns) (root node of the DSP)   --->   "%add_ln22 = add i16 %mul_ln22, i16 %p_mid2" [matrix_mult.cpp:22]   --->   Operation 90 'add' 'add_ln22' <Predicate = true> <Delay = 2.10> <CoreInst = "DSP48">   --->   Core 116 'DSP48' <Latency = 3> <II = 1> <Delay = 2.15> <IPBlock> <Opcode : 'add' 'sub' 'mul' 'select'> <InPorts = 0> <OutPorts = 1> <Sync> <CReg>
ST_6 : Operation 91 [1/1] ( I:0.00ns O:0.00ns )   --->   "%store_ln22 = store i16 %add_ln22, i5 %prod_addr" [matrix_mult.cpp:22]   --->   Operation 91 'store' 'store_ln22' <Predicate = (icmp_ln20)> <Delay = 0.00> <CoreInst = "RAM">   --->   Core 81 'RAM' <Latency = 1> <II = 1> <Delay = 2.32> <Storage> <Opcode : 'load' 'store'> <Ports = 2> <Width = 16> <Depth = 25> <RAM>
ST_6 : Operation 92 [1/1] (0.00ns)   --->   "%br_ln20 = br void %new.latch.for.inc.split" [matrix_mult.cpp:20]   --->   Operation 92 'br' 'br_ln20' <Predicate = (icmp_ln20)> <Delay = 0.00>
ST_6 : Operation 93 [1/1] (1.58ns)   --->   "%store_ln22 = store i16 %add_ln22, i16 %empty" [matrix_mult.cpp:22]   --->   Operation 93 'store' 'store_ln22' <Predicate = true> <Delay = 1.58>
ST_6 : Operation 94 [1/1] (1.58ns)   --->   "%ret_ln26 = ret" [matrix_mult.cpp:26]   --->   Operation 94 'ret' 'ret_ln26' <Predicate = (icmp_ln15)> <Delay = 1.58>


============================================================
+ Verbose Summary: Binding
============================================================
STG Binding: 
---------------- STG Properties BEGIN ----------------
- Is combinational: 0
- Is one-state seq: 0
- Is datapath-only: 0
- Is pipelined: 0
- Is top level: 1
Port [ Return ] is wired: 1; IO mode=ap_ctrl_hs:ce=0
Port [ a]:  wired=1; compound=1; hidden=0; nouse=0; global=0; static=0; extern=0; dir=0; type=1; pingpong=0; private_global=0; MemPort=[13]; IO mode=ap_memory:ce=0
Port [ b]:  wired=1; compound=1; hidden=0; nouse=0; global=0; static=0; extern=0; dir=0; type=1; pingpong=0; private_global=0; MemPort=[13]; IO mode=ap_memory:ce=0
Port [ prod]:  wired=1; compound=1; hidden=0; nouse=0; global=0; static=0; extern=0; dir=1; type=1; pingpong=0; private_global=0; MemPort=[03]; IO mode=ap_memory:ce=0
---------------- STG Properties END ------------------

---------------- Datapath Model BEGIN ----------------

<LifeTime>
<method=bitvector/>
indvar_flatten131      (alloca           ) [ 0110000]
i                      (alloca           ) [ 0110000]
indvar_flatten3        (alloca           ) [ 0110000]
j                      (alloca           ) [ 0110000]
k                      (alloca           ) [ 0110000]
empty                  (alloca           ) [ 0111111]
spectopmodule_ln10     (spectopmodule    ) [ 0000000]
specinterface_ln0      (specinterface    ) [ 0000000]
specbitsmap_ln0        (specbitsmap      ) [ 0000000]
specinterface_ln0      (specinterface    ) [ 0000000]
specbitsmap_ln0        (specbitsmap      ) [ 0000000]
specinterface_ln0      (specinterface    ) [ 0000000]
specbitsmap_ln0        (specbitsmap      ) [ 0000000]
store_ln0              (store            ) [ 0000000]
store_ln20             (store            ) [ 0000000]
store_ln17             (store            ) [ 0000000]
store_ln0              (store            ) [ 0000000]
store_ln15             (store            ) [ 0000000]
store_ln0              (store            ) [ 0000000]
br_ln0                 (br               ) [ 0110000]
icmp_ln177             (phi              ) [ 0110000]
icmp_ln206             (phi              ) [ 0110000]
indvar_flatten131_load (load             ) [ 0000000]
i_1                    (load             ) [ 0000000]
indvar_flatten3_load   (load             ) [ 0000000]
j_1                    (load             ) [ 0000000]
k_1                    (load             ) [ 0000000]
add_ln15               (add              ) [ 0000000]
select_ln15            (select           ) [ 0000000]
xor_ln15               (xor              ) [ 0000000]
and_ln15               (and              ) [ 0000000]
i_3                    (select           ) [ 0000000]
add_ln17               (add              ) [ 0000000]
empty_5                (or               ) [ 0101110]
k_mid2                 (select           ) [ 0000000]
j_3                    (select           ) [ 0000000]
zext_ln17              (zext             ) [ 0000000]
tmp                    (bitconcatenate   ) [ 0000000]
add_ln17_2             (add              ) [ 0000000]
zext_ln22_2            (zext             ) [ 0000000]
add_ln22_1             (add              ) [ 0101111]
zext_ln22_4            (zext             ) [ 0000000]
add_ln22_2             (add              ) [ 0000000]
zext_ln22_5            (zext             ) [ 0000000]
a_addr                 (getelementptr    ) [ 0101000]
tmp_1                  (bitconcatenate   ) [ 0000000]
add_ln22_4             (add              ) [ 0000000]
add_ln22_3             (add              ) [ 0000000]
zext_ln22_6            (zext             ) [ 0000000]
b_addr                 (getelementptr    ) [ 0101000]
k_3                    (add              ) [ 0000000]
icmp_ln20              (icmp             ) [ 0111111]
add_ln15_1             (add              ) [ 0000000]
br_ln20                (br               ) [ 0000000]
add_ln17_1             (add              ) [ 0000000]
select_ln17_1          (select           ) [ 0000000]
icmp_ln17              (icmp             ) [ 0110000]
icmp_ln15              (icmp             ) [ 0111111]
store_ln20             (store            ) [ 0000000]
store_ln17             (store            ) [ 0000000]
store_ln17             (store            ) [ 0000000]
store_ln15             (store            ) [ 0000000]
store_ln15             (store            ) [ 0000000]
br_ln15                (br               ) [ 0110000]
a_load                 (load             ) [ 0000000]
zext_ln22              (zext             ) [ 0100110]
b_load                 (load             ) [ 0000000]
zext_ln22_1            (zext             ) [ 0100110]
p_load                 (load             ) [ 0000000]
p_mid2                 (select           ) [ 0100001]
mul_ln22               (mul              ) [ 0100001]
specloopname_ln0       (specloopname     ) [ 0000000]
speclooptripcount_ln0  (speclooptripcount) [ 0000000]
zext_ln22_3            (zext             ) [ 0000000]
prod_addr              (getelementptr    ) [ 0000000]
specpipeline_ln29      (specpipeline     ) [ 0000000]
add_ln22               (add              ) [ 0000000]
store_ln22             (store            ) [ 0000000]
br_ln20                (br               ) [ 0000000]
store_ln22             (store            ) [ 0000000]
ret_ln26               (ret              ) [ 0000000]
</LifeTime>

<model>

<comp_list>
<comp id="0" class="1000" name="a">
<pin_list>
<pin id="1" dir="1" index="0" bw="1" slack="0"/>
</pin_list>
<bind>
<StgValue><ssdm name="a"/><MemPortTyVec>1 3 </MemPortTyVec>
</StgValue>
</bind>
</comp>

<comp id="2" class="1000" name="b">
<pin_list>
<pin id="3" dir="1" index="0" bw="1" slack="0"/>
</pin_list>
<bind>
<StgValue><ssdm name="b"/><MemPortTyVec>1 3 </MemPortTyVec>
</StgValue>
</bind>
</comp>

<comp id="4" class="1000" name="prod">
<pin_list>
<pin id="5" dir="1" index="0" bw="1" slack="0"/>
</pin_list>
<bind>
<StgValue><ssdm name="prod"/><MemPortTyVec>0 3 </MemPortTyVec>
</StgValue>
</bind>
</comp>

<comp id="6" class="1001" name="const_6">
<pin_list>
<pin id="7" dir="1" index="0" bw="1" slack="0"/>
</pin_list>
<bind>
<StgValue><ssdm name=""/></StgValue>
</bind>
</comp>

<comp id="8" class="1001" name="const_8">
<pin_list>
<pin id="9" dir="1" index="0" bw="1" slack="2147483647"/>
</pin_list>
<bind>
<StgValue><ssdm name="_ssdm_op_SpecTopModule"/></StgValue>
</bind>
</comp>

<comp id="10" class="1001" name="const_10">
<pin_list>
<pin id="11" dir="1" index="0" bw="1" slack="2147483647"/>
</pin_list>
<bind>
<StgValue><ssdm name="empty_1"/></StgValue>
</bind>
</comp>

<comp id="12" class="1001" name="const_12">
<pin_list>
<pin id="13" dir="1" index="0" bw="1" slack="2147483647"/>
</pin_list>
<bind>
<StgValue><ssdm name="_ssdm_op_SpecInterface"/></StgValue>
</bind>
</comp>

<comp id="14" class="1001" name="const_14">
<pin_list>
<pin id="15" dir="1" index="0" bw="1" slack="2147483647"/>
</pin_list>
<bind>
<StgValue><ssdm name="empty"/></StgValue>
</bind>
</comp>

<comp id="16" class="1001" name="const_16">
<pin_list>
<pin id="17" dir="1" index="0" bw="1" slack="2147483647"/>
</pin_list>
<bind>
<StgValue><ssdm name=""/></StgValue>
</bind>
</comp>

<comp id="18" class="1001" name="const_18">
<pin_list>
<pin id="19" dir="1" index="0" bw="1" slack="2147483647"/>
</pin_list>
<bind>
<StgValue><ssdm name="empty_0"/></StgValue>
</bind>
</comp>

<comp id="20" class="1001" name="const_20">
<pin_list>
<pin id="21" dir="1" index="0" bw="1" slack="2147483647"/>
</pin_list>
<bind>
<StgValue><ssdm name=""/></StgValue>
</bind>
</comp>

<comp id="22" class="1001" name="const_22">
<pin_list>
<pin id="23" dir="1" index="0" bw="1" slack="2147483647"/>
</pin_list>
<bind>
<StgValue><ssdm name="_ssdm_op_SpecBitsMap"/></StgValue>
</bind>
</comp>

<comp id="24" class="1001" name="const_24">
<pin_list>
<pin id="25" dir="1" index="0" bw="1" slack="0"/>
</pin_list>
<bind>
<StgValue><ssdm name=""/></StgValue>
</bind>
</comp>

<comp id="26" class="1001" name="const_26">
<pin_list>
<pin id="27" dir="1" index="0" bw="1" slack="0"/>
</pin_list>
<bind>
<StgValue><ssdm name=""/></StgValue>
</bind>
</comp>

<comp id="28" class="1001" name="const_28">
<pin_list>
<pin id="29" dir="1" index="0" bw="1" slack="0"/>
</pin_list>
<bind>
<StgValue><ssdm name=""/></StgValue>
</bind>
</comp>

<comp id="30" class="1001" name="const_30">
<pin_list>
<pin id="31" dir="1" index="0" bw="1" slack="0"/>
</pin_list>
<bind>
<StgValue><ssdm name=""/></StgValue>
</bind>
</comp>

<comp id="32" class="1001" name="const_32">
<pin_list>
<pin id="33" dir="1" index="0" bw="1" slack="1"/>
</pin_list>
<bind>
<StgValue><ssdm name=""/></StgValue>
</bind>
</comp>

<comp id="34" class="1001" name="const_34">
<pin_list>
<pin id="35" dir="1" index="0" bw="1" slack="0"/>
</pin_list>
<bind>
<StgValue><ssdm name=""/></StgValue>
</bind>
</comp>

<comp id="36" class="1001" name="const_36">
<pin_list>
<pin id="37" dir="1" index="0" bw="1" slack="0"/>
</pin_list>
<bind>
<StgValue><ssdm name=""/></StgValue>
</bind>
</comp>

<comp id="38" class="1001" name="const_38">
<pin_list>
<pin id="39" dir="1" index="0" bw="1" slack="0"/>
</pin_list>
<bind>
<StgValue><ssdm name="_ssdm_op_BitConcatenate.i5.i3.i2"/></StgValue>
</bind>
</comp>

<comp id="40" class="1001" name="const_40">
<pin_list>
<pin id="41" dir="1" index="0" bw="1" slack="0"/>
</pin_list>
<bind>
<StgValue><ssdm name=""/></StgValue>
</bind>
</comp>

<comp id="42" class="1001" name="const_42">
<pin_list>
<pin id="43" dir="1" index="0" bw="1" slack="0"/>
</pin_list>
<bind>
<StgValue><ssdm name=""/></StgValue>
</bind>
</comp>

<comp id="44" class="1001" name="const_44">
<pin_list>
<pin id="45" dir="1" index="0" bw="1" slack="0"/>
</pin_list>
<bind>
<StgValue><ssdm name=""/></StgValue>
</bind>
</comp>

<comp id="46" class="1001" name="const_46">
<pin_list>
<pin id="47" dir="1" index="0" bw="1" slack="0"/>
</pin_list>
<bind>
<StgValue><ssdm name=""/></StgValue>
</bind>
</comp>

<comp id="48" class="1001" name="const_48">
<pin_list>
<pin id="49" dir="1" index="0" bw="1" slack="0"/>
</pin_list>
<bind>
<StgValue><ssdm name=""/></StgValue>
</bind>
</comp>

<comp id="50" class="1001" name="const_50">
<pin_list>
<pin id="51" dir="1" index="0" bw="1" slack="0"/>
</pin_list>
<bind>
<StgValue><ssdm name=""/></StgValue>
</bind>
</comp>

<comp id="52" class="1001" name="const_52">
<pin_list>
<pin id="53" dir="1" index="0" bw="1" slack="0"/>
</pin_list>
<bind>
<StgValue><ssdm name=""/></StgValue>
</bind>
</comp>

<comp id="54" class="1001" name="const_54">
<pin_list>
<pin id="55" dir="1" index="0" bw="1" slack="2147483647"/>
</pin_list>
<bind>
<StgValue><ssdm name="_ssdm_op_SpecLoopName"/></StgValue>
</bind>
</comp>

<comp id="56" class="1001" name="const_56">
<pin_list>
<pin id="57" dir="1" index="0" bw="1" slack="2147483647"/>
</pin_list>
<bind>
<StgValue><ssdm name="Row_Col_Product_str"/></StgValue>
</bind>
</comp>

<comp id="58" class="1001" name="const_58">
<pin_list>
<pin id="59" dir="1" index="0" bw="1" slack="2147483647"/>
</pin_list>
<bind>
<StgValue><ssdm name="_ssdm_op_SpecLoopTripCount"/></StgValue>
</bind>
</comp>

<comp id="60" class="1001" name="const_60">
<pin_list>
<pin id="61" dir="1" index="0" bw="1" slack="2147483647"/>
</pin_list>
<bind>
<StgValue><ssdm name=""/></StgValue>
</bind>
</comp>

<comp id="62" class="1001" name="const_62">
<pin_list>
<pin id="63" dir="1" index="0" bw="1" slack="2147483647"/>
</pin_list>
<bind>
<StgValue><ssdm name="_ssdm_op_SpecPipeline"/></StgValue>
</bind>
</comp>

<comp id="64" class="1004" name="indvar_flatten131_fu_64">
<pin_list>
<pin id="65" dir="0" index="0" bw="1" slack="0"/>
<pin id="66" dir="1" index="1" bw="7" slack="0"/>
</pin_list>
<bind>
<opcode="alloca(26) " fcode="alloca"/>
<opset="indvar_flatten131/1 "/>
</bind>
</comp>

<comp id="68" class="1004" name="i_fu_68">
<pin_list>
<pin id="69" dir="0" index="0" bw="1" slack="0"/>
<pin id="70" dir="1" index="1" bw="3" slack="0"/>
</pin_list>
<bind>
<opcode="alloca(26) " fcode="alloca"/>
<opset="i/1 "/>
</bind>
</comp>

<comp id="72" class="1004" name="indvar_flatten3_fu_72">
<pin_list>
<pin id="73" dir="0" index="0" bw="1" slack="0"/>
<pin id="74" dir="1" index="1" bw="6" slack="0"/>
</pin_list>
<bind>
<opcode="alloca(26) " fcode="alloca"/>
<opset="indvar_flatten3/1 "/>
</bind>
</comp>

<comp id="76" class="1004" name="j_fu_76">
<pin_list>
<pin id="77" dir="0" index="0" bw="1" slack="0"/>
<pin id="78" dir="1" index="1" bw="3" slack="0"/>
</pin_list>
<bind>
<opcode="alloca(26) " fcode="alloca"/>
<opset="j/1 "/>
</bind>
</comp>

<comp id="80" class="1004" name="k_fu_80">
<pin_list>
<pin id="81" dir="0" index="0" bw="1" slack="0"/>
<pin id="82" dir="1" index="1" bw="3" slack="0"/>
</pin_list>
<bind>
<opcode="alloca(26) " fcode="alloca"/>
<opset="k/1 "/>
</bind>
</comp>

<comp id="84" class="1004" name="empty_fu_84">
<pin_list>
<pin id="85" dir="0" index="0" bw="1" slack="0"/>
<pin id="86" dir="1" index="1" bw="16" slack="0"/>
</pin_list>
<bind>
<opcode="alloca(26) " fcode="alloca"/>
<opset="empty/1 "/>
</bind>
</comp>

<comp id="88" class="1004" name="a_addr_gep_fu_88">
<pin_list>
<pin id="89" dir="0" index="0" bw="8" slack="0"/>
<pin id="90" dir="0" index="1" bw="1" slack="0"/>
<pin id="91" dir="0" index="2" bw="5" slack="0"/>
<pin id="92" dir="1" index="3" bw="5" slack="0"/>
</pin_list>
<bind>
<opcode="getelementptr(29) " fcode="getelementptr"/>
<opset="a_addr/2 "/>
</bind>
</comp>

<comp id="95" class="1004" name="b_addr_gep_fu_95">
<pin_list>
<pin id="96" dir="0" index="0" bw="8" slack="0"/>
<pin id="97" dir="0" index="1" bw="1" slack="0"/>
<pin id="98" dir="0" index="2" bw="5" slack="0"/>
<pin id="99" dir="1" index="3" bw="5" slack="0"/>
</pin_list>
<bind>
<opcode="getelementptr(29) " fcode="getelementptr"/>
<opset="b_addr/2 "/>
</bind>
</comp>

<comp id="102" class="1004" name="grp_access_fu_102">
<pin_list>
<pin id="103" dir="0" index="0" bw="5" slack="0"/>
<pin id="104" dir="0" index="1" bw="8" slack="2147483647"/>
<pin id="105" dir="0" index="2" bw="0" slack="2147483647"/>
<pin id="106" dir="1" index="3" bw="8" slack="0"/>
</pin_list>
<bind>
<opcode="load(27) " fcode="load"/>
<opset="a_load/2 "/>
</bind>
</comp>

<comp id="108" class="1004" name="grp_access_fu_108">
<pin_list>
<pin id="109" dir="0" index="0" bw="5" slack="0"/>
<pin id="110" dir="0" index="1" bw="8" slack="2147483647"/>
<pin id="111" dir="0" index="2" bw="0" slack="2147483647"/>
<pin id="112" dir="1" index="3" bw="8" slack="0"/>
</pin_list>
<bind>
<opcode="load(27) " fcode="load"/>
<opset="b_load/2 "/>
</bind>
</comp>

<comp id="114" class="1004" name="prod_addr_gep_fu_114">
<pin_list>
<pin id="115" dir="0" index="0" bw="16" slack="0"/>
<pin id="116" dir="0" index="1" bw="1" slack="0"/>
<pin id="117" dir="0" index="2" bw="5" slack="0"/>
<pin id="118" dir="1" index="3" bw="5" slack="0"/>
</pin_list>
<bind>
<opcode="getelementptr(29) " fcode="getelementptr"/>
<opset="prod_addr/6 "/>
</bind>
</comp>

<comp id="121" class="1004" name="store_ln22_access_fu_121">
<pin_list>
<pin id="122" dir="0" index="0" bw="5" slack="0"/>
<pin id="123" dir="0" index="1" bw="16" slack="0"/>
<pin id="124" dir="0" index="2" bw="0" slack="2147483647"/>
<pin id="125" dir="1" index="3" bw="16" slack="2147483647"/>
</pin_list>
<bind>
<opcode="store(28) " fcode="store"/>
<opset="store_ln22/6 "/>
</bind>
</comp>

<comp id="127" class="1005" name="icmp_ln177_reg_127">
<pin_list>
<pin id="128" dir="0" index="0" bw="1" slack="1"/>
<pin id="129" dir="1" index="1" bw="1" slack="1"/>
</pin_list>
<bind>
<opset="icmp_ln177 (phireg) "/>
</bind>
</comp>

<comp id="131" class="1004" name="icmp_ln177_phi_fu_131">
<pin_list>
<pin id="132" dir="0" index="0" bw="1" slack="1"/>
<pin id="133" dir="0" index="1" bw="0" slack="2147483647"/>
<pin id="134" dir="0" index="2" bw="1" slack="0"/>
<pin id="135" dir="0" index="3" bw="0" slack="2147483647"/>
<pin id="136" dir="1" index="4" bw="1" slack="0"/>
</pin_list>
<bind>
<opcode="phi(47) " fcode="phi"/>
<opset="icmp_ln177/2 "/>
</bind>
</comp>

<comp id="138" class="1005" name="icmp_ln206_reg_138">
<pin_list>
<pin id="139" dir="0" index="0" bw="1" slack="1"/>
<pin id="140" dir="1" index="1" bw="1" slack="1"/>
</pin_list>
<bind>
<opset="icmp_ln206 (phireg) "/>
</bind>
</comp>

<comp id="142" class="1004" name="icmp_ln206_phi_fu_142">
<pin_list>
<pin id="143" dir="0" index="0" bw="1" slack="1"/>
<pin id="144" dir="0" index="1" bw="0" slack="2147483647"/>
<pin id="145" dir="0" index="2" bw="1" slack="0"/>
<pin id="146" dir="0" index="3" bw="0" slack="2147483647"/>
<pin id="147" dir="1" index="4" bw="1" slack="0"/>
</pin_list>
<bind>
<opcode="phi(47) " fcode="phi"/>
<opset="icmp_ln206/2 "/>
</bind>
</comp>

<comp id="149" class="1004" name="store_ln0_store_fu_149">
<pin_list>
<pin id="150" dir="0" index="0" bw="1" slack="0"/>
<pin id="151" dir="0" index="1" bw="16" slack="0"/>
<pin id="152" dir="1" index="2" bw="0" slack="2147483647"/>
</pin_list>
<bind>
<opcode="store(28) " fcode="store"/>
<opset="store_ln0/1 "/>
</bind>
</comp>

<comp id="154" class="1004" name="store_ln20_store_fu_154">
<pin_list>
<pin id="155" dir="0" index="0" bw="1" slack="0"/>
<pin id="156" dir="0" index="1" bw="3" slack="0"/>
<pin id="157" dir="1" index="2" bw="0" slack="2147483647"/>
</pin_list>
<bind>
<opcode="store(28) " fcode="store"/>
<opset="store_ln20/1 "/>
</bind>
</comp>

<comp id="159" class="1004" name="store_ln17_store_fu_159">
<pin_list>
<pin id="160" dir="0" index="0" bw="1" slack="0"/>
<pin id="161" dir="0" index="1" bw="3" slack="0"/>
<pin id="162" dir="1" index="2" bw="0" slack="2147483647"/>
</pin_list>
<bind>
<opcode="store(28) " fcode="store"/>
<opset="store_ln17/1 "/>
</bind>
</comp>

<comp id="164" class="1004" name="store_ln0_store_fu_164">
<pin_list>
<pin id="165" dir="0" index="0" bw="1" slack="0"/>
<pin id="166" dir="0" index="1" bw="6" slack="0"/>
<pin id="167" dir="1" index="2" bw="0" slack="2147483647"/>
</pin_list>
<bind>
<opcode="store(28) " fcode="store"/>
<opset="store_ln0/1 "/>
</bind>
</comp>

<comp id="169" class="1004" name="store_ln15_store_fu_169">
<pin_list>
<pin id="170" dir="0" index="0" bw="1" slack="0"/>
<pin id="171" dir="0" index="1" bw="3" slack="0"/>
<pin id="172" dir="1" index="2" bw="0" slack="2147483647"/>
</pin_list>
<bind>
<opcode="store(28) " fcode="store"/>
<opset="store_ln15/1 "/>
</bind>
</comp>

<comp id="174" class="1004" name="store_ln0_store_fu_174">
<pin_list>
<pin id="175" dir="0" index="0" bw="1" slack="0"/>
<pin id="176" dir="0" index="1" bw="7" slack="0"/>
<pin id="177" dir="1" index="2" bw="0" slack="2147483647"/>
</pin_list>
<bind>
<opcode="store(28) " fcode="store"/>
<opset="store_ln0/1 "/>
</bind>
</comp>

<comp id="179" class="1004" name="indvar_flatten131_load_load_fu_179">
<pin_list>
<pin id="180" dir="0" index="0" bw="7" slack="1"/>
<pin id="181" dir="1" index="1" bw="7" slack="0"/>
</pin_list>
<bind>
<opcode="load(27) " fcode="load"/>
<opset="indvar_flatten131_load/2 "/>
</bind>
</comp>

<comp id="182" class="1004" name="i_1_load_fu_182">
<pin_list>
<pin id="183" dir="0" index="0" bw="3" slack="1"/>
<pin id="184" dir="1" index="1" bw="3" slack="0"/>
</pin_list>
<bind>
<opcode="load(27) " fcode="load"/>
<opset="i_1/2 "/>
</bind>
</comp>

<comp id="185" class="1004" name="indvar_flatten3_load_load_fu_185">
<pin_list>
<pin id="186" dir="0" index="0" bw="6" slack="1"/>
<pin id="187" dir="1" index="1" bw="6" slack="0"/>
</pin_list>
<bind>
<opcode="load(27) " fcode="load"/>
<opset="indvar_flatten3_load/2 "/>
</bind>
</comp>

<comp id="188" class="1004" name="j_1_load_fu_188">
<pin_list>
<pin id="189" dir="0" index="0" bw="3" slack="1"/>
<pin id="190" dir="1" index="1" bw="3" slack="0"/>
</pin_list>
<bind>
<opcode="load(27) " fcode="load"/>
<opset="j_1/2 "/>
</bind>
</comp>

<comp id="191" class="1004" name="k_1_load_fu_191">
<pin_list>
<pin id="192" dir="0" index="0" bw="3" slack="1"/>
<pin id="193" dir="1" index="1" bw="3" slack="0"/>
</pin_list>
<bind>
<opcode="load(27) " fcode="load"/>
<opset="k_1/2 "/>
</bind>
</comp>

<comp id="194" class="1004" name="add_ln15_fu_194">
<pin_list>
<pin id="195" dir="0" index="0" bw="3" slack="0"/>
<pin id="196" dir="0" index="1" bw="1" slack="0"/>
<pin id="197" dir="1" index="2" bw="3" slack="0"/>
</pin_list>
<bind>
<opcode="add(8) " fcode="add"/>
<opset="add_ln15/2 "/>
</bind>
</comp>

<comp id="200" class="1004" name="select_ln15_fu_200">
<pin_list>
<pin id="201" dir="0" index="0" bw="1" slack="0"/>
<pin id="202" dir="0" index="1" bw="1" slack="0"/>
<pin id="203" dir="0" index="2" bw="3" slack="0"/>
<pin id="204" dir="1" index="3" bw="3" slack="0"/>
</pin_list>
<bind>
<opcode="select(49) " fcode="select"/>
<opset="select_ln15/2 "/>
</bind>
</comp>

<comp id="208" class="1004" name="xor_ln15_fu_208">
<pin_list>
<pin id="209" dir="0" index="0" bw="1" slack="0"/>
<pin id="210" dir="0" index="1" bw="1" slack="0"/>
<pin id="211" dir="1" index="2" bw="1" slack="0"/>
</pin_list>
<bind>
<opcode="xor(25) " fcode="xor"/>
<opset="xor_ln15/2 "/>
</bind>
</comp>

<comp id="214" class="1004" name="and_ln15_fu_214">
<pin_list>
<pin id="215" dir="0" index="0" bw="1" slack="0"/>
<pin id="216" dir="0" index="1" bw="1" slack="0"/>
<pin id="217" dir="1" index="2" bw="1" slack="0"/>
</pin_list>
<bind>
<opcode="and(23) " fcode="and"/>
<opset="and_ln15/2 "/>
</bind>
</comp>

<comp id="220" class="1004" name="i_3_fu_220">
<pin_list>
<pin id="221" dir="0" index="0" bw="1" slack="0"/>
<pin id="222" dir="0" index="1" bw="3" slack="0"/>
<pin id="223" dir="0" index="2" bw="3" slack="0"/>
<pin id="224" dir="1" index="3" bw="3" slack="0"/>
</pin_list>
<bind>
<opcode="select(49) " fcode="select"/>
<opset="i_3/2 "/>
</bind>
</comp>

<comp id="228" class="1004" name="add_ln17_fu_228">
<pin_list>
<pin id="229" dir="0" index="0" bw="3" slack="0"/>
<pin id="230" dir="0" index="1" bw="1" slack="0"/>
<pin id="231" dir="1" index="2" bw="3" slack="0"/>
</pin_list>
<bind>
<opcode="add(8) " fcode="add"/>
<opset="add_ln17/2 "/>
</bind>
</comp>

<comp id="234" class="1004" name="empty_5_fu_234">
<pin_list>
<pin id="235" dir="0" index="0" bw="1" slack="0"/>
<pin id="236" dir="0" index="1" bw="1" slack="0"/>
<pin id="237" dir="1" index="2" bw="1" slack="0"/>
</pin_list>
<bind>
<opcode="or(24) " fcode="or"/>
<opset="empty_5/2 "/>
</bind>
</comp>

<comp id="240" class="1004" name="k_mid2_fu_240">
<pin_list>
<pin id="241" dir="0" index="0" bw="1" slack="0"/>
<pin id="242" dir="0" index="1" bw="1" slack="0"/>
<pin id="243" dir="0" index="2" bw="3" slack="0"/>
<pin id="244" dir="1" index="3" bw="3" slack="0"/>
</pin_list>
<bind>
<opcode="select(49) " fcode="select"/>
<opset="k_mid2/2 "/>
</bind>
</comp>

<comp id="248" class="1004" name="j_3_fu_248">
<pin_list>
<pin id="249" dir="0" index="0" bw="1" slack="0"/>
<pin id="250" dir="0" index="1" bw="3" slack="0"/>
<pin id="251" dir="0" index="2" bw="3" slack="0"/>
<pin id="252" dir="1" index="3" bw="3" slack="0"/>
</pin_list>
<bind>
<opcode="select(49) " fcode="select"/>
<opset="j_3/2 "/>
</bind>
</comp>

<comp id="256" class="1004" name="zext_ln17_fu_256">
<pin_list>
<pin id="257" dir="0" index="0" bw="3" slack="0"/>
<pin id="258" dir="1" index="1" bw="5" slack="0"/>
</pin_list>
<bind>
<opcode="zext(34) " fcode="zext"/>
<opset="zext_ln17/2 "/>
</bind>
</comp>

<comp id="260" class="1004" name="tmp_fu_260">
<pin_list>
<pin id="261" dir="0" index="0" bw="5" slack="0"/>
<pin id="262" dir="0" index="1" bw="3" slack="0"/>
<pin id="263" dir="0" index="2" bw="1" slack="0"/>
<pin id="264" dir="1" index="3" bw="5" slack="0"/>
</pin_list>
<bind>
<opcode="bitconcatenate(1004) " fcode="bitconcatenate"/>
<opset="tmp/2 "/>
</bind>
</comp>

<comp id="268" class="1004" name="add_ln17_2_fu_268">
<pin_list>
<pin id="269" dir="0" index="0" bw="5" slack="0"/>
<pin id="270" dir="0" index="1" bw="3" slack="0"/>
<pin id="271" dir="1" index="2" bw="5" slack="0"/>
</pin_list>
<bind>
<opcode="add(8) " fcode="add"/>
<opset="add_ln17_2/2 "/>
</bind>
</comp>

<comp id="274" class="1004" name="zext_ln22_2_fu_274">
<pin_list>
<pin id="275" dir="0" index="0" bw="3" slack="0"/>
<pin id="276" dir="1" index="1" bw="5" slack="0"/>
</pin_list>
<bind>
<opcode="zext(34) " fcode="zext"/>
<opset="zext_ln22_2/2 "/>
</bind>
</comp>

<comp id="278" class="1004" name="add_ln22_1_fu_278">
<pin_list>
<pin id="279" dir="0" index="0" bw="5" slack="0"/>
<pin id="280" dir="0" index="1" bw="3" slack="0"/>
<pin id="281" dir="1" index="2" bw="5" slack="4"/>
</pin_list>
<bind>
<opcode="add(8) " fcode="add"/>
<opset="add_ln22_1/2 "/>
</bind>
</comp>

<comp id="284" class="1004" name="zext_ln22_4_fu_284">
<pin_list>
<pin id="285" dir="0" index="0" bw="3" slack="0"/>
<pin id="286" dir="1" index="1" bw="5" slack="0"/>
</pin_list>
<bind>
<opcode="zext(34) " fcode="zext"/>
<opset="zext_ln22_4/2 "/>
</bind>
</comp>

<comp id="288" class="1004" name="add_ln22_2_fu_288">
<pin_list>
<pin id="289" dir="0" index="0" bw="5" slack="0"/>
<pin id="290" dir="0" index="1" bw="3" slack="0"/>
<pin id="291" dir="1" index="2" bw="5" slack="0"/>
</pin_list>
<bind>
<opcode="add(8) " fcode="add"/>
<opset="add_ln22_2/2 "/>
</bind>
</comp>

<comp id="294" class="1004" name="zext_ln22_5_fu_294">
<pin_list>
<pin id="295" dir="0" index="0" bw="5" slack="0"/>
<pin id="296" dir="1" index="1" bw="64" slack="0"/>
</pin_list>
<bind>
<opcode="zext(34) " fcode="zext"/>
<opset="zext_ln22_5/2 "/>
</bind>
</comp>

<comp id="299" class="1004" name="tmp_1_fu_299">
<pin_list>
<pin id="300" dir="0" index="0" bw="5" slack="0"/>
<pin id="301" dir="0" index="1" bw="3" slack="0"/>
<pin id="302" dir="0" index="2" bw="1" slack="0"/>
<pin id="303" dir="1" index="3" bw="5" slack="0"/>
</pin_list>
<bind>
<opcode="bitconcatenate(1004) " fcode="bitconcatenate"/>
<opset="tmp_1/2 "/>
</bind>
</comp>

<comp id="307" class="1004" name="add_ln22_4_fu_307">
<pin_list>
<pin id="308" dir="0" index="0" bw="5" slack="0"/>
<pin id="309" dir="0" index="1" bw="3" slack="0"/>
<pin id="310" dir="1" index="2" bw="5" slack="0"/>
</pin_list>
<bind>
<opcode="add(8) " fcode="add"/>
<opset="add_ln22_4/2 "/>
</bind>
</comp>

<comp id="313" class="1004" name="add_ln22_3_fu_313">
<pin_list>
<pin id="314" dir="0" index="0" bw="5" slack="0"/>
<pin id="315" dir="0" index="1" bw="3" slack="0"/>
<pin id="316" dir="1" index="2" bw="5" slack="0"/>
</pin_list>
<bind>
<opcode="add(8) " fcode="add"/>
<opset="add_ln22_3/2 "/>
</bind>
</comp>

<comp id="319" class="1004" name="zext_ln22_6_fu_319">
<pin_list>
<pin id="320" dir="0" index="0" bw="5" slack="0"/>
<pin id="321" dir="1" index="1" bw="64" slack="0"/>
</pin_list>
<bind>
<opcode="zext(34) " fcode="zext"/>
<opset="zext_ln22_6/2 "/>
</bind>
</comp>

<comp id="324" class="1004" name="k_3_fu_324">
<pin_list>
<pin id="325" dir="0" index="0" bw="3" slack="0"/>
<pin id="326" dir="0" index="1" bw="1" slack="0"/>
<pin id="327" dir="1" index="2" bw="3" slack="0"/>
</pin_list>
<bind>
<opcode="add(8) " fcode="add"/>
<opset="k_3/2 "/>
</bind>
</comp>

<comp id="330" class="1004" name="icmp_ln20_fu_330">
<pin_list>
<pin id="331" dir="0" index="0" bw="3" slack="0"/>
<pin id="332" dir="0" index="1" bw="3" slack="0"/>
<pin id="333" dir="1" index="2" bw="1" slack="0"/>
</pin_list>
<bind>
<opcode="icmp(45) " fcode="icmp"/>
<opset="icmp_ln20/2 "/>
</bind>
</comp>

<comp id="336" class="1004" name="add_ln15_1_fu_336">
<pin_list>
<pin id="337" dir="0" index="0" bw="7" slack="0"/>
<pin id="338" dir="0" index="1" bw="1" slack="0"/>
<pin id="339" dir="1" index="2" bw="7" slack="0"/>
</pin_list>
<bind>
<opcode="add(8) " fcode="add"/>
<opset="add_ln15_1/2 "/>
</bind>
</comp>

<comp id="342" class="1004" name="add_ln17_1_fu_342">
<pin_list>
<pin id="343" dir="0" index="0" bw="6" slack="0"/>
<pin id="344" dir="0" index="1" bw="1" slack="0"/>
<pin id="345" dir="1" index="2" bw="6" slack="0"/>
</pin_list>
<bind>
<opcode="add(8) " fcode="add"/>
<opset="add_ln17_1/2 "/>
</bind>
</comp>

<comp id="348" class="1004" name="select_ln17_1_fu_348">
<pin_list>
<pin id="349" dir="0" index="0" bw="1" slack="0"/>
<pin id="350" dir="0" index="1" bw="1" slack="0"/>
<pin id="351" dir="0" index="2" bw="6" slack="0"/>
<pin id="352" dir="1" index="3" bw="6" slack="0"/>
</pin_list>
<bind>
<opcode="select(49) " fcode="select"/>
<opset="select_ln17_1/2 "/>
</bind>
</comp>

<comp id="356" class="1004" name="icmp_ln17_fu_356">
<pin_list>
<pin id="357" dir="0" index="0" bw="6" slack="0"/>
<pin id="358" dir="0" index="1" bw="6" slack="0"/>
<pin id="359" dir="1" index="2" bw="1" slack="0"/>
</pin_list>
<bind>
<opcode="icmp(45) " fcode="icmp"/>
<opset="icmp_ln17/2 "/>
</bind>
</comp>

<comp id="362" class="1004" name="icmp_ln15_fu_362">
<pin_list>
<pin id="363" dir="0" index="0" bw="7" slack="0"/>
<pin id="364" dir="0" index="1" bw="3" slack="0"/>
<pin id="365" dir="1" index="2" bw="1" slack="1"/>
</pin_list>
<bind>
<opcode="icmp(45) " fcode="icmp"/>
<opset="icmp_ln15/2 "/>
</bind>
</comp>

<comp id="368" class="1004" name="store_ln20_store_fu_368">
<pin_list>
<pin id="369" dir="0" index="0" bw="3" slack="0"/>
<pin id="370" dir="0" index="1" bw="3" slack="1"/>
<pin id="371" dir="1" index="2" bw="0" slack="2147483647"/>
</pin_list>
<bind>
<opcode="store(28) " fcode="store"/>
<opset="store_ln20/2 "/>
</bind>
</comp>

<comp id="373" class="1004" name="store_ln17_store_fu_373">
<pin_list>
<pin id="374" dir="0" index="0" bw="3" slack="0"/>
<pin id="375" dir="0" index="1" bw="3" slack="1"/>
<pin id="376" dir="1" index="2" bw="0" slack="2147483647"/>
</pin_list>
<bind>
<opcode="store(28) " fcode="store"/>
<opset="store_ln17/2 "/>
</bind>
</comp>

<comp id="378" class="1004" name="store_ln17_store_fu_378">
<pin_list>
<pin id="379" dir="0" index="0" bw="6" slack="0"/>
<pin id="380" dir="0" index="1" bw="6" slack="1"/>
<pin id="381" dir="1" index="2" bw="0" slack="2147483647"/>
</pin_list>
<bind>
<opcode="store(28) " fcode="store"/>
<opset="store_ln17/2 "/>
</bind>
</comp>

<comp id="383" class="1004" name="store_ln15_store_fu_383">
<pin_list>
<pin id="384" dir="0" index="0" bw="3" slack="0"/>
<pin id="385" dir="0" index="1" bw="3" slack="1"/>
<pin id="386" dir="1" index="2" bw="0" slack="2147483647"/>
</pin_list>
<bind>
<opcode="store(28) " fcode="store"/>
<opset="store_ln15/2 "/>
</bind>
</comp>

<comp id="388" class="1004" name="store_ln15_store_fu_388">
<pin_list>
<pin id="389" dir="0" index="0" bw="7" slack="0"/>
<pin id="390" dir="0" index="1" bw="7" slack="1"/>
<pin id="391" dir="1" index="2" bw="0" slack="2147483647"/>
</pin_list>
<bind>
<opcode="store(28) " fcode="store"/>
<opset="store_ln15/2 "/>
</bind>
</comp>

<comp id="393" class="1004" name="zext_ln22_fu_393">
<pin_list>
<pin id="394" dir="0" index="0" bw="8" slack="0"/>
<pin id="395" dir="1" index="1" bw="16" slack="0"/>
</pin_list>
<bind>
<opcode="zext(34) " fcode="zext"/>
<opset="zext_ln22/3 "/>
</bind>
</comp>

<comp id="397" class="1004" name="zext_ln22_1_fu_397">
<pin_list>
<pin id="398" dir="0" index="0" bw="8" slack="0"/>
<pin id="399" dir="1" index="1" bw="16" slack="0"/>
</pin_list>
<bind>
<opcode="zext(34) " fcode="zext"/>
<opset="zext_ln22_1/3 "/>
</bind>
</comp>

<comp id="401" class="1004" name="p_load_load_fu_401">
<pin_list>
<pin id="402" dir="0" index="0" bw="16" slack="4"/>
<pin id="403" dir="1" index="1" bw="16" slack="0"/>
</pin_list>
<bind>
<opcode="load(27) " fcode="load"/>
<opset="p_load/5 "/>
</bind>
</comp>

<comp id="404" class="1004" name="p_mid2_fu_404">
<pin_list>
<pin id="405" dir="0" index="0" bw="1" slack="3"/>
<pin id="406" dir="0" index="1" bw="1" slack="0"/>
<pin id="407" dir="0" index="2" bw="16" slack="0"/>
<pin id="408" dir="1" index="3" bw="16" slack="0"/>
</pin_list>
<bind>
<opcode="select(49) " fcode="select"/>
<opset="p_mid2/5 "/>
</bind>
</comp>

<comp id="411" class="1004" name="zext_ln22_3_fu_411">
<pin_list>
<pin id="412" dir="0" index="0" bw="5" slack="4"/>
<pin id="413" dir="1" index="1" bw="64" slack="0"/>
</pin_list>
<bind>
<opcode="zext(34) " fcode="zext"/>
<opset="zext_ln22_3/6 "/>
</bind>
</comp>

<comp id="415" class="1004" name="store_ln22_store_fu_415">
<pin_list>
<pin id="416" dir="0" index="0" bw="16" slack="0"/>
<pin id="417" dir="0" index="1" bw="16" slack="5"/>
<pin id="418" dir="1" index="2" bw="0" slack="2147483647"/>
</pin_list>
<bind>
<opcode="store(28) " fcode="store"/>
<opset="store_ln22/6 "/>
</bind>
</comp>

<comp id="419" class="1007" name="grp_fu_419">
<pin_list>
<pin id="420" dir="0" index="0" bw="8" slack="0"/>
<pin id="421" dir="0" index="1" bw="8" slack="0"/>
<pin id="422" dir="0" index="2" bw="16" slack="0"/>
<pin id="423" dir="1" index="3" bw="16" slack="0"/>
</pin_list>
<bind>
<opcode="muladd(1172) " fcode="muladd"/>
<opset="mul_ln22/3 add_ln22/5 "/>
</bind>
</comp>

<comp id="429" class="1005" name="indvar_flatten131_reg_429">
<pin_list>
<pin id="430" dir="0" index="0" bw="7" slack="0"/>
<pin id="431" dir="1" index="1" bw="7" slack="0"/>
</pin_list>
<bind>
<opset="indvar_flatten131 "/>
</bind>
</comp>

<comp id="436" class="1005" name="i_reg_436">
<pin_list>
<pin id="437" dir="0" index="0" bw="3" slack="0"/>
<pin id="438" dir="1" index="1" bw="3" slack="0"/>
</pin_list>
<bind>
<opset="i "/>
</bind>
</comp>

<comp id="443" class="1005" name="indvar_flatten3_reg_443">
<pin_list>
<pin id="444" dir="0" index="0" bw="6" slack="0"/>
<pin id="445" dir="1" index="1" bw="6" slack="0"/>
</pin_list>
<bind>
<opset="indvar_flatten3 "/>
</bind>
</comp>

<comp id="450" class="1005" name="j_reg_450">
<pin_list>
<pin id="451" dir="0" index="0" bw="3" slack="0"/>
<pin id="452" dir="1" index="1" bw="3" slack="0"/>
</pin_list>
<bind>
<opset="j "/>
</bind>
</comp>

<comp id="457" class="1005" name="k_reg_457">
<pin_list>
<pin id="458" dir="0" index="0" bw="3" slack="0"/>
<pin id="459" dir="1" index="1" bw="3" slack="0"/>
</pin_list>
<bind>
<opset="k "/>
</bind>
</comp>

<comp id="464" class="1005" name="empty_reg_464">
<pin_list>
<pin id="465" dir="0" index="0" bw="16" slack="0"/>
<pin id="466" dir="1" index="1" bw="16" slack="0"/>
</pin_list>
<bind>
<opset="empty "/>
</bind>
</comp>

<comp id="471" class="1005" name="empty_5_reg_471">
<pin_list>
<pin id="472" dir="0" index="0" bw="1" slack="3"/>
<pin id="473" dir="1" index="1" bw="1" slack="3"/>
</pin_list>
<bind>
<opset="empty_5 "/>
</bind>
</comp>

<comp id="476" class="1005" name="add_ln22_1_reg_476">
<pin_list>
<pin id="477" dir="0" index="0" bw="5" slack="4"/>
<pin id="478" dir="1" index="1" bw="5" slack="4"/>
</pin_list>
<bind>
<opset="add_ln22_1 "/>
</bind>
</comp>

<comp id="481" class="1005" name="a_addr_reg_481">
<pin_list>
<pin id="482" dir="0" index="0" bw="5" slack="1"/>
<pin id="483" dir="1" index="1" bw="5" slack="1"/>
</pin_list>
<bind>
<opset="a_addr "/>
</bind>
</comp>

<comp id="486" class="1005" name="b_addr_reg_486">
<pin_list>
<pin id="487" dir="0" index="0" bw="5" slack="1"/>
<pin id="488" dir="1" index="1" bw="5" slack="1"/>
</pin_list>
<bind>
<opset="b_addr "/>
</bind>
</comp>

<comp id="491" class="1005" name="icmp_ln20_reg_491">
<pin_list>
<pin id="492" dir="0" index="0" bw="1" slack="0"/>
<pin id="493" dir="1" index="1" bw="1" slack="0"/>
</pin_list>
<bind>
<opset="icmp_ln20 "/>
</bind>
</comp>

<comp id="496" class="1005" name="icmp_ln17_reg_496">
<pin_list>
<pin id="497" dir="0" index="0" bw="1" slack="0"/>
<pin id="498" dir="1" index="1" bw="1" slack="0"/>
</pin_list>
<bind>
<opset="icmp_ln17 "/>
</bind>
</comp>

<comp id="501" class="1005" name="icmp_ln15_reg_501">
<pin_list>
<pin id="502" dir="0" index="0" bw="1" slack="1"/>
<pin id="503" dir="1" index="1" bw="1" slack="2147483647"/>
</pin_list>
<bind>
<opset="icmp_ln15 "/>
</bind>
</comp>

<comp id="505" class="1005" name="zext_ln22_reg_505">
<pin_list>
<pin id="506" dir="0" index="0" bw="16" slack="1"/>
<pin id="507" dir="1" index="1" bw="16" slack="1"/>
</pin_list>
<bind>
<opset="zext_ln22 "/>
</bind>
</comp>

<comp id="510" class="1005" name="zext_ln22_1_reg_510">
<pin_list>
<pin id="511" dir="0" index="0" bw="16" slack="1"/>
<pin id="512" dir="1" index="1" bw="16" slack="1"/>
</pin_list>
<bind>
<opset="zext_ln22_1 "/>
</bind>
</comp>

<comp id="515" class="1005" name="p_mid2_reg_515">
<pin_list>
<pin id="516" dir="0" index="0" bw="16" slack="1"/>
<pin id="517" dir="1" index="1" bw="16" slack="1"/>
</pin_list>
<bind>
<opset="p_mid2 "/>
</bind>
</comp>

</comp_list>

<net_list>
<net id="67"><net_src comp="6" pin="0"/><net_sink comp="64" pin=0"/></net>

<net id="71"><net_src comp="6" pin="0"/><net_sink comp="68" pin=0"/></net>

<net id="75"><net_src comp="6" pin="0"/><net_sink comp="72" pin=0"/></net>

<net id="79"><net_src comp="6" pin="0"/><net_sink comp="76" pin=0"/></net>

<net id="83"><net_src comp="6" pin="0"/><net_sink comp="80" pin=0"/></net>

<net id="87"><net_src comp="6" pin="0"/><net_sink comp="84" pin=0"/></net>

<net id="93"><net_src comp="0" pin="0"/><net_sink comp="88" pin=0"/></net>

<net id="94"><net_src comp="42" pin="0"/><net_sink comp="88" pin=1"/></net>

<net id="100"><net_src comp="2" pin="0"/><net_sink comp="95" pin=0"/></net>

<net id="101"><net_src comp="42" pin="0"/><net_sink comp="95" pin=1"/></net>

<net id="107"><net_src comp="88" pin="3"/><net_sink comp="102" pin=0"/></net>

<net id="113"><net_src comp="95" pin="3"/><net_sink comp="108" pin=0"/></net>

<net id="119"><net_src comp="4" pin="0"/><net_sink comp="114" pin=0"/></net>

<net id="120"><net_src comp="42" pin="0"/><net_sink comp="114" pin=1"/></net>

<net id="126"><net_src comp="114" pin="3"/><net_sink comp="121" pin=0"/></net>

<net id="130"><net_src comp="32" pin="0"/><net_sink comp="127" pin=0"/></net>

<net id="137"><net_src comp="127" pin="1"/><net_sink comp="131" pin=0"/></net>

<net id="141"><net_src comp="32" pin="0"/><net_sink comp="138" pin=0"/></net>

<net id="148"><net_src comp="138" pin="1"/><net_sink comp="142" pin=0"/></net>

<net id="153"><net_src comp="24" pin="0"/><net_sink comp="149" pin=0"/></net>

<net id="158"><net_src comp="26" pin="0"/><net_sink comp="154" pin=0"/></net>

<net id="163"><net_src comp="26" pin="0"/><net_sink comp="159" pin=0"/></net>

<net id="168"><net_src comp="28" pin="0"/><net_sink comp="164" pin=0"/></net>

<net id="173"><net_src comp="26" pin="0"/><net_sink comp="169" pin=0"/></net>

<net id="178"><net_src comp="30" pin="0"/><net_sink comp="174" pin=0"/></net>

<net id="198"><net_src comp="182" pin="1"/><net_sink comp="194" pin=0"/></net>

<net id="199"><net_src comp="34" pin="0"/><net_sink comp="194" pin=1"/></net>

<net id="205"><net_src comp="131" pin="4"/><net_sink comp="200" pin=0"/></net>

<net id="206"><net_src comp="26" pin="0"/><net_sink comp="200" pin=1"/></net>

<net id="207"><net_src comp="188" pin="1"/><net_sink comp="200" pin=2"/></net>

<net id="212"><net_src comp="131" pin="4"/><net_sink comp="208" pin=0"/></net>

<net id="213"><net_src comp="36" pin="0"/><net_sink comp="208" pin=1"/></net>

<net id="218"><net_src comp="142" pin="4"/><net_sink comp="214" pin=0"/></net>

<net id="219"><net_src comp="208" pin="2"/><net_sink comp="214" pin=1"/></net>

<net id="225"><net_src comp="131" pin="4"/><net_sink comp="220" pin=0"/></net>

<net id="226"><net_src comp="194" pin="2"/><net_sink comp="220" pin=1"/></net>

<net id="227"><net_src comp="182" pin="1"/><net_sink comp="220" pin=2"/></net>

<net id="232"><net_src comp="200" pin="3"/><net_sink comp="228" pin=0"/></net>

<net id="233"><net_src comp="34" pin="0"/><net_sink comp="228" pin=1"/></net>

<net id="238"><net_src comp="214" pin="2"/><net_sink comp="234" pin=0"/></net>

<net id="239"><net_src comp="131" pin="4"/><net_sink comp="234" pin=1"/></net>

<net id="245"><net_src comp="234" pin="2"/><net_sink comp="240" pin=0"/></net>

<net id="246"><net_src comp="26" pin="0"/><net_sink comp="240" pin=1"/></net>

<net id="247"><net_src comp="191" pin="1"/><net_sink comp="240" pin=2"/></net>

<net id="253"><net_src comp="214" pin="2"/><net_sink comp="248" pin=0"/></net>

<net id="254"><net_src comp="228" pin="2"/><net_sink comp="248" pin=1"/></net>

<net id="255"><net_src comp="200" pin="3"/><net_sink comp="248" pin=2"/></net>

<net id="259"><net_src comp="220" pin="3"/><net_sink comp="256" pin=0"/></net>

<net id="265"><net_src comp="38" pin="0"/><net_sink comp="260" pin=0"/></net>

<net id="266"><net_src comp="220" pin="3"/><net_sink comp="260" pin=1"/></net>

<net id="267"><net_src comp="40" pin="0"/><net_sink comp="260" pin=2"/></net>

<net id="272"><net_src comp="260" pin="3"/><net_sink comp="268" pin=0"/></net>

<net id="273"><net_src comp="256" pin="1"/><net_sink comp="268" pin=1"/></net>

<net id="277"><net_src comp="248" pin="3"/><net_sink comp="274" pin=0"/></net>

<net id="282"><net_src comp="268" pin="2"/><net_sink comp="278" pin=0"/></net>

<net id="283"><net_src comp="274" pin="1"/><net_sink comp="278" pin=1"/></net>

<net id="287"><net_src comp="240" pin="3"/><net_sink comp="284" pin=0"/></net>

<net id="292"><net_src comp="268" pin="2"/><net_sink comp="288" pin=0"/></net>

<net id="293"><net_src comp="284" pin="1"/><net_sink comp="288" pin=1"/></net>

<net id="297"><net_src comp="288" pin="2"/><net_sink comp="294" pin=0"/></net>

<net id="298"><net_src comp="294" pin="1"/><net_sink comp="88" pin=2"/></net>

<net id="304"><net_src comp="38" pin="0"/><net_sink comp="299" pin=0"/></net>

<net id="305"><net_src comp="240" pin="3"/><net_sink comp="299" pin=1"/></net>

<net id="306"><net_src comp="40" pin="0"/><net_sink comp="299" pin=2"/></net>

<net id="311"><net_src comp="299" pin="3"/><net_sink comp="307" pin=0"/></net>

<net id="312"><net_src comp="284" pin="1"/><net_sink comp="307" pin=1"/></net>

<net id="317"><net_src comp="307" pin="2"/><net_sink comp="313" pin=0"/></net>

<net id="318"><net_src comp="274" pin="1"/><net_sink comp="313" pin=1"/></net>

<net id="322"><net_src comp="313" pin="2"/><net_sink comp="319" pin=0"/></net>

<net id="323"><net_src comp="319" pin="1"/><net_sink comp="95" pin=2"/></net>

<net id="328"><net_src comp="240" pin="3"/><net_sink comp="324" pin=0"/></net>

<net id="329"><net_src comp="34" pin="0"/><net_sink comp="324" pin=1"/></net>

<net id="334"><net_src comp="324" pin="2"/><net_sink comp="330" pin=0"/></net>

<net id="335"><net_src comp="44" pin="0"/><net_sink comp="330" pin=1"/></net>

<net id="340"><net_src comp="179" pin="1"/><net_sink comp="336" pin=0"/></net>

<net id="341"><net_src comp="46" pin="0"/><net_sink comp="336" pin=1"/></net>

<net id="346"><net_src comp="185" pin="1"/><net_sink comp="342" pin=0"/></net>

<net id="347"><net_src comp="48" pin="0"/><net_sink comp="342" pin=1"/></net>

<net id="353"><net_src comp="131" pin="4"/><net_sink comp="348" pin=0"/></net>

<net id="354"><net_src comp="48" pin="0"/><net_sink comp="348" pin=1"/></net>

<net id="355"><net_src comp="342" pin="2"/><net_sink comp="348" pin=2"/></net>

<net id="360"><net_src comp="348" pin="3"/><net_sink comp="356" pin=0"/></net>

<net id="361"><net_src comp="50" pin="0"/><net_sink comp="356" pin=1"/></net>

<net id="366"><net_src comp="179" pin="1"/><net_sink comp="362" pin=0"/></net>

<net id="367"><net_src comp="52" pin="0"/><net_sink comp="362" pin=1"/></net>

<net id="372"><net_src comp="324" pin="2"/><net_sink comp="368" pin=0"/></net>

<net id="377"><net_src comp="248" pin="3"/><net_sink comp="373" pin=0"/></net>

<net id="382"><net_src comp="348" pin="3"/><net_sink comp="378" pin=0"/></net>

<net id="387"><net_src comp="220" pin="3"/><net_sink comp="383" pin=0"/></net>

<net id="392"><net_src comp="336" pin="2"/><net_sink comp="388" pin=0"/></net>

<net id="396"><net_src comp="102" pin="3"/><net_sink comp="393" pin=0"/></net>

<net id="400"><net_src comp="108" pin="3"/><net_sink comp="397" pin=0"/></net>

<net id="409"><net_src comp="24" pin="0"/><net_sink comp="404" pin=1"/></net>

<net id="410"><net_src comp="401" pin="1"/><net_sink comp="404" pin=2"/></net>

<net id="414"><net_src comp="411" pin="1"/><net_sink comp="114" pin=2"/></net>

<net id="424"><net_src comp="397" pin="1"/><net_sink comp="419" pin=0"/></net>

<net id="425"><net_src comp="393" pin="1"/><net_sink comp="419" pin=1"/></net>

<net id="426"><net_src comp="404" pin="3"/><net_sink comp="419" pin=2"/></net>

<net id="427"><net_src comp="419" pin="3"/><net_sink comp="121" pin=1"/></net>

<net id="428"><net_src comp="419" pin="3"/><net_sink comp="415" pin=0"/></net>

<net id="432"><net_src comp="64" pin="1"/><net_sink comp="429" pin=0"/></net>

<net id="433"><net_src comp="429" pin="1"/><net_sink comp="174" pin=1"/></net>

<net id="434"><net_src comp="429" pin="1"/><net_sink comp="179" pin=0"/></net>

<net id="435"><net_src comp="429" pin="1"/><net_sink comp="388" pin=1"/></net>

<net id="439"><net_src comp="68" pin="1"/><net_sink comp="436" pin=0"/></net>

<net id="440"><net_src comp="436" pin="1"/><net_sink comp="169" pin=1"/></net>

<net id="441"><net_src comp="436" pin="1"/><net_sink comp="182" pin=0"/></net>

<net id="442"><net_src comp="436" pin="1"/><net_sink comp="383" pin=1"/></net>

<net id="446"><net_src comp="72" pin="1"/><net_sink comp="443" pin=0"/></net>

<net id="447"><net_src comp="443" pin="1"/><net_sink comp="164" pin=1"/></net>

<net id="448"><net_src comp="443" pin="1"/><net_sink comp="185" pin=0"/></net>

<net id="449"><net_src comp="443" pin="1"/><net_sink comp="378" pin=1"/></net>

<net id="453"><net_src comp="76" pin="1"/><net_sink comp="450" pin=0"/></net>

<net id="454"><net_src comp="450" pin="1"/><net_sink comp="159" pin=1"/></net>

<net id="455"><net_src comp="450" pin="1"/><net_sink comp="188" pin=0"/></net>

<net id="456"><net_src comp="450" pin="1"/><net_sink comp="373" pin=1"/></net>

<net id="460"><net_src comp="80" pin="1"/><net_sink comp="457" pin=0"/></net>

<net id="461"><net_src comp="457" pin="1"/><net_sink comp="154" pin=1"/></net>

<net id="462"><net_src comp="457" pin="1"/><net_sink comp="191" pin=0"/></net>

<net id="463"><net_src comp="457" pin="1"/><net_sink comp="368" pin=1"/></net>

<net id="467"><net_src comp="84" pin="1"/><net_sink comp="464" pin=0"/></net>

<net id="468"><net_src comp="464" pin="1"/><net_sink comp="149" pin=1"/></net>

<net id="469"><net_src comp="464" pin="1"/><net_sink comp="401" pin=0"/></net>

<net id="470"><net_src comp="464" pin="1"/><net_sink comp="415" pin=1"/></net>

<net id="474"><net_src comp="234" pin="2"/><net_sink comp="471" pin=0"/></net>

<net id="475"><net_src comp="471" pin="1"/><net_sink comp="404" pin=0"/></net>

<net id="479"><net_src comp="278" pin="2"/><net_sink comp="476" pin=0"/></net>

<net id="480"><net_src comp="476" pin="1"/><net_sink comp="411" pin=0"/></net>

<net id="484"><net_src comp="88" pin="3"/><net_sink comp="481" pin=0"/></net>

<net id="485"><net_src comp="481" pin="1"/><net_sink comp="102" pin=0"/></net>

<net id="489"><net_src comp="95" pin="3"/><net_sink comp="486" pin=0"/></net>

<net id="490"><net_src comp="486" pin="1"/><net_sink comp="108" pin=0"/></net>

<net id="494"><net_src comp="330" pin="2"/><net_sink comp="491" pin=0"/></net>

<net id="495"><net_src comp="491" pin="1"/><net_sink comp="142" pin=2"/></net>

<net id="499"><net_src comp="356" pin="2"/><net_sink comp="496" pin=0"/></net>

<net id="500"><net_src comp="496" pin="1"/><net_sink comp="131" pin=2"/></net>

<net id="504"><net_src comp="362" pin="2"/><net_sink comp="501" pin=0"/></net>

<net id="508"><net_src comp="393" pin="1"/><net_sink comp="505" pin=0"/></net>

<net id="509"><net_src comp="505" pin="1"/><net_sink comp="419" pin=1"/></net>

<net id="513"><net_src comp="397" pin="1"/><net_sink comp="510" pin=0"/></net>

<net id="514"><net_src comp="510" pin="1"/><net_sink comp="419" pin=0"/></net>

<net id="518"><net_src comp="404" pin="3"/><net_sink comp="515" pin=0"/></net>

<net id="519"><net_src comp="515" pin="1"/><net_sink comp="419" pin=1"/></net>

</net_list>

</model> 
---------------- Datapath Model END ------------------

* FSMD analyzer results:
  - Output states:
	Port: prod | {6 }
 - Input state : 
	Port: matrix_mult : a | {2 3 }
	Port: matrix_mult : b | {2 3 }
  - Chain level:
	State 1
		store_ln0 : 1
		store_ln20 : 1
		store_ln17 : 1
		store_ln0 : 1
		store_ln15 : 1
		store_ln0 : 1
	State 2
		add_ln15 : 1
		select_ln15 : 1
		xor_ln15 : 1
		and_ln15 : 1
		i_3 : 2
		add_ln17 : 2
		empty_5 : 1
		k_mid2 : 1
		j_3 : 3
		zext_ln17 : 3
		tmp : 3
		add_ln17_2 : 4
		zext_ln22_2 : 4
		add_ln22_1 : 5
		zext_ln22_4 : 2
		add_ln22_2 : 3
		zext_ln22_5 : 4
		a_addr : 5
		tmp_1 : 2
		add_ln22_4 : 3
		add_ln22_3 : 4
		zext_ln22_6 : 5
		b_addr : 6
		a_load : 6
		b_load : 7
		k_3 : 2
		icmp_ln20 : 3
		add_ln15_1 : 1
		br_ln20 : 4
		add_ln17_1 : 1
		select_ln17_1 : 2
		icmp_ln17 : 3
		icmp_ln15 : 1
		store_ln20 : 3
		store_ln17 : 4
		store_ln17 : 3
		store_ln15 : 3
		store_ln15 : 2
		br_ln15 : 2
	State 3
		zext_ln22 : 1
		zext_ln22_1 : 1
		mul_ln22 : 2
	State 4
	State 5
		p_mid2 : 1
		add_ln22 : 2
	State 6
		prod_addr : 1
		store_ln22 : 2
		store_ln22 : 1


============================================================
+ Verbose Summary: Datapath Resource usage 
============================================================

* Functional unit list:
|----------|----------------------|---------|---------|---------|
| Operation|    Functional Unit   |   DSP   |    FF   |   LUT   |
|----------|----------------------|---------|---------|---------|
|          |    add_ln15_fu_194   |    0    |    0    |    11   |
|          |    add_ln17_fu_228   |    0    |    0    |    11   |
|          |   add_ln17_2_fu_268  |    0    |    0    |    13   |
|          |   add_ln22_1_fu_278  |    0    |    0    |    13   |
|    add   |   add_ln22_2_fu_288  |    0    |    0    |    13   |
|          |   add_ln22_4_fu_307  |    0    |    0    |    7    |
|          |   add_ln22_3_fu_313  |    0    |    0    |    7    |
|          |      k_3_fu_324      |    0    |    0    |    11   |
|          |   add_ln15_1_fu_336  |    0    |    0    |    14   |
|          |   add_ln17_1_fu_342  |    0    |    0    |    14   |
|----------|----------------------|---------|---------|---------|
|          |   icmp_ln20_fu_330   |    0    |    0    |    11   |
|   icmp   |   icmp_ln17_fu_356   |    0    |    0    |    14   |
|          |   icmp_ln15_fu_362   |    0    |    0    |    14   |
|----------|----------------------|---------|---------|---------|
|          |  select_ln15_fu_200  |    0    |    0    |    3    |
|          |      i_3_fu_220      |    0    |    0    |    3    |
|  select  |     k_mid2_fu_240    |    0    |    0    |    3    |
|          |      j_3_fu_248      |    0    |    0    |    3    |
|          | select_ln17_1_fu_348 |    0    |    0    |    6    |
|          |     p_mid2_fu_404    |    0    |    0    |    16   |
|----------|----------------------|---------|---------|---------|
|    xor   |    xor_ln15_fu_208   |    0    |    0    |    2    |
|----------|----------------------|---------|---------|---------|
|    and   |    and_ln15_fu_214   |    0    |    0    |    2    |
|----------|----------------------|---------|---------|---------|
|    or    |    empty_5_fu_234    |    0    |    0    |    2    |
|----------|----------------------|---------|---------|---------|
|  muladd  |      grp_fu_419      |    1    |    0    |    0    |
|----------|----------------------|---------|---------|---------|
|          |   zext_ln17_fu_256   |    0    |    0    |    0    |
|          |  zext_ln22_2_fu_274  |    0    |    0    |    0    |
|          |  zext_ln22_4_fu_284  |    0    |    0    |    0    |
|   zext   |  zext_ln22_5_fu_294  |    0    |    0    |    0    |
|          |  zext_ln22_6_fu_319  |    0    |    0    |    0    |
|          |   zext_ln22_fu_393   |    0    |    0    |    0    |
|          |  zext_ln22_1_fu_397  |    0    |    0    |    0    |
|          |  zext_ln22_3_fu_411  |    0    |    0    |    0    |
|----------|----------------------|---------|---------|---------|
|bitconcatenate|      tmp_fu_260      |    0    |    0    |    0    |
|          |     tmp_1_fu_299     |    0    |    0    |    0    |
|----------|----------------------|---------|---------|---------|
|   Total  |                      |    1    |    0    |   193   |
|----------|----------------------|---------|---------|---------|

Memories:
N/A

* Register list:
+-------------------------+--------+
|                         |   FF   |
+-------------------------+--------+
|      a_addr_reg_481     |    5   |
|    add_ln22_1_reg_476   |    5   |
|      b_addr_reg_486     |    5   |
|     empty_5_reg_471     |    1   |
|      empty_reg_464      |   16   |
|        i_reg_436        |    3   |
|    icmp_ln15_reg_501    |    1   |
|    icmp_ln177_reg_127   |    1   |
|    icmp_ln17_reg_496    |    1   |
|    icmp_ln206_reg_138   |    1   |
|    icmp_ln20_reg_491    |    1   |
|indvar_flatten131_reg_429|    7   |
| indvar_flatten3_reg_443 |    6   |
|        j_reg_450        |    3   |
|        k_reg_457        |    3   |
|      p_mid2_reg_515     |   16   |
|   zext_ln22_1_reg_510   |   16   |
|    zext_ln22_reg_505    |   16   |
+-------------------------+--------+
|          Total          |   107  |
+-------------------------+--------+

* Multiplexer (MUX) list: 
|-------------------|------|------|------|--------||---------||---------||---------|
|        Comp       |  Pin | Size |  BW  | S x BW ||  Delay  ||    FF   ||   LUT   |
|-------------------|------|------|------|--------||---------||---------||---------|
| grp_access_fu_102 |  p0  |   2  |   5  |   10   ||    0    ||    9    |
| grp_access_fu_108 |  p0  |   2  |   5  |   10   ||    0    ||    9    |
|     grp_fu_419    |  p0  |   2  |   8  |   16   ||    0    ||    9    |
|     grp_fu_419    |  p1  |   3  |   8  |   24   ||    0    ||    14   |
|-------------------|------|------|------|--------||---------||---------||---------|
|       Total       |      |      |      |   60   ||  6.4713 ||    0    ||    41   |
|-------------------|------|------|------|--------||---------||---------||---------|



* Summary:
+-----------+--------+--------+--------+--------+
|           |   DSP  |  Delay |   FF   |   LUT  |
+-----------+--------+--------+--------+--------+
|  Function |    1   |    -   |    0   |   193  |
|   Memory  |    -   |    -   |    -   |    -   |
|Multiplexer|    -   |    6   |    0   |   41   |
|  Register |    -   |    -   |   107  |    -   |
+-----------+--------+--------+--------+--------+
|   Total   |    1   |    6   |   107  |   234  |
+-----------+--------+--------+--------+--------+
