

================================================================
== Vitis HLS Report for 'matrix_mult'
================================================================
* Date:           Tue May 26 23:56:55 2026

* Version:        2025.2 (Build 6295257 on Nov 14 2025)
* Project:        matrix_mult_automation_prj
* Solution:       Solution3 (Vivado IP Flow Target)
* Product family: zynq
* Target device:  xc7z010-clg400-1


================================================================
== Performance Estimates
================================================================
+ Timing: 
    * Summary: 
    +--------+----------+----------+------------+
    |  Clock |  Target  | Estimated| Uncertainty|
    +--------+----------+----------+------------+
    |ap_clk  |  10.00 ns|  5.998 ns|     2.70 ns|
    +--------+----------+----------+------------+

+ Latency: 
    * Summary: 
    +---------+---------+----------+----------+-----+-----+------------------------------------------------+
    |  Latency (cycles) |  Latency (absolute) |  Interval |                    Pipeline                    |
    |   min   |   max   |    min   |    max   | min | max |                      Type                      |
    +---------+---------+----------+----------+-----+-----+------------------------------------------------+
    |       81|       81|  0.810 us|  0.810 us|   75|   75|  loop auto-rewind stp (delay=0 clock cycles(s))|
    +---------+---------+----------+----------+-----+-----+------------------------------------------------+

    + Detail: 
        * Instance: 
        N/A

        * Loop: 
        +-----------+---------+---------+----------+-----------+-----------+------+----------+
        |           |  Latency (cycles) | Iteration|  Initiation Interval  | Trip |          |
        | Loop Name |   min   |   max   |  Latency |  achieved |   target  | Count| Pipelined|
        +-----------+---------+---------+----------+-----------+-----------+------+----------+
        |- Row_Col  |       79|       79|         8|          3|          1|    25|       yes|
        +-----------+---------+---------+----------+-----------+-----------+------+----------+

============================================================
+ Verbose Summary: Synthesis Manager
============================================================
InlineROM: 1
ExposeGlobal: 0
============================================================
+ Verbose Summary: CDFG Model
============================================================
IsTopModel: 1
ResetActiveHigh: 1
IsCombinational: 0
IsDatapathOnly: 0
HasWiredReturn: 1
HasMFsm: 2
HasVarLatency: 1
IsPipeline: 0
IsRtlPipelined: 0
IsInstanceOverlapped: 0
IsDontTouch: 0
HasImplIP: 0
IsGatedGlobalClock: 0

+ Individual pipeline summary: 
  * Pipeline-0: initiation interval (II) = 3, depth = 8


============================================================
+ Verbose Summary: Schedule
============================================================
* Number of FSM states : 8
* Pipeline : 1
  Pipeline-0 : II = 3, D = 8, States = { 1 2 3 4 5 6 7 8 }
* Dataflow Pipeline: 0

* FSM state transitions: 
1 --> 2 
2 --> 3 
3 --> 4 
4 --> 5 
5 --> 6 
6 --> 7 
7 --> 8 
8 --> 

* FSM state operations: 

State 1 <SV = 0> <Delay = 5.99>
ST_1 : Operation 11 [1/1] (0.00ns)   --->   "%indvar_flatten1 = alloca i32 1"   --->   Operation 11 'alloca' 'indvar_flatten1' <Predicate = true> <Delay = 0.00>
ST_1 : Operation 12 [1/1] (0.00ns)   --->   "%i = alloca i32 1" [matrix_mult.cpp:15]   --->   Operation 12 'alloca' 'i' <Predicate = true> <Delay = 0.00>
ST_1 : Operation 13 [1/1] (0.00ns)   --->   "%j = alloca i32 1" [matrix_mult.cpp:17]   --->   Operation 13 'alloca' 'j' <Predicate = true> <Delay = 0.00>
ST_1 : Operation 14 [1/1] (0.00ns)   --->   "%spectopmodule_ln10 = spectopmodule void @_ssdm_op_SpecTopModule, void @empty_1" [matrix_mult.cpp:10]   --->   Operation 14 'spectopmodule' 'spectopmodule_ln10' <Predicate = true> <Delay = 0.00>
ST_1 : Operation 15 [1/1] (0.00ns)   --->   "%specinterface_ln0 = specinterface void @_ssdm_op_SpecInterface, i8 %a, void @empty, i32 0, i32 0, void @empty_0, i32 4294967295, i32 0, void @empty_0, void @empty_0, void @empty_0, i32 0, i32 0, i32 0, i32 0, void @empty_0, void @empty_0, i32 4294967295, i32 0, i32 0, i32 0"   --->   Operation 15 'specinterface' 'specinterface_ln0' <Predicate = true> <Delay = 0.00>
ST_1 : Operation 16 [1/1] (0.00ns)   --->   "%specbitsmap_ln0 = specbitsmap void @_ssdm_op_SpecBitsMap, i8 %a"   --->   Operation 16 'specbitsmap' 'specbitsmap_ln0' <Predicate = true> <Delay = 0.00>
ST_1 : Operation 17 [1/1] (0.00ns)   --->   "%specinterface_ln0 = specinterface void @_ssdm_op_SpecInterface, i8 %b, void @empty, i32 0, i32 0, void @empty_0, i32 4294967295, i32 0, void @empty_0, void @empty_0, void @empty_0, i32 0, i32 0, i32 0, i32 0, void @empty_0, void @empty_0, i32 4294967295, i32 0, i32 0, i32 0"   --->   Operation 17 'specinterface' 'specinterface_ln0' <Predicate = true> <Delay = 0.00>
ST_1 : Operation 18 [1/1] (0.00ns)   --->   "%specbitsmap_ln0 = specbitsmap void @_ssdm_op_SpecBitsMap, i8 %b"   --->   Operation 18 'specbitsmap' 'specbitsmap_ln0' <Predicate = true> <Delay = 0.00>
ST_1 : Operation 19 [1/1] (0.00ns)   --->   "%specinterface_ln0 = specinterface void @_ssdm_op_SpecInterface, i16 %prod, void @empty, i32 0, i32 0, void @empty_0, i32 4294967295, i32 0, void @empty_0, void @empty_0, void @empty_0, i32 0, i32 0, i32 0, i32 0, void @empty_0, void @empty_0, i32 4294967295, i32 0, i32 0, i32 0"   --->   Operation 19 'specinterface' 'specinterface_ln0' <Predicate = true> <Delay = 0.00>
ST_1 : Operation 20 [1/1] (0.00ns)   --->   "%specbitsmap_ln0 = specbitsmap void @_ssdm_op_SpecBitsMap, i16 %prod"   --->   Operation 20 'specbitsmap' 'specbitsmap_ln0' <Predicate = true> <Delay = 0.00>
ST_1 : Operation 21 [1/1] (1.58ns)   --->   "%store_ln17 = store i3 0, i3 %j" [matrix_mult.cpp:17]   --->   Operation 21 'store' 'store_ln17' <Predicate = true> <Delay = 1.58>
ST_1 : Operation 22 [1/1] (1.58ns)   --->   "%store_ln15 = store i3 0, i3 %i" [matrix_mult.cpp:15]   --->   Operation 22 'store' 'store_ln15' <Predicate = true> <Delay = 1.58>
ST_1 : Operation 23 [1/1] (1.58ns)   --->   "%store_ln0 = store i5 0, i5 %indvar_flatten1"   --->   Operation 23 'store' 'store_ln0' <Predicate = true> <Delay = 1.58>
ST_1 : Operation 24 [1/1] (1.58ns)   --->   "%br_ln0 = br void %for.inc29"   --->   Operation 24 'br' 'br_ln0' <Predicate = true> <Delay = 1.58>
ST_1 : Operation 25 [1/1] (0.00ns)   --->   "%icmp_ln174 = phi i1 0, void %entry, i1 %icmp_ln17, void %for.inc29" [matrix_mult.cpp:17]   --->   Operation 25 'phi' 'icmp_ln174' <Predicate = true> <Delay = 0.00>
ST_1 : Operation 26 [1/1] (0.00ns)   --->   "%i_1 = load i3 %i" [matrix_mult.cpp:15]   --->   Operation 26 'load' 'i_1' <Predicate = true> <Delay = 0.00>
ST_1 : Operation 27 [1/1] (0.00ns)   --->   "%j_1 = load i3 %j" [matrix_mult.cpp:15]   --->   Operation 27 'load' 'j_1' <Predicate = true> <Delay = 0.00>
ST_1 : Operation 28 [1/1] (1.65ns)   --->   "%add_ln15 = add i3 %i_1, i3 1" [matrix_mult.cpp:15]   --->   Operation 28 'add' 'add_ln15' <Predicate = true> <Delay = 1.65> <CoreInst = "Adder">   --->   Core 1 'Adder' <Latency = 0> <II = 1> <Delay = 1.65> <FuncUnit> <Opcode : 'add' 'sub'> <InPorts = 2> <OutPorts = 1>
ST_1 : Operation 29 [1/1] (0.98ns)   --->   "%select_ln15 = select i1 %icmp_ln174, i3 0, i3 %j_1" [matrix_mult.cpp:15]   --->   Operation 29 'select' 'select_ln15' <Predicate = true> <Delay = 0.98> <CoreInst = "Sel">   --->   Core 73 'Sel' <Latency = 0> <II = 1> <Delay = 0.98> <FuncUnit> <Opcode : 'select'> <InPorts = 3> <OutPorts = 1>
ST_1 : Operation 30 [1/1] (0.98ns)   --->   "%i_3 = select i1 %icmp_ln174, i3 %add_ln15, i3 %i_1" [matrix_mult.cpp:15]   --->   Operation 30 'select' 'i_3' <Predicate = true> <Delay = 0.98> <CoreInst = "Sel">   --->   Core 73 'Sel' <Latency = 0> <II = 1> <Delay = 0.98> <FuncUnit> <Opcode : 'select'> <InPorts = 3> <OutPorts = 1>
ST_1 : Operation 31 [1/1] (0.00ns)   --->   "%zext_ln22_10 = zext i3 %i_3" [matrix_mult.cpp:22]   --->   Operation 31 'zext' 'zext_ln22_10' <Predicate = true> <Delay = 0.00>
ST_1 : Operation 32 [1/1] (0.00ns)   --->   "%tmp = bitconcatenate i5 @_ssdm_op_BitConcatenate.i5.i3.i2, i3 %i_3, i2 0" [matrix_mult.cpp:22]   --->   Operation 32 'bitconcatenate' 'tmp' <Predicate = true> <Delay = 0.00>
ST_1 : Operation 33 [1/1] (0.00ns)   --->   "%zext_ln22_11 = zext i5 %tmp" [matrix_mult.cpp:22]   --->   Operation 33 'zext' 'zext_ln22_11' <Predicate = true> <Delay = 0.00>
ST_1 : Operation 34 [1/1] (1.78ns)   --->   "%add_ln22_13 = add i6 %zext_ln22_11, i6 %zext_ln22_10" [matrix_mult.cpp:22]   --->   Operation 34 'add' 'add_ln22_13' <Predicate = true> <Delay = 1.78> <CoreInst = "Adder">   --->   Core 1 'Adder' <Latency = 0> <II = 1> <Delay = 1.78> <FuncUnit> <Opcode : 'add' 'sub'> <InPorts = 2> <OutPorts = 1>
ST_1 : Operation 35 [1/1] (0.00ns)   --->   "%zext_ln22_12 = zext i6 %add_ln22_13" [matrix_mult.cpp:22]   --->   Operation 35 'zext' 'zext_ln22_12' <Predicate = true> <Delay = 0.00>
ST_1 : Operation 36 [1/1] (0.00ns)   --->   "%trunc_ln22 = trunc i6 %add_ln22_13" [matrix_mult.cpp:22]   --->   Operation 36 'trunc' 'trunc_ln22' <Predicate = true> <Delay = 0.00>
ST_1 : Operation 37 [1/1] (0.00ns)   --->   "%a_addr = getelementptr i8 %a, i64 0, i64 %zext_ln22_12" [matrix_mult.cpp:22]   --->   Operation 37 'getelementptr' 'a_addr' <Predicate = true> <Delay = 0.00>
ST_1 : Operation 38 [2/2] (0.00ns)   --->   "%a_load = load i5 %a_addr" [matrix_mult.cpp:22]   --->   Operation 38 'load' 'a_load' <Predicate = true> <Delay = 0.00> <CoreInst = "RAM">   --->   Core 81 'RAM' <Latency = 1> <II = 1> <Delay = 2.32> <Storage> <Opcode : 'load' 'store'> <Ports = 2> <Width = 8> <Depth = 25> <RAM>
ST_1 : Operation 39 [1/1] (0.00ns)   --->   "%zext_ln17 = zext i3 %select_ln15" [matrix_mult.cpp:17]   --->   Operation 39 'zext' 'zext_ln17' <Predicate = true> <Delay = 0.00>
ST_1 : Operation 40 [1/1] (0.00ns)   --->   "%zext_ln22_17 = zext i3 %select_ln15" [matrix_mult.cpp:22]   --->   Operation 40 'zext' 'zext_ln22_17' <Predicate = true> <Delay = 0.00>
ST_1 : Operation 41 [1/1] (0.00ns)   --->   "%b_addr = getelementptr i8 %b, i64 0, i64 %zext_ln17" [matrix_mult.cpp:22]   --->   Operation 41 'getelementptr' 'b_addr' <Predicate = true> <Delay = 0.00>
ST_1 : Operation 42 [1/1] (1.78ns)   --->   "%add_ln22_11 = add i5 %zext_ln22_17, i5 20" [matrix_mult.cpp:22]   --->   Operation 42 'add' 'add_ln22_11' <Predicate = true> <Delay = 1.78> <CoreInst = "Adder">   --->   Core 1 'Adder' <Latency = 0> <II = 1> <Delay = 1.78> <FuncUnit> <Opcode : 'add' 'sub'> <InPorts = 2> <OutPorts = 1>
ST_1 : Operation 43 [1/1] (0.00ns)   --->   "%zext_ln22_22 = zext i5 %add_ln22_11" [matrix_mult.cpp:22]   --->   Operation 43 'zext' 'zext_ln22_22' <Predicate = true> <Delay = 0.00>
ST_1 : Operation 44 [1/1] (0.00ns)   --->   "%b_addr_4 = getelementptr i8 %b, i64 0, i64 %zext_ln22_22" [matrix_mult.cpp:22]   --->   Operation 44 'getelementptr' 'b_addr_4' <Predicate = true> <Delay = 0.00>
ST_1 : Operation 45 [2/2] (0.00ns)   --->   "%b_load = load i5 %b_addr" [matrix_mult.cpp:22]   --->   Operation 45 'load' 'b_load' <Predicate = true> <Delay = 0.00> <CoreInst = "RAM">   --->   Core 81 'RAM' <Latency = 1> <II = 1> <Delay = 2.32> <Storage> <Opcode : 'load' 'store'> <Ports = 2> <Width = 8> <Depth = 25> <RAM>
ST_1 : Operation 46 [2/2] (0.00ns)   --->   "%b_load_4 = load i5 %b_addr_4" [matrix_mult.cpp:22]   --->   Operation 46 'load' 'b_load_4' <Predicate = true> <Delay = 0.00> <CoreInst = "RAM">   --->   Core 81 'RAM' <Latency = 1> <II = 1> <Delay = 2.32> <Storage> <Opcode : 'load' 'store'> <Ports = 2> <Width = 8> <Depth = 25> <RAM>
ST_1 : Operation 47 [1/1] (1.58ns)   --->   "%store_ln15 = store i3 %i_3, i3 %i" [matrix_mult.cpp:15]   --->   Operation 47 'store' 'store_ln15' <Predicate = true> <Delay = 1.58>

State 2 <SV = 1> <Delay = 1.78>
ST_2 : Operation 48 [1/1] (1.78ns)   --->   "%add_ln22_5 = add i5 %trunc_ln22, i5 2" [matrix_mult.cpp:22]   --->   Operation 48 'add' 'add_ln22_5' <Predicate = true> <Delay = 1.78> <CoreInst = "Adder">   --->   Core 1 'Adder' <Latency = 0> <II = 1> <Delay = 1.78> <FuncUnit> <Opcode : 'add' 'sub'> <InPorts = 2> <OutPorts = 1>
ST_2 : Operation 49 [1/1] (0.00ns)   --->   "%zext_ln22_14 = zext i5 %add_ln22_5" [matrix_mult.cpp:22]   --->   Operation 49 'zext' 'zext_ln22_14' <Predicate = true> <Delay = 0.00>
ST_2 : Operation 50 [1/1] (0.00ns)   --->   "%a_addr_2 = getelementptr i8 %a, i64 0, i64 %zext_ln22_14" [matrix_mult.cpp:22]   --->   Operation 50 'getelementptr' 'a_addr_2' <Predicate = true> <Delay = 0.00>
ST_2 : Operation 51 [1/1] (1.78ns)   --->   "%add_ln22_7 = add i5 %trunc_ln22, i5 4" [matrix_mult.cpp:22]   --->   Operation 51 'add' 'add_ln22_7' <Predicate = true> <Delay = 1.78> <CoreInst = "Adder">   --->   Core 1 'Adder' <Latency = 0> <II = 1> <Delay = 1.78> <FuncUnit> <Opcode : 'add' 'sub'> <InPorts = 2> <OutPorts = 1>
ST_2 : Operation 52 [1/1] (0.00ns)   --->   "%zext_ln22_16 = zext i5 %add_ln22_7" [matrix_mult.cpp:22]   --->   Operation 52 'zext' 'zext_ln22_16' <Predicate = true> <Delay = 0.00>
ST_2 : Operation 53 [1/1] (0.00ns)   --->   "%a_addr_4 = getelementptr i8 %a, i64 0, i64 %zext_ln22_16" [matrix_mult.cpp:22]   --->   Operation 53 'getelementptr' 'a_addr_4' <Predicate = true> <Delay = 0.00>
ST_2 : Operation 54 [1/2] ( I:0.00ns O:0.00ns )   --->   "%a_load = load i5 %a_addr" [matrix_mult.cpp:22]   --->   Operation 54 'load' 'a_load' <Predicate = true> <Delay = 0.00> <CoreInst = "RAM">   --->   Core 81 'RAM' <Latency = 1> <II = 1> <Delay = 2.32> <Storage> <Opcode : 'load' 'store'> <Ports = 2> <Width = 8> <Depth = 25> <RAM>
ST_2 : Operation 55 [2/2] (0.00ns)   --->   "%a_load_2 = load i5 %a_addr_2" [matrix_mult.cpp:22]   --->   Operation 55 'load' 'a_load_2' <Predicate = true> <Delay = 0.00> <CoreInst = "RAM">   --->   Core 81 'RAM' <Latency = 1> <II = 1> <Delay = 2.32> <Storage> <Opcode : 'load' 'store'> <Ports = 2> <Width = 8> <Depth = 25> <RAM>
ST_2 : Operation 56 [2/2] (0.00ns)   --->   "%a_load_4 = load i5 %a_addr_4" [matrix_mult.cpp:22]   --->   Operation 56 'load' 'a_load_4' <Predicate = true> <Delay = 0.00> <CoreInst = "RAM">   --->   Core 81 'RAM' <Latency = 1> <II = 1> <Delay = 2.32> <Storage> <Opcode : 'load' 'store'> <Ports = 2> <Width = 8> <Depth = 25> <RAM>
ST_2 : Operation 57 [1/1] (1.78ns)   --->   "%add_ln22_9 = add i5 %zext_ln22_17, i5 10" [matrix_mult.cpp:22]   --->   Operation 57 'add' 'add_ln22_9' <Predicate = true> <Delay = 1.78> <CoreInst = "Adder">   --->   Core 1 'Adder' <Latency = 0> <II = 1> <Delay = 1.78> <FuncUnit> <Opcode : 'add' 'sub'> <InPorts = 2> <OutPorts = 1>
ST_2 : Operation 58 [1/1] (0.00ns)   --->   "%zext_ln22_20 = zext i5 %add_ln22_9" [matrix_mult.cpp:22]   --->   Operation 58 'zext' 'zext_ln22_20' <Predicate = true> <Delay = 0.00>
ST_2 : Operation 59 [1/1] (0.00ns)   --->   "%b_addr_2 = getelementptr i8 %b, i64 0, i64 %zext_ln22_20" [matrix_mult.cpp:22]   --->   Operation 59 'getelementptr' 'b_addr_2' <Predicate = true> <Delay = 0.00>
ST_2 : Operation 60 [1/1] (1.78ns)   --->   "%add_ln22_10 = add i5 %zext_ln22_17, i5 15" [matrix_mult.cpp:22]   --->   Operation 60 'add' 'add_ln22_10' <Predicate = true> <Delay = 1.78> <CoreInst = "Adder">   --->   Core 1 'Adder' <Latency = 0> <II = 1> <Delay = 1.78> <FuncUnit> <Opcode : 'add' 'sub'> <InPorts = 2> <OutPorts = 1>
ST_2 : Operation 61 [1/1] (0.00ns)   --->   "%zext_ln22_21 = zext i5 %add_ln22_10" [matrix_mult.cpp:22]   --->   Operation 61 'zext' 'zext_ln22_21' <Predicate = true> <Delay = 0.00>
ST_2 : Operation 62 [1/1] (0.00ns)   --->   "%b_addr_3 = getelementptr i8 %b, i64 0, i64 %zext_ln22_21" [matrix_mult.cpp:22]   --->   Operation 62 'getelementptr' 'b_addr_3' <Predicate = true> <Delay = 0.00>
ST_2 : Operation 63 [1/2] ( I:0.00ns O:0.00ns )   --->   "%b_load = load i5 %b_addr" [matrix_mult.cpp:22]   --->   Operation 63 'load' 'b_load' <Predicate = true> <Delay = 0.00> <CoreInst = "RAM">   --->   Core 81 'RAM' <Latency = 1> <II = 1> <Delay = 2.32> <Storage> <Opcode : 'load' 'store'> <Ports = 2> <Width = 8> <Depth = 25> <RAM>
ST_2 : Operation 64 [2/2] (0.00ns)   --->   "%b_load_2 = load i5 %b_addr_2" [matrix_mult.cpp:22]   --->   Operation 64 'load' 'b_load_2' <Predicate = true> <Delay = 0.00> <CoreInst = "RAM">   --->   Core 81 'RAM' <Latency = 1> <II = 1> <Delay = 2.32> <Storage> <Opcode : 'load' 'store'> <Ports = 2> <Width = 8> <Depth = 25> <RAM>
ST_2 : Operation 65 [2/2] (0.00ns)   --->   "%b_load_3 = load i5 %b_addr_3" [matrix_mult.cpp:22]   --->   Operation 65 'load' 'b_load_3' <Predicate = true> <Delay = 0.00> <CoreInst = "RAM">   --->   Core 81 'RAM' <Latency = 1> <II = 1> <Delay = 2.32> <Storage> <Opcode : 'load' 'store'> <Ports = 2> <Width = 8> <Depth = 25> <RAM>
ST_2 : Operation 66 [1/2] ( I:0.00ns O:0.00ns )   --->   "%b_load_4 = load i5 %b_addr_4" [matrix_mult.cpp:22]   --->   Operation 66 'load' 'b_load_4' <Predicate = true> <Delay = 0.00> <CoreInst = "RAM">   --->   Core 81 'RAM' <Latency = 1> <II = 1> <Delay = 2.32> <Storage> <Opcode : 'load' 'store'> <Ports = 2> <Width = 8> <Depth = 25> <RAM>

State 3 <SV = 2> <Delay = 3.36>
ST_3 : Operation 67 [1/1] (0.00ns)   --->   "%indvar_flatten1_load = load i5 %indvar_flatten1" [matrix_mult.cpp:15]   --->   Operation 67 'load' 'indvar_flatten1_load' <Predicate = true> <Delay = 0.00>
ST_3 : Operation 68 [1/1] (1.78ns)   --->   "%add_ln22_4 = add i5 %trunc_ln22, i5 1" [matrix_mult.cpp:22]   --->   Operation 68 'add' 'add_ln22_4' <Predicate = true> <Delay = 1.78> <CoreInst = "Adder">   --->   Core 1 'Adder' <Latency = 0> <II = 1> <Delay = 1.78> <FuncUnit> <Opcode : 'add' 'sub'> <InPorts = 2> <OutPorts = 1>
ST_3 : Operation 69 [1/1] (0.00ns)   --->   "%zext_ln22_13 = zext i5 %add_ln22_4" [matrix_mult.cpp:22]   --->   Operation 69 'zext' 'zext_ln22_13' <Predicate = true> <Delay = 0.00>
ST_3 : Operation 70 [1/1] (0.00ns)   --->   "%a_addr_1 = getelementptr i8 %a, i64 0, i64 %zext_ln22_13" [matrix_mult.cpp:22]   --->   Operation 70 'getelementptr' 'a_addr_1' <Predicate = true> <Delay = 0.00>
ST_3 : Operation 71 [1/1] (1.78ns)   --->   "%add_ln22_6 = add i5 %trunc_ln22, i5 3" [matrix_mult.cpp:22]   --->   Operation 71 'add' 'add_ln22_6' <Predicate = true> <Delay = 1.78> <CoreInst = "Adder">   --->   Core 1 'Adder' <Latency = 0> <II = 1> <Delay = 1.78> <FuncUnit> <Opcode : 'add' 'sub'> <InPorts = 2> <OutPorts = 1>
ST_3 : Operation 72 [1/1] (0.00ns)   --->   "%zext_ln22_15 = zext i5 %add_ln22_6" [matrix_mult.cpp:22]   --->   Operation 72 'zext' 'zext_ln22_15' <Predicate = true> <Delay = 0.00>
ST_3 : Operation 73 [1/1] (0.00ns)   --->   "%a_addr_3 = getelementptr i8 %a, i64 0, i64 %zext_ln22_15" [matrix_mult.cpp:22]   --->   Operation 73 'getelementptr' 'a_addr_3' <Predicate = true> <Delay = 0.00>
ST_3 : Operation 74 [2/2] (0.00ns)   --->   "%a_load_1 = load i5 %a_addr_1" [matrix_mult.cpp:22]   --->   Operation 74 'load' 'a_load_1' <Predicate = true> <Delay = 0.00> <CoreInst = "RAM">   --->   Core 81 'RAM' <Latency = 1> <II = 1> <Delay = 2.32> <Storage> <Opcode : 'load' 'store'> <Ports = 2> <Width = 8> <Depth = 25> <RAM>
ST_3 : Operation 75 [1/2] ( I:0.00ns O:0.00ns )   --->   "%a_load_2 = load i5 %a_addr_2" [matrix_mult.cpp:22]   --->   Operation 75 'load' 'a_load_2' <Predicate = true> <Delay = 0.00> <CoreInst = "RAM">   --->   Core 81 'RAM' <Latency = 1> <II = 1> <Delay = 2.32> <Storage> <Opcode : 'load' 'store'> <Ports = 2> <Width = 8> <Depth = 25> <RAM>
ST_3 : Operation 76 [2/2] (0.00ns)   --->   "%a_load_3 = load i5 %a_addr_3" [matrix_mult.cpp:22]   --->   Operation 76 'load' 'a_load_3' <Predicate = true> <Delay = 0.00> <CoreInst = "RAM">   --->   Core 81 'RAM' <Latency = 1> <II = 1> <Delay = 2.32> <Storage> <Opcode : 'load' 'store'> <Ports = 2> <Width = 8> <Depth = 25> <RAM>
ST_3 : Operation 77 [1/2] ( I:0.00ns O:0.00ns )   --->   "%a_load_4 = load i5 %a_addr_4" [matrix_mult.cpp:22]   --->   Operation 77 'load' 'a_load_4' <Predicate = true> <Delay = 0.00> <CoreInst = "RAM">   --->   Core 81 'RAM' <Latency = 1> <II = 1> <Delay = 2.32> <Storage> <Opcode : 'load' 'store'> <Ports = 2> <Width = 8> <Depth = 25> <RAM>
ST_3 : Operation 78 [1/1] (0.00ns)   --->   "%zext_ln22_4 = zext i8 %a_load_4" [matrix_mult.cpp:22]   --->   Operation 78 'zext' 'zext_ln22_4' <Predicate = true> <Delay = 0.00>
ST_3 : Operation 79 [1/1] (0.00ns)   --->   "%zext_ln22_18 = zext i3 %select_ln15" [matrix_mult.cpp:22]   --->   Operation 79 'zext' 'zext_ln22_18' <Predicate = true> <Delay = 0.00>
ST_3 : Operation 80 [1/1] (1.73ns)   --->   "%add_ln22_8 = add i4 %zext_ln22_18, i4 5" [matrix_mult.cpp:22]   --->   Operation 80 'add' 'add_ln22_8' <Predicate = true> <Delay = 1.73> <CoreInst = "Adder">   --->   Core 1 'Adder' <Latency = 0> <II = 1> <Delay = 1.73> <FuncUnit> <Opcode : 'add' 'sub'> <InPorts = 2> <OutPorts = 1>
ST_3 : Operation 81 [1/1] (0.00ns)   --->   "%zext_ln22_19 = zext i4 %add_ln22_8" [matrix_mult.cpp:22]   --->   Operation 81 'zext' 'zext_ln22_19' <Predicate = true> <Delay = 0.00>
ST_3 : Operation 82 [1/1] (0.00ns)   --->   "%b_addr_1 = getelementptr i8 %b, i64 0, i64 %zext_ln22_19" [matrix_mult.cpp:22]   --->   Operation 82 'getelementptr' 'b_addr_1' <Predicate = true> <Delay = 0.00>
ST_3 : Operation 83 [1/1] (1.78ns)   --->   "%add_ln22_12 = add i5 %trunc_ln22, i5 %zext_ln22_17" [matrix_mult.cpp:22]   --->   Operation 83 'add' 'add_ln22_12' <Predicate = true> <Delay = 1.78> <CoreInst = "Adder">   --->   Core 1 'Adder' <Latency = 0> <II = 1> <Delay = 1.78> <FuncUnit> <Opcode : 'add' 'sub'> <InPorts = 2> <OutPorts = 1>
ST_3 : Operation 84 [2/2] (0.00ns)   --->   "%b_load_1 = load i5 %b_addr_1" [matrix_mult.cpp:22]   --->   Operation 84 'load' 'b_load_1' <Predicate = true> <Delay = 0.00> <CoreInst = "RAM">   --->   Core 81 'RAM' <Latency = 1> <II = 1> <Delay = 2.32> <Storage> <Opcode : 'load' 'store'> <Ports = 2> <Width = 8> <Depth = 25> <RAM>
ST_3 : Operation 85 [1/2] ( I:0.00ns O:0.00ns )   --->   "%b_load_2 = load i5 %b_addr_2" [matrix_mult.cpp:22]   --->   Operation 85 'load' 'b_load_2' <Predicate = true> <Delay = 0.00> <CoreInst = "RAM">   --->   Core 81 'RAM' <Latency = 1> <II = 1> <Delay = 2.32> <Storage> <Opcode : 'load' 'store'> <Ports = 2> <Width = 8> <Depth = 25> <RAM>
ST_3 : Operation 86 [1/2] ( I:0.00ns O:0.00ns )   --->   "%b_load_3 = load i5 %b_addr_3" [matrix_mult.cpp:22]   --->   Operation 86 'load' 'b_load_3' <Predicate = true> <Delay = 0.00> <CoreInst = "RAM">   --->   Core 81 'RAM' <Latency = 1> <II = 1> <Delay = 2.32> <Storage> <Opcode : 'load' 'store'> <Ports = 2> <Width = 8> <Depth = 25> <RAM>
ST_3 : Operation 87 [1/1] (0.00ns)   --->   "%zext_ln22_9 = zext i8 %b_load_4" [matrix_mult.cpp:22]   --->   Operation 87 'zext' 'zext_ln22_9' <Predicate = true> <Delay = 0.00>
ST_3 : Operation 88 [3/3] (1.05ns) (grouped into DSP with root node add_ln22_1)   --->   "%mul_ln22_2 = mul i16 %zext_ln22_9, i16 %zext_ln22_4" [matrix_mult.cpp:22]   --->   Operation 88 'mul' 'mul_ln22_2' <Predicate = true> <Delay = 1.05> <CoreInst = "DSP48">   --->   Core 116 'DSP48' <Latency = 3> <II = 1> <Delay = 2.15> <IPBlock> <Opcode : 'add' 'sub' 'mul' 'select'> <InPorts = 0> <OutPorts = 1> <Sync> <CReg>
ST_3 : Operation 89 [1/1] (1.65ns)   --->   "%j_3 = add i3 %select_ln15, i3 1" [matrix_mult.cpp:17]   --->   Operation 89 'add' 'j_3' <Predicate = true> <Delay = 1.65> <CoreInst = "Adder">   --->   Core 1 'Adder' <Latency = 0> <II = 1> <Delay = 1.65> <FuncUnit> <Opcode : 'add' 'sub'> <InPorts = 2> <OutPorts = 1>
ST_3 : Operation 90 [1/1] (1.78ns)   --->   "%add_ln15_1 = add i5 %indvar_flatten1_load, i5 1" [matrix_mult.cpp:15]   --->   Operation 90 'add' 'add_ln15_1' <Predicate = true> <Delay = 1.78> <CoreInst = "Adder">   --->   Core 1 'Adder' <Latency = 0> <II = 1> <Delay = 1.78> <FuncUnit> <Opcode : 'add' 'sub'> <InPorts = 2> <OutPorts = 1>
ST_3 : Operation 91 [1/1] (1.65ns)   --->   "%icmp_ln17 = icmp_eq  i3 %j_3, i3 5" [matrix_mult.cpp:17]   --->   Operation 91 'icmp' 'icmp_ln17' <Predicate = true> <Delay = 1.65> <CoreInst = "Cmp">   --->   Core 9 'Cmp' <Latency = 0> <II = 1> <Delay = 1.65> <FuncUnit> <Opcode : 'seteq' 'setne' 'setle' 'setge' 'setlt' 'setgt'> <InPorts = 2> <OutPorts = 1>
ST_3 : Operation 92 [1/1] (1.78ns)   --->   "%icmp_ln15 = icmp_eq  i5 %indvar_flatten1_load, i5 24" [matrix_mult.cpp:15]   --->   Operation 92 'icmp' 'icmp_ln15' <Predicate = true> <Delay = 1.78> <CoreInst = "Cmp">   --->   Core 9 'Cmp' <Latency = 0> <II = 1> <Delay = 1.78> <FuncUnit> <Opcode : 'seteq' 'setne' 'setle' 'setge' 'setlt' 'setgt'> <InPorts = 2> <OutPorts = 1>
ST_3 : Operation 93 [1/1] (1.58ns)   --->   "%store_ln17 = store i3 %j_3, i3 %j" [matrix_mult.cpp:17]   --->   Operation 93 'store' 'store_ln17' <Predicate = true> <Delay = 1.58>
ST_3 : Operation 94 [1/1] (1.58ns)   --->   "%store_ln15 = store i5 %add_ln15_1, i5 %indvar_flatten1" [matrix_mult.cpp:15]   --->   Operation 94 'store' 'store_ln15' <Predicate = true> <Delay = 1.58>
ST_3 : Operation 95 [1/1] (0.00ns)   --->   "%br_ln15 = br i1 %icmp_ln15, void %for.inc29, void %for.end31" [matrix_mult.cpp:15]   --->   Operation 95 'br' 'br_ln15' <Predicate = true> <Delay = 0.00>

State 4 <SV = 3> <Delay = 4.17>
ST_4 : Operation 96 [1/1] (0.00ns)   --->   "%zext_ln22 = zext i8 %a_load" [matrix_mult.cpp:22]   --->   Operation 96 'zext' 'zext_ln22' <Predicate = true> <Delay = 0.00>
ST_4 : Operation 97 [1/2] ( I:0.00ns O:0.00ns )   --->   "%a_load_1 = load i5 %a_addr_1" [matrix_mult.cpp:22]   --->   Operation 97 'load' 'a_load_1' <Predicate = true> <Delay = 0.00> <CoreInst = "RAM">   --->   Core 81 'RAM' <Latency = 1> <II = 1> <Delay = 2.32> <Storage> <Opcode : 'load' 'store'> <Ports = 2> <Width = 8> <Depth = 25> <RAM>
ST_4 : Operation 98 [1/2] ( I:0.00ns O:0.00ns )   --->   "%a_load_3 = load i5 %a_addr_3" [matrix_mult.cpp:22]   --->   Operation 98 'load' 'a_load_3' <Predicate = true> <Delay = 0.00> <CoreInst = "RAM">   --->   Core 81 'RAM' <Latency = 1> <II = 1> <Delay = 2.32> <Storage> <Opcode : 'load' 'store'> <Ports = 2> <Width = 8> <Depth = 25> <RAM>
ST_4 : Operation 99 [1/1] (0.00ns)   --->   "%zext_ln22_3 = zext i8 %a_load_3" [matrix_mult.cpp:22]   --->   Operation 99 'zext' 'zext_ln22_3' <Predicate = true> <Delay = 0.00>
ST_4 : Operation 100 [1/1] (0.00ns)   --->   "%zext_ln22_5 = zext i8 %b_load" [matrix_mult.cpp:22]   --->   Operation 100 'zext' 'zext_ln22_5' <Predicate = true> <Delay = 0.00>
ST_4 : Operation 101 [1/2] ( I:0.00ns O:0.00ns )   --->   "%b_load_1 = load i5 %b_addr_1" [matrix_mult.cpp:22]   --->   Operation 101 'load' 'b_load_1' <Predicate = true> <Delay = 0.00> <CoreInst = "RAM">   --->   Core 81 'RAM' <Latency = 1> <II = 1> <Delay = 2.32> <Storage> <Opcode : 'load' 'store'> <Ports = 2> <Width = 8> <Depth = 25> <RAM>
ST_4 : Operation 102 [1/1] (0.00ns)   --->   "%zext_ln22_8 = zext i8 %b_load_3" [matrix_mult.cpp:22]   --->   Operation 102 'zext' 'zext_ln22_8' <Predicate = true> <Delay = 0.00>
ST_4 : Operation 103 [3/3] (1.05ns) (grouped into DSP with root node add_ln22)   --->   "%mul_ln22 = mul i16 %zext_ln22_5, i16 %zext_ln22" [matrix_mult.cpp:22]   --->   Operation 103 'mul' 'mul_ln22' <Predicate = true> <Delay = 1.05> <CoreInst = "DSP48">   --->   Core 116 'DSP48' <Latency = 3> <II = 1> <Delay = 2.15> <IPBlock> <Opcode : 'add' 'sub' 'mul' 'select'> <InPorts = 0> <OutPorts = 1> <Sync> <CReg>
ST_4 : Operation 104 [2/3] (1.05ns) (grouped into DSP with root node add_ln22_1)   --->   "%mul_ln22_2 = mul i16 %zext_ln22_9, i16 %zext_ln22_4" [matrix_mult.cpp:22]   --->   Operation 104 'mul' 'mul_ln22_2' <Predicate = true> <Delay = 1.05> <CoreInst = "DSP48">   --->   Core 116 'DSP48' <Latency = 3> <II = 1> <Delay = 2.15> <IPBlock> <Opcode : 'add' 'sub' 'mul' 'select'> <InPorts = 0> <OutPorts = 1> <Sync> <CReg>
ST_4 : Operation 105 [1/1] (4.17ns)   --->   "%mul_ln22_3 = mul i16 %zext_ln22_8, i16 %zext_ln22_3" [matrix_mult.cpp:22]   --->   Operation 105 'mul' 'mul_ln22_3' <Predicate = true> <Delay = 4.17> <CoreInst = "Multiplier">   --->   Core 3 'Multiplier' <Latency = 0> <II = 1> <Delay = 4.17> <FuncUnit> <Opcode : 'mul'> <InPorts = 2> <OutPorts = 1>

State 5 <SV = 4> <Delay = 4.17>
ST_5 : Operation 106 [1/1] (0.00ns)   --->   "%zext_ln22_1 = zext i8 %a_load_1" [matrix_mult.cpp:22]   --->   Operation 106 'zext' 'zext_ln22_1' <Predicate = true> <Delay = 0.00>
ST_5 : Operation 107 [1/1] (0.00ns)   --->   "%zext_ln22_2 = zext i8 %a_load_2" [matrix_mult.cpp:22]   --->   Operation 107 'zext' 'zext_ln22_2' <Predicate = true> <Delay = 0.00>
ST_5 : Operation 108 [1/1] (0.00ns)   --->   "%zext_ln22_6 = zext i8 %b_load_1" [matrix_mult.cpp:22]   --->   Operation 108 'zext' 'zext_ln22_6' <Predicate = true> <Delay = 0.00>
ST_5 : Operation 109 [1/1] (0.00ns)   --->   "%zext_ln22_7 = zext i8 %b_load_2" [matrix_mult.cpp:22]   --->   Operation 109 'zext' 'zext_ln22_7' <Predicate = true> <Delay = 0.00>
ST_5 : Operation 110 [2/3] (1.05ns) (grouped into DSP with root node add_ln22)   --->   "%mul_ln22 = mul i16 %zext_ln22_5, i16 %zext_ln22" [matrix_mult.cpp:22]   --->   Operation 110 'mul' 'mul_ln22' <Predicate = true> <Delay = 1.05> <CoreInst = "DSP48">   --->   Core 116 'DSP48' <Latency = 3> <II = 1> <Delay = 2.15> <IPBlock> <Opcode : 'add' 'sub' 'mul' 'select'> <InPorts = 0> <OutPorts = 1> <Sync> <CReg>
ST_5 : Operation 111 [1/1] (4.17ns)   --->   "%mul_ln22_1 = mul i16 %zext_ln22_6, i16 %zext_ln22_1" [matrix_mult.cpp:22]   --->   Operation 111 'mul' 'mul_ln22_1' <Predicate = true> <Delay = 4.17> <CoreInst = "Multiplier">   --->   Core 3 'Multiplier' <Latency = 0> <II = 1> <Delay = 4.17> <FuncUnit> <Opcode : 'mul'> <InPorts = 2> <OutPorts = 1>
ST_5 : Operation 112 [1/3] (0.00ns) (grouped into DSP with root node add_ln22_1)   --->   "%mul_ln22_2 = mul i16 %zext_ln22_9, i16 %zext_ln22_4" [matrix_mult.cpp:22]   --->   Operation 112 'mul' 'mul_ln22_2' <Predicate = true> <Delay = 0.00> <CoreInst = "DSP48">   --->   Core 116 'DSP48' <Latency = 3> <II = 1> <Delay = 2.15> <IPBlock> <Opcode : 'add' 'sub' 'mul' 'select'> <InPorts = 0> <OutPorts = 1> <Sync> <CReg>
ST_5 : Operation 113 [3/3] (1.05ns) (grouped into DSP with root node add_ln22_2)   --->   "%mul_ln22_4 = mul i16 %zext_ln22_7, i16 %zext_ln22_2" [matrix_mult.cpp:22]   --->   Operation 113 'mul' 'mul_ln22_4' <Predicate = true> <Delay = 1.05> <CoreInst = "DSP48">   --->   Core 116 'DSP48' <Latency = 3> <II = 1> <Delay = 2.15> <IPBlock> <Opcode : 'add' 'sub' 'mul' 'select'> <InPorts = 0> <OutPorts = 1> <Sync> <CReg>
ST_5 : Operation 114 [2/2] (2.10ns) (root node of the DSP)   --->   "%add_ln22_1 = add i16 %mul_ln22_3, i16 %mul_ln22_2" [matrix_mult.cpp:22]   --->   Operation 114 'add' 'add_ln22_1' <Predicate = true> <Delay = 2.10> <CoreInst = "DSP48">   --->   Core 116 'DSP48' <Latency = 3> <II = 1> <Delay = 2.15> <IPBlock> <Opcode : 'add' 'sub' 'mul' 'select'> <InPorts = 0> <OutPorts = 1> <Sync> <CReg>

State 6 <SV = 5> <Delay = 2.10>
ST_6 : Operation 115 [1/3] (0.00ns) (grouped into DSP with root node add_ln22)   --->   "%mul_ln22 = mul i16 %zext_ln22_5, i16 %zext_ln22" [matrix_mult.cpp:22]   --->   Operation 115 'mul' 'mul_ln22' <Predicate = true> <Delay = 0.00> <CoreInst = "DSP48">   --->   Core 116 'DSP48' <Latency = 3> <II = 1> <Delay = 2.15> <IPBlock> <Opcode : 'add' 'sub' 'mul' 'select'> <InPorts = 0> <OutPorts = 1> <Sync> <CReg>
ST_6 : Operation 116 [2/3] (1.05ns) (grouped into DSP with root node add_ln22_2)   --->   "%mul_ln22_4 = mul i16 %zext_ln22_7, i16 %zext_ln22_2" [matrix_mult.cpp:22]   --->   Operation 116 'mul' 'mul_ln22_4' <Predicate = true> <Delay = 1.05> <CoreInst = "DSP48">   --->   Core 116 'DSP48' <Latency = 3> <II = 1> <Delay = 2.15> <IPBlock> <Opcode : 'add' 'sub' 'mul' 'select'> <InPorts = 0> <OutPorts = 1> <Sync> <CReg>
ST_6 : Operation 117 [2/2] (2.10ns) (root node of the DSP)   --->   "%add_ln22 = add i16 %mul_ln22_1, i16 %mul_ln22" [matrix_mult.cpp:22]   --->   Operation 117 'add' 'add_ln22' <Predicate = true> <Delay = 2.10> <CoreInst = "DSP48">   --->   Core 116 'DSP48' <Latency = 3> <II = 1> <Delay = 2.15> <IPBlock> <Opcode : 'add' 'sub' 'mul' 'select'> <InPorts = 0> <OutPorts = 1> <Sync> <CReg>
ST_6 : Operation 118 [1/2] (2.10ns) (root node of the DSP)   --->   "%add_ln22_1 = add i16 %mul_ln22_3, i16 %mul_ln22_2" [matrix_mult.cpp:22]   --->   Operation 118 'add' 'add_ln22_1' <Predicate = true> <Delay = 2.10> <CoreInst = "DSP48">   --->   Core 116 'DSP48' <Latency = 3> <II = 1> <Delay = 2.15> <IPBlock> <Opcode : 'add' 'sub' 'mul' 'select'> <InPorts = 0> <OutPorts = 1> <Sync> <CReg>

State 7 <SV = 6> <Delay = 2.10>
ST_7 : Operation 119 [1/3] (0.00ns) (grouped into DSP with root node add_ln22_2)   --->   "%mul_ln22_4 = mul i16 %zext_ln22_7, i16 %zext_ln22_2" [matrix_mult.cpp:22]   --->   Operation 119 'mul' 'mul_ln22_4' <Predicate = true> <Delay = 0.00> <CoreInst = "DSP48">   --->   Core 116 'DSP48' <Latency = 3> <II = 1> <Delay = 2.15> <IPBlock> <Opcode : 'add' 'sub' 'mul' 'select'> <InPorts = 0> <OutPorts = 1> <Sync> <CReg>
ST_7 : Operation 120 [1/2] (2.10ns) (root node of the DSP)   --->   "%add_ln22 = add i16 %mul_ln22_1, i16 %mul_ln22" [matrix_mult.cpp:22]   --->   Operation 120 'add' 'add_ln22' <Predicate = true> <Delay = 2.10> <CoreInst = "DSP48">   --->   Core 116 'DSP48' <Latency = 3> <II = 1> <Delay = 2.15> <IPBlock> <Opcode : 'add' 'sub' 'mul' 'select'> <InPorts = 0> <OutPorts = 1> <Sync> <CReg>
ST_7 : Operation 121 [2/2] (2.10ns) (root node of the DSP)   --->   "%add_ln22_2 = add i16 %add_ln22_1, i16 %mul_ln22_4" [matrix_mult.cpp:22]   --->   Operation 121 'add' 'add_ln22_2' <Predicate = true> <Delay = 2.10> <CoreInst = "DSP48">   --->   Core 116 'DSP48' <Latency = 3> <II = 1> <Delay = 2.15> <IPBlock> <Opcode : 'add' 'sub' 'mul' 'select'> <InPorts = 0> <OutPorts = 1> <Sync> <CReg>

State 8 <SV = 7> <Delay = 4.17>
ST_8 : Operation 122 [1/1] (0.00ns)   --->   "%specloopname_ln0 = specloopname void @_ssdm_op_SpecLoopName, void @Row_Col_str"   --->   Operation 122 'specloopname' 'specloopname_ln0' <Predicate = true> <Delay = 0.00>
ST_8 : Operation 123 [1/1] (0.00ns)   --->   "%speclooptripcount_ln0 = speclooptripcount void @_ssdm_op_SpecLoopTripCount, i64 25, i64 25, i64 25"   --->   Operation 123 'speclooptripcount' 'speclooptripcount_ln0' <Predicate = true> <Delay = 0.00>
ST_8 : Operation 124 [1/1] (0.00ns)   --->   "%zext_ln22_23 = zext i5 %add_ln22_12" [matrix_mult.cpp:22]   --->   Operation 124 'zext' 'zext_ln22_23' <Predicate = true> <Delay = 0.00>
ST_8 : Operation 125 [1/1] (0.00ns)   --->   "%prod_addr = getelementptr i16 %prod, i64 0, i64 %zext_ln22_23" [matrix_mult.cpp:22]   --->   Operation 125 'getelementptr' 'prod_addr' <Predicate = true> <Delay = 0.00>
ST_8 : Operation 126 [1/1] (0.00ns)   --->   "%specpipeline_ln41 = specpipeline void @_ssdm_op_SpecPipeline, i32 1, i32 0, i32 0, i32 0, i32 4294967295, void @empty_0" [D:/Semester_6/HWSW/TCL_LAB3/script.tcl:41]   --->   Operation 126 'specpipeline' 'specpipeline_ln41' <Predicate = true> <Delay = 0.00>
ST_8 : Operation 127 [1/2] (2.10ns) (root node of the DSP)   --->   "%add_ln22_2 = add i16 %add_ln22_1, i16 %mul_ln22_4" [matrix_mult.cpp:22]   --->   Operation 127 'add' 'add_ln22_2' <Predicate = true> <Delay = 2.10> <CoreInst = "DSP48">   --->   Core 116 'DSP48' <Latency = 3> <II = 1> <Delay = 2.15> <IPBlock> <Opcode : 'add' 'sub' 'mul' 'select'> <InPorts = 0> <OutPorts = 1> <Sync> <CReg>
ST_8 : Operation 128 [1/1] (2.07ns)   --->   "%add_ln22_3 = add i16 %add_ln22_2, i16 %add_ln22" [matrix_mult.cpp:22]   --->   Operation 128 'add' 'add_ln22_3' <Predicate = true> <Delay = 2.07> <CoreInst = "Adder">   --->   Core 1 'Adder' <Latency = 0> <II = 1> <Delay = 2.07> <FuncUnit> <Opcode : 'add' 'sub'> <InPorts = 2> <OutPorts = 1>
ST_8 : Operation 129 [1/1] ( I:0.00ns O:0.00ns )   --->   "%store_ln22 = store i16 %add_ln22_3, i5 %prod_addr" [matrix_mult.cpp:22]   --->   Operation 129 'store' 'store_ln22' <Predicate = true> <Delay = 0.00> <CoreInst = "RAM">   --->   Core 81 'RAM' <Latency = 1> <II = 1> <Delay = 2.32> <Storage> <Opcode : 'load' 'store'> <Ports = 2> <Width = 16> <Depth = 25> <RAM>
ST_8 : Operation 130 [1/1] (1.58ns)   --->   "%ret_ln26 = ret" [matrix_mult.cpp:26]   --->   Operation 130 'ret' 'ret_ln26' <Predicate = (icmp_ln15)> <Delay = 1.58>


============================================================
+ Verbose Summary: Timing violations
============================================================
Target clock period: 10.000ns, clock uncertainty: 2.700ns.

 <State 1>: 5.998ns
The critical path consists of the following:
	'store' operation ('store_ln15', matrix_mult.cpp:15) of constant 0 3 bit on local variable 'i', matrix_mult.cpp:15 [15]  (1.588 ns)
	'load' operation 3 bit ('i', matrix_mult.cpp:15) on local variable 'i', matrix_mult.cpp:15 [21]  (0.000 ns)
	'add' operation 3 bit ('add_ln15', matrix_mult.cpp:15) [23]  (1.650 ns)
	'select' operation 3 bit ('i_3', matrix_mult.cpp:15) [27]  (0.980 ns)
	'add' operation 6 bit ('add_ln22_13', matrix_mult.cpp:22) [31]  (1.780 ns)

 <State 2>: 1.780ns
The critical path consists of the following:
	'add' operation 5 bit ('add_ln22_5', matrix_mult.cpp:22) [38]  (1.780 ns)

 <State 3>: 3.368ns
The critical path consists of the following:
	'load' operation 5 bit ('indvar_flatten1_load', matrix_mult.cpp:15) on local variable 'indvar_flatten1' [20]  (0.000 ns)
	'add' operation 5 bit ('add_ln15_1', matrix_mult.cpp:15) [98]  (1.780 ns)
	'store' operation ('store_ln15', matrix_mult.cpp:15) of variable 'add_ln15_1', matrix_mult.cpp:15 5 bit on local variable 'indvar_flatten1' [103]  (1.588 ns)

 <State 4>: 4.170ns
The critical path consists of the following:
	'load' operation 8 bit ('a_load_3', matrix_mult.cpp:22) on array 'a' [53]  (0.000 ns)
	'mul' operation 16 bit ('mul_ln22_3', matrix_mult.cpp:22) [90]  (4.170 ns)

 <State 5>: 4.170ns
The critical path consists of the following:
	'mul' operation 16 bit ('mul_ln22_1', matrix_mult.cpp:22) [88]  (4.170 ns)

 <State 6>: 2.100ns
The critical path consists of the following:
	'mul' operation 16 bit of DSP[92] ('mul_ln22', matrix_mult.cpp:22) [87]  (0.000 ns)
	'add' operation 16 bit of DSP[92] ('add_ln22', matrix_mult.cpp:22) [92]  (2.100 ns)

 <State 7>: 2.100ns
The critical path consists of the following:
	'add' operation 16 bit of DSP[92] ('add_ln22', matrix_mult.cpp:22) [92]  (2.100 ns)

 <State 8>: 4.177ns
The critical path consists of the following:
	'add' operation 16 bit of DSP[94] ('add_ln22_2', matrix_mult.cpp:22) [94]  (2.100 ns)
	'add' operation 16 bit ('add_ln22_3', matrix_mult.cpp:22) [95]  (2.077 ns)


============================================================
+ Verbose Summary: Binding
============================================================
N/A
* FSMD analyzer results:
  - Output states:
 - Input state : 
  - Chain level:
	State 1
	State 2
	State 3
	State 4
	State 5
	State 6
	State 7
	State 8


============================================================
+ Verbose Summary: Datapath Resource usage 
============================================================
N/A
