2026-05-20 08:52:00 [info] : [Platform Server] Creating platform zynq_interrupt_platform  output stream finished - zynq_interrupt_platform. 
2026-05-20 08:54:23 [info] : [Platform Server] Generate platform output stream finished - zynq_interrupt_platform. 
2026-05-20 09:02:05 [info] : [Platform Server] Generate platform output stream finished - zynq_interrupt_platform. 
2026-05-20 09:02:07 [info] : [Build Server] Build output stream finished - interrupt_counter::. 
2026-05-20 09:12:23 [info] : [Platform Server] Generate platform output stream finished - zynq_interrupt_platform. 
2026-05-20 09:12:24 [info] : [Build Server] Build output stream finished - interrupt_counter::. 
2026-05-20 09:45:16 [info] : [Platform Server] Updating zynq_interrupt_system_wrapper XSA for zynq_interrupt_platform platform output stream finished - zynq_interrupt_platform. 
2026-05-20 09:45:55 [info] : [Platform Server] Generate platform output stream finished - zynq_interrupt_platform. 
2026-05-20 09:49:08 [info] : [Platform Server] Generate platform output stream finished - zynq_interrupt_platform. 
2026-05-20 09:49:08 [error] : [Build Server] Build error occurred and the stream has ended - interrupt_counter::. 
2026-05-20 09:49:08 [info] : [Build Server] Build output stream finished - interrupt_counter::. 
2026-05-20 09:49:39 [info] : [Platform Server] Generate platform output stream finished - zynq_interrupt_platform. 
2026-05-20 09:49:39 [error] : [Build Server] Build error occurred and the stream has ended - interrupt_counter::. 
2026-05-20 09:49:39 [info] : [Build Server] Build output stream finished - interrupt_counter::. 
2026-05-20 09:50:24 [info] : [Platform Server] Generate platform output stream finished - zynq_interrupt_platform. 
2026-05-20 09:50:24 [error] : [Build Server] Build error occurred and the stream has ended - interrupt_counter::. 
2026-05-20 09:50:24 [info] : [Build Server] Build output stream finished - interrupt_counter::. 
2026-05-20 10:01:32 [info] : [Platform Server] Generate platform output stream finished - zynq_interrupt_platform. 
2026-05-20 10:01:38 [info] : [Platform Server] Generate platform output stream finished - zynq_interrupt_platform. 
2026-05-20 10:01:40 [info] : [Build Server] Build output stream finished - interrupt_counter::. 
2026-05-20 10:02:03 [info] : [Platform Server] Generate platform output stream finished - zynq_interrupt_platform. 
2026-05-20 10:02:37 [info] : [Platform Server] Generate platform output stream finished - zynq_interrupt_platform. 
2026-05-20 10:02:39 [info] : [Build Server] Build output stream finished - interrupt_counter::. 
2026-05-20 10:09:50 [info] : [Platform Server] Generate platform output stream finished - zynq_interrupt_platform. 
2026-05-20 10:09:52 [info] : [Build Server] Build output stream finished - interrupt_counter::. 
2026-05-20 10:10:13 [info] : [Platform Server] Generate platform output stream finished - zynq_interrupt_platform. 
2026-05-20 10:10:14 [info] : [Build Server] Build output stream finished - interrupt_counter::. 
