08:41:25 INFO  : updated workspace path: D:\Semester_6\HWSW\LAB2
08:41:25 INFO  : cmd.exe, /C, empyro.bat repo -st   C:\AMDDesignTools\2025.2\Vitis\data\embeddedsw
08:41:27 INFO  : [INFO]: Initializing repositories
08:41:27 INFO  : [INFO]: Successfully set the EmbeddedSW path, refer .repo.yaml for more details.
08:41:27 INFO  : Successfully created repository data at D:\Semester_6\HWSW\LAB2/_ide\.wsdata
08:41:27 INFO  : cmd.exe, /C, empyro.bat get_template_data -d C:\Users\ADMIN\AppData\Local\Temp\rigel_lopper_ADMIN13221929493458418504 -r D:\Semester_6\HWSW\LAB2\_ide\.wsdata\.repo.yaml
08:41:27 INFO  : Embedded Template List generated successfully
08:44:17 INFO  : connection terminated
08:44:17 INFO  : connection terminated
08:44:17 INFO  : scheduling shutdown timer for 2 seconds ...
08:44:19 INFO  : Terminating Vitis C++ Server
08:44:19 INFO  : Vitis C++ Server terminated
08:48:23 INFO  : updated workspace path: D:\Semester_6\HWSW\LAB2
08:48:25 INFO  : [INFO]: Initializing repositories
08:48:25 INFO  : [INFO]: Successfully set the EmbeddedSW path, refer .repo.yaml for more details.
08:48:25 INFO  : Successfully created repository data at C:\Users\ADMIN\AppData\Local\Temp\rigel_lopper_ADMIN1826347992995599690
08:48:25 INFO  : cmd.exe, /C, empyro.bat get_template_data -d C:\Users\ADMIN\AppData\Local\Temp\rigel_lopper_ADMIN12601238297317085683 -r C:\Users\ADMIN\AppData\Local\Temp\rigel_lopper_ADMIN1826347992995599690\.repo.yaml
08:48:26 INFO  : Embedded Template List generated successfully
08:48:26 INFO  : cmd.exe, /C, empyro.bat get_template_data -d C:\Users\ADMIN\AppData\Local\Temp\rigel_lopper_ADMIN11544991977491906323 -r D:\Semester_6\HWSW\LAB2\_ide\.wsdata\.repo.yaml
08:48:26 INFO  : Embedded Template List generated successfully
08:49:22 INFO  : Using sdt generation script from C:\AMDDesignTools\2025.2\Vitis\vitis-server\scripts\platformutil.tcl
08:49:22 INFO  : cmd.exe, /C, sdtgen.bat C:\AMDDesignTools\2025.2\Vitis\vitis-server\scripts\platformutil.tcl D:\Semester_6\HWSW\LAB2\zynq_interrupts\zynq_interrupt_system_wrapper.xsa D:\Semester_6\HWSW\LAB2\.rigel_lopper_temp_platform\zynq_interrupt_system_wrapper\hw\sdt
08:49:27 INFO  : INFO: D:\Semester_6\HWSW\LAB2\.rigel_lopper_temp_platform\zynq_interrupt_system_wrapper\hw\sdt exists. Files will be overwritten
08:49:27 INFO  : -xsa D:\Semester_6\HWSW\LAB2\zynq_interrupts\zynq_interrupt_system_wrapper.xsa
08:49:27 INFO  : -dir D:\Semester_6\HWSW\LAB2\.rigel_lopper_temp_platform\zynq_interrupt_system_wrapper\hw\sdt
08:49:27 INFO  : -board_dts 
08:49:27 INFO  : -include_dts 
08:49:27 INFO  : -repo C:/AMDDesignTools/2025.2/Vitis/data/system-device-tree-xlnx
08:49:27 INFO  : -zocl disable
08:49:27 INFO  : INFO: [Hsi 55-2053] elapsed time for repository (C:/AMDDesignTools/2025.2/Vitis/data/embeddedsw) loading 1 seconds
08:49:27 INFO  : SDT generated successfully
08:49:27 INFO  : Lopper command for cpu List generation: lopper.bat --enhanced --werror -f -O D:\Semester_6\HWSW\LAB2\.rigel_lopper -i lop-cpu-oslist.dts D:\Semester_6\HWSW\LAB2\.rigel_lopper_temp_platform\zynq_interrupt_system_wrapper\hw\sdt\system-top.dts
08:49:27 INFO  : cmd.exe, /C, lopper.bat --enhanced --werror -f -O D:\Semester_6\HWSW\LAB2\.rigel_lopper -i lop-cpu-oslist.dts D:\Semester_6\HWSW\LAB2\.rigel_lopper_temp_platform\zynq_interrupt_system_wrapper\hw\sdt\system-top.dts
08:49:29 INFO  : CPU List generated successfully
08:51:40 INFO  : Platform zynq_interrupt_platform creation started.
08:51:40 INFO  : Lopper command for cpu List generation: lopper.bat --enhanced --werror -f -O D:\Semester_6\HWSW\LAB2\.rigel_lopper -i lop-cpu-oslist.dts D:\Semester_6\HWSW\LAB2\zynq_interrupt_platform\hw\sdt\system-top.dts
08:51:40 INFO  : cmd.exe, /C, lopper.bat --enhanced --werror -f -O D:\Semester_6\HWSW\LAB2\.rigel_lopper -i lop-cpu-oslist.dts D:\Semester_6\HWSW\LAB2\zynq_interrupt_platform\hw\sdt\system-top.dts
08:51:42 INFO  : CPU List generated successfully
08:51:42 INFO  : SDT generated successfully.
08:51:42 INFO  : ZYNQ: Using the QEMU args from install at  : C:\AMDDesignTools\2025.2\Vitis\data\emulation\platforms\zynq\sw\a9_linux\qemu\qemu_args.txt
08:51:42 INFO  : ZYNQ: Using the QEMU args from install at  : C:\AMDDesignTools\2025.2\Vitis\data\emulation\platforms\zynq\sw\a9_standalone\qemu\qemu_args.txt
08:51:42 INFO  : ZYNQ: Using the QEMU args from install at  : C:\AMDDesignTools\2025.2\Vitis\data\emulation\platforms\zynq\sw\a9_standalone\qemu\qemu_args.txt
08:51:42 INFO  : lopper command to generate BSP :empyro.bat create_bsp -w D:\Semester_6\HWSW\LAB2\zynq_interrupt_platform\zynq_fsbl\zynq_fsbl_bsp -p ps7_cortexa9_0 -o standalone -s D:\Semester_6\HWSW\LAB2\zynq_interrupt_platform\hw\sdt\system-top.dts -t zynq_fsbl -r D:\Semester_6\HWSW\LAB2\_ide\.wsdata\.repo.yaml
08:51:42 INFO  : cmd.exe, /C, empyro.bat create_bsp -w D:\Semester_6\HWSW\LAB2\zynq_interrupt_platform\zynq_fsbl\zynq_fsbl_bsp -p ps7_cortexa9_0 -o standalone -s D:\Semester_6\HWSW\LAB2\zynq_interrupt_platform\hw\sdt\system-top.dts -t zynq_fsbl -r D:\Semester_6\HWSW\LAB2\_ide\.wsdata\.repo.yaml
08:51:42 INFO  : lopper command to generate BSP :empyro.bat create_bsp -w D:\Semester_6\HWSW\LAB2\zynq_interrupt_platform\ps7_cortexa9_0\standalone_ps7_cortexa9_0\bsp -p ps7_cortexa9_0 -o standalone -s D:\Semester_6\HWSW\LAB2\zynq_interrupt_platform\hw\sdt\system-top.dts -t empty_application -r D:\Semester_6\HWSW\LAB2\_ide\.wsdata\.repo.yaml
08:51:42 INFO  : cmd.exe, /C, empyro.bat create_bsp -w D:\Semester_6\HWSW\LAB2\zynq_interrupt_platform\ps7_cortexa9_0\standalone_ps7_cortexa9_0\bsp -p ps7_cortexa9_0 -o standalone -s D:\Semester_6\HWSW\LAB2\zynq_interrupt_platform\hw\sdt\system-top.dts -t empty_application -r D:\Semester_6\HWSW\LAB2\_ide\.wsdata\.repo.yaml
08:51:56 INFO  : [INFO]: Starting domain creation
08:51:56 INFO  : [INFO]: Generating Domain-specific DTS for ps7_cortexa9_0
08:51:56 INFO  : [INFO]: Generating required metadata from domain specific DT
08:51:56 INFO  : [INFO]: Successfully created Domain at D:\Semester_6\HWSW\LAB2\zynq_interrupt_platform\ps7_cortexa9_0\standalone_ps7_cortexa9_0\bsp
08:51:56 INFO  : Successfully Generated Domain D:\Semester_6\HWSW\LAB2\zynq_interrupt_platform\ps7_cortexa9_0\standalone_ps7_cortexa9_0\bsp
08:51:56 INFO  : Domain standalone_ps7_cortexa9_0 added successfully.
08:51:56 INFO  : [INFO]: Starting domain creation
08:51:56 INFO  : [INFO]: Generating Domain-specific DTS for ps7_cortexa9_0
08:51:56 INFO  : [INFO]: Generating required metadata from domain specific DT
08:51:56 INFO  : [INFO]: Successfully created Domain at D:\Semester_6\HWSW\LAB2\zynq_interrupt_platform\zynq_fsbl\zynq_fsbl_bsp
08:51:56 INFO  : Successfully Generated Domain D:\Semester_6\HWSW\LAB2\zynq_interrupt_platform\zynq_fsbl\zynq_fsbl_bsp
08:51:56 INFO  : lopper command to create baremetal application :empyro.bat create_app --src_dir D:\Semester_6\HWSW\LAB2\zynq_interrupt_platform\zynq_fsbl -t zynq_fsbl -d D:\Semester_6\HWSW\LAB2\zynq_interrupt_platform\zynq_fsbl\zynq_fsbl_bsp -n fsbl -r D:\Semester_6\HWSW\LAB2\_ide\.wsdata\.repo.yaml
08:51:56 INFO  : cmd.exe, /C, empyro.bat validate_bsp -t zynq_fsbl -d D:\Semester_6\HWSW\LAB2\zynq_interrupt_platform\zynq_fsbl\zynq_fsbl_bsp -r D:\Semester_6\HWSW\LAB2\_ide\.wsdata\.repo.yaml
08:51:57 INFO  : Successfully validated template zynq_fsbl
08:51:57 INFO  : cmd.exe, /C, empyro.bat create_app --src_dir D:\Semester_6\HWSW\LAB2\zynq_interrupt_platform\zynq_fsbl -t zynq_fsbl -d D:\Semester_6\HWSW\LAB2\zynq_interrupt_platform\zynq_fsbl\zynq_fsbl_bsp -n fsbl -r D:\Semester_6\HWSW\LAB2\_ide\.wsdata\.repo.yaml
08:52:00 INFO  : [INFO]: Generating Linker script for zynq_fsbl
08:52:00 INFO  : [INFO]: Successfully Created Application sources at D:/Semester_6/HWSW/LAB2/zynq_interrupt_platform/zynq_fsbl
08:52:00 INFO  : Successfully created Application D:\Semester_6\HWSW\LAB2\zynq_interrupt_platform\zynq_fsbl
08:52:00 INFO  : Platform FSBL Boot domain added successfully.
08:52:00 INFO  : created .gitignore file for the project D:\Semester_6\HWSW\LAB2\zynq_interrupt_platform
08:52:00 INFO  : Platform creation finished successfully.
08:52:00 INFO  : Platform Quick Build initiated.
08:52:00 INFO  : Generating Export directory
08:52:00 INFO  : Generated platform metadata for creating application(s) based on platform zynq_interrupt_platform.
08:54:12 INFO  : BSP build will be initiated for Domain zynq_fsbl
08:54:12 INFO  : BSP build will be initiated for Domain standalone_ps7_cortexa9_0
08:54:12 INFO  : Generating BSP for the domain D:\Semester_6\HWSW\LAB2\zynq_interrupt_platform\ps7_cortexa9_0\standalone_ps7_cortexa9_0\bsp
08:54:12 INFO  : Generating BSP for the domain D:\Semester_6\HWSW\LAB2\zynq_interrupt_platform\zynq_fsbl\zynq_fsbl_bsp
08:54:12 INFO  : lopper command to reconfigure BSP :empyro.bat reconfig_bsp -d D:\Semester_6\HWSW\LAB2\zynq_interrupt_platform\ps7_cortexa9_0\standalone_ps7_cortexa9_0\bsp
08:54:12 INFO  : lopper command to reconfigure BSP :empyro.bat reconfig_bsp -d D:\Semester_6\HWSW\LAB2\zynq_interrupt_platform\zynq_fsbl\zynq_fsbl_bsp
08:54:12 INFO  : cmd.exe, /C, empyro.bat reconfig_bsp -d D:\Semester_6\HWSW\LAB2\zynq_interrupt_platform\ps7_cortexa9_0\standalone_ps7_cortexa9_0\bsp
08:54:12 INFO  : cmd.exe, /C, empyro.bat reconfig_bsp -d D:\Semester_6\HWSW\LAB2\zynq_interrupt_platform\zynq_fsbl\zynq_fsbl_bsp
08:54:12 INFO  : Domain reconfigured successfully
08:54:12 INFO  : Generating BSP for the domain D:\Semester_6\HWSW\LAB2\zynq_interrupt_platform\ps7_cortexa9_0\standalone_ps7_cortexa9_0\bsp
08:54:12 INFO  : lopper command to build BSP :empyro.bat build_bsp -d D:\Semester_6\HWSW\LAB2\zynq_interrupt_platform\ps7_cortexa9_0\standalone_ps7_cortexa9_0\bsp
08:54:12 INFO  : cmd.exe, /C, empyro.bat build_bsp -d D:\Semester_6\HWSW\LAB2\zynq_interrupt_platform\ps7_cortexa9_0\standalone_ps7_cortexa9_0\bsp
08:54:12 INFO  : Domain reconfigured successfully
08:54:12 INFO  : Generating BSP for the domain D:\Semester_6\HWSW\LAB2\zynq_interrupt_platform\zynq_fsbl\zynq_fsbl_bsp
08:54:12 INFO  : lopper command to build BSP :empyro.bat build_bsp -d D:\Semester_6\HWSW\LAB2\zynq_interrupt_platform\zynq_fsbl\zynq_fsbl_bsp
08:54:12 INFO  : cmd.exe, /C, empyro.bat build_bsp -d D:\Semester_6\HWSW\LAB2\zynq_interrupt_platform\zynq_fsbl\zynq_fsbl_bsp
08:54:19 INFO  : Domain build successfully
08:54:19 INFO  : Domain build successfully
08:54:19 INFO  : Generating Boot ELFs
08:54:19 INFO  : lopper command to retarget baremetal application :empyro.bat retarget_app -s D:\Semester_6\HWSW\LAB2\zynq_interrupt_platform\zynq_fsbl -d D:\Semester_6\HWSW\LAB2\zynq_interrupt_platform\zynq_fsbl\zynq_fsbl_bsp -b D:\Semester_6\HWSW\LAB2\zynq_interrupt_platform\zynq_fsbl\build
08:54:19 INFO  : cmd.exe, /C, empyro.bat retarget_app -s D:\Semester_6\HWSW\LAB2\zynq_interrupt_platform\zynq_fsbl -d D:\Semester_6\HWSW\LAB2\zynq_interrupt_platform\zynq_fsbl\zynq_fsbl_bsp -b D:\Semester_6\HWSW\LAB2\zynq_interrupt_platform\zynq_fsbl\build
08:54:20 INFO  : [INFO]: Retargeting app
08:54:20 INFO  : [INFO]: Updating link libraries based on new domain
08:54:20 INFO  : Successfully retargeted Application D:\Semester_6\HWSW\LAB2\zynq_interrupt_platform\zynq_fsbl
08:54:20 INFO  : lopper command to build baremetal application :empyro.bat build_app --src_dir D:\Semester_6\HWSW\LAB2\zynq_interrupt_platform\zynq_fsbl --build_dir D:\Semester_6\HWSW\LAB2\zynq_interrupt_platform\zynq_fsbl\build
08:54:20 INFO  : cmd.exe, /C, empyro.bat build_app --src_dir D:\Semester_6\HWSW\LAB2\zynq_interrupt_platform\zynq_fsbl --build_dir D:\Semester_6\HWSW\LAB2\zynq_interrupt_platform\zynq_fsbl\build
08:54:22 INFO  : Successfully building the baremetal applicationD:\Semester_6\HWSW\LAB2\zynq_interrupt_platform\zynq_fsbl\build
08:54:22 INFO  : Generating Export directory
08:54:23 INFO  : Platform Build Finished successfully.
08:56:29 INFO  : cmd.exe, /C, empyro.bat validate_bsp -t empty_application -d D:\Semester_6\HWSW\LAB2\zynq_interrupt_platform\export\zynq_interrupt_platform\sw\standalone_ps7_cortexa9_0 -r D:\Semester_6\HWSW\LAB2\_ide\.wsdata\.repo.yaml
08:56:29 INFO  : Successfully validated template empty_application
08:57:05 INFO  : lopper command to create baremetal application :empyro.bat create_app --src_dir D:\Semester_6\HWSW\LAB2\interrupt_counter\src -t empty_application -d D:\Semester_6\HWSW\LAB2\zynq_interrupt_platform\export\zynq_interrupt_platform\sw\standalone_ps7_cortexa9_0 -n interrupt_counter -r D:\Semester_6\HWSW\LAB2\_ide\.wsdata\.repo.yaml
08:57:05 INFO  : cmd.exe, /C, empyro.bat validate_bsp -t empty_application -d D:\Semester_6\HWSW\LAB2\zynq_interrupt_platform\export\zynq_interrupt_platform\sw\standalone_ps7_cortexa9_0 -r D:\Semester_6\HWSW\LAB2\_ide\.wsdata\.repo.yaml
08:57:05 INFO  : Successfully validated template empty_application
08:57:05 INFO  : cmd.exe, /C, empyro.bat create_app --src_dir D:\Semester_6\HWSW\LAB2\interrupt_counter\src -t empty_application -d D:\Semester_6\HWSW\LAB2\zynq_interrupt_platform\export\zynq_interrupt_platform\sw\standalone_ps7_cortexa9_0 -n interrupt_counter -r D:\Semester_6\HWSW\LAB2\_ide\.wsdata\.repo.yaml
08:57:07 INFO  : [INFO]: Generating Linker script for empty_application
08:57:07 INFO  : [INFO]: Successfully Created Application sources at D:/Semester_6/HWSW/LAB2/interrupt_counter/src
08:57:07 INFO  : Successfully created Application D:\Semester_6\HWSW\LAB2\interrupt_counter\src
08:57:07 INFO  : created .gitignore file for the project D:\Semester_6\HWSW\LAB2\interrupt_counter
08:57:07 INFO  : The hardware specification used by project 'D:\Semester_6\HWSW\LAB2\interrupt_counter' is out of sync with the platform. Resource files extracted from the hardware specification will be updated.
08:57:07 INFO  : The updated bitstream files are copied from platform to folder 'D:\Semester_6\HWSW\LAB2\interrupt_counter\_ide\bitstream' in project 'D:\Semester_6\HWSW\LAB2\interrupt_counter'.
08:57:07 INFO  : The updated ps init files are copied from platform to folder 'D:\Semester_6\HWSW\LAB2\interrupt_counter\_ide\psinit' in project 'D:\Semester_6\HWSW\LAB2\interrupt_counter'.
09:02:01 INFO  : BSP build will be initiated for Domain zynq_fsbl
09:02:01 INFO  : BSP build will be initiated for Domain standalone_ps7_cortexa9_0
09:02:01 INFO  : Generating BSP for the domain D:\Semester_6\HWSW\LAB2\zynq_interrupt_platform\zynq_fsbl\zynq_fsbl_bsp
09:02:01 INFO  : Generating BSP for the domain D:\Semester_6\HWSW\LAB2\zynq_interrupt_platform\ps7_cortexa9_0\standalone_ps7_cortexa9_0\bsp
09:02:01 INFO  : lopper command to reconfigure BSP :empyro.bat reconfig_bsp -d D:\Semester_6\HWSW\LAB2\zynq_interrupt_platform\zynq_fsbl\zynq_fsbl_bsp
09:02:01 INFO  : lopper command to reconfigure BSP :empyro.bat reconfig_bsp -d D:\Semester_6\HWSW\LAB2\zynq_interrupt_platform\ps7_cortexa9_0\standalone_ps7_cortexa9_0\bsp
09:02:01 INFO  : cmd.exe, /C, empyro.bat reconfig_bsp -d D:\Semester_6\HWSW\LAB2\zynq_interrupt_platform\zynq_fsbl\zynq_fsbl_bsp
09:02:01 INFO  : cmd.exe, /C, empyro.bat reconfig_bsp -d D:\Semester_6\HWSW\LAB2\zynq_interrupt_platform\ps7_cortexa9_0\standalone_ps7_cortexa9_0\bsp
09:02:02 INFO  : Domain reconfigured successfully
09:02:02 INFO  : Generating BSP for the domain D:\Semester_6\HWSW\LAB2\zynq_interrupt_platform\ps7_cortexa9_0\standalone_ps7_cortexa9_0\bsp
09:02:02 INFO  : lopper command to build BSP :empyro.bat build_bsp -d D:\Semester_6\HWSW\LAB2\zynq_interrupt_platform\ps7_cortexa9_0\standalone_ps7_cortexa9_0\bsp
09:02:02 INFO  : cmd.exe, /C, empyro.bat build_bsp -d D:\Semester_6\HWSW\LAB2\zynq_interrupt_platform\ps7_cortexa9_0\standalone_ps7_cortexa9_0\bsp
09:02:02 INFO  : Domain reconfigured successfully
09:02:02 INFO  : Generating BSP for the domain D:\Semester_6\HWSW\LAB2\zynq_interrupt_platform\zynq_fsbl\zynq_fsbl_bsp
09:02:02 INFO  : lopper command to build BSP :empyro.bat build_bsp -d D:\Semester_6\HWSW\LAB2\zynq_interrupt_platform\zynq_fsbl\zynq_fsbl_bsp
09:02:02 INFO  : cmd.exe, /C, empyro.bat build_bsp -d D:\Semester_6\HWSW\LAB2\zynq_interrupt_platform\zynq_fsbl\zynq_fsbl_bsp
09:02:03 INFO  : Domain build successfully
09:02:03 INFO  : Domain build successfully
09:02:03 INFO  : Generating Boot ELFs
09:02:03 INFO  : lopper command to retarget baremetal application :empyro.bat retarget_app -s D:\Semester_6\HWSW\LAB2\zynq_interrupt_platform\zynq_fsbl -d D:\Semester_6\HWSW\LAB2\zynq_interrupt_platform\zynq_fsbl\zynq_fsbl_bsp -b D:\Semester_6\HWSW\LAB2\zynq_interrupt_platform\zynq_fsbl\build
09:02:03 INFO  : cmd.exe, /C, empyro.bat retarget_app -s D:\Semester_6\HWSW\LAB2\zynq_interrupt_platform\zynq_fsbl -d D:\Semester_6\HWSW\LAB2\zynq_interrupt_platform\zynq_fsbl\zynq_fsbl_bsp -b D:\Semester_6\HWSW\LAB2\zynq_interrupt_platform\zynq_fsbl\build
09:02:03 INFO  : [INFO]: Retargeting app
09:02:03 INFO  : [INFO]: Updating link libraries based on new domain
09:02:03 INFO  : Successfully retargeted Application D:\Semester_6\HWSW\LAB2\zynq_interrupt_platform\zynq_fsbl
09:02:03 INFO  : lopper command to build baremetal application :empyro.bat build_app --src_dir D:\Semester_6\HWSW\LAB2\zynq_interrupt_platform\zynq_fsbl --build_dir D:\Semester_6\HWSW\LAB2\zynq_interrupt_platform\zynq_fsbl\build
09:02:03 INFO  : cmd.exe, /C, empyro.bat build_app --src_dir D:\Semester_6\HWSW\LAB2\zynq_interrupt_platform\zynq_fsbl --build_dir D:\Semester_6\HWSW\LAB2\zynq_interrupt_platform\zynq_fsbl\build
09:02:05 INFO  : Successfully building the baremetal applicationD:\Semester_6\HWSW\LAB2\zynq_interrupt_platform\zynq_fsbl\build
09:02:05 INFO  : Generating Export directory
09:02:05 INFO  : Platform Build Finished successfully.
09:02:05 INFO  : lopper command to retarget baremetal application :empyro.bat retarget_app -s d:\Semester_6\HWSW\LAB2\interrupt_counter\src -d D:\Semester_6\HWSW\LAB2\zynq_interrupt_platform\export\zynq_interrupt_platform\sw\standalone_ps7_cortexa9_0 -b d:\Semester_6\HWSW\LAB2\interrupt_counter\build
09:02:05 INFO  : cmd.exe, /C, empyro.bat retarget_app -s d:\Semester_6\HWSW\LAB2\interrupt_counter\src -d D:\Semester_6\HWSW\LAB2\zynq_interrupt_platform\export\zynq_interrupt_platform\sw\standalone_ps7_cortexa9_0 -b d:\Semester_6\HWSW\LAB2\interrupt_counter\build
09:02:05 INFO  : [INFO]: Retargeting app
09:02:05 INFO  : [INFO]: Updating link libraries based on new domain
09:02:05 INFO  : Successfully retargeted Application d:\Semester_6\HWSW\LAB2\interrupt_counter\src
09:02:05 INFO  : Initiating build for the interrupt_counter component.
09:02:05 INFO  : cmd.exe, /C, empyro.bat build_app -s d:\Semester_6\HWSW\LAB2\interrupt_counter\src -b d:\Semester_6\HWSW\LAB2\interrupt_counter\build
09:02:05 INFO  : Command: cmd.exe /C set CC= && set CXX= && empyro.bat build_app -s d:\Semester_6\HWSW\LAB2\interrupt_counter\src -b d:\Semester_6\HWSW\LAB2\interrupt_counter\build
09:02:07 ERROR : interrupt_counter build failed. 
09:12:19 INFO  : BSP build will be initiated for Domain zynq_fsbl
09:12:19 INFO  : BSP build will be initiated for Domain standalone_ps7_cortexa9_0
09:12:19 INFO  : Generating BSP for the domain D:\Semester_6\HWSW\LAB2\zynq_interrupt_platform\zynq_fsbl\zynq_fsbl_bsp
09:12:19 INFO  : lopper command to reconfigure BSP :empyro.bat reconfig_bsp -d D:\Semester_6\HWSW\LAB2\zynq_interrupt_platform\zynq_fsbl\zynq_fsbl_bsp
09:12:19 INFO  : Generating BSP for the domain D:\Semester_6\HWSW\LAB2\zynq_interrupt_platform\ps7_cortexa9_0\standalone_ps7_cortexa9_0\bsp
09:12:19 INFO  : lopper command to reconfigure BSP :empyro.bat reconfig_bsp -d D:\Semester_6\HWSW\LAB2\zynq_interrupt_platform\ps7_cortexa9_0\standalone_ps7_cortexa9_0\bsp
09:12:19 INFO  : cmd.exe, /C, empyro.bat reconfig_bsp -d D:\Semester_6\HWSW\LAB2\zynq_interrupt_platform\zynq_fsbl\zynq_fsbl_bsp
09:12:19 INFO  : cmd.exe, /C, empyro.bat reconfig_bsp -d D:\Semester_6\HWSW\LAB2\zynq_interrupt_platform\ps7_cortexa9_0\standalone_ps7_cortexa9_0\bsp
09:12:20 INFO  : Domain reconfigured successfully
09:12:20 INFO  : Generating BSP for the domain D:\Semester_6\HWSW\LAB2\zynq_interrupt_platform\ps7_cortexa9_0\standalone_ps7_cortexa9_0\bsp
09:12:20 INFO  : lopper command to build BSP :empyro.bat build_bsp -d D:\Semester_6\HWSW\LAB2\zynq_interrupt_platform\ps7_cortexa9_0\standalone_ps7_cortexa9_0\bsp
09:12:20 INFO  : cmd.exe, /C, empyro.bat build_bsp -d D:\Semester_6\HWSW\LAB2\zynq_interrupt_platform\ps7_cortexa9_0\standalone_ps7_cortexa9_0\bsp
09:12:20 INFO  : Domain reconfigured successfully
09:12:20 INFO  : Generating BSP for the domain D:\Semester_6\HWSW\LAB2\zynq_interrupt_platform\zynq_fsbl\zynq_fsbl_bsp
09:12:20 INFO  : lopper command to build BSP :empyro.bat build_bsp -d D:\Semester_6\HWSW\LAB2\zynq_interrupt_platform\zynq_fsbl\zynq_fsbl_bsp
09:12:20 INFO  : cmd.exe, /C, empyro.bat build_bsp -d D:\Semester_6\HWSW\LAB2\zynq_interrupt_platform\zynq_fsbl\zynq_fsbl_bsp
09:12:20 INFO  : Domain build successfully
09:12:21 INFO  : Domain build successfully
09:12:21 INFO  : Generating Boot ELFs
09:12:21 INFO  : lopper command to retarget baremetal application :empyro.bat retarget_app -s D:\Semester_6\HWSW\LAB2\zynq_interrupt_platform\zynq_fsbl -d D:\Semester_6\HWSW\LAB2\zynq_interrupt_platform\zynq_fsbl\zynq_fsbl_bsp -b D:\Semester_6\HWSW\LAB2\zynq_interrupt_platform\zynq_fsbl\build
09:12:21 INFO  : cmd.exe, /C, empyro.bat retarget_app -s D:\Semester_6\HWSW\LAB2\zynq_interrupt_platform\zynq_fsbl -d D:\Semester_6\HWSW\LAB2\zynq_interrupt_platform\zynq_fsbl\zynq_fsbl_bsp -b D:\Semester_6\HWSW\LAB2\zynq_interrupt_platform\zynq_fsbl\build
09:12:21 INFO  : [INFO]: Retargeting app
09:12:21 INFO  : [INFO]: Updating link libraries based on new domain
09:12:21 INFO  : Successfully retargeted Application D:\Semester_6\HWSW\LAB2\zynq_interrupt_platform\zynq_fsbl
09:12:21 INFO  : lopper command to build baremetal application :empyro.bat build_app --src_dir D:\Semester_6\HWSW\LAB2\zynq_interrupt_platform\zynq_fsbl --build_dir D:\Semester_6\HWSW\LAB2\zynq_interrupt_platform\zynq_fsbl\build
09:12:21 INFO  : cmd.exe, /C, empyro.bat build_app --src_dir D:\Semester_6\HWSW\LAB2\zynq_interrupt_platform\zynq_fsbl --build_dir D:\Semester_6\HWSW\LAB2\zynq_interrupt_platform\zynq_fsbl\build
09:12:23 INFO  : Successfully building the baremetal applicationD:\Semester_6\HWSW\LAB2\zynq_interrupt_platform\zynq_fsbl\build
09:12:23 INFO  : Generating Export directory
09:12:23 INFO  : Platform Build Finished successfully.
09:12:23 INFO  : lopper command to retarget baremetal application :empyro.bat retarget_app -s d:\Semester_6\HWSW\LAB2\interrupt_counter\src -d D:\Semester_6\HWSW\LAB2\zynq_interrupt_platform\export\zynq_interrupt_platform\sw\standalone_ps7_cortexa9_0 -b d:\Semester_6\HWSW\LAB2\interrupt_counter\build
09:12:23 INFO  : cmd.exe, /C, empyro.bat retarget_app -s d:\Semester_6\HWSW\LAB2\interrupt_counter\src -d D:\Semester_6\HWSW\LAB2\zynq_interrupt_platform\export\zynq_interrupt_platform\sw\standalone_ps7_cortexa9_0 -b d:\Semester_6\HWSW\LAB2\interrupt_counter\build
09:12:23 INFO  : [INFO]: Retargeting app
09:12:23 INFO  : [INFO]: Updating link libraries based on new domain
09:12:23 INFO  : Successfully retargeted Application d:\Semester_6\HWSW\LAB2\interrupt_counter\src
09:12:23 INFO  : Initiating build for the interrupt_counter component.
09:12:23 INFO  : cmd.exe, /C, empyro.bat build_app -s d:\Semester_6\HWSW\LAB2\interrupt_counter\src -b d:\Semester_6\HWSW\LAB2\interrupt_counter\build
09:12:23 INFO  : Command: cmd.exe /C set CC= && set CXX= && empyro.bat build_app -s d:\Semester_6\HWSW\LAB2\interrupt_counter\src -b d:\Semester_6\HWSW\LAB2\interrupt_counter\build
09:44:51 INFO  : HW XSA update started
09:44:51 INFO  : Using sdt generation script from C:\AMDDesignTools\2025.2\Vitis\vitis-server\scripts\platformutil.tcl
09:44:51 INFO  : cmd.exe, /C, sdtgen.bat C:\AMDDesignTools\2025.2\Vitis\vitis-server\scripts\platformutil.tcl D:\Semester_6\HWSW\LAB2\zynq_interrupts\zynq_interrupt_system_wrapper.xsa D:\Semester_6\HWSW\LAB2\zynq_interrupt_platform\hw\sdt
09:44:54 INFO  : INFO: D:\Semester_6\HWSW\LAB2\zynq_interrupt_platform\hw\sdt exists. Files will be overwritten
09:44:54 INFO  : -xsa D:\Semester_6\HWSW\LAB2\zynq_interrupts\zynq_interrupt_system_wrapper.xsa
09:44:54 INFO  : -dir D:\Semester_6\HWSW\LAB2\zynq_interrupt_platform\hw\sdt
09:44:54 INFO  : -board_dts 
09:44:54 INFO  : -include_dts 
09:44:54 INFO  : -repo C:/AMDDesignTools/2025.2/Vitis/data/system-device-tree-xlnx
09:44:54 INFO  : -zocl disable
09:44:54 INFO  : INFO: [Hsi 55-2053] elapsed time for repository (C:/AMDDesignTools/2025.2/Vitis/data/embeddedsw) loading 0 seconds
09:44:54 INFO  : SDT generated successfully
09:44:54 INFO  : Generating BSP for the domain D:\Semester_6\HWSW\LAB2\zynq_interrupt_platform\zynq_fsbl\zynq_fsbl_bsp
09:44:54 INFO  : lopper command to reconfigure BSP :empyro.bat reconfig_bsp -d D:\Semester_6\HWSW\LAB2\zynq_interrupt_platform\zynq_fsbl\zynq_fsbl_bsp
09:44:54 INFO  : cmd.exe, /C, empyro.bat reconfig_bsp -d D:\Semester_6\HWSW\LAB2\zynq_interrupt_platform\zynq_fsbl\zynq_fsbl_bsp
09:44:55 INFO  : Domain reconfigured successfully
09:44:55 INFO  : lopper command to regenerate BSP :empyro.bat regen_bsp -s D:\Semester_6\HWSW\LAB2\zynq_interrupt_platform\hw\sdt\system-top.dts -d D:\Semester_6\HWSW\LAB2\zynq_interrupt_platform\zynq_fsbl\zynq_fsbl_bsp -r D:\Semester_6\HWSW\LAB2\_ide\.wsdata\.repo.yaml
09:44:55 INFO  : cmd.exe, /C, empyro.bat regen_bsp -s D:\Semester_6\HWSW\LAB2\zynq_interrupt_platform\hw\sdt\system-top.dts -d D:\Semester_6\HWSW\LAB2\zynq_interrupt_platform\zynq_fsbl\zynq_fsbl_bsp -r D:\Semester_6\HWSW\LAB2\_ide\.wsdata\.repo.yaml
09:45:05 INFO  : [INFO]: Regenerating bsp
09:45:05 INFO  : [INFO]: Starting domain creation
09:45:05 INFO  : [INFO]: Generating Domain-specific DTS for ps7_cortexa9_0
09:45:05 INFO  : [INFO]: Generating required metadata from domain specific DT
09:45:05 INFO  : [INFO]: Successfully created Domain at D:\Semester_6\HWSW\LAB2\zynq_interrupt_platform\zynq_fsbl\zynq_fsbl_bsp
09:45:05 INFO  : -- Configuring done
09:45:05 INFO  : -- Generating done
09:45:05 INFO  : CMake Warning:
09:45:05 INFO  :   Manually-specified variables were not used by the project:
09:45:05 INFO  : 
09:45:05 INFO  :     CMAKE_TOOLCHAIN_FILE
09:45:05 INFO  : 
09:45:05 INFO  : 
09:45:05 INFO  : -- Build files have been written to: D:/Semester_6/HWSW/LAB2/zynq_interrupt_platform/zynq_fsbl/zynq_fsbl_bsp/libsrc/build_configs/gen_bsp
09:45:05 INFO  : [INFO]: Drivers ('tmrctr',) got added
09:45:05 INFO  : [INFO]: Regenerated BSP successfully.
09:45:05 INFO  : BSP regenerated successfully
09:45:05 INFO  : Generating BSP for the domain D:\Semester_6\HWSW\LAB2\zynq_interrupt_platform\ps7_cortexa9_0\standalone_ps7_cortexa9_0\bsp
09:45:05 INFO  : lopper command to reconfigure BSP :empyro.bat reconfig_bsp -d D:\Semester_6\HWSW\LAB2\zynq_interrupt_platform\ps7_cortexa9_0\standalone_ps7_cortexa9_0\bsp
09:45:05 INFO  : cmd.exe, /C, empyro.bat reconfig_bsp -d D:\Semester_6\HWSW\LAB2\zynq_interrupt_platform\ps7_cortexa9_0\standalone_ps7_cortexa9_0\bsp
09:45:05 INFO  : Domain reconfigured successfully
09:45:05 INFO  : lopper command to regenerate BSP :empyro.bat regen_bsp -s D:\Semester_6\HWSW\LAB2\zynq_interrupt_platform\hw\sdt\system-top.dts -d D:\Semester_6\HWSW\LAB2\zynq_interrupt_platform\ps7_cortexa9_0\standalone_ps7_cortexa9_0\bsp -r D:\Semester_6\HWSW\LAB2\_ide\.wsdata\.repo.yaml
09:45:05 INFO  : cmd.exe, /C, empyro.bat regen_bsp -s D:\Semester_6\HWSW\LAB2\zynq_interrupt_platform\hw\sdt\system-top.dts -d D:\Semester_6\HWSW\LAB2\zynq_interrupt_platform\ps7_cortexa9_0\standalone_ps7_cortexa9_0\bsp -r D:\Semester_6\HWSW\LAB2\_ide\.wsdata\.repo.yaml
09:45:15 INFO  : [INFO]: Regenerating bsp
09:45:15 INFO  : [INFO]: Starting domain creation
09:45:15 INFO  : [INFO]: Generating Domain-specific DTS for ps7_cortexa9_0
09:45:15 INFO  : [INFO]: Generating required metadata from domain specific DT
09:45:15 INFO  : [INFO]: Successfully created Domain at D:\Semester_6\HWSW\LAB2\zynq_interrupt_platform\ps7_cortexa9_0\standalone_ps7_cortexa9_0\bsp
09:45:15 INFO  : -- Configuring done
09:45:15 INFO  : -- Generating done
09:45:15 INFO  : CMake Warning:
09:45:15 INFO  :   Manually-specified variables were not used by the project:
09:45:15 INFO  : 
09:45:15 INFO  :     CMAKE_TOOLCHAIN_FILE
09:45:15 INFO  : 
09:45:15 INFO  : 
09:45:15 INFO  : -- Build files have been written to: D:/Semester_6/HWSW/LAB2/zynq_interrupt_platform/ps7_cortexa9_0/standalone_ps7_cortexa9_0/bsp/libsrc/build_configs/gen_bsp
09:45:15 INFO  : [INFO]: Drivers ('tmrctr',) got added
09:45:15 INFO  : [INFO]: Regenerated BSP successfully.
09:45:15 INFO  : BSP regenerated successfully
09:45:15 INFO  : Lopper command for cpu List generation: lopper.bat --enhanced --werror -f -O D:\Semester_6\HWSW\LAB2\.rigel_lopper -i lop-cpu-oslist.dts D:\Semester_6\HWSW\LAB2\zynq_interrupt_platform\hw\sdt\system-top.dts
09:45:15 INFO  : cmd.exe, /C, lopper.bat --enhanced --werror -f -O D:\Semester_6\HWSW\LAB2\.rigel_lopper -i lop-cpu-oslist.dts D:\Semester_6\HWSW\LAB2\zynq_interrupt_platform\hw\sdt\system-top.dts
09:45:16 INFO  : CPU List generated successfully
09:45:16 INFO  : Hardware XSA update finished successfully
09:45:46 INFO  : BSP build will be initiated for Domain standalone_ps7_cortexa9_0
09:45:46 INFO  : BSP build will be initiated for Domain zynq_fsbl
09:45:46 INFO  : Generating BSP for the domain D:\Semester_6\HWSW\LAB2\zynq_interrupt_platform\zynq_fsbl\zynq_fsbl_bsp
09:45:46 INFO  : lopper command to reconfigure BSP :empyro.bat reconfig_bsp -d D:\Semester_6\HWSW\LAB2\zynq_interrupt_platform\zynq_fsbl\zynq_fsbl_bsp
09:45:46 INFO  : Generating BSP for the domain D:\Semester_6\HWSW\LAB2\zynq_interrupt_platform\ps7_cortexa9_0\standalone_ps7_cortexa9_0\bsp
09:45:46 INFO  : cmd.exe, /C, empyro.bat reconfig_bsp -d D:\Semester_6\HWSW\LAB2\zynq_interrupt_platform\zynq_fsbl\zynq_fsbl_bsp
09:45:46 INFO  : lopper command to reconfigure BSP :empyro.bat reconfig_bsp -d D:\Semester_6\HWSW\LAB2\zynq_interrupt_platform\ps7_cortexa9_0\standalone_ps7_cortexa9_0\bsp
09:45:46 INFO  : cmd.exe, /C, empyro.bat reconfig_bsp -d D:\Semester_6\HWSW\LAB2\zynq_interrupt_platform\ps7_cortexa9_0\standalone_ps7_cortexa9_0\bsp
09:45:46 INFO  : Domain reconfigured successfully
09:45:46 INFO  : Generating BSP for the domain D:\Semester_6\HWSW\LAB2\zynq_interrupt_platform\ps7_cortexa9_0\standalone_ps7_cortexa9_0\bsp
09:45:46 INFO  : lopper command to build BSP :empyro.bat build_bsp -d D:\Semester_6\HWSW\LAB2\zynq_interrupt_platform\ps7_cortexa9_0\standalone_ps7_cortexa9_0\bsp
09:45:46 INFO  : cmd.exe, /C, empyro.bat build_bsp -d D:\Semester_6\HWSW\LAB2\zynq_interrupt_platform\ps7_cortexa9_0\standalone_ps7_cortexa9_0\bsp
09:45:46 INFO  : Domain reconfigured successfully
09:45:46 INFO  : Generating BSP for the domain D:\Semester_6\HWSW\LAB2\zynq_interrupt_platform\zynq_fsbl\zynq_fsbl_bsp
09:45:46 INFO  : lopper command to build BSP :empyro.bat build_bsp -d D:\Semester_6\HWSW\LAB2\zynq_interrupt_platform\zynq_fsbl\zynq_fsbl_bsp
09:45:46 INFO  : cmd.exe, /C, empyro.bat build_bsp -d D:\Semester_6\HWSW\LAB2\zynq_interrupt_platform\zynq_fsbl\zynq_fsbl_bsp
09:45:52 INFO  : Domain build successfully
09:45:53 INFO  : Domain build successfully
09:45:53 INFO  : Generating Boot ELFs
09:45:53 INFO  : lopper command to retarget baremetal application :empyro.bat retarget_app -s D:\Semester_6\HWSW\LAB2\zynq_interrupt_platform\zynq_fsbl -d D:\Semester_6\HWSW\LAB2\zynq_interrupt_platform\zynq_fsbl\zynq_fsbl_bsp -b D:\Semester_6\HWSW\LAB2\zynq_interrupt_platform\zynq_fsbl\build
09:45:53 INFO  : cmd.exe, /C, empyro.bat retarget_app -s D:\Semester_6\HWSW\LAB2\zynq_interrupt_platform\zynq_fsbl -d D:\Semester_6\HWSW\LAB2\zynq_interrupt_platform\zynq_fsbl\zynq_fsbl_bsp -b D:\Semester_6\HWSW\LAB2\zynq_interrupt_platform\zynq_fsbl\build
09:45:53 INFO  : [INFO]: Retargeting app
09:45:53 INFO  : [INFO]: Updating link libraries based on new domain
09:45:53 INFO  : Successfully retargeted Application D:\Semester_6\HWSW\LAB2\zynq_interrupt_platform\zynq_fsbl
09:45:53 INFO  : lopper command to build baremetal application :empyro.bat build_app --src_dir D:\Semester_6\HWSW\LAB2\zynq_interrupt_platform\zynq_fsbl --build_dir D:\Semester_6\HWSW\LAB2\zynq_interrupt_platform\zynq_fsbl\build
09:45:53 INFO  : cmd.exe, /C, empyro.bat build_app --src_dir D:\Semester_6\HWSW\LAB2\zynq_interrupt_platform\zynq_fsbl --build_dir D:\Semester_6\HWSW\LAB2\zynq_interrupt_platform\zynq_fsbl\build
09:45:55 ERROR : [ERROR]: Command 'cmake --build . --parallel 22 ' returned non-zero exit status 1.
09:45:55 ERROR : [ERROR]: Application Building Failed
09:45:55 ERROR : FAILED: fsbl.elf 
09:45:55 ERROR : Error in generating Baremetal Application.
09:45:55 ERROR : Error in generating platform. Error in generating Baremetal Application. [ERROR]: Command 'cmake --build . --parallel 22 ' returned non-zero exit status 1.[ERROR]: Application Building FailedFAILED: fsbl.elf 
09:45:55 ERROR : Error in generating platform. Error in generating Baremetal Application. [ERROR]: Command 'cmake --build . --parallel 22 ' returned non-zero exit status 1.[ERROR]: Application Building FailedFAILED: fsbl.elf 
09:49:04 INFO  : BSP build will be initiated for Domain zynq_fsbl
09:49:04 INFO  : Generating BSP for the domain D:\Semester_6\HWSW\LAB2\zynq_interrupt_platform\zynq_fsbl\zynq_fsbl_bsp
09:49:04 INFO  : lopper command to reconfigure BSP :empyro.bat reconfig_bsp -d D:\Semester_6\HWSW\LAB2\zynq_interrupt_platform\zynq_fsbl\zynq_fsbl_bsp
09:49:04 INFO  : cmd.exe, /C, empyro.bat reconfig_bsp -d D:\Semester_6\HWSW\LAB2\zynq_interrupt_platform\zynq_fsbl\zynq_fsbl_bsp
09:49:04 INFO  : BSP build will be initiated for Domain standalone_ps7_cortexa9_0
09:49:04 INFO  : Generating BSP for the domain D:\Semester_6\HWSW\LAB2\zynq_interrupt_platform\ps7_cortexa9_0\standalone_ps7_cortexa9_0\bsp
09:49:04 INFO  : lopper command to reconfigure BSP :empyro.bat reconfig_bsp -d D:\Semester_6\HWSW\LAB2\zynq_interrupt_platform\ps7_cortexa9_0\standalone_ps7_cortexa9_0\bsp
09:49:04 INFO  : cmd.exe, /C, empyro.bat reconfig_bsp -d D:\Semester_6\HWSW\LAB2\zynq_interrupt_platform\ps7_cortexa9_0\standalone_ps7_cortexa9_0\bsp
09:49:05 INFO  : Domain reconfigured successfully
09:49:05 INFO  : Generating BSP for the domain D:\Semester_6\HWSW\LAB2\zynq_interrupt_platform\ps7_cortexa9_0\standalone_ps7_cortexa9_0\bsp
09:49:05 INFO  : lopper command to build BSP :empyro.bat build_bsp -d D:\Semester_6\HWSW\LAB2\zynq_interrupt_platform\ps7_cortexa9_0\standalone_ps7_cortexa9_0\bsp
09:49:05 INFO  : cmd.exe, /C, empyro.bat build_bsp -d D:\Semester_6\HWSW\LAB2\zynq_interrupt_platform\ps7_cortexa9_0\standalone_ps7_cortexa9_0\bsp
09:49:05 INFO  : Domain reconfigured successfully
09:49:05 INFO  : Generating BSP for the domain D:\Semester_6\HWSW\LAB2\zynq_interrupt_platform\zynq_fsbl\zynq_fsbl_bsp
09:49:05 INFO  : lopper command to build BSP :empyro.bat build_bsp -d D:\Semester_6\HWSW\LAB2\zynq_interrupt_platform\zynq_fsbl\zynq_fsbl_bsp
09:49:05 INFO  : cmd.exe, /C, empyro.bat build_bsp -d D:\Semester_6\HWSW\LAB2\zynq_interrupt_platform\zynq_fsbl\zynq_fsbl_bsp
09:49:06 INFO  : Domain build successfully
09:49:06 INFO  : Domain build successfully
09:49:06 INFO  : Generating Boot ELFs
09:49:06 INFO  : lopper command to retarget baremetal application :empyro.bat retarget_app -s D:\Semester_6\HWSW\LAB2\zynq_interrupt_platform\zynq_fsbl -d D:\Semester_6\HWSW\LAB2\zynq_interrupt_platform\zynq_fsbl\zynq_fsbl_bsp -b D:\Semester_6\HWSW\LAB2\zynq_interrupt_platform\zynq_fsbl\build
09:49:06 INFO  : cmd.exe, /C, empyro.bat retarget_app -s D:\Semester_6\HWSW\LAB2\zynq_interrupt_platform\zynq_fsbl -d D:\Semester_6\HWSW\LAB2\zynq_interrupt_platform\zynq_fsbl\zynq_fsbl_bsp -b D:\Semester_6\HWSW\LAB2\zynq_interrupt_platform\zynq_fsbl\build
09:49:06 INFO  : [INFO]: Retargeting app
09:49:06 INFO  : [INFO]: Updating link libraries based on new domain
09:49:06 INFO  : Successfully retargeted Application D:\Semester_6\HWSW\LAB2\zynq_interrupt_platform\zynq_fsbl
09:49:06 INFO  : lopper command to build baremetal application :empyro.bat build_app --src_dir D:\Semester_6\HWSW\LAB2\zynq_interrupt_platform\zynq_fsbl --build_dir D:\Semester_6\HWSW\LAB2\zynq_interrupt_platform\zynq_fsbl\build
09:49:06 INFO  : cmd.exe, /C, empyro.bat build_app --src_dir D:\Semester_6\HWSW\LAB2\zynq_interrupt_platform\zynq_fsbl --build_dir D:\Semester_6\HWSW\LAB2\zynq_interrupt_platform\zynq_fsbl\build
09:49:08 ERROR : [ERROR]: Command 'cmake --build . --parallel 22 ' returned non-zero exit status 1.
09:49:08 ERROR : [ERROR]: Application Building Failed
09:49:08 ERROR : FAILED: fsbl.elf 
09:49:08 ERROR : Error in generating Baremetal Application.
09:49:08 ERROR : Error in generating platform. Error in generating Baremetal Application. [ERROR]: Command 'cmake --build . --parallel 22 ' returned non-zero exit status 1.[ERROR]: Application Building FailedFAILED: fsbl.elf 
09:49:08 ERROR : Error in generating platform. Error in generating Baremetal Application. [ERROR]: Command 'cmake --build . --parallel 22 ' returned non-zero exit status 1.[ERROR]: Application Building FailedFAILED: fsbl.elf 
09:49:36 INFO  : BSP build will be initiated for Domain zynq_fsbl
09:49:36 INFO  : Generating BSP for the domain D:\Semester_6\HWSW\LAB2\zynq_interrupt_platform\zynq_fsbl\zynq_fsbl_bsp
09:49:36 INFO  : lopper command to reconfigure BSP :empyro.bat reconfig_bsp -d D:\Semester_6\HWSW\LAB2\zynq_interrupt_platform\zynq_fsbl\zynq_fsbl_bsp
09:49:36 INFO  : cmd.exe, /C, empyro.bat reconfig_bsp -d D:\Semester_6\HWSW\LAB2\zynq_interrupt_platform\zynq_fsbl\zynq_fsbl_bsp
09:49:36 INFO  : BSP build will be initiated for Domain standalone_ps7_cortexa9_0
09:49:36 INFO  : Generating BSP for the domain D:\Semester_6\HWSW\LAB2\zynq_interrupt_platform\ps7_cortexa9_0\standalone_ps7_cortexa9_0\bsp
09:49:36 INFO  : lopper command to reconfigure BSP :empyro.bat reconfig_bsp -d D:\Semester_6\HWSW\LAB2\zynq_interrupt_platform\ps7_cortexa9_0\standalone_ps7_cortexa9_0\bsp
09:49:36 INFO  : cmd.exe, /C, empyro.bat reconfig_bsp -d D:\Semester_6\HWSW\LAB2\zynq_interrupt_platform\ps7_cortexa9_0\standalone_ps7_cortexa9_0\bsp
09:49:36 INFO  : Domain reconfigured successfully
09:49:36 INFO  : Generating BSP for the domain D:\Semester_6\HWSW\LAB2\zynq_interrupt_platform\ps7_cortexa9_0\standalone_ps7_cortexa9_0\bsp
09:49:36 INFO  : lopper command to build BSP :empyro.bat build_bsp -d D:\Semester_6\HWSW\LAB2\zynq_interrupt_platform\ps7_cortexa9_0\standalone_ps7_cortexa9_0\bsp
09:49:36 INFO  : cmd.exe, /C, empyro.bat build_bsp -d D:\Semester_6\HWSW\LAB2\zynq_interrupt_platform\ps7_cortexa9_0\standalone_ps7_cortexa9_0\bsp
09:49:36 INFO  : Domain reconfigured successfully
09:49:36 INFO  : Generating BSP for the domain D:\Semester_6\HWSW\LAB2\zynq_interrupt_platform\zynq_fsbl\zynq_fsbl_bsp
09:49:36 INFO  : lopper command to build BSP :empyro.bat build_bsp -d D:\Semester_6\HWSW\LAB2\zynq_interrupt_platform\zynq_fsbl\zynq_fsbl_bsp
09:49:36 INFO  : cmd.exe, /C, empyro.bat build_bsp -d D:\Semester_6\HWSW\LAB2\zynq_interrupt_platform\zynq_fsbl\zynq_fsbl_bsp
09:49:37 INFO  : Domain build successfully
09:49:37 INFO  : Domain build successfully
09:49:37 INFO  : Generating Boot ELFs
09:49:37 INFO  : lopper command to retarget baremetal application :empyro.bat retarget_app -s D:\Semester_6\HWSW\LAB2\zynq_interrupt_platform\zynq_fsbl -d D:\Semester_6\HWSW\LAB2\zynq_interrupt_platform\zynq_fsbl\zynq_fsbl_bsp -b D:\Semester_6\HWSW\LAB2\zynq_interrupt_platform\zynq_fsbl\build
09:49:37 INFO  : cmd.exe, /C, empyro.bat retarget_app -s D:\Semester_6\HWSW\LAB2\zynq_interrupt_platform\zynq_fsbl -d D:\Semester_6\HWSW\LAB2\zynq_interrupt_platform\zynq_fsbl\zynq_fsbl_bsp -b D:\Semester_6\HWSW\LAB2\zynq_interrupt_platform\zynq_fsbl\build
09:49:38 INFO  : [INFO]: Retargeting app
09:49:38 INFO  : [INFO]: Updating link libraries based on new domain
09:49:38 INFO  : Successfully retargeted Application D:\Semester_6\HWSW\LAB2\zynq_interrupt_platform\zynq_fsbl
09:49:38 INFO  : lopper command to build baremetal application :empyro.bat build_app --src_dir D:\Semester_6\HWSW\LAB2\zynq_interrupt_platform\zynq_fsbl --build_dir D:\Semester_6\HWSW\LAB2\zynq_interrupt_platform\zynq_fsbl\build
09:49:38 INFO  : cmd.exe, /C, empyro.bat build_app --src_dir D:\Semester_6\HWSW\LAB2\zynq_interrupt_platform\zynq_fsbl --build_dir D:\Semester_6\HWSW\LAB2\zynq_interrupt_platform\zynq_fsbl\build
09:49:39 ERROR : [ERROR]: Command 'cmake --build . --parallel 22 ' returned non-zero exit status 1.
09:49:39 ERROR : [ERROR]: Application Building Failed
09:49:39 ERROR : FAILED: fsbl.elf 
09:49:39 ERROR : Error in generating Baremetal Application.
09:49:39 ERROR : Error in generating platform. Error in generating Baremetal Application. [ERROR]: Command 'cmake --build . --parallel 22 ' returned non-zero exit status 1.[ERROR]: Application Building FailedFAILED: fsbl.elf 
09:49:39 ERROR : Error in generating platform. Error in generating Baremetal Application. [ERROR]: Command 'cmake --build . --parallel 22 ' returned non-zero exit status 1.[ERROR]: Application Building FailedFAILED: fsbl.elf 
09:50:20 INFO  : BSP build will be initiated for Domain standalone_ps7_cortexa9_0
09:50:20 INFO  : BSP build will be initiated for Domain zynq_fsbl
09:50:20 INFO  : Generating BSP for the domain D:\Semester_6\HWSW\LAB2\zynq_interrupt_platform\zynq_fsbl\zynq_fsbl_bsp
09:50:20 INFO  : Generating BSP for the domain D:\Semester_6\HWSW\LAB2\zynq_interrupt_platform\ps7_cortexa9_0\standalone_ps7_cortexa9_0\bsp
09:50:20 INFO  : lopper command to reconfigure BSP :empyro.bat reconfig_bsp -d D:\Semester_6\HWSW\LAB2\zynq_interrupt_platform\zynq_fsbl\zynq_fsbl_bsp
09:50:20 INFO  : lopper command to reconfigure BSP :empyro.bat reconfig_bsp -d D:\Semester_6\HWSW\LAB2\zynq_interrupt_platform\ps7_cortexa9_0\standalone_ps7_cortexa9_0\bsp
09:50:20 INFO  : cmd.exe, /C, empyro.bat reconfig_bsp -d D:\Semester_6\HWSW\LAB2\zynq_interrupt_platform\zynq_fsbl\zynq_fsbl_bsp
09:50:20 INFO  : cmd.exe, /C, empyro.bat reconfig_bsp -d D:\Semester_6\HWSW\LAB2\zynq_interrupt_platform\ps7_cortexa9_0\standalone_ps7_cortexa9_0\bsp
09:50:21 INFO  : Domain reconfigured successfully
09:50:21 INFO  : Generating BSP for the domain D:\Semester_6\HWSW\LAB2\zynq_interrupt_platform\ps7_cortexa9_0\standalone_ps7_cortexa9_0\bsp
09:50:21 INFO  : lopper command to build BSP :empyro.bat build_bsp -d D:\Semester_6\HWSW\LAB2\zynq_interrupt_platform\ps7_cortexa9_0\standalone_ps7_cortexa9_0\bsp
09:50:21 INFO  : cmd.exe, /C, empyro.bat build_bsp -d D:\Semester_6\HWSW\LAB2\zynq_interrupt_platform\ps7_cortexa9_0\standalone_ps7_cortexa9_0\bsp
09:50:21 INFO  : Domain reconfigured successfully
09:50:21 INFO  : Generating BSP for the domain D:\Semester_6\HWSW\LAB2\zynq_interrupt_platform\zynq_fsbl\zynq_fsbl_bsp
09:50:21 INFO  : lopper command to build BSP :empyro.bat build_bsp -d D:\Semester_6\HWSW\LAB2\zynq_interrupt_platform\zynq_fsbl\zynq_fsbl_bsp
09:50:21 INFO  : cmd.exe, /C, empyro.bat build_bsp -d D:\Semester_6\HWSW\LAB2\zynq_interrupt_platform\zynq_fsbl\zynq_fsbl_bsp
09:50:21 INFO  : Domain build successfully
09:50:22 INFO  : Domain build successfully
09:50:22 INFO  : Generating Boot ELFs
09:50:22 INFO  : lopper command to retarget baremetal application :empyro.bat retarget_app -s D:\Semester_6\HWSW\LAB2\zynq_interrupt_platform\zynq_fsbl -d D:\Semester_6\HWSW\LAB2\zynq_interrupt_platform\zynq_fsbl\zynq_fsbl_bsp -b D:\Semester_6\HWSW\LAB2\zynq_interrupt_platform\zynq_fsbl\build
09:50:22 INFO  : cmd.exe, /C, empyro.bat retarget_app -s D:\Semester_6\HWSW\LAB2\zynq_interrupt_platform\zynq_fsbl -d D:\Semester_6\HWSW\LAB2\zynq_interrupt_platform\zynq_fsbl\zynq_fsbl_bsp -b D:\Semester_6\HWSW\LAB2\zynq_interrupt_platform\zynq_fsbl\build
09:50:22 INFO  : [INFO]: Retargeting app
09:50:22 INFO  : [INFO]: Updating link libraries based on new domain
09:50:22 INFO  : Successfully retargeted Application D:\Semester_6\HWSW\LAB2\zynq_interrupt_platform\zynq_fsbl
09:50:22 INFO  : lopper command to build baremetal application :empyro.bat build_app --src_dir D:\Semester_6\HWSW\LAB2\zynq_interrupt_platform\zynq_fsbl --build_dir D:\Semester_6\HWSW\LAB2\zynq_interrupt_platform\zynq_fsbl\build
09:50:22 INFO  : cmd.exe, /C, empyro.bat build_app --src_dir D:\Semester_6\HWSW\LAB2\zynq_interrupt_platform\zynq_fsbl --build_dir D:\Semester_6\HWSW\LAB2\zynq_interrupt_platform\zynq_fsbl\build
09:50:24 ERROR : [ERROR]: Command 'cmake --build . --parallel 22 ' returned non-zero exit status 1.
09:50:24 ERROR : [ERROR]: Application Building Failed
09:50:24 ERROR : FAILED: fsbl.elf 
09:50:24 ERROR : Error in generating Baremetal Application.
09:50:24 ERROR : Error in generating platform. Error in generating Baremetal Application. [ERROR]: Command 'cmake --build . --parallel 22 ' returned non-zero exit status 1.[ERROR]: Application Building FailedFAILED: fsbl.elf 
09:50:24 ERROR : Error in generating platform. Error in generating Baremetal Application. [ERROR]: Command 'cmake --build . --parallel 22 ' returned non-zero exit status 1.[ERROR]: Application Building FailedFAILED: fsbl.elf 
10:01:31 INFO  : BSP build will be initiated for Domain standalone_ps7_cortexa9_0
10:01:31 INFO  : Generating BSP for the domain D:\Semester_6\HWSW\LAB2\zynq_interrupt_platform\ps7_cortexa9_0\standalone_ps7_cortexa9_0\bsp
10:01:31 INFO  : lopper command to reconfigure BSP :empyro.bat reconfig_bsp -d D:\Semester_6\HWSW\LAB2\zynq_interrupt_platform\ps7_cortexa9_0\standalone_ps7_cortexa9_0\bsp
10:01:31 INFO  : cmd.exe, /C, empyro.bat reconfig_bsp -d D:\Semester_6\HWSW\LAB2\zynq_interrupt_platform\ps7_cortexa9_0\standalone_ps7_cortexa9_0\bsp
10:01:32 INFO  : Domain reconfigured successfully
10:01:32 INFO  : Generating BSP for the domain D:\Semester_6\HWSW\LAB2\zynq_interrupt_platform\ps7_cortexa9_0\standalone_ps7_cortexa9_0\bsp
10:01:32 INFO  : lopper command to build BSP :empyro.bat build_bsp -d D:\Semester_6\HWSW\LAB2\zynq_interrupt_platform\ps7_cortexa9_0\standalone_ps7_cortexa9_0\bsp
10:01:32 INFO  : cmd.exe, /C, empyro.bat build_bsp -d D:\Semester_6\HWSW\LAB2\zynq_interrupt_platform\ps7_cortexa9_0\standalone_ps7_cortexa9_0\bsp
10:01:32 INFO  : Domain build successfully
10:01:32 INFO  : Generating Boot ELFs
10:01:32 INFO  : Generating Export directory
10:01:32 INFO  : Platform Build Finished successfully.
10:01:37 INFO  : BSP build will be initiated for Domain standalone_ps7_cortexa9_0
10:01:37 INFO  : Generating BSP for the domain D:\Semester_6\HWSW\LAB2\zynq_interrupt_platform\ps7_cortexa9_0\standalone_ps7_cortexa9_0\bsp
10:01:37 INFO  : lopper command to reconfigure BSP :empyro.bat reconfig_bsp -d D:\Semester_6\HWSW\LAB2\zynq_interrupt_platform\ps7_cortexa9_0\standalone_ps7_cortexa9_0\bsp
10:01:37 INFO  : cmd.exe, /C, empyro.bat reconfig_bsp -d D:\Semester_6\HWSW\LAB2\zynq_interrupt_platform\ps7_cortexa9_0\standalone_ps7_cortexa9_0\bsp
10:01:37 INFO  : Domain reconfigured successfully
10:01:37 INFO  : Generating BSP for the domain D:\Semester_6\HWSW\LAB2\zynq_interrupt_platform\ps7_cortexa9_0\standalone_ps7_cortexa9_0\bsp
10:01:37 INFO  : lopper command to build BSP :empyro.bat build_bsp -d D:\Semester_6\HWSW\LAB2\zynq_interrupt_platform\ps7_cortexa9_0\standalone_ps7_cortexa9_0\bsp
10:01:37 INFO  : cmd.exe, /C, empyro.bat build_bsp -d D:\Semester_6\HWSW\LAB2\zynq_interrupt_platform\ps7_cortexa9_0\standalone_ps7_cortexa9_0\bsp
10:01:38 INFO  : Domain build successfully
10:01:38 INFO  : Generating Boot ELFs
10:01:38 INFO  : Generating Export directory
10:01:38 INFO  : Platform Build Finished successfully.
10:01:38 INFO  : lopper command to retarget baremetal application :empyro.bat retarget_app -s d:\Semester_6\HWSW\LAB2\interrupt_counter\src -d D:\Semester_6\HWSW\LAB2\zynq_interrupt_platform\export\zynq_interrupt_platform\sw\standalone_ps7_cortexa9_0 -b d:\Semester_6\HWSW\LAB2\interrupt_counter\build
10:01:38 INFO  : cmd.exe, /C, empyro.bat retarget_app -s d:\Semester_6\HWSW\LAB2\interrupt_counter\src -d D:\Semester_6\HWSW\LAB2\zynq_interrupt_platform\export\zynq_interrupt_platform\sw\standalone_ps7_cortexa9_0 -b d:\Semester_6\HWSW\LAB2\interrupt_counter\build
10:01:39 INFO  : [INFO]: Retargeting app
10:01:39 INFO  : [INFO]: Updating link libraries based on new domain
10:01:39 INFO  : Successfully retargeted Application d:\Semester_6\HWSW\LAB2\interrupt_counter\src
10:01:39 INFO  : Initiating build for the interrupt_counter component.
10:01:39 INFO  : cmd.exe, /C, empyro.bat build_app -s d:\Semester_6\HWSW\LAB2\interrupt_counter\src -b d:\Semester_6\HWSW\LAB2\interrupt_counter\build
10:01:39 INFO  : Command: cmd.exe /C set CC= && set CXX= && empyro.bat build_app -s d:\Semester_6\HWSW\LAB2\interrupt_counter\src -b d:\Semester_6\HWSW\LAB2\interrupt_counter\build
10:02:02 INFO  : BSP build will be initiated for Domain standalone_ps7_cortexa9_0
10:02:02 INFO  : Generating BSP for the domain D:\Semester_6\HWSW\LAB2\zynq_interrupt_platform\ps7_cortexa9_0\standalone_ps7_cortexa9_0\bsp
10:02:02 INFO  : lopper command to reconfigure BSP :empyro.bat reconfig_bsp -d D:\Semester_6\HWSW\LAB2\zynq_interrupt_platform\ps7_cortexa9_0\standalone_ps7_cortexa9_0\bsp
10:02:02 INFO  : cmd.exe, /C, empyro.bat reconfig_bsp -d D:\Semester_6\HWSW\LAB2\zynq_interrupt_platform\ps7_cortexa9_0\standalone_ps7_cortexa9_0\bsp
10:02:02 INFO  : Domain reconfigured successfully
10:02:02 INFO  : Generating BSP for the domain D:\Semester_6\HWSW\LAB2\zynq_interrupt_platform\ps7_cortexa9_0\standalone_ps7_cortexa9_0\bsp
10:02:02 INFO  : lopper command to build BSP :empyro.bat build_bsp -d D:\Semester_6\HWSW\LAB2\zynq_interrupt_platform\ps7_cortexa9_0\standalone_ps7_cortexa9_0\bsp
10:02:02 INFO  : cmd.exe, /C, empyro.bat build_bsp -d D:\Semester_6\HWSW\LAB2\zynq_interrupt_platform\ps7_cortexa9_0\standalone_ps7_cortexa9_0\bsp
10:02:03 INFO  : Domain build successfully
10:02:03 INFO  : Generating Boot ELFs
10:02:03 INFO  : Generating Export directory
10:02:03 INFO  : Platform Build Finished successfully.
10:02:36 INFO  : BSP build will be initiated for Domain standalone_ps7_cortexa9_0
10:02:36 INFO  : Generating BSP for the domain D:\Semester_6\HWSW\LAB2\zynq_interrupt_platform\ps7_cortexa9_0\standalone_ps7_cortexa9_0\bsp
10:02:36 INFO  : lopper command to reconfigure BSP :empyro.bat reconfig_bsp -d D:\Semester_6\HWSW\LAB2\zynq_interrupt_platform\ps7_cortexa9_0\standalone_ps7_cortexa9_0\bsp
10:02:36 INFO  : cmd.exe, /C, empyro.bat reconfig_bsp -d D:\Semester_6\HWSW\LAB2\zynq_interrupt_platform\ps7_cortexa9_0\standalone_ps7_cortexa9_0\bsp
10:02:36 INFO  : Domain reconfigured successfully
10:02:36 INFO  : Generating BSP for the domain D:\Semester_6\HWSW\LAB2\zynq_interrupt_platform\ps7_cortexa9_0\standalone_ps7_cortexa9_0\bsp
10:02:36 INFO  : lopper command to build BSP :empyro.bat build_bsp -d D:\Semester_6\HWSW\LAB2\zynq_interrupt_platform\ps7_cortexa9_0\standalone_ps7_cortexa9_0\bsp
10:02:36 INFO  : cmd.exe, /C, empyro.bat build_bsp -d D:\Semester_6\HWSW\LAB2\zynq_interrupt_platform\ps7_cortexa9_0\standalone_ps7_cortexa9_0\bsp
10:02:37 INFO  : Domain build successfully
10:02:37 INFO  : Generating Boot ELFs
10:02:37 INFO  : Generating Export directory
10:02:37 INFO  : Platform Build Finished successfully.
10:02:37 INFO  : lopper command to retarget baremetal application :empyro.bat retarget_app -s d:\Semester_6\HWSW\LAB2\interrupt_counter\src -d D:\Semester_6\HWSW\LAB2\zynq_interrupt_platform\export\zynq_interrupt_platform\sw\standalone_ps7_cortexa9_0 -b d:\Semester_6\HWSW\LAB2\interrupt_counter\build
10:02:37 INFO  : cmd.exe, /C, empyro.bat retarget_app -s d:\Semester_6\HWSW\LAB2\interrupt_counter\src -d D:\Semester_6\HWSW\LAB2\zynq_interrupt_platform\export\zynq_interrupt_platform\sw\standalone_ps7_cortexa9_0 -b d:\Semester_6\HWSW\LAB2\interrupt_counter\build
10:02:38 INFO  : [INFO]: Retargeting app
10:02:38 INFO  : [INFO]: Updating link libraries based on new domain
10:02:38 INFO  : Successfully retargeted Application d:\Semester_6\HWSW\LAB2\interrupt_counter\src
10:02:38 INFO  : Initiating build for the interrupt_counter component.
10:02:38 INFO  : cmd.exe, /C, empyro.bat build_app -s d:\Semester_6\HWSW\LAB2\interrupt_counter\src -b d:\Semester_6\HWSW\LAB2\interrupt_counter\build
10:02:38 INFO  : Command: cmd.exe /C set CC= && set CXX= && empyro.bat build_app -s d:\Semester_6\HWSW\LAB2\interrupt_counter\src -b d:\Semester_6\HWSW\LAB2\interrupt_counter\build
10:09:49 INFO  : BSP build will be initiated for Domain standalone_ps7_cortexa9_0
10:09:49 INFO  : Generating BSP for the domain D:\Semester_6\HWSW\LAB2\zynq_interrupt_platform\ps7_cortexa9_0\standalone_ps7_cortexa9_0\bsp
10:09:49 INFO  : lopper command to reconfigure BSP :empyro.bat reconfig_bsp -d D:\Semester_6\HWSW\LAB2\zynq_interrupt_platform\ps7_cortexa9_0\standalone_ps7_cortexa9_0\bsp
10:09:49 INFO  : cmd.exe, /C, empyro.bat reconfig_bsp -d D:\Semester_6\HWSW\LAB2\zynq_interrupt_platform\ps7_cortexa9_0\standalone_ps7_cortexa9_0\bsp
10:09:49 INFO  : Domain reconfigured successfully
10:09:49 INFO  : Generating BSP for the domain D:\Semester_6\HWSW\LAB2\zynq_interrupt_platform\ps7_cortexa9_0\standalone_ps7_cortexa9_0\bsp
10:09:49 INFO  : lopper command to build BSP :empyro.bat build_bsp -d D:\Semester_6\HWSW\LAB2\zynq_interrupt_platform\ps7_cortexa9_0\standalone_ps7_cortexa9_0\bsp
10:09:49 INFO  : cmd.exe, /C, empyro.bat build_bsp -d D:\Semester_6\HWSW\LAB2\zynq_interrupt_platform\ps7_cortexa9_0\standalone_ps7_cortexa9_0\bsp
10:09:50 INFO  : Domain build successfully
10:09:50 INFO  : Generating Boot ELFs
10:09:50 INFO  : Generating Export directory
10:09:50 INFO  : Platform Build Finished successfully.
10:09:50 INFO  : lopper command to retarget baremetal application :empyro.bat retarget_app -s d:\Semester_6\HWSW\LAB2\interrupt_counter\src -d D:\Semester_6\HWSW\LAB2\zynq_interrupt_platform\export\zynq_interrupt_platform\sw\standalone_ps7_cortexa9_0 -b d:\Semester_6\HWSW\LAB2\interrupt_counter\build
10:09:50 INFO  : cmd.exe, /C, empyro.bat retarget_app -s d:\Semester_6\HWSW\LAB2\interrupt_counter\src -d D:\Semester_6\HWSW\LAB2\zynq_interrupt_platform\export\zynq_interrupt_platform\sw\standalone_ps7_cortexa9_0 -b d:\Semester_6\HWSW\LAB2\interrupt_counter\build
10:09:51 INFO  : [INFO]: Retargeting app
10:09:51 INFO  : [INFO]: Updating link libraries based on new domain
10:09:51 INFO  : Successfully retargeted Application d:\Semester_6\HWSW\LAB2\interrupt_counter\src
10:09:51 INFO  : Initiating build for the interrupt_counter component.
10:09:51 INFO  : cmd.exe, /C, empyro.bat build_app -s d:\Semester_6\HWSW\LAB2\interrupt_counter\src -b d:\Semester_6\HWSW\LAB2\interrupt_counter\build
10:09:51 INFO  : Command: cmd.exe /C set CC= && set CXX= && empyro.bat build_app -s d:\Semester_6\HWSW\LAB2\interrupt_counter\src -b d:\Semester_6\HWSW\LAB2\interrupt_counter\build
10:10:11 INFO  : BSP build will be initiated for Domain standalone_ps7_cortexa9_0
10:10:11 INFO  : Generating BSP for the domain D:\Semester_6\HWSW\LAB2\zynq_interrupt_platform\ps7_cortexa9_0\standalone_ps7_cortexa9_0\bsp
10:10:11 INFO  : lopper command to reconfigure BSP :empyro.bat reconfig_bsp -d D:\Semester_6\HWSW\LAB2\zynq_interrupt_platform\ps7_cortexa9_0\standalone_ps7_cortexa9_0\bsp
10:10:11 INFO  : cmd.exe, /C, empyro.bat reconfig_bsp -d D:\Semester_6\HWSW\LAB2\zynq_interrupt_platform\ps7_cortexa9_0\standalone_ps7_cortexa9_0\bsp
10:10:12 INFO  : Domain reconfigured successfully
10:10:12 INFO  : Generating BSP for the domain D:\Semester_6\HWSW\LAB2\zynq_interrupt_platform\ps7_cortexa9_0\standalone_ps7_cortexa9_0\bsp
10:10:12 INFO  : lopper command to build BSP :empyro.bat build_bsp -d D:\Semester_6\HWSW\LAB2\zynq_interrupt_platform\ps7_cortexa9_0\standalone_ps7_cortexa9_0\bsp
10:10:12 INFO  : cmd.exe, /C, empyro.bat build_bsp -d D:\Semester_6\HWSW\LAB2\zynq_interrupt_platform\ps7_cortexa9_0\standalone_ps7_cortexa9_0\bsp
10:10:12 INFO  : Domain build successfully
10:10:12 INFO  : Generating Boot ELFs
10:10:12 INFO  : Generating Export directory
10:10:13 INFO  : Platform Build Finished successfully.
10:10:13 INFO  : lopper command to retarget baremetal application :empyro.bat retarget_app -s d:\Semester_6\HWSW\LAB2\interrupt_counter\src -d D:\Semester_6\HWSW\LAB2\zynq_interrupt_platform\export\zynq_interrupt_platform\sw\standalone_ps7_cortexa9_0 -b d:\Semester_6\HWSW\LAB2\interrupt_counter\build
10:10:13 INFO  : cmd.exe, /C, empyro.bat retarget_app -s d:\Semester_6\HWSW\LAB2\interrupt_counter\src -d D:\Semester_6\HWSW\LAB2\zynq_interrupt_platform\export\zynq_interrupt_platform\sw\standalone_ps7_cortexa9_0 -b d:\Semester_6\HWSW\LAB2\interrupt_counter\build
10:10:13 INFO  : [INFO]: Retargeting app
10:10:13 INFO  : [INFO]: Updating link libraries based on new domain
10:10:13 INFO  : Successfully retargeted Application d:\Semester_6\HWSW\LAB2\interrupt_counter\src
10:10:13 INFO  : Initiating build for the interrupt_counter component.
10:10:13 INFO  : cmd.exe, /C, empyro.bat build_app -s d:\Semester_6\HWSW\LAB2\interrupt_counter\src -b d:\Semester_6\HWSW\LAB2\interrupt_counter\build
10:10:13 INFO  : Command: cmd.exe /C set CC= && set CXX= && empyro.bat build_app -s d:\Semester_6\HWSW\LAB2\interrupt_counter\src -b d:\Semester_6\HWSW\LAB2\interrupt_counter\build
02:00:48 INFO  : updated workspace path: D:\Semester_6\HWSW\LAB2
02:00:49 INFO  : [INFO]: Initializing repositories
02:00:49 INFO  : [INFO]: Successfully set the EmbeddedSW path, refer .repo.yaml for more details.
02:00:49 INFO  : Successfully created repository data at C:\Users\ADMIN\AppData\Local\Temp\rigel_lopper_ADMIN15008805817654347801
02:00:49 INFO  : cmd.exe, /C, empyro.bat get_template_data -d C:\Users\ADMIN\AppData\Local\Temp\rigel_lopper_ADMIN1472591703579081489 -r C:\Users\ADMIN\AppData\Local\Temp\rigel_lopper_ADMIN15008805817654347801\.repo.yaml
02:00:50 INFO  : Embedded Template List generated successfully
02:00:50 INFO  : cmd.exe, /C, empyro.bat get_template_data -d C:\Users\ADMIN\AppData\Local\Temp\rigel_lopper_ADMIN5761010234848164548 -r D:\Semester_6\HWSW\LAB2\_ide\.wsdata\.repo.yaml
02:00:50 INFO  : Embedded Template List generated successfully
02:00:57 INFO  : BSP build will be initiated for Domain standalone_ps7_cortexa9_0
02:00:57 INFO  : Generating BSP for the domain D:\Semester_6\HWSW\LAB2\zynq_interrupt_platform\ps7_cortexa9_0\standalone_ps7_cortexa9_0\bsp
02:00:57 INFO  : lopper command to reconfigure BSP :empyro.bat reconfig_bsp -d D:\Semester_6\HWSW\LAB2\zynq_interrupt_platform\ps7_cortexa9_0\standalone_ps7_cortexa9_0\bsp
02:00:57 INFO  : cmd.exe, /C, empyro.bat reconfig_bsp -d D:\Semester_6\HWSW\LAB2\zynq_interrupt_platform\ps7_cortexa9_0\standalone_ps7_cortexa9_0\bsp
02:00:58 INFO  : Domain reconfigured successfully
02:00:58 INFO  : Generating BSP for the domain D:\Semester_6\HWSW\LAB2\zynq_interrupt_platform\ps7_cortexa9_0\standalone_ps7_cortexa9_0\bsp
02:00:58 INFO  : lopper command to build BSP :empyro.bat build_bsp -d D:\Semester_6\HWSW\LAB2\zynq_interrupt_platform\ps7_cortexa9_0\standalone_ps7_cortexa9_0\bsp
02:00:58 INFO  : cmd.exe, /C, empyro.bat build_bsp -d D:\Semester_6\HWSW\LAB2\zynq_interrupt_platform\ps7_cortexa9_0\standalone_ps7_cortexa9_0\bsp
02:01:03 INFO  : Domain build successfully
02:01:03 INFO  : Generating Boot ELFs
02:01:03 INFO  : Generating Export directory
02:01:04 INFO  : Platform Build Finished successfully.
02:01:04 INFO  : lopper command to retarget baremetal application :empyro.bat retarget_app -s d:\Semester_6\HWSW\LAB2\interrupt_counter\src -d D:\Semester_6\HWSW\LAB2\zynq_interrupt_platform\export\zynq_interrupt_platform\sw\standalone_ps7_cortexa9_0 -b d:\Semester_6\HWSW\LAB2\interrupt_counter\build
02:01:04 INFO  : cmd.exe, /C, empyro.bat retarget_app -s d:\Semester_6\HWSW\LAB2\interrupt_counter\src -d D:\Semester_6\HWSW\LAB2\zynq_interrupt_platform\export\zynq_interrupt_platform\sw\standalone_ps7_cortexa9_0 -b d:\Semester_6\HWSW\LAB2\interrupt_counter\build
02:01:04 INFO  : [INFO]: Retargeting app
02:01:04 INFO  : [INFO]: Updating link libraries based on new domain
02:01:04 INFO  : Successfully retargeted Application d:\Semester_6\HWSW\LAB2\interrupt_counter\src
02:01:04 INFO  : Initiating build for the interrupt_counter component.
02:01:04 INFO  : cmd.exe, /C, empyro.bat build_app -s d:\Semester_6\HWSW\LAB2\interrupt_counter\src -b d:\Semester_6\HWSW\LAB2\interrupt_counter\build
02:01:04 INFO  : Command: cmd.exe /C set CC= && set CXX= && empyro.bat build_app -s d:\Semester_6\HWSW\LAB2\interrupt_counter\src -b d:\Semester_6\HWSW\LAB2\interrupt_counter\build
02:01:12 INFO  : connection terminated
02:01:12 INFO  : connection terminated
02:01:12 INFO  : scheduling shutdown timer for 2 seconds ...
02:01:14 INFO  : Terminating Vitis C++ Server
02:01:14 INFO  : Vitis C++ Server terminated
