05/25/26 09:53:05: Running xcd server. This server was built by gradle.
05/25/26 09:53:05: Server was asked to start on port: '64653'
05/25/26 09:53:05: Server is using token UUID: '4fc599ac-6a4e-47f5-8846-4bb28fc45692'
05/25/26 09:53:05: SESSION_MGR: creating session with session uuid: '6d04a3e9-ade5-4ab9-8d63-1f78fcd2ec76' and name 'default'
05/25/26 09:53:05: Attempting to start server on port '64653'
05/25/26 09:53:05: Running Dispatch Server
05/25/26 09:53:05: Version 2.2.0
05/25/26 09:53:07: Dispatch Server: Accepted socket connection from client
05/25/26 09:53:07: Starting Socket connection
05/25/26 09:53:07: EXCHANGE_TOKEN received, server token: 4fc599ac-6a4e-47f5-8846-4bb28fc45692, passed token: 4fc599ac-6a4e-47f5-8846-4bb28fc45692
05/25/26 09:53:07: DISPATCH_HANDLER: Adding handler from function makeHandler in library xv_system_diagram
05/25/26 09:53:07: SESSION_MGR: creating session with session uuid: 'b0cec917-4d01-475c-b570-c03cbd966567' and name 'vitis-run_compile_matrix_mult_prj_solution2'
05/25/26 09:53:07: KERNEL_SVC: creating session with uuid: 'b0cec917-4d01-475c-b570-c03cbd966567' and name 'vitis-run_compile_matrix_mult_prj_solution2'
05/25/26 09:53:07: GUIDANCE_SMGR: creating guidance session with uuid: 'b0cec917-4d01-475c-b570-c03cbd966567' and name 'vitis-run_compile_matrix_mult_prj_solution2'
05/25/26 09:53:07: SYSTEM_DIAGRAM: creating session with uuid: 'b0cec917-4d01-475c-b570-c03cbd966567' and name 'vitis-run_compile_matrix_mult_prj_solution2'
05/25/26 09:53:13: Dispatch Server: Accepted socket connection from client
05/25/26 09:53:13: Starting Socket connection
05/25/26 09:53:16: SESSION_MGR: closing session for UUID 'b0cec917-4d01-475c-b570-c03cbd966567' with name 'vitis-run_compile_matrix_mult_prj_solution2'
05/25/26 09:53:16: KERNEL_SVC: closing session for UUID 'b0cec917-4d01-475c-b570-c03cbd966567' with name 'vitis-run_compile_matrix_mult_prj_solution2'
05/25/26 09:53:16: GUIDANCE_SMGR: closing session for UUID 'b0cec917-4d01-475c-b570-c03cbd966567' with name 'vitis-run_compile_matrix_mult_prj_solution2'
05/25/26 09:53:16: SYSTEM_DIAGRAM: closing session for UUID 'b0cec917-4d01-475c-b570-c03cbd966567' with name 'vitis-run_compile_matrix_mult_prj_solution2'
05/25/26 09:53:16: STOP_SERVER received, server token: 4fc599ac-6a4e-47f5-8846-4bb28fc45692, passed token: 4fc599ac-6a4e-47f5-8846-4bb28fc45692
05/25/26 09:53:16: Socket received request to stop server.
05/25/26 09:53:16: Dispatch Server: do_await_stop
05/25/26 09:53:16: SERVER: destructor for server bound to port 64653
05/25/26 09:53:30: Running xcd server. This server was built by gradle.
05/25/26 09:53:30: Server was asked to start on port: '53395'
05/25/26 09:53:30: Server is using token UUID: '6f2555ab-2e9c-4cd4-bb03-5fbfb2d84b80'
05/25/26 09:53:30: SESSION_MGR: creating session with session uuid: '6d04a3e9-ade5-4ab9-8d63-1f78fcd2ec76' and name 'default'
05/25/26 09:53:30: Attempting to start server on port '53395'
05/25/26 09:53:30: Running Dispatch Server
05/25/26 09:53:30: Version 2.2.0
05/25/26 09:53:32: Dispatch Server: Accepted socket connection from client
05/25/26 09:53:32: Starting Socket connection
05/25/26 09:53:32: EXCHANGE_TOKEN received, server token: 6f2555ab-2e9c-4cd4-bb03-5fbfb2d84b80, passed token: 6f2555ab-2e9c-4cd4-bb03-5fbfb2d84b80
05/25/26 09:53:32: DISPATCH_HANDLER: Adding handler from function makeHandler in library xv_system_diagram
05/25/26 09:53:32: SESSION_MGR: creating session with session uuid: 'd1159b7f-5277-42c2-8827-12f9dd33c633' and name 'v++_compile_matrix_mult_prj_solution2'
05/25/26 09:53:32: KERNEL_SVC: creating session with uuid: 'd1159b7f-5277-42c2-8827-12f9dd33c633' and name 'v++_compile_matrix_mult_prj_solution2'
05/25/26 09:53:32: GUIDANCE_SMGR: creating guidance session with uuid: 'd1159b7f-5277-42c2-8827-12f9dd33c633' and name 'v++_compile_matrix_mult_prj_solution2'
05/25/26 09:53:32: SYSTEM_DIAGRAM: creating session with uuid: 'd1159b7f-5277-42c2-8827-12f9dd33c633' and name 'v++_compile_matrix_mult_prj_solution2'
05/25/26 09:53:37: Dispatch Server: Accepted socket connection from client
05/25/26 09:53:37: Starting Socket connection
05/25/26 09:53:53: SESSION_MGR: closing session for UUID 'd1159b7f-5277-42c2-8827-12f9dd33c633' with name 'v++_compile_matrix_mult_prj_solution2'
05/25/26 09:53:53: KERNEL_SVC: closing session for UUID 'd1159b7f-5277-42c2-8827-12f9dd33c633' with name 'v++_compile_matrix_mult_prj_solution2'
05/25/26 09:53:53: GUIDANCE_SMGR: closing session for UUID 'd1159b7f-5277-42c2-8827-12f9dd33c633' with name 'v++_compile_matrix_mult_prj_solution2'
05/25/26 09:53:53: SYSTEM_DIAGRAM: closing session for UUID 'd1159b7f-5277-42c2-8827-12f9dd33c633' with name 'v++_compile_matrix_mult_prj_solution2'
05/25/26 09:53:53: STOP_SERVER received, server token: 6f2555ab-2e9c-4cd4-bb03-5fbfb2d84b80, passed token: 6f2555ab-2e9c-4cd4-bb03-5fbfb2d84b80
05/25/26 09:53:53: Socket received request to stop server.
05/25/26 09:53:53: Dispatch Server: do_await_stop
05/25/26 09:53:53: SERVER: destructor for server bound to port 53395
05/25/26 09:59:06: Running xcd server. This server was built by gradle.
05/25/26 09:59:06: Server was asked to start on port: '53477'
05/25/26 09:59:06: Server is using token UUID: '51e69189-81c0-428a-ae8f-1a7aec012d40'
05/25/26 09:59:06: SESSION_MGR: creating session with session uuid: '6d04a3e9-ade5-4ab9-8d63-1f78fcd2ec76' and name 'default'
05/25/26 09:59:06: Attempting to start server on port '53477'
05/25/26 09:59:06: Running Dispatch Server
05/25/26 09:59:06: Version 2.2.0
05/25/26 09:59:09: Dispatch Server: Accepted socket connection from client
05/25/26 09:59:09: Starting Socket connection
05/25/26 09:59:09: EXCHANGE_TOKEN received, server token: 51e69189-81c0-428a-ae8f-1a7aec012d40, passed token: 51e69189-81c0-428a-ae8f-1a7aec012d40
05/25/26 09:59:09: DISPATCH_HANDLER: Adding handler from function makeHandler in library xv_system_diagram
05/25/26 09:59:09: SESSION_MGR: creating session with session uuid: '78ddfe6d-abc2-4f78-81b8-efa4514e2e41' and name 'vitis-run_compile_matrix_mult_prj_solution2'
05/25/26 09:59:09: KERNEL_SVC: creating session with uuid: '78ddfe6d-abc2-4f78-81b8-efa4514e2e41' and name 'vitis-run_compile_matrix_mult_prj_solution2'
05/25/26 09:59:09: GUIDANCE_SMGR: creating guidance session with uuid: '78ddfe6d-abc2-4f78-81b8-efa4514e2e41' and name 'vitis-run_compile_matrix_mult_prj_solution2'
05/25/26 09:59:09: SYSTEM_DIAGRAM: creating session with uuid: '78ddfe6d-abc2-4f78-81b8-efa4514e2e41' and name 'vitis-run_compile_matrix_mult_prj_solution2'
05/25/26 09:59:14: Dispatch Server: Accepted socket connection from client
05/25/26 09:59:14: Starting Socket connection
05/25/26 09:59:53: SESSION_MGR: closing session for UUID '78ddfe6d-abc2-4f78-81b8-efa4514e2e41' with name 'vitis-run_compile_matrix_mult_prj_solution2'
05/25/26 09:59:53: KERNEL_SVC: closing session for UUID '78ddfe6d-abc2-4f78-81b8-efa4514e2e41' with name 'vitis-run_compile_matrix_mult_prj_solution2'
05/25/26 09:59:53: GUIDANCE_SMGR: closing session for UUID '78ddfe6d-abc2-4f78-81b8-efa4514e2e41' with name 'vitis-run_compile_matrix_mult_prj_solution2'
05/25/26 09:59:53: SYSTEM_DIAGRAM: closing session for UUID '78ddfe6d-abc2-4f78-81b8-efa4514e2e41' with name 'vitis-run_compile_matrix_mult_prj_solution2'
05/25/26 09:59:53: STOP_SERVER received, server token: 51e69189-81c0-428a-ae8f-1a7aec012d40, passed token: 51e69189-81c0-428a-ae8f-1a7aec012d40
05/25/26 09:59:53: Socket received request to stop server.
05/25/26 09:59:53: Dispatch Server: do_await_stop
05/25/26 09:59:53: SERVER: destructor for server bound to port 53477
05/25/26 11:19:59: Running xcd server. This server was built by gradle.
05/25/26 11:19:59: Server was asked to start on port: '63468'
05/25/26 11:19:59: Server is using token UUID: '30f5aa29-b2cb-4234-9ecd-f4fe525ba68d'
05/25/26 11:19:59: SESSION_MGR: creating session with session uuid: '6d04a3e9-ade5-4ab9-8d63-1f78fcd2ec76' and name 'default'
05/25/26 11:19:59: Attempting to start server on port '63468'
05/25/26 11:19:59: Running Dispatch Server
05/25/26 11:19:59: Version 2.2.0
05/25/26 11:20:01: Dispatch Server: Accepted socket connection from client
05/25/26 11:20:01: Starting Socket connection
05/25/26 11:20:01: EXCHANGE_TOKEN received, server token: 30f5aa29-b2cb-4234-9ecd-f4fe525ba68d, passed token: 30f5aa29-b2cb-4234-9ecd-f4fe525ba68d
05/25/26 11:20:01: DISPATCH_HANDLER: Adding handler from function makeHandler in library xv_system_diagram
05/25/26 11:20:01: SESSION_MGR: creating session with session uuid: 'a62661ce-f684-42ac-90ec-e1886a509d4f' and name 'vitis-run_compile_matrix_mult_prj_solution2'
05/25/26 11:20:01: KERNEL_SVC: creating session with uuid: 'a62661ce-f684-42ac-90ec-e1886a509d4f' and name 'vitis-run_compile_matrix_mult_prj_solution2'
05/25/26 11:20:01: GUIDANCE_SMGR: creating guidance session with uuid: 'a62661ce-f684-42ac-90ec-e1886a509d4f' and name 'vitis-run_compile_matrix_mult_prj_solution2'
05/25/26 11:20:01: SYSTEM_DIAGRAM: creating session with uuid: 'a62661ce-f684-42ac-90ec-e1886a509d4f' and name 'vitis-run_compile_matrix_mult_prj_solution2'
05/25/26 11:20:06: Dispatch Server: Accepted socket connection from client
05/25/26 11:20:06: Starting Socket connection
05/25/26 11:20:08: SESSION_MGR: closing session for UUID 'a62661ce-f684-42ac-90ec-e1886a509d4f' with name 'vitis-run_compile_matrix_mult_prj_solution2'
05/25/26 11:20:08: KERNEL_SVC: closing session for UUID 'a62661ce-f684-42ac-90ec-e1886a509d4f' with name 'vitis-run_compile_matrix_mult_prj_solution2'
05/25/26 11:20:08: GUIDANCE_SMGR: closing session for UUID 'a62661ce-f684-42ac-90ec-e1886a509d4f' with name 'vitis-run_compile_matrix_mult_prj_solution2'
05/25/26 11:20:08: SYSTEM_DIAGRAM: closing session for UUID 'a62661ce-f684-42ac-90ec-e1886a509d4f' with name 'vitis-run_compile_matrix_mult_prj_solution2'
05/25/26 11:20:08: STOP_SERVER received, server token: 30f5aa29-b2cb-4234-9ecd-f4fe525ba68d, passed token: 30f5aa29-b2cb-4234-9ecd-f4fe525ba68d
05/25/26 11:20:08: Socket received request to stop server.
05/25/26 11:20:08: Dispatch Server: do_await_stop
05/25/26 11:20:08: SERVER: destructor for server bound to port 63468
05/25/26 11:20:53: Running xcd server. This server was built by gradle.
05/25/26 11:20:53: Server was asked to start on port: '65503'
05/25/26 11:20:53: Server is using token UUID: 'c422577b-a7f1-49f7-ac45-75709093729d'
05/25/26 11:20:53: SESSION_MGR: creating session with session uuid: '6d04a3e9-ade5-4ab9-8d63-1f78fcd2ec76' and name 'default'
05/25/26 11:20:53: Attempting to start server on port '65503'
05/25/26 11:20:53: Running Dispatch Server
05/25/26 11:20:53: Version 2.2.0
05/25/26 11:20:55: Dispatch Server: Accepted socket connection from client
05/25/26 11:20:55: Starting Socket connection
05/25/26 11:20:55: EXCHANGE_TOKEN received, server token: c422577b-a7f1-49f7-ac45-75709093729d, passed token: c422577b-a7f1-49f7-ac45-75709093729d
05/25/26 11:20:56: DISPATCH_HANDLER: Adding handler from function makeHandler in library xv_system_diagram
05/25/26 11:20:56: SESSION_MGR: creating session with session uuid: '04f27839-46b9-46f3-b105-8706d5d93781' and name 'v++_compile_matrix_mult_prj_solution2'
05/25/26 11:20:56: KERNEL_SVC: creating session with uuid: '04f27839-46b9-46f3-b105-8706d5d93781' and name 'v++_compile_matrix_mult_prj_solution2'
05/25/26 11:20:56: GUIDANCE_SMGR: creating guidance session with uuid: '04f27839-46b9-46f3-b105-8706d5d93781' and name 'v++_compile_matrix_mult_prj_solution2'
05/25/26 11:20:56: SYSTEM_DIAGRAM: creating session with uuid: '04f27839-46b9-46f3-b105-8706d5d93781' and name 'v++_compile_matrix_mult_prj_solution2'
05/25/26 11:21:01: Dispatch Server: Accepted socket connection from client
05/25/26 11:21:01: Starting Socket connection
05/25/26 11:21:16: SESSION_MGR: closing session for UUID '04f27839-46b9-46f3-b105-8706d5d93781' with name 'v++_compile_matrix_mult_prj_solution2'
05/25/26 11:21:16: KERNEL_SVC: closing session for UUID '04f27839-46b9-46f3-b105-8706d5d93781' with name 'v++_compile_matrix_mult_prj_solution2'
05/25/26 11:21:16: GUIDANCE_SMGR: closing session for UUID '04f27839-46b9-46f3-b105-8706d5d93781' with name 'v++_compile_matrix_mult_prj_solution2'
05/25/26 11:21:16: SYSTEM_DIAGRAM: closing session for UUID '04f27839-46b9-46f3-b105-8706d5d93781' with name 'v++_compile_matrix_mult_prj_solution2'
05/25/26 11:21:16: STOP_SERVER received, server token: c422577b-a7f1-49f7-ac45-75709093729d, passed token: c422577b-a7f1-49f7-ac45-75709093729d
05/25/26 11:21:16: Socket received request to stop server.
05/25/26 11:21:16: Dispatch Server: do_await_stop
05/25/26 11:21:16: SERVER: destructor for server bound to port 65503
05/25/26 11:21:44: Running xcd server. This server was built by gradle.
05/25/26 11:21:44: Server was asked to start on port: '52808'
05/25/26 11:21:44: Server is using token UUID: 'e15fbe98-aaa6-4735-a775-c16212cbfe5c'
05/25/26 11:21:44: SESSION_MGR: creating session with session uuid: '6d04a3e9-ade5-4ab9-8d63-1f78fcd2ec76' and name 'default'
05/25/26 11:21:44: Attempting to start server on port '52808'
05/25/26 11:21:44: Running Dispatch Server
05/25/26 11:21:44: Version 2.2.0
05/25/26 11:21:46: Dispatch Server: Accepted socket connection from client
05/25/26 11:21:46: Starting Socket connection
05/25/26 11:21:46: EXCHANGE_TOKEN received, server token: e15fbe98-aaa6-4735-a775-c16212cbfe5c, passed token: e15fbe98-aaa6-4735-a775-c16212cbfe5c
05/25/26 11:21:47: DISPATCH_HANDLER: Adding handler from function makeHandler in library xv_system_diagram
05/25/26 11:21:47: SESSION_MGR: creating session with session uuid: '559bac0d-62f0-4f38-a10e-7b15e88c72e7' and name 'vitis-run_compile_matrix_mult_prj_solution2'
05/25/26 11:21:47: KERNEL_SVC: creating session with uuid: '559bac0d-62f0-4f38-a10e-7b15e88c72e7' and name 'vitis-run_compile_matrix_mult_prj_solution2'
05/25/26 11:21:47: GUIDANCE_SMGR: creating guidance session with uuid: '559bac0d-62f0-4f38-a10e-7b15e88c72e7' and name 'vitis-run_compile_matrix_mult_prj_solution2'
05/25/26 11:21:47: SYSTEM_DIAGRAM: creating session with uuid: '559bac0d-62f0-4f38-a10e-7b15e88c72e7' and name 'vitis-run_compile_matrix_mult_prj_solution2'
05/25/26 11:21:52: Dispatch Server: Accepted socket connection from client
05/25/26 11:21:52: Starting Socket connection
05/25/26 11:22:24: SESSION_MGR: closing session for UUID '559bac0d-62f0-4f38-a10e-7b15e88c72e7' with name 'vitis-run_compile_matrix_mult_prj_solution2'
05/25/26 11:22:24: KERNEL_SVC: closing session for UUID '559bac0d-62f0-4f38-a10e-7b15e88c72e7' with name 'vitis-run_compile_matrix_mult_prj_solution2'
05/25/26 11:22:24: GUIDANCE_SMGR: closing session for UUID '559bac0d-62f0-4f38-a10e-7b15e88c72e7' with name 'vitis-run_compile_matrix_mult_prj_solution2'
05/25/26 11:22:24: SYSTEM_DIAGRAM: closing session for UUID '559bac0d-62f0-4f38-a10e-7b15e88c72e7' with name 'vitis-run_compile_matrix_mult_prj_solution2'
05/25/26 11:22:24: STOP_SERVER received, server token: e15fbe98-aaa6-4735-a775-c16212cbfe5c, passed token: e15fbe98-aaa6-4735-a775-c16212cbfe5c
05/25/26 11:22:24: Socket received request to stop server.
05/25/26 11:22:24: Dispatch Server: do_await_stop
05/25/26 11:22:24: SERVER: destructor for server bound to port 52808
