

================================================================
== Vitis HLS Report for 'nco'
================================================================
* Date:           Mon Jun  1 09:19:50 2026

* Version:        2025.2 (Build 6295257 on Nov 14 2025)
* Project:        nco
* Solution:       hls (Vivado IP Flow Target)
* Product family: zynq
* Target device:  xc7z010-clg400-1


================================================================
== Performance Estimates
================================================================
+ Timing: 
    * Summary: 
    +--------+----------+----------+------------+
    |  Clock |  Target  | Estimated| Uncertainty|
    +--------+----------+----------+------------+
    |ap_clk  |  10.00 ns|  5.331 ns|     2.70 ns|
    +--------+----------+----------+------------+

+ Latency: 
    * Summary: 
    +---------+---------+-----------+-----------+-----+-----+---------+
    |  Latency (cycles) |   Latency (absolute)  |  Interval | Pipeline|
    |   min   |   max   |    min    |    max    | min | max |   Type  |
    +---------+---------+-----------+-----------+-----+-----+---------+
    |        1|        1|  10.000 ns|  10.000 ns|    2|    2|       no|
    +---------+---------+-----------+-----------+-----+-----+---------+

    + Detail: 
        * Instance: 
        N/A

        * Loop: 
        N/A

============================================================
+ Verbose Summary: Synthesis Manager
============================================================
InlineROM: 1
ExposeGlobal: 0
============================================================
+ Verbose Summary: CDFG Model
============================================================
IsTopModel: 1
ResetActiveHigh: 1
IsCombinational: 0
IsDatapathOnly: 0
HasWiredReturn: 1
HasMFsm: 0
HasVarLatency: 1
IsPipeline: 0
IsRtlPipelined: 0
IsInstanceOverlapped: 0
IsDontTouch: 0
HasImplIP: 0
IsGatedGlobalClock: 0


============================================================
+ Verbose Summary: Schedule
============================================================
* Number of FSM states : 2
* Pipeline : 0
* Dataflow Pipeline: 0

* FSM state transitions: 
1 --> 2 
2 --> 

* FSM state operations: 

State 1 <SV = 0> <Delay = 5.33>
ST_1 : Operation 3 [1/1] (0.00ns)   --->   "%step_size_read = read i16 @_ssdm_op_Read.ap_auto.i16, i16 %step_size" [../nco.cpp:421]   --->   Operation 3 'read' 'step_size_read' <Predicate = true> <Delay = 0.00>
ST_1 : Operation 4 [1/1] (0.00ns)   --->   "%temp_load = load i16 %temp" [../nco.cpp:430]   --->   Operation 4 'load' 'temp_load' <Predicate = true> <Delay = 0.00>
ST_1 : Operation 5 [1/1] (2.07ns)   --->   "%add_ln430 = add i16 %temp_load, i16 %step_size_read" [../nco.cpp:430]   --->   Operation 5 'add' 'add_ln430' <Predicate = true> <Delay = 2.07> <CoreInst = "Adder">   --->   Core 1 'Adder' <Latency = 0> <II = 1> <Delay = 2.07> <FuncUnit> <Opcode : 'add' 'sub'> <InPorts = 2> <OutPorts = 1>
ST_1 : Operation 6 [1/1] (0.00ns)   --->   "%store_ln430 = store i16 %add_ln430, i16 %temp" [../nco.cpp:430]   --->   Operation 6 'store' 'store_ln430' <Predicate = true> <Delay = 0.00>
ST_1 : Operation 7 [1/1] (0.00ns)   --->   "%address = partselect i12 @_ssdm_op_PartSelect.i12.i16.i32.i32, i16 %add_ln430, i32 4, i32 15" [../nco.cpp:432]   --->   Operation 7 'partselect' 'address' <Predicate = true> <Delay = 0.00>
ST_1 : Operation 8 [1/1] (0.00ns)   --->   "%zext_ln434 = zext i12 %address" [../nco.cpp:434]   --->   Operation 8 'zext' 'zext_ln434' <Predicate = true> <Delay = 0.00>
ST_1 : Operation 9 [1/1] (0.00ns)   --->   "%sine_lut_addr = getelementptr i16 %sine_lut, i64 0, i64 %zext_ln434" [../nco.cpp:434]   --->   Operation 9 'getelementptr' 'sine_lut_addr' <Predicate = true> <Delay = 0.00>
ST_1 : Operation 10 [2/2] (3.25ns)   --->   "%sine_lut_load = load i12 %sine_lut_addr" [../nco.cpp:434]   --->   Operation 10 'load' 'sine_lut_load' <Predicate = true> <Delay = 3.25> <CoreInst = "ROM">   --->   Core 94 'ROM' <Latency = 1> <II = 1> <Delay = 3.25> <Storage> <Opcode : 'load'> <Ports = 0> <Width = 16> <Depth = 4096> <ROM>

State 2 <SV = 1> <Delay = 3.25>
ST_2 : Operation 11 [1/1] (0.00ns)   --->   "%spectopmodule_ln421 = spectopmodule void @_ssdm_op_SpecTopModule, void @empty_1" [../nco.cpp:421]   --->   Operation 11 'spectopmodule' 'spectopmodule_ln421' <Predicate = true> <Delay = 0.00>
ST_2 : Operation 12 [1/1] (0.00ns)   --->   "%specbitsmap_ln0 = specbitsmap void @_ssdm_op_SpecBitsMap, i16 %sine_sample"   --->   Operation 12 'specbitsmap' 'specbitsmap_ln0' <Predicate = true> <Delay = 0.00>
ST_2 : Operation 13 [1/1] (0.00ns)   --->   "%specinterface_ln0 = specinterface void @_ssdm_op_SpecInterface, i16 %sine_sample, void @empty, i32 0, i32 0, void @empty_0, i32 0, i32 0, void @empty_0, void @empty_0, void @empty_0, i32 0, i32 0, i32 0, i32 0, void @empty_0, void @empty_0, i32 4294967295, i32 0, i32 0, i32 0"   --->   Operation 13 'specinterface' 'specinterface_ln0' <Predicate = true> <Delay = 0.00>
ST_2 : Operation 14 [1/1] (0.00ns)   --->   "%specbitsmap_ln0 = specbitsmap void @_ssdm_op_SpecBitsMap, i16 %step_size"   --->   Operation 14 'specbitsmap' 'specbitsmap_ln0' <Predicate = true> <Delay = 0.00>
ST_2 : Operation 15 [1/1] (0.00ns)   --->   "%specinterface_ln0 = specinterface void @_ssdm_op_SpecInterface, i16 %step_size, void @empty, i32 0, i32 0, void @empty_0, i32 0, i32 0, void @empty_0, void @empty_0, void @empty_0, i32 0, i32 0, i32 0, i32 0, void @empty_0, void @empty_0, i32 4294967295, i32 0, i32 0, i32 0"   --->   Operation 15 'specinterface' 'specinterface_ln0' <Predicate = true> <Delay = 0.00>
ST_2 : Operation 16 [1/2] ( I:3.25ns O:3.25ns )   --->   "%sine_lut_load = load i12 %sine_lut_addr" [../nco.cpp:434]   --->   Operation 16 'load' 'sine_lut_load' <Predicate = true> <Delay = 3.25> <CoreInst = "ROM">   --->   Core 94 'ROM' <Latency = 1> <II = 1> <Delay = 3.25> <Storage> <Opcode : 'load'> <Ports = 0> <Width = 16> <Depth = 4096> <ROM>
ST_2 : Operation 17 [1/1] (0.00ns)   --->   "%write_ln434 = write void @_ssdm_op_Write.ap_auto.i16P0A, i16 %sine_sample, i16 %sine_lut_load" [../nco.cpp:434]   --->   Operation 17 'write' 'write_ln434' <Predicate = true> <Delay = 0.00>
ST_2 : Operation 18 [1/1] (0.00ns)   --->   "%ret_ln435 = ret" [../nco.cpp:435]   --->   Operation 18 'ret' 'ret_ln435' <Predicate = true> <Delay = 0.00>


============================================================
+ Verbose Summary: Timing violations
============================================================
Target clock period: 10.000ns, clock uncertainty: 2.700ns.

 <State 1>: 5.331ns
The critical path consists of the following:
	wire read operation ('step_size_read', ../nco.cpp:421) on port 'step_size' (../nco.cpp:421) [10]  (0.000 ns)
	'add' operation 16 bit ('add_ln430', ../nco.cpp:430) [12]  (2.077 ns)
	'getelementptr' operation 12 bit ('sine_lut_addr', ../nco.cpp:434) [16]  (0.000 ns)
	'load' operation 16 bit ('sine_lut_load', ../nco.cpp:434) on array 'sine_lut' [17]  (3.254 ns)

 <State 2>: 3.254ns
The critical path consists of the following:
	'load' operation 16 bit ('sine_lut_load', ../nco.cpp:434) on array 'sine_lut' [17]  (3.254 ns)


============================================================
+ Verbose Summary: Binding
============================================================
N/A
* FSMD analyzer results:
  - Output states:
 - Input state : 
  - Chain level:
	State 1
	State 2


============================================================
+ Verbose Summary: Datapath Resource usage 
============================================================
N/A
