

================================================================
== Vitis HLS Report for 'nco'
================================================================
* Date:           Mon Jun  1 09:19:50 2026

* Version:        2025.2 (Build 6295257 on Nov 14 2025)
* Project:        nco
* Solution:       hls (Vivado IP Flow Target)
* Product family: zynq
* Target device:  xc7z010-clg400-1


================================================================
== Performance Estimates
================================================================
+ Timing: 
    * Summary: 
    +--------+----------+----------+------------+
    |  Clock |  Target  | Estimated| Uncertainty|
    +--------+----------+----------+------------+
    |ap_clk  |  10.00 ns|  5.331 ns|     2.70 ns|
    +--------+----------+----------+------------+

+ Latency: 
    * Summary: 
    +---------+---------+-----------+-----------+-----+-----+---------+
    |  Latency (cycles) |   Latency (absolute)  |  Interval | Pipeline|
    |   min   |   max   |    min    |    max    | min | max |   Type  |
    +---------+---------+-----------+-----------+-----+-----+---------+
    |        1|        1|  10.000 ns|  10.000 ns|    2|    2|       no|
    +---------+---------+-----------+-----------+-----+-----+---------+

    + Detail: 
        * Instance: 
        N/A

        * Loop: 
        N/A

============================================================
+ Verbose Summary: Synthesis Manager
============================================================
InlineROM: 1
ExposeGlobal: 0
============================================================
+ Verbose Summary: CDFG Model
============================================================
IsTopModel: 1
ResetActiveHigh: 1
IsCombinational: 0
IsDatapathOnly: 0
HasWiredReturn: 1
HasMFsm: 0
HasVarLatency: 1
IsPipeline: 0
IsRtlPipelined: 0
IsInstanceOverlapped: 0
IsDontTouch: 0
HasImplIP: 0
IsGatedGlobalClock: 0


============================================================
+ Verbose Summary: Schedule
============================================================
* Number of FSM states : 2
* Pipeline : 0
* Dataflow Pipeline: 0

* FSM state transitions: 
1 --> 2 
2 --> 

* FSM state operations: 

State 1 <SV = 0> <Delay = 5.33>
ST_1 : Operation 3 [1/1] (0.00ns)   --->   "%step_size_read = read i16 @_ssdm_op_Read.ap_auto.i16, i16 %step_size" [../nco.cpp:421]   --->   Operation 3 'read' 'step_size_read' <Predicate = true> <Delay = 0.00>
ST_1 : Operation 4 [1/1] (0.00ns)   --->   "%temp_load = load i16 %temp" [../nco.cpp:430]   --->   Operation 4 'load' 'temp_load' <Predicate = true> <Delay = 0.00>
ST_1 : Operation 5 [1/1] (2.07ns)   --->   "%add_ln430 = add i16 %temp_load, i16 %step_size_read" [../nco.cpp:430]   --->   Operation 5 'add' 'add_ln430' <Predicate = true> <Delay = 2.07> <CoreInst = "Adder">   --->   Core 1 'Adder' <Latency = 0> <II = 1> <Delay = 2.07> <FuncUnit> <Opcode : 'add' 'sub'> <InPorts = 2> <OutPorts = 1>
ST_1 : Operation 6 [1/1] (0.00ns)   --->   "%store_ln430 = store i16 %add_ln430, i16 %temp" [../nco.cpp:430]   --->   Operation 6 'store' 'store_ln430' <Predicate = true> <Delay = 0.00>
ST_1 : Operation 7 [1/1] (0.00ns)   --->   "%address = partselect i12 @_ssdm_op_PartSelect.i12.i16.i32.i32, i16 %add_ln430, i32 4, i32 15" [../nco.cpp:432]   --->   Operation 7 'partselect' 'address' <Predicate = true> <Delay = 0.00>
ST_1 : Operation 8 [1/1] (0.00ns)   --->   "%zext_ln434 = zext i12 %address" [../nco.cpp:434]   --->   Operation 8 'zext' 'zext_ln434' <Predicate = true> <Delay = 0.00>
ST_1 : Operation 9 [1/1] (0.00ns)   --->   "%sine_lut_addr = getelementptr i16 %sine_lut, i64 0, i64 %zext_ln434" [../nco.cpp:434]   --->   Operation 9 'getelementptr' 'sine_lut_addr' <Predicate = true> <Delay = 0.00>
ST_1 : Operation 10 [2/2] (3.25ns)   --->   "%sine_lut_load = load i12 %sine_lut_addr" [../nco.cpp:434]   --->   Operation 10 'load' 'sine_lut_load' <Predicate = true> <Delay = 3.25> <CoreInst = "ROM">   --->   Core 94 'ROM' <Latency = 1> <II = 1> <Delay = 3.25> <Storage> <Opcode : 'load'> <Ports = 0> <Width = 16> <Depth = 4096> <ROM>

State 2 <SV = 1> <Delay = 3.25>
ST_2 : Operation 11 [1/1] (0.00ns)   --->   "%spectopmodule_ln421 = spectopmodule void @_ssdm_op_SpecTopModule, void @empty_1" [../nco.cpp:421]   --->   Operation 11 'spectopmodule' 'spectopmodule_ln421' <Predicate = true> <Delay = 0.00>
ST_2 : Operation 12 [1/1] (0.00ns)   --->   "%specbitsmap_ln0 = specbitsmap void @_ssdm_op_SpecBitsMap, i16 %sine_sample"   --->   Operation 12 'specbitsmap' 'specbitsmap_ln0' <Predicate = true> <Delay = 0.00>
ST_2 : Operation 13 [1/1] (0.00ns)   --->   "%specinterface_ln0 = specinterface void @_ssdm_op_SpecInterface, i16 %sine_sample, void @empty, i32 0, i32 0, void @empty_0, i32 0, i32 0, void @empty_0, void @empty_0, void @empty_0, i32 0, i32 0, i32 0, i32 0, void @empty_0, void @empty_0, i32 4294967295, i32 0, i32 0, i32 0"   --->   Operation 13 'specinterface' 'specinterface_ln0' <Predicate = true> <Delay = 0.00>
ST_2 : Operation 14 [1/1] (0.00ns)   --->   "%specbitsmap_ln0 = specbitsmap void @_ssdm_op_SpecBitsMap, i16 %step_size"   --->   Operation 14 'specbitsmap' 'specbitsmap_ln0' <Predicate = true> <Delay = 0.00>
ST_2 : Operation 15 [1/1] (0.00ns)   --->   "%specinterface_ln0 = specinterface void @_ssdm_op_SpecInterface, i16 %step_size, void @empty, i32 0, i32 0, void @empty_0, i32 0, i32 0, void @empty_0, void @empty_0, void @empty_0, i32 0, i32 0, i32 0, i32 0, void @empty_0, void @empty_0, i32 4294967295, i32 0, i32 0, i32 0"   --->   Operation 15 'specinterface' 'specinterface_ln0' <Predicate = true> <Delay = 0.00>
ST_2 : Operation 16 [1/2] ( I:3.25ns O:3.25ns )   --->   "%sine_lut_load = load i12 %sine_lut_addr" [../nco.cpp:434]   --->   Operation 16 'load' 'sine_lut_load' <Predicate = true> <Delay = 3.25> <CoreInst = "ROM">   --->   Core 94 'ROM' <Latency = 1> <II = 1> <Delay = 3.25> <Storage> <Opcode : 'load'> <Ports = 0> <Width = 16> <Depth = 4096> <ROM>
ST_2 : Operation 17 [1/1] (0.00ns)   --->   "%write_ln434 = write void @_ssdm_op_Write.ap_auto.i16P0A, i16 %sine_sample, i16 %sine_lut_load" [../nco.cpp:434]   --->   Operation 17 'write' 'write_ln434' <Predicate = true> <Delay = 0.00>
ST_2 : Operation 18 [1/1] (0.00ns)   --->   "%ret_ln435 = ret" [../nco.cpp:435]   --->   Operation 18 'ret' 'ret_ln435' <Predicate = true> <Delay = 0.00>


============================================================
+ Verbose Summary: Binding
============================================================
STG Binding: 
---------------- STG Properties BEGIN ----------------
- Is combinational: 0
- Is one-state seq: 0
- Is datapath-only: 0
- Is pipelined: 0
- Is top level: 1
Port [ Return ] is wired: 1; IO mode=ap_ctrl_hs:ce=0
Port [ sine_sample]:  wired=1; compound=0; hidden=0; nouse=0; global=0; static=0; extern=0; dir=1; type=0; pingpong=0; private_global=0; IO mode=ap_vld:ce=0
Port [ step_size]:  wired=1; compound=0; hidden=0; nouse=0; global=0; static=0; extern=0; dir=0; type=0; pingpong=0; private_global=0; IO mode=ap_none:ce=0
Port [ temp]:  wired=0; compound=0; hidden=1; nouse=0; global=1; static=1; extern=0; dir=2; type=0; pingpong=0; private_global=1; IO mode=ap_ovld:ce=0
Port [ sine_lut]:  wired=0; compound=1; hidden=1; nouse=0; global=1; static=1; extern=0; dir=0; type=1; pingpong=0; private_global=1; MemPort=[1]; IO mode=ap_memory:ce=0
---------------- STG Properties END ------------------

---------------- Datapath Model BEGIN ----------------

<LifeTime>
<method=bitvector/>
step_size_read      (read         ) [ 000]
temp_load           (load         ) [ 000]
add_ln430           (add          ) [ 000]
store_ln430         (store        ) [ 000]
address             (partselect   ) [ 000]
zext_ln434          (zext         ) [ 000]
sine_lut_addr       (getelementptr) [ 001]
spectopmodule_ln421 (spectopmodule) [ 000]
specbitsmap_ln0     (specbitsmap  ) [ 000]
specinterface_ln0   (specinterface) [ 000]
specbitsmap_ln0     (specbitsmap  ) [ 000]
specinterface_ln0   (specinterface) [ 000]
sine_lut_load       (load         ) [ 000]
write_ln434         (write        ) [ 000]
ret_ln435           (ret          ) [ 000]
</LifeTime>

<model>

<comp_list>
<comp id="0" class="1000" name="sine_sample">
<pin_list>
<pin id="1" dir="1" index="0" bw="1" slack="0"/>
</pin_list>
<bind>
<StgValue><ssdm name="sine_sample"/></StgValue>
</bind>
</comp>

<comp id="2" class="1000" name="step_size">
<pin_list>
<pin id="3" dir="1" index="0" bw="1" slack="0"/>
</pin_list>
<bind>
<StgValue><ssdm name="step_size"/></StgValue>
</bind>
</comp>

<comp id="4" class="1000" name="temp">
<pin_list>
<pin id="5" dir="1" index="0" bw="1" slack="0"/>
</pin_list>
<bind>
<StgValue><ssdm name="temp"/></StgValue>
</bind>
</comp>

<comp id="6" class="1000" name="sine_lut">
<pin_list>
<pin id="7" dir="1" index="0" bw="1" slack="0"/>
</pin_list>
<bind>
<StgValue><ssdm name="sine_lut"/><MemPortTyVec>1 </MemPortTyVec>
</StgValue>
</bind>
</comp>

<comp id="8" class="1001" name="const_8">
<pin_list>
<pin id="9" dir="1" index="0" bw="1" slack="0"/>
</pin_list>
<bind>
<StgValue><ssdm name="_ssdm_op_Read.ap_auto.i16"/></StgValue>
</bind>
</comp>

<comp id="10" class="1001" name="const_10">
<pin_list>
<pin id="11" dir="1" index="0" bw="1" slack="0"/>
</pin_list>
<bind>
<StgValue><ssdm name="_ssdm_op_PartSelect.i12.i16.i32.i32"/></StgValue>
</bind>
</comp>

<comp id="12" class="1001" name="const_12">
<pin_list>
<pin id="13" dir="1" index="0" bw="1" slack="0"/>
</pin_list>
<bind>
<StgValue><ssdm name=""/></StgValue>
</bind>
</comp>

<comp id="14" class="1001" name="const_14">
<pin_list>
<pin id="15" dir="1" index="0" bw="1" slack="0"/>
</pin_list>
<bind>
<StgValue><ssdm name=""/></StgValue>
</bind>
</comp>

<comp id="16" class="1001" name="const_16">
<pin_list>
<pin id="17" dir="1" index="0" bw="1" slack="0"/>
</pin_list>
<bind>
<StgValue><ssdm name=""/></StgValue>
</bind>
</comp>

<comp id="18" class="1001" name="const_18">
<pin_list>
<pin id="19" dir="1" index="0" bw="1" slack="2147483647"/>
</pin_list>
<bind>
<StgValue><ssdm name="_ssdm_op_SpecTopModule"/></StgValue>
</bind>
</comp>

<comp id="20" class="1001" name="const_20">
<pin_list>
<pin id="21" dir="1" index="0" bw="1" slack="2147483647"/>
</pin_list>
<bind>
<StgValue><ssdm name="empty_1"/></StgValue>
</bind>
</comp>

<comp id="22" class="1001" name="const_22">
<pin_list>
<pin id="23" dir="1" index="0" bw="1" slack="2147483647"/>
</pin_list>
<bind>
<StgValue><ssdm name="_ssdm_op_SpecBitsMap"/></StgValue>
</bind>
</comp>

<comp id="24" class="1001" name="const_24">
<pin_list>
<pin id="25" dir="1" index="0" bw="1" slack="2147483647"/>
</pin_list>
<bind>
<StgValue><ssdm name="_ssdm_op_SpecInterface"/></StgValue>
</bind>
</comp>

<comp id="26" class="1001" name="const_26">
<pin_list>
<pin id="27" dir="1" index="0" bw="1" slack="2147483647"/>
</pin_list>
<bind>
<StgValue><ssdm name="empty"/></StgValue>
</bind>
</comp>

<comp id="28" class="1001" name="const_28">
<pin_list>
<pin id="29" dir="1" index="0" bw="1" slack="2147483647"/>
</pin_list>
<bind>
<StgValue><ssdm name=""/></StgValue>
</bind>
</comp>

<comp id="30" class="1001" name="const_30">
<pin_list>
<pin id="31" dir="1" index="0" bw="1" slack="2147483647"/>
</pin_list>
<bind>
<StgValue><ssdm name="empty_0"/></StgValue>
</bind>
</comp>

<comp id="32" class="1001" name="const_32">
<pin_list>
<pin id="33" dir="1" index="0" bw="1" slack="2147483647"/>
</pin_list>
<bind>
<StgValue><ssdm name=""/></StgValue>
</bind>
</comp>

<comp id="34" class="1001" name="const_34">
<pin_list>
<pin id="35" dir="1" index="0" bw="1" slack="0"/>
</pin_list>
<bind>
<StgValue><ssdm name="_ssdm_op_Write.ap_auto.i16P0A"/></StgValue>
</bind>
</comp>

<comp id="36" class="1004" name="step_size_read_read_fu_36">
<pin_list>
<pin id="37" dir="0" index="0" bw="16" slack="0"/>
<pin id="38" dir="0" index="1" bw="16" slack="0"/>
<pin id="39" dir="1" index="2" bw="16" slack="0"/>
</pin_list>
<bind>
<opcode="read(1150) " fcode="read"/>
<opset="step_size_read/1 "/>
</bind>
</comp>

<comp id="42" class="1004" name="write_ln434_write_fu_42">
<pin_list>
<pin id="43" dir="0" index="0" bw="0" slack="0"/>
<pin id="44" dir="0" index="1" bw="16" slack="0"/>
<pin id="45" dir="0" index="2" bw="16" slack="0"/>
<pin id="46" dir="1" index="3" bw="0" slack="2147483647"/>
</pin_list>
<bind>
<opcode="write(1151) " fcode="write"/>
<opset="write_ln434/2 "/>
</bind>
</comp>

<comp id="49" class="1004" name="sine_lut_addr_gep_fu_49">
<pin_list>
<pin id="50" dir="0" index="0" bw="16" slack="0"/>
<pin id="51" dir="0" index="1" bw="1" slack="0"/>
<pin id="52" dir="0" index="2" bw="12" slack="0"/>
<pin id="53" dir="1" index="3" bw="12" slack="0"/>
</pin_list>
<bind>
<opcode="getelementptr(29) " fcode="getelementptr"/>
<opset="sine_lut_addr/1 "/>
</bind>
</comp>

<comp id="56" class="1004" name="grp_access_fu_56">
<pin_list>
<pin id="57" dir="0" index="0" bw="12" slack="0"/>
<pin id="58" dir="0" index="1" bw="16" slack="2147483647"/>
<pin id="59" dir="0" index="2" bw="0" slack="2147483647"/>
<pin id="60" dir="1" index="3" bw="16" slack="0"/>
</pin_list>
<bind>
<opcode="load(27) " fcode="load"/>
<opset="sine_lut_load/1 "/>
</bind>
</comp>

<comp id="63" class="1004" name="temp_load_load_fu_63">
<pin_list>
<pin id="64" dir="0" index="0" bw="16" slack="0"/>
<pin id="65" dir="1" index="1" bw="16" slack="0"/>
</pin_list>
<bind>
<opcode="load(27) " fcode="load"/>
<opset="temp_load/1 "/>
</bind>
</comp>

<comp id="67" class="1004" name="add_ln430_fu_67">
<pin_list>
<pin id="68" dir="0" index="0" bw="16" slack="0"/>
<pin id="69" dir="0" index="1" bw="16" slack="0"/>
<pin id="70" dir="1" index="2" bw="16" slack="0"/>
</pin_list>
<bind>
<opcode="add(8) " fcode="add"/>
<opset="add_ln430/1 "/>
</bind>
</comp>

<comp id="73" class="1004" name="store_ln430_store_fu_73">
<pin_list>
<pin id="74" dir="0" index="0" bw="16" slack="0"/>
<pin id="75" dir="0" index="1" bw="16" slack="0"/>
<pin id="76" dir="1" index="2" bw="0" slack="2147483647"/>
</pin_list>
<bind>
<opcode="store(28) " fcode="store"/>
<opset="store_ln430/1 "/>
</bind>
</comp>

<comp id="79" class="1004" name="address_fu_79">
<pin_list>
<pin id="80" dir="0" index="0" bw="12" slack="0"/>
<pin id="81" dir="0" index="1" bw="16" slack="0"/>
<pin id="82" dir="0" index="2" bw="4" slack="0"/>
<pin id="83" dir="0" index="3" bw="5" slack="0"/>
<pin id="84" dir="1" index="4" bw="12" slack="0"/>
</pin_list>
<bind>
<opcode="partselect(1002) " fcode="partselect"/>
<opset="address/1 "/>
</bind>
</comp>

<comp id="89" class="1004" name="zext_ln434_fu_89">
<pin_list>
<pin id="90" dir="0" index="0" bw="12" slack="0"/>
<pin id="91" dir="1" index="1" bw="64" slack="0"/>
</pin_list>
<bind>
<opcode="zext(34) " fcode="zext"/>
<opset="zext_ln434/1 "/>
</bind>
</comp>

<comp id="94" class="1005" name="sine_lut_addr_reg_94">
<pin_list>
<pin id="95" dir="0" index="0" bw="12" slack="1"/>
<pin id="96" dir="1" index="1" bw="12" slack="1"/>
</pin_list>
<bind>
<opset="sine_lut_addr "/>
</bind>
</comp>

</comp_list>

<net_list>
<net id="40"><net_src comp="8" pin="0"/><net_sink comp="36" pin=0"/></net>

<net id="41"><net_src comp="2" pin="0"/><net_sink comp="36" pin=1"/></net>

<net id="47"><net_src comp="34" pin="0"/><net_sink comp="42" pin=0"/></net>

<net id="48"><net_src comp="0" pin="0"/><net_sink comp="42" pin=1"/></net>

<net id="54"><net_src comp="6" pin="0"/><net_sink comp="49" pin=0"/></net>

<net id="55"><net_src comp="16" pin="0"/><net_sink comp="49" pin=1"/></net>

<net id="61"><net_src comp="56" pin="3"/><net_sink comp="42" pin=2"/></net>

<net id="62"><net_src comp="49" pin="3"/><net_sink comp="56" pin=0"/></net>

<net id="66"><net_src comp="4" pin="0"/><net_sink comp="63" pin=0"/></net>

<net id="71"><net_src comp="63" pin="1"/><net_sink comp="67" pin=0"/></net>

<net id="72"><net_src comp="36" pin="2"/><net_sink comp="67" pin=1"/></net>

<net id="77"><net_src comp="67" pin="2"/><net_sink comp="73" pin=0"/></net>

<net id="78"><net_src comp="4" pin="0"/><net_sink comp="73" pin=1"/></net>

<net id="85"><net_src comp="10" pin="0"/><net_sink comp="79" pin=0"/></net>

<net id="86"><net_src comp="67" pin="2"/><net_sink comp="79" pin=1"/></net>

<net id="87"><net_src comp="12" pin="0"/><net_sink comp="79" pin=2"/></net>

<net id="88"><net_src comp="14" pin="0"/><net_sink comp="79" pin=3"/></net>

<net id="92"><net_src comp="79" pin="4"/><net_sink comp="89" pin=0"/></net>

<net id="93"><net_src comp="89" pin="1"/><net_sink comp="49" pin=2"/></net>

<net id="97"><net_src comp="49" pin="3"/><net_sink comp="94" pin=0"/></net>

<net id="98"><net_src comp="94" pin="1"/><net_sink comp="56" pin=0"/></net>

</net_list>

</model> 
---------------- Datapath Model END ------------------

* FSMD analyzer results:
  - Output states:
	Port: sine_sample | {2 }
	Port: temp | {1 }
 - Input state : 
	Port: nco : step_size | {1 }
	Port: nco : temp | {1 }
	Port: nco : sine_lut | {1 2 }
  - Chain level:
	State 1
		add_ln430 : 1
		store_ln430 : 2
		address : 2
		zext_ln434 : 3
		sine_lut_addr : 4
		sine_lut_load : 5
	State 2
		write_ln434 : 1


============================================================
+ Verbose Summary: Datapath Resource usage 
============================================================

* Functional unit list:
|----------|---------------------------|---------|---------|
| Operation|      Functional Unit      |    FF   |   LUT   |
|----------|---------------------------|---------|---------|
|    add   |      add_ln430_fu_67      |    0    |    23   |
|----------|---------------------------|---------|---------|
|   read   | step_size_read_read_fu_36 |    0    |    0    |
|----------|---------------------------|---------|---------|
|   write  |  write_ln434_write_fu_42  |    0    |    0    |
|----------|---------------------------|---------|---------|
|partselect|       address_fu_79       |    0    |    0    |
|----------|---------------------------|---------|---------|
|   zext   |      zext_ln434_fu_89     |    0    |    0    |
|----------|---------------------------|---------|---------|
|   Total  |                           |    0    |    23   |
|----------|---------------------------|---------|---------|

Memories:
+--------+--------+--------+--------+
|        |  BRAM  |   FF   |   LUT  |
+--------+--------+--------+--------+
|sine_lut|    4   |    0   |    0   |
+--------+--------+--------+--------+
|  Total |    4   |    0   |    0   |
+--------+--------+--------+--------+

* Register list:
+--------------------+--------+
|                    |   FF   |
+--------------------+--------+
|sine_lut_addr_reg_94|   12   |
+--------------------+--------+
|        Total       |   12   |
+--------------------+--------+

* Multiplexer (MUX) list: 
|------------------|------|------|------|--------||---------||---------||---------|
|       Comp       |  Pin | Size |  BW  | S x BW ||  Delay  ||    FF   ||   LUT   |
|------------------|------|------|------|--------||---------||---------||---------|
| grp_access_fu_56 |  p0  |   2  |  12  |   24   ||    0    ||    9    |
|------------------|------|------|------|--------||---------||---------||---------|
|       Total      |      |      |      |   24   ||  1.588  ||    0    ||    9    |
|------------------|------|------|------|--------||---------||---------||---------|



* Summary:
+-----------+--------+--------+--------+--------+
|           |  BRAM  |  Delay |   FF   |   LUT  |
+-----------+--------+--------+--------+--------+
|  Function |    -   |    -   |    0   |   23   |
|   Memory  |    4   |    -   |    0   |    0   |
|Multiplexer|    -   |    1   |    0   |    9   |
|  Register |    -   |    -   |   12   |    -   |
+-----------+--------+--------+--------+--------+
|   Total   |    4   |    1   |   12   |   32   |
+-----------+--------+--------+--------+--------+
