D:\Semester_6\HWSW\LAB4\lab4c\hls_nco\nco\hls\.autopilot\db\nco.pp.0.cpp:2265:5: remark: Added loop label VITIS_LOOP_676_1:   [xilinx-label-all-loops]
    for (unsigned i = low; i != high+1; ++i) {
    ^
    VITIS_LOOP_676_1: 
D:\Semester_6\HWSW\LAB4\lab4c\hls_nco\nco\hls\.autopilot\db\nco.pp.0.cpp:2265:5: note: FIX-IT applied suggested code changes
D:\Semester_6\HWSW\LAB4\lab4c\hls_nco\nco\hls\.autopilot\db\nco.pp.0.cpp:2279:5: remark: Added loop label VITIS_LOOP_690_1:   [xilinx-label-all-loops]
    for (unsigned i = low; i != high+1; ++i) {
    ^
    VITIS_LOOP_690_1: 
D:\Semester_6\HWSW\LAB4\lab4c\hls_nco\nco\hls\.autopilot\db\nco.pp.0.cpp:2279:5: note: FIX-IT applied suggested code changes
D:\Semester_6\HWSW\LAB4\lab4c\hls_nco\nco\hls\.autopilot\db\nco.pp.0.cpp:2293:5: remark: Added loop label VITIS_LOOP_704_1:   [xilinx-label-all-loops]
    for (unsigned i = low; i != high+1; ++i) {
    ^
    VITIS_LOOP_704_1: 
D:\Semester_6\HWSW\LAB4\lab4c\hls_nco\nco\hls\.autopilot\db\nco.pp.0.cpp:2293:5: note: FIX-IT applied suggested code changes
D:\Semester_6\HWSW\LAB4\lab4c\hls_nco\nco\hls\.autopilot\db\nco.pp.0.cpp:5801:7: remark: Added loop label VITIS_LOOP_1251_1:   [xilinx-label-all-loops]
      for (i = 0; i < __N - 1; ++i) {
      ^
      VITIS_LOOP_1251_1: 
D:\Semester_6\HWSW\LAB4\lab4c\hls_nco\nco\hls\.autopilot\db\nco.pp.0.cpp:5801:7: note: FIX-IT applied suggested code changes
