INFO: [COSIM-47] Using XSIM for RTL simulation.
INFO: [COSIM-14] Instrumenting C test bench ...
   Build using "C:/AMDDesignTools/2025.2/Vitis/win64/tools/clang-16/bin/clang++"
   Compiling apatb_matrix_mult.cpp
   Compiling matrix_mult.cpp_pre.cpp.tb.cpp
   Compiling matrix_mult_test.cpp_pre.cpp.tb.cpp
   Compiling apatb_matrix_mult_ir.ll
   Generating cosim.tv.exe
INFO: [COSIM-302] Starting C TB testing ... 
INFO: [COSIM-333] Generating C post check test bench ...
INFO: [COSIM-12] Generating RTL test bench ...
INFO: [COSIM-1] *** C/RTL co-simulation file generation completed. ***
INFO: [COSIM-323] Starting verilog simulation. 
INFO: [COSIM-15] Starting XSIM ...
INFO: [COSIM-316] Starting C post checking ...
Test passed!

D:\Semester_6\HWSW\LAB3\matrix_mult_prj\matrix_mult\hls\sim\verilog>set PATH= 

D:\Semester_6\HWSW\LAB3\matrix_mult_prj\matrix_mult\hls\sim\verilog>call C:/AMDDesignTools/2025.2/Vivado/bin/xelab xil_defaultlib.apatb_matrix_mult_top xil_defaultlib.glbl -Oenable_linking_all_libraries -prj matrix_mult.prj -L smartconnect_v1_0 -L axi_protocol_checker_v1_1_12 -L axi_protocol_checker_v1_1_13 -L axis_protocol_checker_v1_1_11 -L axis_protocol_checker_v1_1_12 -L xil_defaultlib -L unisims_ver -L xpm  -L floating_point_v7_1_21 -L floating_point_v7_0_26 --lib "ieee_proposed=./ieee_proposed" -L uvm -relax -i ./svr -i ./axivip -i ./svtb -i ./file_agent -i ./matrix_mult_subsystem  -s matrix_mult  
Vivado Simulator v2025.2
Copyright 1986-2022 Xilinx, Inc. All Rights Reserved.
Copyright 2022-2025 Advanced Micro Devices, Inc. All Rights Reserved.
Running: C:/AMDDesignTools/2025.2/Vivado/bin/unwrapped/win64.o/xelab.exe xil_defaultlib.apatb_matrix_mult_top xil_defaultlib.glbl -Oenable_linking_all_libraries -prj matrix_mult.prj -L smartconnect_v1_0 -L axi_protocol_checker_v1_1_12 -L axi_protocol_checker_v1_1_13 -L axis_protocol_checker_v1_1_11 -L axis_protocol_checker_v1_1_12 -L xil_defaultlib -L unisims_ver -L xpm -L floating_point_v7_1_21 -L floating_point_v7_0_26 --lib ieee_proposed=./ieee_proposed -L uvm -relax -i ./svr -i ./axivip -i ./svtb -i ./file_agent -i ./matrix_mult_subsystem -s matrix_mult 
Multi-threading is on. Using 30 slave threads.
INFO: [VRFC 10-2263] Analyzing SystemVerilog file "D:/Semester_6/HWSW/LAB3/matrix_mult_prj/matrix_mult/hls/sim/verilog/glbl.v" into library xil_defaultlib
INFO: [VRFC 10-311] analyzing module glbl
INFO: [VRFC 10-2263] Analyzing SystemVerilog file "D:/Semester_6/HWSW/LAB3/matrix_mult_prj/matrix_mult/hls/sim/verilog/AESL_automem_a.v" into library xil_defaultlib
INFO: [VRFC 10-311] analyzing module AESL_automem_a
INFO: [VRFC 10-2263] Analyzing SystemVerilog file "D:/Semester_6/HWSW/LAB3/matrix_mult_prj/matrix_mult/hls/sim/verilog/AESL_automem_b.v" into library xil_defaultlib
INFO: [VRFC 10-311] analyzing module AESL_automem_b
INFO: [VRFC 10-2263] Analyzing SystemVerilog file "D:/Semester_6/HWSW/LAB3/matrix_mult_prj/matrix_mult/hls/sim/verilog/AESL_automem_prod.v" into library xil_defaultlib
INFO: [VRFC 10-311] analyzing module AESL_automem_prod
INFO: [VRFC 10-2263] Analyzing SystemVerilog file "D:/Semester_6/HWSW/LAB3/matrix_mult_prj/matrix_mult/hls/sim/verilog/matrix_mult.autotb.v" into library xil_defaultlib
INFO: [VRFC 10-311] analyzing module apatb_matrix_mult_top
INFO: [VRFC 10-2263] Analyzing SystemVerilog file "D:/Semester_6/HWSW/LAB3/matrix_mult_prj/matrix_mult/hls/sim/verilog/matrix_mult.v" into library xil_defaultlib
INFO: [VRFC 10-311] analyzing module matrix_mult
INFO: [VRFC 10-2263] Analyzing SystemVerilog file "D:/Semester_6/HWSW/LAB3/matrix_mult_prj/matrix_mult/hls/sim/verilog/matrix_mult_mac_muladd_8ns_8ns_16s_16_4_1.v" into library xil_defaultlib
INFO: [VRFC 10-311] analyzing module matrix_mult_mac_muladd_8ns_8ns_16s_16_4_1_DSP48_0
INFO: [VRFC 10-311] analyzing module matrix_mult_mac_muladd_8ns_8ns_16s_16_4_1
INFO: [VRFC 10-2263] Analyzing SystemVerilog file "D:/Semester_6/HWSW/LAB3/matrix_mult_prj/matrix_mult/hls/sim/verilog/dataflow_monitor.sv" into library xil_defaultlib
INFO: [VRFC 10-311] analyzing module dataflow_monitor
INFO: [VRFC 10-2263] Analyzing SystemVerilog file "D:/Semester_6/HWSW/LAB3/matrix_mult_prj/matrix_mult/hls/sim/verilog/file_agent/file_agent_pkg.sv" into library xil_defaultlib
INFO: [VRFC 10-2263] Analyzing SystemVerilog file "D:/Semester_6/HWSW/LAB3/matrix_mult_prj/matrix_mult/hls/sim/verilog/matrix_mult_subsystem/matrix_mult_subsystem_pkg.sv" into library xil_defaultlib
INFO: [VRFC 10-2263] Analyzing SystemVerilog file "D:/Semester_6/HWSW/LAB3/matrix_mult_prj/matrix_mult/hls/sim/verilog/svtb/misc_interface.sv" into library xil_defaultlib
INFO: [VRFC 10-2263] Analyzing SystemVerilog file "D:/Semester_6/HWSW/LAB3/matrix_mult_prj/matrix_mult/hls/sim/verilog/svtb/sv_module_top.sv" into library xil_defaultlib
INFO: [VRFC 10-311] analyzing module sv_module_top
Starting static elaboration
Pass Through NonSizing Optimizer
Completed static elaboration
Starting simulation data flow analysis
WARNING: [XSIM 43-4099] "/proj/primebuilds/9999.0_PRIME_0428_0031/installs/data/system_verilog/uvm_1.2/xlnx_uvm_package.sv" Line 4356. Module uvm_pkg doesn't have a timescale but at least one module in design has a timescale.
Completed simulation data flow analysis
Time Resolution for simulation is 1ps
Compiling package xil_defaultlib.$unit_sv_module_top_sv
Compiling package uvm.uvm_pkg
Compiling package std.std
Compiling package xil_defaultlib.matrix_mult_subsystem_pkg
Compiling package xil_defaultlib.file_agent_pkg
Compiling package xil_defaultlib.$unit_dataflow_monitor_sv
Compiling module xil_defaultlib.matrix_mult_mac_muladd_8ns_8ns_1...
Compiling module xil_defaultlib.matrix_mult_mac_muladd_8ns_8ns_1...
Compiling module xil_defaultlib.matrix_mult
Compiling module xil_defaultlib.misc_interface_default
Compiling module xil_defaultlib.sv_module_top
Compiling module xil_defaultlib.AESL_automem_a
Compiling module xil_defaultlib.AESL_automem_b
Compiling module xil_defaultlib.AESL_automem_prod
Compiling module xil_defaultlib.nodf_module_intf_default
Compiling module xil_defaultlib.seq_loop_intf(FSM_WIDTH=8)
Compiling module xil_defaultlib.dataflow_monitor_1
Compiling module xil_defaultlib.apatb_matrix_mult_top
Compiling module xil_defaultlib.glbl
Built simulation snapshot matrix_mult

****** xsim v2025.2 (64-bit)
  **** SW Build 6299465 on Fri Nov 14 19:35:11 GMT 2025
  **** IP Build 6300035 on Fri Nov 14 10:48:45 MST 2025
  **** SharedData Build 6298862 on Thu Nov 13 04:50:51 MST 2025
  **** Start of session at: Tue May 26 22:01:38 2026
    ** Copyright 1986-2022 Xilinx, Inc. All Rights Reserved.
    ** Copyright 2022-2025 Advanced Micro Devices, Inc. All Rights Reserved.

source xsim.dir/matrix_mult/xsim_script.tcl
# xsim {matrix_mult} -testplusarg UVM_VERBOSITY=UVM_NONE -testplusarg UVM_TESTNAME=matrix_mult_test_lib -testplusarg UVM_TIMEOUT=20000000000000 -autoloadwcfg -tclbatch {matrix_mult.tcl}
Time resolution is 1 ps
source matrix_mult.tcl
## run all
UVM_INFO C:/AMDDesignTools/2025.2/Vivado/data/system_verilog/uvm_1.2/xlnx_uvm_package.sv(18601) @ 0: reporter [UVM/RELNOTES] 
----------------------------------------------------------------
UVM-1.2
(C) 2007-2014 Mentor Graphics Corporation
(C) 2007-2014 Cadence Design Systems, Inc.
(C) 2006-2014 Synopsys, Inc.
(C) 2011-2013 Cypress Semiconductor Corp.
(C) 2013-2014 NVIDIA Corporation
----------------------------------------------------------------

  ***********       IMPORTANT RELEASE NOTES         ************

  You are using a version of the UVM library that has been compiled
  with `UVM_NO_DEPRECATED undefined.

  You are using a version of the UVM library that has been compiled
  with `UVM_OBJECT_DO_NOT_NEED_CONSTRUCTOR undefined.

      (Specify +UVM_NO_RELNOTES to turn off this notice)

UVM_INFO C:/AMDDesignTools/2025.2/Vivado/data/system_verilog/uvm_1.2/xlnx_uvm_package.sv(18648) @ 0: reporter [NO_DPI_TSTNAME] UVM_NO_DPI defined--getting UVM_TESTNAME directly, without DPI
UVM_INFO C:/AMDDesignTools/2025.2/Vivado/data/system_verilog/uvm_1.2/xlnx_uvm_package.sv(18752) @ 0: reporter [UVMTOP] UVM testbench topology:
-----------------------------------------------------------------------
Name                         Type                           Size  Value
-----------------------------------------------------------------------
uvm_test_top                 matrix_mult_test_lib           -     @342 
  top_env                    matrix_mult_env                -     @353 
    matrix_mult_virtual_sqr  matrix_mult_virtual_sequencer  -     @390 
      rsp_export             uvm_analysis_export            -     @399 
      seq_item_export        uvm_seq_item_pull_imp          -     @517 
      arbitration_queue      array                          0     -    
      lock_queue             array                          0     -    
      num_last_reqs          integral                       32    'd1  
      num_last_rsps          integral                       32    'd1  
    refm                     matrix_mult_reference_model    -     @368 
      trans_num_idx          integral                       32    'h0  
    subsys_mon               matrix_mult_subsystem_monitor  -     @381 
      scbd                   matrix_mult_scoreboard         -     @537 
        refm                 matrix_mult_reference_model    -     @368 
          trans_num_idx      integral                       32    'h0  
    refm                     matrix_mult_reference_model    -     @368 
    matrix_mult_virtual_sqr  matrix_mult_virtual_sequencer  -     @390 
    matrix_mult_cfg          matrix_mult_config             -     @367 
      check_ena              integral                       32    'h0  
      cover_ena              integral                       32    'h0  
-----------------------------------------------------------------------

UVM_INFO C:/AMDDesignTools/2025.2/Vivado/data/system_verilog/uvm_1.2/xlnx_uvm_package.sv(20867) @ 0: reporter [UVM/COMP/NAMECHECK] This implementation of the component name checks requires DPI to be enabled
////////////////////////////////////////////////////////////////////////////////////
// Inter-Transaction Progress: Completed Transaction / Total Transaction
// Intra-Transaction Progress: Measured Latency / Latency Estimation * 100%
//
// RTL Simulation : "Inter-Transaction Progress" ["Intra-Transaction Progress"] @ "Simulation Time"
////////////////////////////////////////////////////////////////////////////////////
// RTL Simulation : 0 / 1 [0.00%] @ "125000"
// RTL Simulation : 1 / 1 [100.00%] @ "7025000"
////////////////////////////////////////////////////////////////////////////////////
$finish called at time : 7075 ns : File "C:/AMDDesignTools/2025.2/Vivado/data/system_verilog/uvm_1.2/xlnx_uvm_package.sv" Line 18699
## quit
INFO: [Common 17-206] Exiting xsim at Tue May 26 22:01:41 2026...
Test passed!
INFO: [COSIM-1000] *** C/RTL co-simulation finished: PASS ***
INFO: [COSIM-211] II is measurable only when transaction number is greater than 1 in RTL simulation. Otherwise, they will be marked as all NA. If user wants to calculate them, please make sure there are at least 2 transactions in RTL simulation.
