

================================================================
== Synthesis Summary Report of 'matrix_mult'
================================================================
+ General Information: 
    * Date:           Tue May 26 21:43:18 2026
    * Version:        2025.2 (Build 6295257 on Nov 14 2025)
    * Project:        matrix_mult_prj_solution3
    * Solution:       hls (Vivado IP Flow Target)
    * Product family: zynq
    * Target device:  xc7z010-clg400-1
    

* Performance & Resource Estimates: 
+---------------+------+---------------------+----------+---------+------+----------+---------+---------+------+------+--------+-----------+----------+-----+
|    Modules    | Issue|                     | Iteration|         | Trip |          |      Latency      |      |      |        |           |          |     |
|    & Loops    | Type |    Violation Type   |  Latency | Interval| Count| Pipelined| (cycles)|   (ns)  | Slack| BRAM |   DSP  |     FF    |    LUT   | URAM|
+---------------+------+---------------------+----------+---------+------+----------+---------+---------+------+------+--------+-----------+----------+-----+
|+ matrix_mult  |     -|                    -|         -|       75|     -|    rewind|       81|  810.000|  1.30|     -|  3 (3%)|  148 (~0%)|  512 (2%)|    -|
| o Row_Col     |    II|  Resource Limitation|         8|        3|    25|       yes|       79|  790.000|  7.30|     -|       -|          -|         -|    -|
+---------------+------+---------------------+----------+---------+------+----------+---------+---------+------+------+--------+-----------+----------+-----+
    II Violation Information: docs.amd.com/access/sources/dita/topic?Doc_Version=2025.2%20English&url=ug1448-hls-guidance&resourceid=200-880.html
    Name Prefix: '+' for module, 'o' for loop, '*' for dataflow


================================================================
== HW Interfaces
================================================================
* AP_MEMORY
+---------------+-----------+----------+
| Port          | Direction | Bitwidth |
+---------------+-----------+----------+
| a_address0    | out       | 5        |
| a_address1    | out       | 5        |
| a_q0          | in        | 8        |
| a_q1          | in        | 8        |
| b_address0    | out       | 5        |
| b_address1    | out       | 5        |
| b_q0          | in        | 8        |
| b_q1          | in        | 8        |
| prod_address0 | out       | 5        |
| prod_d0       | out       | 16       |
+---------------+-----------+----------+

* TOP LEVEL CONTROL
+-----------+------------+-----------------------------------+
| Interface | Type       | Ports                             |
+-----------+------------+-----------------------------------+
| ap_clk    | clock      | ap_clk                            |
| ap_rst    | reset      | ap_rst                            |
| ap_ctrl   | ap_ctrl_hs | ap_done ap_idle ap_ready ap_start |
+-----------+------------+-----------------------------------+


================================================================
== SW I/O Information
================================================================
* Top Function Arguments
+----------+-----------+----------------+
| Argument | Direction | Datatype       |
+----------+-----------+----------------+
| a        | in        | unsigned char* |
| b        | in        | unsigned char* |
| prod     | out       | short*         |
+----------+-----------+----------------+

* SW-to-HW Mapping
+----------+---------------+---------+----------+
| Argument | HW Interface  | HW Type | HW Usage |
+----------+---------------+---------+----------+
| a        | a_address0    | port    | offset   |
| a        | a_ce0         | port    |          |
| a        | a_q0          | port    |          |
| a        | a_address1    | port    | offset   |
| a        | a_ce1         | port    |          |
| a        | a_q1          | port    |          |
| b        | b_address0    | port    | offset   |
| b        | b_ce0         | port    |          |
| b        | b_q0          | port    |          |
| b        | b_address1    | port    | offset   |
| b        | b_ce1         | port    |          |
| b        | b_q1          | port    |          |
| prod     | prod_address0 | port    | offset   |
| prod     | prod_ce0      | port    |          |
| prod     | prod_we0      | port    |          |
| prod     | prod_d0       | port    |          |
+----------+---------------+---------+----------+


================================================================
== Bind Op Report
================================================================
+------------------------------------+-----+--------+-------------+--------+-----------+---------+
| Name                               | DSP | Pragma | Variable    | Op     | Impl      | Latency |
+------------------------------------+-----+--------+-------------+--------+-----------+---------+
| + matrix_mult                      | 3   |        |             |        |           |         |
|   add_ln15_fu_236_p2               |     |        | add_ln15    | add    | fabric    | 0       |
|   select_ln15_fu_242_p3            |     |        | select_ln15 | select | auto_sel  | 0       |
|   i_3_fu_250_p3                    |     |        | i_3         | select | auto_sel  | 0       |
|   add_ln23_13_fu_274_p2            |     |        | add_ln23_13 | add    | fabric    | 0       |
|   add_ln23_4_fu_357_p2             |     |        | add_ln23_4  | add    | fabric    | 0       |
|   add_ln23_5_fu_314_p2             |     |        | add_ln23_5  | add    | fabric    | 0       |
|   add_ln23_6_fu_367_p2             |     |        | add_ln23_6  | add    | fabric    | 0       |
|   add_ln23_7_fu_324_p2             |     |        | add_ln23_7  | add    | fabric    | 0       |
|   add_ln23_8_fu_384_p2             |     |        | add_ln23_8  | add    | fabric    | 0       |
|   add_ln23_9_fu_334_p2             |     |        | add_ln23_9  | add    | fabric    | 0       |
|   add_ln23_10_fu_344_p2            |     |        | add_ln23_10 | add    | fabric    | 0       |
|   add_ln23_11_fu_298_p2            |     |        | add_ln23_11 | add    | fabric    | 0       |
|   add_ln23_12_fu_395_p2            |     |        | add_ln23_12 | add    | fabric    | 0       |
|   mac_muladd_8ns_8ns_16s_16_4_1_U4 | 1   |        | mul_ln23    | mul    | dsp_slice | 3       |
|   mul_8ns_8ns_16_1_1_U2            |     |        | mul_ln23_1  | mul    | auto      | 0       |
|   mac_muladd_8ns_8ns_16s_16_4_1_U3 | 1   |        | mul_ln23_2  | mul    | dsp_slice | 3       |
|   mul_8ns_8ns_16_1_1_U1            |     |        | mul_ln23_3  | mul    | auto      | 0       |
|   mac_muladd_8ns_8ns_16s_16_4_1_U5 | 1   |        | mul_ln23_4  | mul    | dsp_slice | 3       |
|   mac_muladd_8ns_8ns_16s_16_4_1_U4 | 1   |        | add_ln23    | add    | dsp_slice | 3       |
|   mac_muladd_8ns_8ns_16s_16_4_1_U3 | 1   |        | add_ln23_1  | add    | dsp_slice | 3       |
|   mac_muladd_8ns_8ns_16s_16_4_1_U5 | 1   |        | add_ln23_2  | add    | dsp_slice | 3       |
|   add_ln23_3_fu_482_p2             |     |        | add_ln23_3  | add    | fabric    | 0       |
|   j_3_fu_403_p2                    |     |        | j_3         | add    | fabric    | 0       |
|   add_ln15_1_fu_408_p2             |     |        | add_ln15_1  | add    | fabric    | 0       |
|   icmp_ln17_fu_414_p2              |     |        | icmp_ln17   | seteq  | auto      | 0       |
|   icmp_ln15_fu_420_p2              |     |        | icmp_ln15   | seteq  | auto      | 0       |
+------------------------------------+-----+--------+-------------+--------+-----------+---------+


================================================================
== Storage Report
================================================================
  No bind storage info in design

================================================================
== Pragma Report
================================================================
* Inferred Pragmas
+--------------+---------+------------------------------------------------------------------------------------------------+------------------------------------------+
| Type         | Options | Location                                                                                       | Inferred From                            |
+--------------+---------+------------------------------------------------------------------------------------------------+------------------------------------------+
| LOOP_FLATTEN |         | loop Row (../solution3/matrix_mult.cpp:15:10) in matrix_mult (../solution3/matrix_mult.cpp:15) | pipeline ../solution3/matrix_mult.cpp:18 |
+--------------+---------+------------------------------------------------------------------------------------------------+------------------------------------------+

* Valid Pragma Syntax
+----------+---------+--------------------------------------------------+
| Type     | Options | Location                                         |
+----------+---------+--------------------------------------------------+
| PIPELINE |         | in matrix_mult (../solution3/matrix_mult.cpp:18) |
+----------+---------+--------------------------------------------------+


