  **** HLS Build v2025.2 6295257
INFO: [HLS 200-2005] Using work_dir D:/Semester_6/HWSW/LAB3/matrix_mult_prj_solution5/matrix_mult_prj_solution5 
INFO: [HLS 200-2176] Writing Vitis IDE component file D:/Semester_6/HWSW/LAB3/matrix_mult_prj_solution5/matrix_mult_prj_solution5/vitis-comp.json
INFO: [HLS 200-10] Creating and opening component 'D:/Semester_6/HWSW/LAB3/matrix_mult_prj_solution5/matrix_mult_prj_solution5'.
INFO: [HLS 200-1505] Using default flow_target 'vivado'
Resolution: For help on HLS 200-1505 see docs.amd.com/access/sources/dita/topic?Doc_Version=2025.2%20English&url=ug1448-hls-guidance&resourceid=200-1505.html
INFO: [HLS 200-2174] Applying component config ini file hls_config.cfg
INFO: [HLS 200-1465] Applying config ini 'syn.file=../solution5/matrix_mult.cpp' from hls_config.cfg(10)
INFO: [HLS 200-10] Adding design file 'D:/Semester_6/HWSW/LAB3/solution5/matrix_mult.cpp' to the project
INFO: [HLS 200-1465] Applying config ini 'syn.file=../solution5/matrix_mult.h' from hls_config.cfg(11)
INFO: [HLS 200-10] Adding design file 'D:/Semester_6/HWSW/LAB3/solution5/matrix_mult.h' to the project
INFO: [HLS 200-1465] Applying config ini 'tb.file=../solution5/matrix_mult_test.cpp' from hls_config.cfg(12)
INFO: [HLS 200-10] Adding test bench file 'D:/Semester_6/HWSW/LAB3/solution5/matrix_mult_test.cpp' to the project
INFO: [HLS 200-1465] Applying config ini 'syn.top=matrix_mult' from hls_config.cfg(7)
INFO: [HLS 200-1465] Applying config ini 'flow_target=vivado' from hls_config.cfg(4)
INFO: [HLS 200-1505] Using flow_target 'vivado'
Resolution: For help on HLS 200-1505 see docs.amd.com/access/sources/dita/topic?Doc_Version=2025.2%20English&url=ug1448-hls-guidance&resourceid=200-1505.html
INFO: [HLS 200-1465] Applying config ini 'part=xc7z010clg400-1' from hls_config.cfg(1)
INFO: [HLS 200-1611] Setting target device to 'xc7z010-clg400-1'
INFO: [HLS 200-1465] Applying config ini 'clock=10ns' from hls_config.cfg(8)
INFO: [SYN 201-201] Setting up clock 'default' with a period of 10ns.
INFO: [HLS 200-1465] Applying config ini 'clock_uncertainty=27%' from hls_config.cfg(9)
INFO: [SYN 201-201] Setting up clock 'default' with an uncertainty of 2.7ns.
INFO: [HLS 200-1465] Applying config ini 'package.output.format=rtl' from hls_config.cfg(5)
INFO: [HLS 200-2176] Writing Vitis IDE component file D:/Semester_6/HWSW/LAB3/matrix_mult_prj_solution5/matrix_mult_prj_solution5/vitis-comp.json
INFO: [HLS 200-111] Finished File checks and directory preparation: CPU user time: 3 seconds. CPU system time: 3 seconds. Elapsed time: 6.108 seconds; current allocated memory: 383.816 MB.
INFO: [HLS 200-2191] C-Synthesis will use clang-16 as the compiler
INFO: [HLS 200-10] Analyzing design file '../solution5/matrix_mult.cpp' ... 
INFO: [HLS 200-111] Finished Source Code Analysis and Preprocessing: CPU user time: 0 seconds. CPU system time: 0 seconds. Elapsed time: 2.789 seconds; current allocated memory: 385.723 MB.
INFO: [HLS 200-777] Using interface defaults for 'Vivado' flow target.
INFO: [HLS 200-1995] There were 57 instructions in the design after the 'Compile/Link' phase of compilation. See the Design Size Report for more details (D:/Semester_6/HWSW/LAB3/matrix_mult_prj_solution5/matrix_mult_prj_solution5/hls/syn/report/csynth_design_size.rpt:2)
INFO: [HLS 200-1995] There were 1,159 instructions in the design after the 'Unroll/Inline (step 1)' phase of compilation. See the Design Size Report for more details (D:/Semester_6/HWSW/LAB3/matrix_mult_prj_solution5/matrix_mult_prj_solution5/hls/syn/report/csynth_design_size.rpt:2)
INFO: [HLS 200-1995] There were 426 instructions in the design after the 'Unroll/Inline (step 2)' phase of compilation. See the Design Size Report for more details (D:/Semester_6/HWSW/LAB3/matrix_mult_prj_solution5/matrix_mult_prj_solution5/hls/syn/report/csynth_design_size.rpt:2)
INFO: [HLS 200-1995] There were 426 instructions in the design after the 'Unroll/Inline (step 3)' phase of compilation. See the Design Size Report for more details (D:/Semester_6/HWSW/LAB3/matrix_mult_prj_solution5/matrix_mult_prj_solution5/hls/syn/report/csynth_design_size.rpt:2)
INFO: [HLS 200-1995] There were 426 instructions in the design after the 'Unroll/Inline (step 4)' phase of compilation. See the Design Size Report for more details (D:/Semester_6/HWSW/LAB3/matrix_mult_prj_solution5/matrix_mult_prj_solution5/hls/syn/report/csynth_design_size.rpt:2)
INFO: [HLS 200-1995] There were 426 instructions in the design after the 'Array/Struct (step 1)' phase of compilation. See the Design Size Report for more details (D:/Semester_6/HWSW/LAB3/matrix_mult_prj_solution5/matrix_mult_prj_solution5/hls/syn/report/csynth_design_size.rpt:2)
INFO: [HLS 200-1995] There were 426 instructions in the design after the 'Array/Struct (step 2)' phase of compilation. See the Design Size Report for more details (D:/Semester_6/HWSW/LAB3/matrix_mult_prj_solution5/matrix_mult_prj_solution5/hls/syn/report/csynth_design_size.rpt:2)
INFO: [HLS 200-1995] There were 426 instructions in the design after the 'Array/Struct (step 3)' phase of compilation. See the Design Size Report for more details (D:/Semester_6/HWSW/LAB3/matrix_mult_prj_solution5/matrix_mult_prj_solution5/hls/syn/report/csynth_design_size.rpt:2)
INFO: [HLS 200-1995] There were 476 instructions in the design after the 'Array/Struct (step 4)' phase of compilation. See the Design Size Report for more details (D:/Semester_6/HWSW/LAB3/matrix_mult_prj_solution5/matrix_mult_prj_solution5/hls/syn/report/csynth_design_size.rpt:2)
INFO: [HLS 200-1995] There were 396 instructions in the design after the 'Array/Struct (step 5)' phase of compilation. See the Design Size Report for more details (D:/Semester_6/HWSW/LAB3/matrix_mult_prj_solution5/matrix_mult_prj_solution5/hls/syn/report/csynth_design_size.rpt:2)
INFO: [HLS 200-1995] There were 396 instructions in the design after the 'Performance (step 1)' phase of compilation. See the Design Size Report for more details (D:/Semester_6/HWSW/LAB3/matrix_mult_prj_solution5/matrix_mult_prj_solution5/hls/syn/report/csynth_design_size.rpt:2)
INFO: [HLS 200-1995] There were 396 instructions in the design after the 'Performance (step 2)' phase of compilation. See the Design Size Report for more details (D:/Semester_6/HWSW/LAB3/matrix_mult_prj_solution5/matrix_mult_prj_solution5/hls/syn/report/csynth_design_size.rpt:2)
INFO: [HLS 200-1995] There were 396 instructions in the design after the 'Performance (step 3)' phase of compilation. See the Design Size Report for more details (D:/Semester_6/HWSW/LAB3/matrix_mult_prj_solution5/matrix_mult_prj_solution5/hls/syn/report/csynth_design_size.rpt:2)
INFO: [HLS 200-1995] There were 396 instructions in the design after the 'Performance (step 4)' phase of compilation. See the Design Size Report for more details (D:/Semester_6/HWSW/LAB3/matrix_mult_prj_solution5/matrix_mult_prj_solution5/hls/syn/report/csynth_design_size.rpt:2)
INFO: [HLS 200-1995] There were 402 instructions in the design after the 'HW Transforms (step 1)' phase of compilation. See the Design Size Report for more details (D:/Semester_6/HWSW/LAB3/matrix_mult_prj_solution5/matrix_mult_prj_solution5/hls/syn/report/csynth_design_size.rpt:2)
INFO: [HLS 200-1995] There were 404 instructions in the design after the 'HW Transforms (step 2)' phase of compilation. See the Design Size Report for more details (D:/Semester_6/HWSW/LAB3/matrix_mult_prj_solution5/matrix_mult_prj_solution5/hls/syn/report/csynth_design_size.rpt:2)
INFO: [HLS 214-291] Loop 'Row' is marked as complete unroll implied by the pipeline pragma (../solution5/matrix_mult.cpp:18:10)
INFO: [HLS 214-291] Loop 'Col' is marked as complete unroll implied by the pipeline pragma (../solution5/matrix_mult.cpp:20:14)
INFO: [HLS 214-291] Loop 'Product' is marked as complete unroll implied by the pipeline pragma (../solution5/matrix_mult.cpp:23:22)
INFO: [HLS 214-186] Unrolling loop 'Row' (../solution5/matrix_mult.cpp:18:10) in function 'matrix_mult' completely with a factor of 5 (../solution5/matrix_mult.cpp:13:0)
INFO: [HLS 214-186] Unrolling loop 'Col' (../solution5/matrix_mult.cpp:20:14) in function 'matrix_mult' completely with a factor of 5 (../solution5/matrix_mult.cpp:13:0)
INFO: [HLS 214-186] Unrolling loop 'Product' (../solution5/matrix_mult.cpp:23:22) in function 'matrix_mult' completely with a factor of 5 (../solution5/matrix_mult.cpp:13:0)
INFO: [HLS 214-248] Applying array_reshape to 'a': Complete reshaping on dimension 2. (../solution5/matrix_mult.cpp:13:0)
INFO: [HLS 214-248] Applying array_reshape to 'b': Complete reshaping on dimension 1. (../solution5/matrix_mult.cpp:13:0)
INFO: [HLS 200-111] Finished Compiling Optimization and Transform: CPU user time: 1 seconds. CPU system time: 0 seconds. Elapsed time: 9.036 seconds; current allocated memory: 388.391 MB.
INFO: [HLS 200-111] Finished Checking Pragmas: CPU user time: 0 seconds. CPU system time: 0 seconds. Elapsed time: 0.004 seconds; current allocated memory: 388.391 MB.
INFO: [HLS 200-10] Starting code transformations ...
INFO: [HLS 200-111] Finished Standard Transforms: CPU user time: 0 seconds. CPU system time: 0 seconds. Elapsed time: 0.053 seconds; current allocated memory: 393.375 MB.
INFO: [HLS 200-10] Checking synthesizability ...
INFO: [HLS 200-111] Finished Checking Synthesizability: CPU user time: 0 seconds. CPU system time: 0 seconds. Elapsed time: 0.061 seconds; current allocated memory: 396.035 MB.
INFO: [XFORM 203-11] Balancing expressions in function 'matrix_mult' (../solution5/matrix_mult.cpp:25:1)...100 expression(s) balanced.
INFO: [HLS 200-111] Finished Loop, function and other optimizations: CPU user time: 0 seconds. CPU system time: 0 seconds. Elapsed time: 0.157 seconds; current allocated memory: 418.719 MB.
INFO: [HLS 200-111] Finished Architecture Synthesis: CPU user time: 0 seconds. CPU system time: 0 seconds. Elapsed time: 0.173 seconds; current allocated memory: 418.816 MB.
INFO: [HLS 200-10] Starting hardware synthesis ...
INFO: [HLS 200-10] Synthesizing 'matrix_mult' ...
INFO: [HLS 200-10] ----------------------------------------------------------------
INFO: [HLS 200-42] -- Implementing module 'matrix_mult' 
INFO: [HLS 200-10] ----------------------------------------------------------------
INFO: [SCHED 204-11] Starting scheduling ...
INFO: [HLS 200-486] Changing DSP latency (root=add_ln25_98) to 3 in order to utilize available DSP registers.
INFO: [HLS 200-486] Changing DSP latency (root=add_ln25_97) to 3 in order to utilize available DSP registers.
INFO: [HLS 200-486] Changing DSP latency (root=add_ln25_96) to 3 in order to utilize available DSP registers.
INFO: [HLS 200-486] Changing DSP latency (root=add_ln25_94) to 3 in order to utilize available DSP registers.
INFO: [HLS 200-486] Changing DSP latency (root=add_ln25_93) to 3 in order to utilize available DSP registers.
INFO: [HLS 200-486] Changing DSP latency (root=add_ln25_92) to 3 in order to utilize available DSP registers.
INFO: [HLS 200-486] Changing DSP latency (root=add_ln25_90) to 3 in order to utilize available DSP registers.
INFO: [HLS 200-486] Changing DSP latency (root=add_ln25_89) to 3 in order to utilize available DSP registers.
INFO: [HLS 200-486] Changing DSP latency (root=add_ln25_88) to 3 in order to utilize available DSP registers.
INFO: [HLS 200-486] Changing DSP latency (root=add_ln25_86) to 3 in order to utilize available DSP registers.
INFO: [HLS 200-486] Changing DSP latency (root=add_ln25_85) to 3 in order to utilize available DSP registers.
INFO: [HLS 200-486] Changing DSP latency (root=add_ln25_84) to 3 in order to utilize available DSP registers.
INFO: [HLS 200-486] Changing DSP latency (root=add_ln25_82) to 3 in order to utilize available DSP registers.
INFO: [HLS 200-486] Changing DSP latency (root=add_ln25_81) to 3 in order to utilize available DSP registers.
INFO: [HLS 200-486] Changing DSP latency (root=add_ln25_80) to 3 in order to utilize available DSP registers.
INFO: [HLS 200-486] Changing DSP latency (root=add_ln25_78) to 3 in order to utilize available DSP registers.
INFO: [HLS 200-486] Changing DSP latency (root=add_ln25_77) to 3 in order to utilize available DSP registers.
INFO: [HLS 200-486] Changing DSP latency (root=add_ln25_76) to 3 in order to utilize available DSP registers.
INFO: [HLS 200-486] Changing DSP latency (root=add_ln25_74) to 3 in order to utilize available DSP registers.
INFO: [HLS 200-486] Changing DSP latency (root=add_ln25_73) to 3 in order to utilize available DSP registers.
INFO: [HLS 200-486] Changing DSP latency (root=add_ln25_72) to 3 in order to utilize available DSP registers.
INFO: [HLS 200-486] Changing DSP latency (root=add_ln25_70) to 3 in order to utilize available DSP registers.
INFO: [HLS 200-486] Changing DSP latency (root=add_ln25_69) to 3 in order to utilize available DSP registers.
INFO: [HLS 200-486] Changing DSP latency (root=add_ln25_68) to 3 in order to utilize available DSP registers.
INFO: [HLS 200-486] Changing DSP latency (root=add_ln25_66) to 3 in order to utilize available DSP registers.
INFO: [HLS 200-486] Changing DSP latency (root=add_ln25_65) to 3 in order to utilize available DSP registers.
INFO: [HLS 200-486] Changing DSP latency (root=add_ln25_64) to 3 in order to utilize available DSP registers.
INFO: [HLS 200-486] Changing DSP latency (root=add_ln25_62) to 3 in order to utilize available DSP registers.
INFO: [HLS 200-486] Changing DSP latency (root=add_ln25_61) to 3 in order to utilize available DSP registers.
INFO: [HLS 200-486] Changing DSP latency (root=add_ln25_60) to 3 in order to utilize available DSP registers.
INFO: [HLS 200-486] Changing DSP latency (root=add_ln25_58) to 3 in order to utilize available DSP registers.
INFO: [HLS 200-486] Changing DSP latency (root=add_ln25_57) to 3 in order to utilize available DSP registers.
INFO: [HLS 200-486] Changing DSP latency (root=add_ln25_56) to 3 in order to utilize available DSP registers.
INFO: [HLS 200-486] Changing DSP latency (root=add_ln25_54) to 3 in order to utilize available DSP registers.
INFO: [HLS 200-486] Changing DSP latency (root=add_ln25_53) to 3 in order to utilize available DSP registers.
INFO: [HLS 200-486] Changing DSP latency (root=add_ln25_52) to 3 in order to utilize available DSP registers.
INFO: [HLS 200-486] Changing DSP latency (root=add_ln25_50) to 3 in order to utilize available DSP registers.
INFO: [HLS 200-486] Changing DSP latency (root=add_ln25_49) to 3 in order to utilize available DSP registers.
INFO: [HLS 200-486] Changing DSP latency (root=add_ln25_48) to 3 in order to utilize available DSP registers.
INFO: [HLS 200-486] Changing DSP latency (root=add_ln25_46) to 3 in order to utilize available DSP registers.
INFO: [HLS 200-486] Changing DSP latency (root=add_ln25_45) to 3 in order to utilize available DSP registers.
INFO: [HLS 200-486] Changing DSP latency (root=add_ln25_44) to 3 in order to utilize available DSP registers.
INFO: [HLS 200-486] Changing DSP latency (root=add_ln25_42) to 3 in order to utilize available DSP registers.
INFO: [HLS 200-486] Changing DSP latency (root=add_ln25_41) to 3 in order to utilize available DSP registers.
INFO: [HLS 200-486] Changing DSP latency (root=add_ln25_40) to 3 in order to utilize available DSP registers.
INFO: [HLS 200-486] Changing DSP latency (root=add_ln25_38) to 3 in order to utilize available DSP registers.
INFO: [HLS 200-486] Changing DSP latency (root=add_ln25_37) to 3 in order to utilize available DSP registers.
INFO: [HLS 200-486] Changing DSP latency (root=add_ln25_36) to 3 in order to utilize available DSP registers.
INFO: [HLS 200-486] Changing DSP latency (root=add_ln25_34) to 3 in order to utilize available DSP registers.
INFO: [HLS 200-486] Changing DSP latency (root=add_ln25_33) to 3 in order to utilize available DSP registers.
INFO: [HLS 200-486] Changing DSP latency (root=add_ln25_32) to 3 in order to utilize available DSP registers.
INFO: [HLS 200-486] Changing DSP latency (root=add_ln25_30) to 3 in order to utilize available DSP registers.
INFO: [HLS 200-486] Changing DSP latency (root=add_ln25_29) to 3 in order to utilize available DSP registers.
INFO: [HLS 200-486] Changing DSP latency (root=add_ln25_28) to 3 in order to utilize available DSP registers.
INFO: [HLS 200-486] Changing DSP latency (root=add_ln25_26) to 3 in order to utilize available DSP registers.
INFO: [HLS 200-486] Changing DSP latency (root=add_ln25_25) to 3 in order to utilize available DSP registers.
INFO: [HLS 200-486] Changing DSP latency (root=add_ln25_24) to 3 in order to utilize available DSP registers.
INFO: [HLS 200-486] Changing DSP latency (root=add_ln25_22) to 3 in order to utilize available DSP registers.
INFO: [HLS 200-486] Changing DSP latency (root=add_ln25_21) to 3 in order to utilize available DSP registers.
INFO: [HLS 200-486] Changing DSP latency (root=add_ln25_20) to 3 in order to utilize available DSP registers.
INFO: [HLS 200-486] Changing DSP latency (root=add_ln25_18) to 3 in order to utilize available DSP registers.
INFO: [HLS 200-486] Changing DSP latency (root=add_ln25_17) to 3 in order to utilize available DSP registers.
INFO: [HLS 200-486] Changing DSP latency (root=add_ln25_16) to 3 in order to utilize available DSP registers.
INFO: [HLS 200-486] Changing DSP latency (root=add_ln25_14) to 3 in order to utilize available DSP registers.
INFO: [HLS 200-486] Changing DSP latency (root=add_ln25_13) to 3 in order to utilize available DSP registers.
INFO: [HLS 200-486] Changing DSP latency (root=add_ln25_12) to 3 in order to utilize available DSP registers.
INFO: [HLS 200-486] Changing DSP latency (root=add_ln25_10) to 3 in order to utilize available DSP registers.
INFO: [HLS 200-486] Changing DSP latency (root=add_ln25_9) to 3 in order to utilize available DSP registers.
INFO: [HLS 200-486] Changing DSP latency (root=add_ln25_8) to 3 in order to utilize available DSP registers.
INFO: [HLS 200-486] Changing DSP latency (root=add_ln25_6) to 3 in order to utilize available DSP registers.
INFO: [HLS 200-486] Changing DSP latency (root=add_ln25_5) to 3 in order to utilize available DSP registers.
INFO: [HLS 200-486] Changing DSP latency (root=add_ln25_4) to 3 in order to utilize available DSP registers.
INFO: [HLS 200-486] Changing DSP latency (root=add_ln25_2) to 3 in order to utilize available DSP registers.
INFO: [HLS 200-486] Changing DSP latency (root=add_ln25_1) to 3 in order to utilize available DSP registers.
INFO: [HLS 200-486] Changing DSP latency (root=add_ln25) to 3 in order to utilize available DSP registers.
INFO: [SCHED 204-61] Pipelining function 'matrix_mult'.
WARNING: [HLS 200-448] Lower bound of II is 13 due to multiple 'store' operation ('prod_addr_write_ln25', ../solution5/matrix_mult.cpp:25) of variable 'add_ln25_3', ../solution5/matrix_mult.cpp:25 16 bit on array 'prod', 'store' operation ('prod_addr_1_write_ln25', ../solution5/matrix_mult.cpp:25) of variable 'add_ln25_7', ../solution5/matrix_mult.cpp:25 16 bit on array 'prod', 'store' operation ('prod_addr_2_write_ln25', ../solution5/matrix_mult.cpp:25) of variable 'add_ln25_11', ../solution5/matrix_mult.cpp:25 16 bit on array 'prod', 'store' operation ('prod_addr_3_write_ln25', ../solution5/matrix_mult.cpp:25) of variable 'add_ln25_15', ../solution5/matrix_mult.cpp:25 16 bit on array 'prod', 'store' operation ('prod_addr_4_write_ln25', ../solution5/matrix_mult.cpp:25) of variable 'add_ln25_19', ../solution5/matrix_mult.cpp:25 16 bit on array 'prod', 'store' operation ('prod_addr_5_write_ln25', ../solution5/matrix_mult.cpp:25) of variable 'add_ln25_23', ../solution5/matrix_mult.cpp:25 16 bit on array 'prod', 'store' operation ('prod_addr_6_write_ln25', ../solution5/matrix_mult.cpp:25) of variable 'add_ln25_27', ../solution5/matrix_mult.cpp:25 16 bit on array 'prod', 'store' operation ('prod_addr_7_write_ln25', ../solution5/matrix_mult.cpp:25) of variable 'add_ln25_31', ../solution5/matrix_mult.cpp:25 16 bit on array 'prod', 'store' operation ('prod_addr_8_write_ln25', ../solution5/matrix_mult.cpp:25) of variable 'add_ln25_35', ../solution5/matrix_mult.cpp:25 16 bit on array 'prod', 'store' operation ('prod_addr_9_write_ln25', ../solution5/matrix_mult.cpp:25) of variable 'add_ln25_39', ../solution5/matrix_mult.cpp:25 16 bit on array 'prod', 'store' operation ('prod_addr_10_write_ln25', ../solution5/matrix_mult.cpp:25) of variable 'add_ln25_43', ../solution5/matrix_mult.cpp:25 16 bit on array 'prod', 'store' operation ('prod_addr_11_write_ln25', ../solution5/matrix_mult.cpp:25) of variable 'add_ln25_47', ../solution5/matrix_mult.cpp:25 16 bit on array 'prod', 'store' operation ('prod_addr_12_write_ln25', ../solution5/matrix_mult.cpp:25) of variable 'add_ln25_51', ../solution5/matrix_mult.cpp:25 16 bit on array 'prod', 'store' operation ('prod_addr_13_write_ln25', ../solution5/matrix_mult.cpp:25) of variable 'add_ln25_55', ../solution5/matrix_mult.cpp:25 16 bit on array 'prod', 'store' operation ('prod_addr_14_write_ln25', ../solution5/matrix_mult.cpp:25) of variable 'add_ln25_59', ../solution5/matrix_mult.cpp:25 16 bit on array 'prod', 'store' operation ('prod_addr_15_write_ln25', ../solution5/matrix_mult.cpp:25) of variable 'add_ln25_63', ../solution5/matrix_mult.cpp:25 16 bit on array 'prod', 'store' operation ('prod_addr_16_write_ln25', ../solution5/matrix_mult.cpp:25) of variable 'add_ln25_67', ../solution5/matrix_mult.cpp:25 16 bit on array 'prod', 'store' operation ('prod_addr_17_write_ln25', ../solution5/matrix_mult.cpp:25) of variable 'add_ln25_71', ../solution5/matrix_mult.cpp:25 16 bit on array 'prod', 'store' operation ('prod_addr_18_write_ln25', ../solution5/matrix_mult.cpp:25) of variable 'add_ln25_75', ../solution5/matrix_mult.cpp:25 16 bit on array 'prod', 'store' operation ('prod_addr_19_write_ln25', ../solution5/matrix_mult.cpp:25) of variable 'add_ln25_79', ../solution5/matrix_mult.cpp:25 16 bit on array 'prod', 'store' operation ('prod_addr_20_write_ln25', ../solution5/matrix_mult.cpp:25) of variable 'add_ln25_83', ../solution5/matrix_mult.cpp:25 16 bit on array 'prod', 'store' operation ('prod_addr_21_write_ln25', ../solution5/matrix_mult.cpp:25) of variable 'add_ln25_87', ../solution5/matrix_mult.cpp:25 16 bit on array 'prod', 'store' operation ('prod_addr_22_write_ln25', ../solution5/matrix_mult.cpp:25) of variable 'add_ln25_91', ../solution5/matrix_mult.cpp:25 16 bit on array 'prod', 'store' operation ('prod_addr_23_write_ln25', ../solution5/matrix_mult.cpp:25) of variable 'add_ln25_95', ../solution5/matrix_mult.cpp:25 16 bit on array 'prod', 'store' operation ('prod_addr_24_write_ln25', ../solution5/matrix_mult.cpp:25) of variable 'add_ln25_99', ../solution5/matrix_mult.cpp:25 16 bit on array 'prod' accessing core:RAM:prod
INFO: [HLS 200-1470] Pipelining result : Target II = NA, Final II = 13, Depth = 22, function 'matrix_mult'
INFO: [SCHED 204-11] Finished scheduling.
INFO: [HLS 200-111] Finished Scheduling: CPU user time: 0 seconds. CPU system time: 0 seconds. Elapsed time: 5.161 seconds; current allocated memory: 419.930 MB.
INFO: [BIND 205-100] Starting micro-architecture generation ...
INFO: [BIND 205-101] Performing variable lifetime analysis.
INFO: [BIND 205-101] Exploring resource sharing.
INFO: [BIND 205-101] Binding ...
INFO: [BIND 205-100] Finished micro-architecture generation.
INFO: [HLS 200-111] Finished Binding: CPU user time: 0 seconds. CPU system time: 0 seconds. Elapsed time: 0.101 seconds; current allocated memory: 421.352 MB.
INFO: [HLS 200-10] ----------------------------------------------------------------
INFO: [HLS 200-10] -- Generating RTL for module 'matrix_mult' 
INFO: [HLS 200-10] ----------------------------------------------------------------
INFO: [RTGEN 206-500] Setting interface mode on port 'matrix_mult/a' to 'ap_memory'.
INFO: [RTGEN 206-500] Setting interface mode on port 'matrix_mult/b' to 'ap_memory'.
INFO: [RTGEN 206-500] Setting interface mode on port 'matrix_mult/prod' to 'ap_memory'.
INFO: [RTGEN 206-500] Setting interface mode on function 'matrix_mult' to 'ap_ctrl_hs'.
INFO: [HLS 200-1030] Apply Unified Pipeline Control on module 'matrix_mult' pipeline 'matrix_mult' pipeline type 'function pipeline'
INFO: [RTGEN 206-100] Generating core module 'mac_muladd_8ns_8ns_16s_16_4_1': 75 instance(s).
INFO: [RTGEN 206-100] Generating core module 'mul_8ns_8ns_16_1_1': 50 instance(s).
INFO: [RTGEN 206-100] Finished creating RTL model for 'matrix_mult'.
INFO: [HLS 200-111] Finished Creating RTL model: CPU user time: 0 seconds. CPU system time: 0 seconds. Elapsed time: 0.206 seconds; current allocated memory: 427.363 MB.
INFO: [HLS 200-111] Finished Generating all RTL models: CPU user time: 1 seconds. CPU system time: 0 seconds. Elapsed time: 0.591 seconds; current allocated memory: 437.879 MB.
INFO: [HLS 200-2225] Wrote inferred directives to file D:/Semester_6/HWSW/LAB3/matrix_mult_prj_solution5/matrix_mult_prj_solution5/hls/syn/inferred_directives.ini
INFO: [HLS 200-111] Finished Updating report files: CPU user time: 0 seconds. CPU system time: 0 seconds. Elapsed time: 0.586 seconds; current allocated memory: 442.777 MB.
INFO: [VHDL 208-304] Generating VHDL RTL for matrix_mult.
INFO: [VLOG 209-307] Generating Verilog RTL for matrix_mult.
INFO: [HLS 200-789] **** Estimated Fmax: 159.49 MHz
INFO: [HLS 200-112] Total CPU user time: 5 seconds. Total CPU system time: 3 seconds. Total elapsed time: 25.056 seconds; peak allocated memory: 442.859 MB.
INFO: [v++ 60-791] Total elapsed time: 0h 0m 29s
