05/25/26 11:39:25: Running xcd server. This server was built by gradle.
05/25/26 11:39:25: Server was asked to start on port: '49386'
05/25/26 11:39:25: Server is using token UUID: '9f33ca74-c1b2-4282-96c8-038d88cbf8bb'
05/25/26 11:39:25: SESSION_MGR: creating session with session uuid: '6d04a3e9-ade5-4ab9-8d63-1f78fcd2ec76' and name 'default'
05/25/26 11:39:25: Attempting to start server on port '49386'
05/25/26 11:39:25: Running Dispatch Server
05/25/26 11:39:25: Version 2.2.0
05/25/26 11:39:27: Dispatch Server: Accepted socket connection from client
05/25/26 11:39:27: Starting Socket connection
05/25/26 11:39:27: EXCHANGE_TOKEN received, server token: 9f33ca74-c1b2-4282-96c8-038d88cbf8bb, passed token: 9f33ca74-c1b2-4282-96c8-038d88cbf8bb
05/25/26 11:39:27: DISPATCH_HANDLER: Adding handler from function makeHandler in library xv_system_diagram
05/25/26 11:39:27: SESSION_MGR: creating session with session uuid: '3ee830aa-1034-41fa-92bb-4968beae11dc' and name 'vitis-run_compile_matrix_mult_prj_solution5'
05/25/26 11:39:27: KERNEL_SVC: creating session with uuid: '3ee830aa-1034-41fa-92bb-4968beae11dc' and name 'vitis-run_compile_matrix_mult_prj_solution5'
05/25/26 11:39:27: GUIDANCE_SMGR: creating guidance session with uuid: '3ee830aa-1034-41fa-92bb-4968beae11dc' and name 'vitis-run_compile_matrix_mult_prj_solution5'
05/25/26 11:39:27: SYSTEM_DIAGRAM: creating session with uuid: '3ee830aa-1034-41fa-92bb-4968beae11dc' and name 'vitis-run_compile_matrix_mult_prj_solution5'
05/25/26 11:39:32: Dispatch Server: Accepted socket connection from client
05/25/26 11:39:32: Starting Socket connection
05/25/26 11:39:34: SESSION_MGR: closing session for UUID '3ee830aa-1034-41fa-92bb-4968beae11dc' with name 'vitis-run_compile_matrix_mult_prj_solution5'
05/25/26 11:39:34: KERNEL_SVC: closing session for UUID '3ee830aa-1034-41fa-92bb-4968beae11dc' with name 'vitis-run_compile_matrix_mult_prj_solution5'
05/25/26 11:39:34: GUIDANCE_SMGR: closing session for UUID '3ee830aa-1034-41fa-92bb-4968beae11dc' with name 'vitis-run_compile_matrix_mult_prj_solution5'
05/25/26 11:39:34: SYSTEM_DIAGRAM: closing session for UUID '3ee830aa-1034-41fa-92bb-4968beae11dc' with name 'vitis-run_compile_matrix_mult_prj_solution5'
05/25/26 11:39:34: STOP_SERVER received, server token: 9f33ca74-c1b2-4282-96c8-038d88cbf8bb, passed token: 9f33ca74-c1b2-4282-96c8-038d88cbf8bb
05/25/26 11:39:34: Socket received request to stop server.
05/25/26 11:39:34: Dispatch Server: do_await_stop
05/25/26 11:39:34: SERVER: destructor for server bound to port 49386
05/25/26 11:39:57: Running xcd server. This server was built by gradle.
05/25/26 11:39:57: Server was asked to start on port: '49961'
05/25/26 11:39:57: Server is using token UUID: 'bfeeefe6-be7e-43ae-8199-9650867e64cc'
05/25/26 11:39:57: SESSION_MGR: creating session with session uuid: '6d04a3e9-ade5-4ab9-8d63-1f78fcd2ec76' and name 'default'
05/25/26 11:39:57: Attempting to start server on port '49961'
05/25/26 11:39:57: Running Dispatch Server
05/25/26 11:39:57: Version 2.2.0
05/25/26 11:39:59: Dispatch Server: Accepted socket connection from client
05/25/26 11:39:59: Starting Socket connection
05/25/26 11:39:59: EXCHANGE_TOKEN received, server token: bfeeefe6-be7e-43ae-8199-9650867e64cc, passed token: bfeeefe6-be7e-43ae-8199-9650867e64cc
05/25/26 11:40:00: DISPATCH_HANDLER: Adding handler from function makeHandler in library xv_system_diagram
05/25/26 11:40:00: SESSION_MGR: creating session with session uuid: '894dd63b-d019-45ad-847f-8c4ea7eb45c3' and name 'v++_compile_matrix_mult_prj_solution5'
05/25/26 11:40:00: KERNEL_SVC: creating session with uuid: '894dd63b-d019-45ad-847f-8c4ea7eb45c3' and name 'v++_compile_matrix_mult_prj_solution5'
05/25/26 11:40:00: GUIDANCE_SMGR: creating guidance session with uuid: '894dd63b-d019-45ad-847f-8c4ea7eb45c3' and name 'v++_compile_matrix_mult_prj_solution5'
05/25/26 11:40:00: SYSTEM_DIAGRAM: creating session with uuid: '894dd63b-d019-45ad-847f-8c4ea7eb45c3' and name 'v++_compile_matrix_mult_prj_solution5'
05/25/26 11:40:07: Dispatch Server: Accepted socket connection from client
05/25/26 11:40:07: Starting Socket connection
05/25/26 11:40:26: SESSION_MGR: closing session for UUID '894dd63b-d019-45ad-847f-8c4ea7eb45c3' with name 'v++_compile_matrix_mult_prj_solution5'
05/25/26 11:40:26: KERNEL_SVC: closing session for UUID '894dd63b-d019-45ad-847f-8c4ea7eb45c3' with name 'v++_compile_matrix_mult_prj_solution5'
05/25/26 11:40:26: GUIDANCE_SMGR: closing session for UUID '894dd63b-d019-45ad-847f-8c4ea7eb45c3' with name 'v++_compile_matrix_mult_prj_solution5'
05/25/26 11:40:26: SYSTEM_DIAGRAM: closing session for UUID '894dd63b-d019-45ad-847f-8c4ea7eb45c3' with name 'v++_compile_matrix_mult_prj_solution5'
05/25/26 11:40:26: STOP_SERVER received, server token: bfeeefe6-be7e-43ae-8199-9650867e64cc, passed token: bfeeefe6-be7e-43ae-8199-9650867e64cc
05/25/26 11:40:26: Socket received request to stop server.
05/25/26 11:40:26: Dispatch Server: do_await_stop
05/25/26 11:40:26: SERVER: destructor for server bound to port 49961
05/25/26 11:40:35: Running xcd server. This server was built by gradle.
05/25/26 11:40:35: Server was asked to start on port: '50359'
05/25/26 11:40:35: Server is using token UUID: '7e309c8d-1f5b-4ac1-8aa2-9d8cefc156ea'
05/25/26 11:40:35: SESSION_MGR: creating session with session uuid: '6d04a3e9-ade5-4ab9-8d63-1f78fcd2ec76' and name 'default'
05/25/26 11:40:35: Attempting to start server on port '50359'
05/25/26 11:40:35: Running Dispatch Server
05/25/26 11:40:35: Version 2.2.0
05/25/26 11:40:37: Dispatch Server: Accepted socket connection from client
05/25/26 11:40:37: Starting Socket connection
05/25/26 11:40:37: EXCHANGE_TOKEN received, server token: 7e309c8d-1f5b-4ac1-8aa2-9d8cefc156ea, passed token: 7e309c8d-1f5b-4ac1-8aa2-9d8cefc156ea
05/25/26 11:40:37: DISPATCH_HANDLER: Adding handler from function makeHandler in library xv_system_diagram
05/25/26 11:40:37: SESSION_MGR: creating session with session uuid: 'ce9c400c-2b2b-407e-b54d-b4fcf0fcda59' and name 'vitis-run_compile_matrix_mult_prj_solution5'
05/25/26 11:40:37: KERNEL_SVC: creating session with uuid: 'ce9c400c-2b2b-407e-b54d-b4fcf0fcda59' and name 'vitis-run_compile_matrix_mult_prj_solution5'
05/25/26 11:40:37: GUIDANCE_SMGR: creating guidance session with uuid: 'ce9c400c-2b2b-407e-b54d-b4fcf0fcda59' and name 'vitis-run_compile_matrix_mult_prj_solution5'
05/25/26 11:40:37: SYSTEM_DIAGRAM: creating session with uuid: 'ce9c400c-2b2b-407e-b54d-b4fcf0fcda59' and name 'vitis-run_compile_matrix_mult_prj_solution5'
05/25/26 11:40:43: Dispatch Server: Accepted socket connection from client
05/25/26 11:40:43: Starting Socket connection
05/25/26 11:41:15: SESSION_MGR: closing session for UUID 'ce9c400c-2b2b-407e-b54d-b4fcf0fcda59' with name 'vitis-run_compile_matrix_mult_prj_solution5'
05/25/26 11:41:15: KERNEL_SVC: closing session for UUID 'ce9c400c-2b2b-407e-b54d-b4fcf0fcda59' with name 'vitis-run_compile_matrix_mult_prj_solution5'
05/25/26 11:41:15: GUIDANCE_SMGR: closing session for UUID 'ce9c400c-2b2b-407e-b54d-b4fcf0fcda59' with name 'vitis-run_compile_matrix_mult_prj_solution5'
05/25/26 11:41:15: SYSTEM_DIAGRAM: closing session for UUID 'ce9c400c-2b2b-407e-b54d-b4fcf0fcda59' with name 'vitis-run_compile_matrix_mult_prj_solution5'
05/25/26 11:41:15: STOP_SERVER received, server token: 7e309c8d-1f5b-4ac1-8aa2-9d8cefc156ea, passed token: 7e309c8d-1f5b-4ac1-8aa2-9d8cefc156ea
05/25/26 11:41:15: Socket received request to stop server.
05/25/26 11:41:15: Dispatch Server: do_await_stop
05/25/26 11:41:15: SERVER: destructor for server bound to port 50359
