

================================================================
== Synthesis Summary Report of 'matrix_mult'
================================================================
+ General Information: 
    * Date:           Tue May 26 23:56:06 2026
    * Version:        2025.2 (Build 6295257 on Nov 14 2025)
    * Project:        matrix_mult_automation_prj
    * Solution:       Solution2 (Vivado IP Flow Target)
    * Product family: zynq
    * Target device:  xc7z010-clg400-1
    

* Performance & Resource Estimates: 
+--------------------+------+---------------+----------+---------+------+----------+---------+-----------+------+------+--------+-----------+----------+-----+
|       Modules      | Issue|               | Iteration|         | Trip |          |       Latency       |      |      |        |           |          |     |
|       & Loops      | Type | Violation Type|  Latency | Interval| Count| Pipelined| (cycles)|    (ns)   | Slack| BRAM |   DSP  |     FF    |    LUT   | URAM|
+--------------------+------+---------------+----------+---------+------+----------+---------+-----------+------+------+--------+-----------+----------+-----+
|+ matrix_mult       |     -|              -|         -|      125|     -|    rewind|      131|  1.310e+03|  0.29|     -|  1 (1%)|  254 (~0%)|  401 (2%)|    -|
| o Row_Col_Product  |     -|              -|         6|        1|   125|       yes|      129|  1.290e+03|  7.30|     -|       -|          -|         -|    -|
+--------------------+------+---------------+----------+---------+------+----------+---------+-----------+------+------+--------+-----------+----------+-----+
    Name Prefix: '+' for module, 'o' for loop, '*' for dataflow


================================================================
== HW Interfaces
================================================================
* AP_MEMORY
+---------------+-----------+----------+
| Port          | Direction | Bitwidth |
+---------------+-----------+----------+
| a_address0    | out       | 5        |
| a_q0          | in        | 8        |
| b_address0    | out       | 5        |
| b_q0          | in        | 8        |
| prod_address0 | out       | 5        |
| prod_d0       | out       | 16       |
+---------------+-----------+----------+

* TOP LEVEL CONTROL
+-----------+------------+-----------------------------------+
| Interface | Type       | Ports                             |
+-----------+------------+-----------------------------------+
| ap_clk    | clock      | ap_clk                            |
| ap_rst    | reset      | ap_rst                            |
| ap_ctrl   | ap_ctrl_hs | ap_done ap_idle ap_ready ap_start |
+-----------+------------+-----------------------------------+


================================================================
== SW I/O Information
================================================================
* Top Function Arguments
+----------+-----------+----------------+
| Argument | Direction | Datatype       |
+----------+-----------+----------------+
| a        | in        | unsigned char* |
| b        | in        | unsigned char* |
| prod     | out       | short*         |
+----------+-----------+----------------+

* SW-to-HW Mapping
+----------+---------------+---------+----------+
| Argument | HW Interface  | HW Type | HW Usage |
+----------+---------------+---------+----------+
| a        | a_address0    | port    | offset   |
| a        | a_ce0         | port    |          |
| a        | a_q0          | port    |          |
| b        | b_address0    | port    | offset   |
| b        | b_ce0         | port    |          |
| b        | b_q0          | port    |          |
| prod     | prod_address0 | port    | offset   |
| prod     | prod_ce0      | port    |          |
| prod     | prod_we0      | port    |          |
| prod     | prod_d0       | port    |          |
+----------+---------------+---------+----------+


================================================================
== Bind Op Report
================================================================
+------------------------------------+-----+--------+---------------+--------+-----------+---------+
| Name                               | DSP | Pragma | Variable      | Op     | Impl      | Latency |
+------------------------------------+-----+--------+---------------+--------+-----------+---------+
| + matrix_mult                      | 1   |        |               |        |           |         |
|   add_ln15_fu_194_p2               |     |        | add_ln15      | add    | fabric    | 0       |
|   select_ln15_fu_200_p3            |     |        | select_ln15   | select | auto_sel  | 0       |
|   xor_ln15_fu_208_p2               |     |        | xor_ln15      | xor    | auto      | 0       |
|   and_ln15_fu_214_p2               |     |        | and_ln15      | and    | auto      | 0       |
|   i_3_fu_220_p3                    |     |        | i_3           | select | auto_sel  | 0       |
|   add_ln17_fu_228_p2               |     |        | add_ln17      | add    | fabric    | 0       |
|   empty_5_fu_234_p2                |     |        | empty_5       | or     | auto      | 0       |
|   k_mid2_fu_240_p3                 |     |        | k_mid2        | select | auto_sel  | 0       |
|   grp_fu_419_p2                    |     |        | p_mid2        | select | auto_sel  | 0       |
|   j_3_fu_248_p3                    |     |        | j_3           | select | auto_sel  | 0       |
|   add_ln17_2_fu_268_p2             |     |        | add_ln17_2    | add    | fabric    | 0       |
|   add_ln22_1_fu_278_p2             |     |        | add_ln22_1    | add    | fabric    | 0       |
|   add_ln22_2_fu_288_p2             |     |        | add_ln22_2    | add    | fabric    | 0       |
|   mac_muladd_8ns_8ns_16s_16_4_1_U1 | 1   |        | mul_ln22      | mul    | dsp_slice | 3       |
|   mac_muladd_8ns_8ns_16s_16_4_1_U1 | 1   |        | add_ln22      | add    | dsp_slice | 3       |
|   k_3_fu_324_p2                    |     |        | k_3           | add    | fabric    | 0       |
|   icmp_ln20_fu_330_p2              |     |        | icmp_ln20     | seteq  | auto      | 0       |
|   add_ln15_1_fu_336_p2             |     |        | add_ln15_1    | add    | fabric    | 0       |
|   add_ln17_1_fu_342_p2             |     |        | add_ln17_1    | add    | fabric    | 0       |
|   select_ln17_1_fu_348_p3          |     |        | select_ln17_1 | select | auto_sel  | 0       |
|   icmp_ln17_fu_356_p2              |     |        | icmp_ln17     | seteq  | auto      | 0       |
|   icmp_ln15_fu_362_p2              |     |        | icmp_ln15     | seteq  | auto      | 0       |
+------------------------------------+-----+--------+---------------+--------+-----------+---------+


================================================================
== Storage Report
================================================================
  No bind storage info in design

================================================================
== Pragma Report
================================================================
* Inferred Pragmas
+--------------+---------+----------------------------------------------------------------------+------------------------+
| Type         | Options | Location                                                             | Inferred From          |
+--------------+---------+----------------------------------------------------------------------+------------------------+
| LOOP_FLATTEN |         | loop Col (matrix_mult.cpp:17:14) in matrix_mult (matrix_mult.cpp:17) | pipeline script.tcl:29 |
| LOOP_FLATTEN |         | loop Row (matrix_mult.cpp:15:10) in matrix_mult (matrix_mult.cpp:15) | pipeline script.tcl:29 |
+--------------+---------+----------------------------------------------------------------------+------------------------+

* Valid Pragma Syntax
+----------+---------+--------------------------------+
| Type     | Options | Location                       |
+----------+---------+--------------------------------+
| PIPELINE | ii=1    | in matrix_mult (script.tcl:29) |
+----------+---------+--------------------------------+


