

================================================================
== Vitis HLS Report for 'matrix_mult'
================================================================
* Date:           Tue May 26 23:56:06 2026

* Version:        2025.2 (Build 6295257 on Nov 14 2025)
* Project:        matrix_mult_automation_prj
* Solution:       Solution2 (Vivado IP Flow Target)
* Product family: zynq
* Target device:  xc7z010-clg400-1


================================================================
== Performance Estimates
================================================================
+ Timing: 
    * Summary: 
    +--------+----------+----------+------------+
    |  Clock |  Target  | Estimated| Uncertainty|
    +--------+----------+----------+------------+
    |ap_clk  |  10.00 ns|  7.014 ns|     2.70 ns|
    +--------+----------+----------+------------+

+ Latency: 
    * Summary: 
    +---------+---------+----------+----------+-----+-----+------------------------------------------------+
    |  Latency (cycles) |  Latency (absolute) |  Interval |                    Pipeline                    |
    |   min   |   max   |    min   |    max   | min | max |                      Type                      |
    +---------+---------+----------+----------+-----+-----+------------------------------------------------+
    |      131|      131|  1.310 us|  1.310 us|  129|  129|  loop auto-rewind stp (delay=4 clock cycles(s))|
    +---------+---------+----------+----------+-----+-----+------------------------------------------------+

    + Detail: 
        * Instance: 
        N/A

        * Loop: 
        +-------------------+---------+---------+----------+-----------+-----------+------+----------+
        |                   |  Latency (cycles) | Iteration|  Initiation Interval  | Trip |          |
        |     Loop Name     |   min   |   max   |  Latency |  achieved |   target  | Count| Pipelined|
        +-------------------+---------+---------+----------+-----------+-----------+------+----------+
        |- Row_Col_Product  |      129|      129|         6|          1|          1|   125|       yes|
        +-------------------+---------+---------+----------+-----------+-----------+------+----------+



================================================================
== Utilization Estimates
================================================================
* Summary: 
+-----------------+---------+----+-------+-------+-----+
|       Name      | BRAM_18K| DSP|   FF  |  LUT  | URAM|
+-----------------+---------+----+-------+-------+-----+
|DSP              |        -|   1|      -|      -|    -|
|Expression       |        -|   -|      0|    197|    -|
|FIFO             |        -|   -|      -|      -|    -|
|Instance         |        -|   -|      -|      -|    -|
|Memory           |        -|   -|      -|      -|    -|
|Multiplexer      |        -|   -|      0|    108|    -|
|Register         |        -|   -|    254|     96|    -|
+-----------------+---------+----+-------+-------+-----+
|Total            |        0|   1|    254|    401|    0|
+-----------------+---------+----+-------+-------+-----+
|Available        |      120|  80|  35200|  17600|    0|
+-----------------+---------+----+-------+-------+-----+
|Utilization (%)  |        0|   1|     ~0|      2|    0|
+-----------------+---------+----+-------+-------+-----+

+ Detail: 
    * Instance: 
    N/A

    * DSP: 
    +----------------------------------+-------------------------------+--------------+
    |             Instance             |             Module            |  Expression  |
    +----------------------------------+-------------------------------+--------------+
    |mac_muladd_8ns_8ns_16s_16_4_1_U1  |mac_muladd_8ns_8ns_16s_16_4_1  |  i0 * i1 + i2|
    +----------------------------------+-------------------------------+--------------+

    * Memory: 
    N/A

    * FIFO: 
    N/A

    * Expression: 
    +-------------------------+----------+----+---+----+------------+------------+
    |      Variable Name      | Operation| DSP| FF| LUT| Bitwidth P0| Bitwidth P1|
    +-------------------------+----------+----+---+----+------------+------------+
    |add_ln15_1_fu_336_p2     |         +|   0|  0|  14|           7|           1|
    |add_ln15_fu_194_p2       |         +|   0|  0|  11|           3|           1|
    |add_ln17_1_fu_342_p2     |         +|   0|  0|  14|           6|           1|
    |add_ln17_2_fu_268_p2     |         +|   0|  0|  13|           5|           5|
    |add_ln17_fu_228_p2       |         +|   0|  0|  11|           3|           1|
    |add_ln22_1_fu_278_p2     |         +|   0|  0|  13|           5|           5|
    |add_ln22_2_fu_288_p2     |         +|   0|  0|  13|           5|           5|
    |add_ln22_3_fu_313_p2     |         +|   0|  0|   7|           5|           5|
    |add_ln22_4_fu_307_p2     |         +|   0|  0|   7|           5|           5|
    |k_3_fu_324_p2            |         +|   0|  0|  11|           3|           1|
    |and_ln15_fu_214_p2       |       and|   0|  0|   2|           1|           1|
    |ap_condition_162         |       and|   0|  0|   2|           1|           1|
    |icmp_ln15_fu_362_p2      |      icmp|   0|  0|  14|           7|           4|
    |icmp_ln17_fu_356_p2      |      icmp|   0|  0|  14|           6|           5|
    |icmp_ln20_fu_330_p2      |      icmp|   0|  0|  11|           3|           3|
    |empty_5_fu_234_p2        |        or|   0|  0|   2|           1|           1|
    |grp_fu_419_p2            |    select|   0|  0|  16|           1|           1|
    |i_3_fu_220_p3            |    select|   0|  0|   3|           1|           3|
    |j_3_fu_248_p3            |    select|   0|  0|   3|           1|           3|
    |k_mid2_fu_240_p3         |    select|   0|  0|   3|           1|           1|
    |select_ln15_fu_200_p3    |    select|   0|  0|   3|           1|           1|
    |select_ln17_1_fu_348_p3  |    select|   0|  0|   6|           1|           1|
    |ap_enable_pp0            |       xor|   0|  0|   2|           1|           2|
    |xor_ln15_fu_208_p2       |       xor|   0|  0|   2|           1|           2|
    +-------------------------+----------+----+---+----+------------+------------+
    |Total                    |          |   0|  0| 197|          74|          59|
    +-------------------------+----------+----+---+----+------------+------------+

    * Multiplexer: 
    +-------------------------------------+----+-----------+-----+-----------+
    |                 Name                | LUT| Input Size| Bits| Total Bits|
    +-------------------------------------+----+-----------+-----+-----------+
    |ap_done_int                          |   9|          2|    1|          2|
    |ap_enable_reg_pp0_iter1              |   9|          2|    1|          2|
    |ap_loop_exit_ready_pp0_iter5_reg     |   9|          2|    1|          2|
    |ap_phi_mux_icmp_ln177_phi_fu_131_p4  |   9|          2|    1|          2|
    |ap_phi_mux_icmp_ln206_phi_fu_142_p4  |   9|          2|    1|          2|
    |ap_sig_allocacmp_p_load              |   9|          2|   16|         32|
    |empty_fu_84                          |   9|          2|   16|         32|
    |i_fu_68                              |   9|          2|    3|          6|
    |indvar_flatten131_fu_64              |   9|          2|    7|         14|
    |indvar_flatten3_fu_72                |   9|          2|    6|         12|
    |j_fu_76                              |   9|          2|    3|          6|
    |k_fu_80                              |   9|          2|    3|          6|
    +-------------------------------------+----+-----------+-----+-----------+
    |Total                                | 108|         24|   59|        118|
    +-------------------------------------+----+-----------+-----+-----------+

    * Register: 
    +--------------------------------------------------+----+----+-----+-----------+
    |                       Name                       | FF | LUT| Bits| Const Bits|
    +--------------------------------------------------+----+----+-----+-----------+
    |add_ln22_1_reg_476                                |   5|   0|    5|          0|
    |ap_CS_fsm                                         |   1|   0|    1|          0|
    |ap_condition_exit_pp0_iter1_stage0_pp0_iter2_reg  |   1|   0|    1|          0|
    |ap_condition_exit_pp0_iter1_stage0_pp0_iter3_reg  |   1|   0|    1|          0|
    |ap_condition_exit_pp0_iter1_stage0_pp0_iter4_reg  |   1|   0|    1|          0|
    |ap_done_reg                                       |   1|   0|    1|          0|
    |ap_enable_reg_pp0_iter1                           |   1|   0|    1|          0|
    |ap_enable_reg_pp0_iter2                           |   1|   0|    1|          0|
    |ap_enable_reg_pp0_iter3                           |   1|   0|    1|          0|
    |ap_enable_reg_pp0_iter4                           |   1|   0|    1|          0|
    |ap_enable_reg_pp0_iter5                           |   1|   0|    1|          0|
    |ap_loop_exit_ready_pp0_iter2_reg                  |   1|   0|    1|          0|
    |ap_loop_exit_ready_pp0_iter3_reg                  |   1|   0|    1|          0|
    |ap_loop_exit_ready_pp0_iter4_reg                  |   1|   0|    1|          0|
    |ap_loop_exit_ready_pp0_iter5_reg                  |   1|   0|    1|          0|
    |ap_loop_init_pp0_iter1_reg                        |   1|   0|    1|          0|
    |empty_5_reg_471                                   |   1|   0|    1|          0|
    |empty_fu_84                                       |  16|   0|   16|          0|
    |i_fu_68                                           |   3|   0|    3|          0|
    |icmp_ln15_reg_501                                 |   1|   0|    1|          0|
    |icmp_ln17_reg_496                                 |   1|   0|    1|          0|
    |icmp_ln20_reg_491                                 |   1|   0|    1|          0|
    |indvar_flatten131_fu_64                           |   7|   0|    7|          0|
    |indvar_flatten3_fu_72                             |   6|   0|    6|          0|
    |j_fu_76                                           |   3|   0|    3|          0|
    |k_fu_80                                           |   3|   0|    3|          0|
    |add_ln22_1_reg_476                                |  64|  32|    5|          0|
    |empty_5_reg_471                                   |  64|  32|    1|          0|
    |icmp_ln20_reg_491                                 |  64|  32|    1|          0|
    +--------------------------------------------------+----+----+-----+-----------+
    |Total                                             | 254|  96|   69|          0|
    +--------------------------------------------------+----+----+-----+-----------+



================================================================
== Interface
================================================================
* Summary: 
+---------------+-----+-----+------------+--------------+--------------+
|   RTL Ports   | Dir | Bits|  Protocol  | Source Object|    C Type    |
+---------------+-----+-----+------------+--------------+--------------+
|ap_clk         |   in|    1|  ap_ctrl_hs|   matrix_mult|  return value|
|ap_rst         |   in|    1|  ap_ctrl_hs|   matrix_mult|  return value|
|ap_start       |   in|    1|  ap_ctrl_hs|   matrix_mult|  return value|
|ap_done        |  out|    1|  ap_ctrl_hs|   matrix_mult|  return value|
|ap_idle        |  out|    1|  ap_ctrl_hs|   matrix_mult|  return value|
|ap_ready       |  out|    1|  ap_ctrl_hs|   matrix_mult|  return value|
|a_address0     |  out|    5|   ap_memory|             a|         array|
|a_ce0          |  out|    1|   ap_memory|             a|         array|
|a_q0           |   in|    8|   ap_memory|             a|         array|
|b_address0     |  out|    5|   ap_memory|             b|         array|
|b_ce0          |  out|    1|   ap_memory|             b|         array|
|b_q0           |   in|    8|   ap_memory|             b|         array|
|prod_address0  |  out|    5|   ap_memory|          prod|         array|
|prod_ce0       |  out|    1|   ap_memory|          prod|         array|
|prod_we0       |  out|    1|   ap_memory|          prod|         array|
|prod_d0        |  out|   16|   ap_memory|          prod|         array|
+---------------+-----+-----+------------+--------------+--------------+

