

================================================================
== Vitis HLS Report for 'matrix_mult'
================================================================
* Date:           Tue May 26 23:55:16 2026

* Version:        2025.2 (Build 6295257 on Nov 14 2025)
* Project:        matrix_mult_automation_prj
* Solution:       Solution1 (Vivado IP Flow Target)
* Product family: zynq
* Target device:  xc7z010-clg400-1


================================================================
== Performance Estimates
================================================================
+ Timing: 
    * Summary: 
    +--------+----------+----------+------------+
    |  Clock |  Target  | Estimated| Uncertainty|
    +--------+----------+----------+------------+
    |ap_clk  |  10.00 ns|  3.404 ns|     2.70 ns|
    +--------+----------+----------+------------+

+ Latency: 
    * Summary: 
    +---------+---------+----------+----------+-----+-----+---------+
    |  Latency (cycles) |  Latency (absolute) |  Interval | Pipeline|
    |   min   |   max   |    min   |    max   | min | max |   Type  |
    +---------+---------+----------+----------+-----+-----+---------+
    |      686|      686|  6.860 us|  6.860 us|  687|  687|       no|
    +---------+---------+----------+----------+-----+-----+---------+

    + Detail: 
        * Instance: 
        N/A

        * Loop: 
        +--------------+---------+---------+----------+-----------+-----------+------+----------+
        |              |  Latency (cycles) | Iteration|  Initiation Interval  | Trip |          |
        |   Loop Name  |   min   |   max   |  Latency |  achieved |   target  | Count| Pipelined|
        +--------------+---------+---------+----------+-----------+-----------+------+----------+
        |- Row         |      685|      685|       137|          -|          -|     5|        no|
        | + Col        |      135|      135|        27|          -|          -|     5|        no|
        |  ++ Product  |       25|       25|         5|          -|          -|     5|        no|
        +--------------+---------+---------+----------+-----------+-----------+------+----------+



================================================================
== Utilization Estimates
================================================================
* Summary: 
+-----------------+---------+----+-------+-------+-----+
|       Name      | BRAM_18K| DSP|   FF  |  LUT  | URAM|
+-----------------+---------+----+-------+-------+-----+
|DSP              |        -|   1|      -|      -|    -|
|Expression       |        -|   -|      0|    119|    -|
|FIFO             |        -|   -|      -|      -|    -|
|Instance         |        -|   -|      -|      -|    -|
|Memory           |        -|   -|      -|      -|    -|
|Multiplexer      |        -|   -|      0|     84|    -|
|Register         |        -|   -|     55|      -|    -|
+-----------------+---------+----+-------+-------+-----+
|Total            |        0|   1|     55|    203|    0|
+-----------------+---------+----+-------+-------+-----+
|Available        |      120|  80|  35200|  17600|    0|
+-----------------+---------+----+-------+-------+-----+
|Utilization (%)  |        0|   1|     ~0|      1|    0|
+-----------------+---------+----+-------+-------+-----+

+ Detail: 
    * Instance: 
    N/A

    * DSP: 
    +----------------------------------+-------------------------------+--------------+
    |             Instance             |             Module            |  Expression  |
    +----------------------------------+-------------------------------+--------------+
    |mac_muladd_8ns_8ns_16s_16_4_1_U1  |mac_muladd_8ns_8ns_16s_16_4_1  |  i0 * i1 + i2|
    +----------------------------------+-------------------------------+--------------+

    * Memory: 
    N/A

    * FIFO: 
    N/A

    * Expression: 
    +----------------------+----------+----+---+----+------------+------------+
    |     Variable Name    | Operation| DSP| FF| LUT| Bitwidth P0| Bitwidth P1|
    +----------------------+----------+----+---+----+------------+------------+
    |add_ln15_1_fu_159_p2  |         +|   0|  0|  13|           5|           5|
    |add_ln15_fu_141_p2    |         +|   0|  0|  11|           3|           1|
    |add_ln17_fu_171_p2    |         +|   0|  0|  11|           3|           1|
    |add_ln20_fu_201_p2    |         +|   0|  0|  11|           3|           1|
    |add_ln22_1_fu_181_p2  |         +|   0|  0|  13|           5|           5|
    |add_ln22_2_fu_211_p2  |         +|   0|  0|  13|           5|           5|
    |add_ln22_3_fu_235_p2  |         +|   0|  0|   7|           5|           5|
    |add_ln22_4_fu_229_p2  |         +|   0|  0|   7|           5|           5|
    |icmp_ln15_fu_135_p2   |      icmp|   0|  0|  11|           3|           3|
    |icmp_ln17_fu_165_p2   |      icmp|   0|  0|  11|           3|           3|
    |icmp_ln20_fu_195_p2   |      icmp|   0|  0|  11|           3|           3|
    +----------------------+----------+----+---+----+------------+------------+
    |Total                 |          |   0|  0| 119|          43|          37|
    +----------------------+----------+----+---+----+------------+------------+

    * Multiplexer: 
    +---------------+----+-----------+-----+-----------+
    |      Name     | LUT| Input Size| Bits| Total Bits|
    +---------------+----+-----------+-----+-----------+
    |ap_NS_fsm      |  48|          9|    1|          9|
    |empty_reg_114  |   9|          2|   16|         32|
    |i_fu_50        |   9|          2|    3|          6|
    |j_reg_92       |   9|          2|    3|          6|
    |k_reg_103      |   9|          2|    3|          6|
    +---------------+----+-----------+-----+-----------+
    |Total          |  84|         17|   26|         59|
    +---------------+----+-----------+-----+-----------+

    * Register: 
    +---------------------+----+----+-----+-----------+
    |         Name        | FF | LUT| Bits| Const Bits|
    +---------------------+----+----+-----+-----------+
    |add_ln15_1_reg_276   |   5|   0|    5|          0|
    |add_ln15_reg_271     |   3|   0|    3|          0|
    |add_ln17_reg_285     |   3|   0|    3|          0|
    |add_ln20_reg_303     |   3|   0|    3|          0|
    |ap_CS_fsm            |   8|   0|    8|          0|
    |empty_reg_114        |  16|   0|   16|          0|
    |i_fu_50              |   3|   0|    3|          0|
    |j_reg_92             |   3|   0|    3|          0|
    |k_reg_103            |   3|   0|    3|          0|
    |prod_addr_reg_295    |   5|   0|    5|          0|
    |zext_ln22_2_reg_290  |   3|   0|    5|          2|
    +---------------------+----+----+-----+-----------+
    |Total                |  55|   0|   57|          2|
    +---------------------+----+----+-----+-----------+



================================================================
== Interface
================================================================
* Summary: 
+---------------+-----+-----+------------+--------------+--------------+
|   RTL Ports   | Dir | Bits|  Protocol  | Source Object|    C Type    |
+---------------+-----+-----+------------+--------------+--------------+
|ap_clk         |   in|    1|  ap_ctrl_hs|   matrix_mult|  return value|
|ap_rst         |   in|    1|  ap_ctrl_hs|   matrix_mult|  return value|
|ap_start       |   in|    1|  ap_ctrl_hs|   matrix_mult|  return value|
|ap_done        |  out|    1|  ap_ctrl_hs|   matrix_mult|  return value|
|ap_idle        |  out|    1|  ap_ctrl_hs|   matrix_mult|  return value|
|ap_ready       |  out|    1|  ap_ctrl_hs|   matrix_mult|  return value|
|a_address0     |  out|    5|   ap_memory|             a|         array|
|a_ce0          |  out|    1|   ap_memory|             a|         array|
|a_q0           |   in|    8|   ap_memory|             a|         array|
|b_address0     |  out|    5|   ap_memory|             b|         array|
|b_ce0          |  out|    1|   ap_memory|             b|         array|
|b_q0           |   in|    8|   ap_memory|             b|         array|
|prod_address0  |  out|    5|   ap_memory|          prod|         array|
|prod_ce0       |  out|    1|   ap_memory|          prod|         array|
|prod_we0       |  out|    1|   ap_memory|          prod|         array|
|prod_d0        |  out|   16|   ap_memory|          prod|         array|
+---------------+-----+-----+------------+--------------+--------------+

