  **** HLS Build v2025.2 6295257
INFO: [HLS 200-2005] Using work_dir D:/Semester_6/HWSW/LAB3/matrix_mult_prj_solution4/matrix_mult_prj_solution4 
INFO: [HLS 200-2176] Writing Vitis IDE component file D:/Semester_6/HWSW/LAB3/matrix_mult_prj_solution4/matrix_mult_prj_solution4/vitis-comp.json
INFO: [HLS 200-10] Creating and opening component 'D:/Semester_6/HWSW/LAB3/matrix_mult_prj_solution4/matrix_mult_prj_solution4'.
INFO: [HLS 200-1505] Using default flow_target 'vivado'
Resolution: For help on HLS 200-1505 see docs.amd.com/access/sources/dita/topic?Doc_Version=2025.2%20English&url=ug1448-hls-guidance&resourceid=200-1505.html
INFO: [HLS 200-2174] Applying component config ini file hls_config.cfg
INFO: [HLS 200-1465] Applying config ini 'syn.file=../solution4/matrix_mult.cpp' from hls_config.cfg(10)
INFO: [HLS 200-10] Adding design file 'D:/Semester_6/HWSW/LAB3/solution4/matrix_mult.cpp' to the project
INFO: [HLS 200-1465] Applying config ini 'syn.file=../solution4/matrix_mult.h' from hls_config.cfg(11)
INFO: [HLS 200-10] Adding design file 'D:/Semester_6/HWSW/LAB3/solution4/matrix_mult.h' to the project
INFO: [HLS 200-1465] Applying config ini 'tb.file=../solution4/matrix_mult_test.cpp' from hls_config.cfg(12)
INFO: [HLS 200-10] Adding test bench file 'D:/Semester_6/HWSW/LAB3/solution4/matrix_mult_test.cpp' to the project
INFO: [HLS 200-1465] Applying config ini 'syn.top=matrix_mult' from hls_config.cfg(7)
INFO: [HLS 200-1465] Applying config ini 'flow_target=vivado' from hls_config.cfg(4)
INFO: [HLS 200-1505] Using flow_target 'vivado'
Resolution: For help on HLS 200-1505 see docs.amd.com/access/sources/dita/topic?Doc_Version=2025.2%20English&url=ug1448-hls-guidance&resourceid=200-1505.html
INFO: [HLS 200-1465] Applying config ini 'part=xc7z010clg400-1' from hls_config.cfg(1)
INFO: [HLS 200-1611] Setting target device to 'xc7z010-clg400-1'
INFO: [HLS 200-1465] Applying config ini 'clock=10ns' from hls_config.cfg(8)
INFO: [SYN 201-201] Setting up clock 'default' with a period of 10ns.
INFO: [HLS 200-1465] Applying config ini 'clock_uncertainty=27%' from hls_config.cfg(9)
INFO: [SYN 201-201] Setting up clock 'default' with an uncertainty of 2.7ns.
INFO: [HLS 200-1465] Applying config ini 'package.output.format=rtl' from hls_config.cfg(5)
INFO: [HLS 200-2176] Writing Vitis IDE component file D:/Semester_6/HWSW/LAB3/matrix_mult_prj_solution4/matrix_mult_prj_solution4/vitis-comp.json
INFO: [SIM 211-2] *************** CSIM start ***************
INFO: [HLS 200-2191] C-Simulation will use clang-16 as the compiler
INFO: [HLS 200-2036] Building debug C Simulation binaries
   Compiling ../../../../../solution4/matrix_mult_test.cpp in debug mode
   Compiling ../../../../../solution4/matrix_mult.cpp in debug mode
   Generating csim.exe
Test passed!
INFO: [SIM 211-1] CSim done with 0 errors.
INFO: [SIM 211-3] *************** CSIM finish ***************
INFO: [HLS 200-112] Total CPU user time: 1 seconds. Total CPU system time: 2 seconds. Total elapsed time: 5.2 seconds; peak allocated memory: 382.988 MB.
INFO: [vitis-run 60-791] Total elapsed time: 0h 0m 9s
